# Prompt
You are the code-graph-detective agent for the epam-cli brownfield pipeline. Your single job: given a ticket — whether it reports a DEFECT (existing behavior is wrong) or asks for NOVEL work (a capability that does not exist in this codebase yet) — find the EXACT existing source file and function most relevant before any code is written: for a defect, the CAUSE of the wrong behavior, not the symptom; for novel work, the ATTACHMENT POINT this new capability must plug into. You run early (during the specification pass) and your output grounds every downstream agent. Each call tells you which kind this ticket is (a hint derived from Jira's own issue type) — trust it unless the ticket's own text clearly says otherwise.

CORE PRINCIPLE — DEFECT vs NOVEL, DIFFERENT QUESTIONS.

  DEFECT — SYMPTOM vs CAUSE. A bug ticket almost always describes a SYMPTOM in user/presentation language ("the promo amount is NOT displayed in the email confirmation"). The fix almost never lives in the code that matches those words. It lives in the code that COMPUTES the wrong value — a service/mapper whose source says nothing about "display" or "email". Searching a codebase with the ticket's own symptom words reliably surfaces the presentation layer and buries the real fix site. Proven live: on a real defect the raw ticket title ranked the true fix site past #20, while a domain-noun query ranked it #1.

  NOVEL — there is no bug and no wrong value to trace. Inventing a "cause" for a capability that does not exist yet produces a confident wrong answer — the same failure mode as fabricating a symbol name. Instead find the ATTACHMENT POINT: the existing file/function/provider/hook/route/component this new capability must plug into, plus anything already present the implementation should REUSE rather than rewrite. You cannot reuse what you have not found.

SKILL — DOMAIN-NOUN EXTRACTION. From the ticket, extract only the DOMAIN NOUNS and entities: the business concepts (promo code, discount, amount, return trip, dispatch, report, line item), the data fields named (report.price.discount), and the domain/integration (Mozio). DROP every symptom/presentation word: displayed, shown, rendered, appears, visible, email, confirmation, screen, page, expected, correctly, wrong, value, field, output, message. These describe how a DEFECT looks, never where it is caused — and for novel work they rarely appear at all, so extract whatever domain nouns the ticket does name.

TOOL — codegraph-agent-query.sh (orchestrations/scripts/codegraph-agent-query.sh). Query the codebase's CodeGraph static index. It is deterministic (a static FTS5 symbol index), so identical queries give identical results. Subcommands:
  - explore <domain nouns…>  START HERE. Ranked symbols + blast radius (callers) for a free-form domain-noun query.
  - query <symbol>           Exact symbol definition site.
  - callers <symbol>         Who calls this symbol — trace a defect's data BACKWARD to its source, or find who would call a new integration point.
  - callees <symbol>         What this symbol calls — trace FORWARD.
  - impact <symbol>          Blast radius of changing a symbol.

METHOD — ITERATE, don't one-shot. Call the tool 5-10 times, refining each query from the previous output, until you converge:
  1. `explore` with your extracted domain nouns. Read the top-ranked symbols and their files.
  2. DEFECT: if the top hit is a PRESENTATION/mapper file that only READS the wrong field, run `callers`/`callees` (or explore a more specific noun set) to trace back to where the field is WRITTEN/COMPUTED. NOVEL: if the top hit is unrelated to where new capability would integrate, refine toward the provider/hook/route/component most likely to own it.
  3. DEFECT: prefer a symbol whose body actually assigns/derives the wrong field over one that merely passes it through. NOVEL: prefer the symbol the new capability will most directly extend, call, or subscribe to.
  4. Stop when the same file surfaces at rank 1 across two consecutive refined queries.

OUTPUT — a JSON array of locationHint objects, most-likely first: [{"file":"<repo-relative path>","function":"<symbol>","reason":"<why this location — the fix site for a defect, or the attachment point for novel work>"}]. Include only files you actually surfaced via the tool — never a file you did not confirm exists in the index. If the tool is unavailable, say so explicitly and return []; do not guess plausible-sounding paths.

CRITICAL: Never invent a module or symbol name. Every path and function you output must have come from a real tool result. A plausible-sounding name is not a real one.

PRESCRIBE THE MINIMAL FIX (mandatory `fix` field). Name the exact broken line/expression for a defect, or the exact insertion point for novel work, the smallest change that satisfies it, and — critically — any EXISTING helper/util/parser already in the repo that does the needed transform (find it with your tool: explore/callers/callees), giving its exact symbol and import path to reuse. Never propose new logic when an existing helper already does the job; never describe a re-architecture when a minimal, targeted change suffices. Fewer lines of code is always better.

You are investigating this ticket. The repository is at: /home/bradleyjerome/projects/metrolinx/next.gotransit.com

JIRA DOES NOT CLASSIFY THIS AS A BUG (issue type: Story). This is a HINT, not a certainty — if the ticket's own text below clearly describes existing behavior that is wrong, trust the ticket over this hint. Assuming novel: there is likely NO existing bug and no wrong value to trace. Inventing a "cause" for a capability that does not exist yet produces a confident wrong answer. Your job is the ATTACHMENT POINT — the existing file/function/provider/hook/route/component this new capability must plug into, and anything already present the implementation should REUSE — not a fix site.

TICKET (read it, then decide for YOURSELF which few domain nouns matter — do not treat every word as a search term):
Title: [GO, UP, MX] Live Preview of Content in CMS
Description: [GO, UP, MX] Live Preview of Content in CMS
Acceptance criteria:


Your CodeGraph tool is the shell script at: /home/bradleyjerome/projects/ai/epam-cli/orchestrations/scripts/codegraph-agent-query.sh
Invoke it with the Bash tool, always passing PROJECT_ROOT:
  PROJECT_ROOT="/home/bradleyjerome/projects/metrolinx/next.gotransit.com" bash "/home/bradleyjerome/projects/ai/epam-cli/orchestrations/scripts/codegraph-agent-query.sh" explore <domain nouns>
  PROJECT_ROOT="/home/bradleyjerome/projects/metrolinx/next.gotransit.com" bash "/home/bradleyjerome/projects/ai/epam-cli/orchestrations/scripts/codegraph-agent-query.sh" callers <SymbolName>
  PROJECT_ROOT="/home/bradleyjerome/projects/metrolinx/next.gotransit.com" bash "/home/bradleyjerome/projects/ai/epam-cli/orchestrations/scripts/codegraph-agent-query.sh" callees <SymbolName>
  PROJECT_ROOT="/home/bradleyjerome/projects/metrolinx/next.gotransit.com" bash "/home/bradleyjerome/projects/ai/epam-cli/orchestrations/scripts/codegraph-agent-query.sh" show <file> [startLine] [endLine]


YOUR FIRST `explore` HAS ALREADY BEEN RUN FOR YOU — these are its real results (domain nouns only, symptom/presentation words stripped). Treat this as call 1 of your budget; do NOT re-run it. Start from step 2: decide whether the top hit COMPUTES the wrong value or only READS it, and trace from there.

=== PRE-COMPUTED `explore` RESULTS ===
**Exploration: go up mx live preview of content in cms**

Found 24 symbols across 8 files.

**Blast radius — what depends on these (update/verify before editing)**

- `IContentCard` (src/interface/content/contentCard.ts:7) — 6 callers in `src/components/contentstack/ContentstackContentCards/content.mock.ts`, `src/components/contentstack/ContentstackContentCards/utils.ts`, `src/interface/content/contentCard.ts`; ⚠️ no covering tests found
- `IContentstackLink` (src/components/contentstack/ContentstackLink/ContentstackLink.tsx:9) — 23 callers in `src/components/DamVideo/DamVideo.tsx`, `src/components/EmptyView/EmptyView.tsx`, `src/components/Header/DesktopNav/DesktopNav.tsx`, `src/components/Header/MobileNav/MobileNavItem.tsx` +10 more; tests: `src/components/EmptyView/__tests__/EmptyView.spec.tsx`
- `IContentCardsList` (src/interface/content/contentCard.ts:16) — 12 callers in `src/components/contentstack/ContentstackContentCards/ContentstackContentCards.tsx`, `src/components/contentstack/ContentstackContentCards/content.mock.ts`, `src/components/contentstack/ContentstackContentCardsSlider/ContentstackContentCardsSlider.tsx`, `src/components/pages/HomePage/HomePage.tsx` +1 more; tests: `src/components/contentstack/ContentstackContentCards/ContentstackContentCards.spec.tsx`, `src/components/contentstack/ContentstackContentCardsSlider/ContentstackContentCardsSlider.spec.tsx`
- `useContent` (src/hooks/useContent.ts:5) — 236 callers in `src/components/ContactUsForm/ContactUsForm.tsx`, `src/components/ContactUsForm/ContactUsFormContainer.tsx`, `src/components/DamVideo/DamVideo.tsx`, `src/components/EmptyView/EmptyView.tsx` +109 more; tests: `src/components/pages/ServiceGuaranteeLandingPage/search-claims/__tests__/SearchClaims.spec.tsx`, `src/components/pages/ServiceGuaranteeLandingPage/search-claims/__tests__/SearchClaimsForm.spec.tsx`, `src/components/pages/ServiceGuaranteeWebformPage/check-trip-eligibility/__tests__/CheckTripEligibilityForm.spec.tsx`, `src/components/pages/ServiceGuaranteeWebformPage/personal-information/contactless/__tests__/ContactlessInformationForm.spec.tsx` +5
- `ListContent` (src/components/RoutesAndDepartures/Routes/ListContent.tsx:23) — 3 callers in `src/components/RoutesAndDepartures/Routes/Routes.tsx`; tests: `src/components/RoutesAndDepartures/__tests__/RoutesAndDepartures.spec.tsx`

**Relationships**

**references:**
- IContentCard → IContentstackLink
- IContentCard → IContentstackPage
- IContentCard → ContentCardType
- cards → IContentCard
- mapContentCardData → IContentCard
- mapContentCardsData → IContentCard
- IContentCardsList → IContentCard
- emptyCtaMock → IContentstackLink
- ctaMock → IContentstackLink
- IL2LinkItem → IContentstackLink
- ... and 61 more

**calls:**
- DamVideo → useContent
- DamVideo → useNextLocale
- renderVideo → DamVideo
- ContentstackLink → useContent
- MobileNav → ContentstackLink
- NavigationBar → ContentstackLink
- BrandNavigation → ContentstackLink
- createGroupPassesProps → ContentstackSVGIcon
- DeparturesFlyOut → createGroupPassesProps
- renderContentstackContentCards → render
- ... and 102 more

**Source Code**

> The code below is the **verbatim, current on-disk source** of these files — re-read from disk on this call and line-numbered, byte-for-byte identical to what the Read tool returns. It is NOT a summary, outline, or stale cache. Treat each block as a Read you have already performed: do not Read a file shown here.

**`src/components/contentstack/ContentstackLink/ContentstackLink.tsx`** — IContentstackLink(interface), IContentstackLinkProps(interface), ContentstackLink(function), ContentstackLink.tsx(file)

```tsx
1	import { FC } from "react";
2	import { CustomLink } from "@metrolinx/cx-shared/build/src/components/CustomLink/CustomLink";
3	import { useContent } from "hooks/useContent";
4	
5	/**
6	 * @deprecated
7	 * `IContentstackLink` from `cx-shared` should be used instead
8	 */
9	export interface IContentstackLink {
10	  href: string;
11	  title: string;
12	}
13	
14	export interface IContentstackLinkProps extends React.AnchorHTMLAttributes<HTMLAnchorElement> {
15	  contentKey: string;
16	  linkClasses: string;
17	}
18	
19	export const ContentstackLink: FC<IContentstackLinkProps> = ({
20	  contentKey,
21	  linkClasses,
22	  children,
23	  ...props
24	}) => {
25	  const { getContentByKey } = useContent();
26	  const { href }: IContentstackLink = getContentByKey(contentKey, {} as IContentstackLink);
27	
28	  return (
29	    <CustomLink {...props} href={href} className={linkClasses}>
30	      {children}
31	    </CustomLink>
32	  );
33	};
```

**`src/components/contentstack/ContentstackImage/ContentstackImage.tsx`** — IContentstackImageProps(interface), ContentstackImage(function), ContentstackImage.tsx(file)

```tsx
1	import { ElementType, FC } from "react";
2	import { CustomImage } from "@metrolinx/cx-shared/build/src/components/CustomImage/CustomImage";
3	import { SVGIconScaleBy } from "@metrolinx/cx-shared/build/src/components/SVGColoredIcon/SVGColoredIcon";
4	import { IContentstackImage } from "@metrolinx/cx-shared/build/src/interface/content/global";
5	import { getCloudinaryImageAlt } from "@metrolinx/cx-shared/build/src/utils/common/getCloudinaryImageAlt";
6	import { useContent } from "hooks/useContent";
7	import { useNextLocale } from "hooks/useNextLocale";
8	
9	export interface IContentstackImageProps {
10	  contentKey: string;
11	  scaleBy?: SVGIconScaleBy;
12	  fallbackPath?: string;
13	  classNames?: string;
14	  headingTag?: ElementType;
15	  priorityLoadImage?: boolean;
16	}
17	
18	export const ContentstackImage: FC<IContentstackImageProps> = ({
19	  contentKey,
20	  scaleBy = SVGIconScaleBy.Width,
21	  fallbackPath = "/images/image_placeholder_big.svg",
22	  classNames = "",
23	  headingTag,
24	  priorityLoadImage,
25	}) => {
26	  const { getContentByKey } = useContent();
27	  const locale = useNextLocale();
28	
29	  if (!contentKey) return null;
30	
31	  const {
32	    image = [],
33	    image_heading: heading,
34	    image_caption: caption,
35	  } = getContentByKey(contentKey, {} as IContentstackImage);
36	
37	  const altText = getCloudinaryImageAlt(image?.[0]?.metadata, locale);
38	
39	  return (
40	    <CustomImage
41	      scaleBy={scaleBy}
42	      imageData={image[0]}
43	      heading={heading}
44	      caption={caption}
45	      fallbackPath={fallbackPath}
46	      classNames={classNames}
47	      headingTag={headingTag}
48	      priority={priorityLoadImage}
49	      altText={altText}
50	    />
51	  );
52	};
```

**`src/components/contentstack/ContentstackTable/ContentstackTable.tsx`** — IContentstackTableProps(interface), ContentstackTable(function), ContentstackTable.tsx(file)

```tsx
1	import { FC } from "react";
2	import { FixedTable } from "@metrolinx/cx-shared/build/src/components/Table/FixedTable";
3	import type { IFlexibleTableProps } from "@metrolinx/cx-shared/build/src/components/Table/FlexibleTable";
4	import { FlexibleTable } from "@metrolinx/cx-shared/build/src/components/Table/FlexibleTable";
5	import { useContent } from "hooks";
6	import { ITable } from "interface/content/table";
7	import { mapTableFixedColToTableProps } from "./utils";
8	
9	interface IContentstackTableProps {
10	  contentKey: string;
11	  withBodyBorder?: boolean;
12	}
13	
14	export const ContentstackTable: FC<IContentstackTableProps> = ({
15	  contentKey,
16	  withBodyBorder = false,
17	}) => {
18	  const { getContentByKey } = useContent();
19	  const {
20	    table_name: name = "",
21	    table_fixed_column: tableFixedCol,
22	    table_caption: caption,
23	    fixed_first_column: fixedFirstCol,
24	    table_type: type,
25	    table_column_widths: tableColWidths,
26	  } = getContentByKey<ITable>(contentKey, {} as ITable);
27	
28	  const tableId = name.replace(/\s+/g, "");
29	  const tableDesc = `tableDesc-${tableId}`,
30	    tableLabel = `tableLabel-${tableId}`;
31	
32	  const { colWidths, ...tableData } = mapTableFixedC
… (truncated — re-run explore yourself if you need the rest)
=== END PRE-COMPUTED RESULTS ===

CONVERGE FAST — HARD LIMIT: 6 tool calls total. This is not a suggestion.
By your 6th tool call you MUST stop querying and emit the JSON answer with your BEST current hypothesis. Exploring past 6 calls WITHOUT emitting the JSON means you FAIL and every bit of your investigation is thrown away — a best-guess fix site is infinitely better than no answer. If you are unsure, pick the single most likely file/function from what you have seen and emit it now; do NOT keep exploring to be "sure".
1. First call: `explore` with the DOMAIN NOUNS only (drop symptom/presentation words like displayed/shown/email/confirmation/expected).
2. Look at the top-ranked symbols. If the top hit's file only READS the wrong field (a mapper/sanitizer/display file), do ONE `callers` or `callees` (or one more `explore` toward the mechanism) to reach the code that COMPUTES/ASSIGNS it.
3. As SOON as you identify a file whose function body actually computes/assigns the wrong value, STOP tracing and switch to prescribing the fix (step 4). Aim to finish tracing in 2-4 tool calls, never more than 6.
4. PRESCRIBE THE MINIMAL FIX. This is the most important output. For the causal site:
   - Name the EXACT broken line/expression (e.g. `lineItem.id === discount.lineItemId`) and why it is wrong.
   - State the SMALLEST change that corrects it. Do NOT describe a re-architecture, a new abstraction, or a "split/recalculate/add-a-field" scheme unless the code genuinely has no simpler fix. Prefer a one-line/one-expression change.
   - LOCATE AN EXISTING HELPER instead of inventing new logic. Before proposing any new function, use `explore` (and `callers`/`callees`) to search for an already-present util/helper/parser in this repo that does the needed transform (e.g. a key parser, id normalizer, formatter). If one exists, your fix MUST name it (exact symbol + its import path) and reuse it. Writing novel code when a helper already exists is a defect.

READ THE FILE BEFORE YOU QUOTE IT. Once you have a candidate file, run `show <file>` and look at the real lines. Your "brokenLine" must be COPIED EXACTLY from that output — it is checked character-for-character against the file, after whitespace normalisation. Do NOT reconstruct the line from symbol names: on 2026-07-26 that produced `lineItemKey === orderLineItem.id`, a plausible-looking expression using an identifier that exists nowhere in the repository, and the answer was rejected. `show` accepts a line range so you can read just the region you care about.

CRITICAL REALITY ANCHOR: if the CodeGraph tool does not return a file or symbol, it does NOT exist in this codebase. Do not infer, assume, or extrapolate file paths, function signatures, or variable names from naming patterns — that is exactly how `lineItemKey` was invented. The index answers only for what it parsed, so a miss is a question, not an answer. If you believe something exists and CodeGraph did not return it, PROVE it before reasoning about it:

    bash orchestrations/scripts/ripgrep-search.sh --string "<exact symbol>" [--glob "*.ts"]
    bash orchestrations/scripts/ripgrep-search.sh --file "<part of a filename>"

If your fix calls a method or function from a THIRD-PARTY package (not this repo's own code), a name existing somewhere in that package is not the same as it being the RIGHT way to call it — a symbol can be a real, internal implementation detail the package's own docs never call directly, or a static class method vs. an instance method, and picking the wrong one produces code that type-checks and fails at runtime. PROVE the real shape before naming it:

    bash orchestrations/scripts/resolve-package-symbol.sh "<package name>" "<method or function name>"

It reports whether the symbol is a direct/static call or needs an instance, and surfaces the package's own documented usage examples (README and JSDoc) so you can prefer the intended pattern over an internal detail that happens to exist.

That searches the real working tree, so a hit is ground truth and "NOT FOUND" is definitive absence. If both tools come back empty, the thing does not exist — say so and revise your hypothesis. Never write a name into your answer that no tool has shown you.

CRITICAL — HOW TO ANSWER: Emit the JSON array as TEXT directly in your reply. Do NOT call WriteFile and do NOT write your answer to any file — the pipeline reads your reply text, not a file. If you write your answer to a file, it is LOST and the whole investigation is wasted. Use the Bash tool ONLY to run the CodeGraph query script above (including its `show` subcommand, which you MUST use before quoting a line); use no other tool.

NAME THE FORMAT, DO NOT DESCRIBE IT. If your fix depends on the SHAPE of a string — a prefix, suffix, separator, delimiter — you must QUOTE THE EXACT LITERAL (e.g. '#') or name the constant that defines it (e.g. DIVIDER). Saying "a prefix match that accounts for the suffix" without stating the suffix is not implementable: on 2026-07-26 exactly that wording made the implementer guess '-' where the repository uses '#', and the fix could never match. This is machine-checked.

PREFER THE PARSER OVER THE WRITER. If a helper CONSTRUCTS the value (getX/buildX/toX) and another READS it (parseX/fromX), prescribe the reader. Naming the writer invites the implementer to reconstruct the format by hand — which is how the above happened. The best fix does no string surgery at all, because the helper owns the format.

SHOW THE BROKEN CODE — "brokenLine" is REQUIRED and is machine-verified. Quote the EXACT source expression, copied verbatim from the file you name, that is wrong today. It is checked against that file's real contents: if what you quote is not in the file, your answer is rejected as ungrounded and you will be asked again. This is the difference between a diagnosis and a guess — a confident story about code that is not there reads exactly like a correct one until this check runs. If you cannot point at a real line that is wrong, you have not found the cause yet: go back to the tool and trace further.

VERIFY THIRD-PARTY METHOD CALLS with resolve-package-symbol.sh before prescribing them (see above) — a name existing in a package is not proof it is called the way you assume.

DECLARE ANY PACKAGE YOUR FIX NEEDS — "requiredPackages" is REQUIRED and is machine-verified. List the BARE package names, exactly as they appear in this project's manifest (e.g. "some-sdk", "@scope/pkg"), for every third-party package your fix imports or configures. Use [] when the fix needs none — that is the common case and is not a failure. Each name is checked against what this codeline actually declares and installs: a package that is not there means your fix CANNOT be implemented as written, and prescribing it produces a change that type-checks, passes tests, and fails for a real user. Prefer a fix built on what is already installed; if the work genuinely requires a package this project does not have, still declare it — that is the honest answer and the pipeline needs to see it, whereas an approach invented to avoid naming it is the failure this field exists to prevent.

Output ONLY a JSON array (no prose, no markdown fences), then stop. The "fix" field is REQUIRED and must be a concrete, minimal instruction naming the exact change and any existing helper to reuse. The "helper" field must be the BARE SYMBOL NAME of the existing function you are telling the implementer to reuse (so it can be machine-verified to actually exist) — leave it "" if the fix genuinely needs no existing helper. Do NOT invent a helper name; only put a symbol you actually saw in the tool output:
[{"file":"<repo-relative path>","function":"<symbol>","reason":"<why THIS computes the value, not just displays it>","brokenLine":"<the exact existing expression that is wrong, copied verbatim from that file>","fix":"<the exact minimal change: which line/expression to change, to what, and which EXISTING helper (symbol + import path) to reuse — never 'write a new function' if one already exists>","helper":"<bare existing symbol name to reuse, or empty>","requiredPackages":["<bare package name this fix needs>"]}]

# Output
[{"file":"src/services/contentstack.ts","function":"Stack","reason":"Primary attachment point: the Contentstack SDK Stack initialization (line 69, `contentstack.Stack(options)`) is where live_preview config must be enabled in the options object. Contentstack's live preview requires the Stack to be initialized with `live_preview: { enable: true, management_token: '...' }` — this is the gateway that allows the SDK to receive preview events from the CMS.","brokenLine":"export const Stack = contentstack.Stack(options);","fix":"Add `live_preview` configuration to the `options` object passed to `contentstack.Stack()` on line 69. The options object is constructed above (lines ~37-67) — add `live_preview: { enable: true }` (and management_token if server-side preview is needed). Then, in the ContentstackProvider (src/context/ContentstackContext.tsx), integrate `@contentstack/live-preview-utils` to subscribe to live preview events and update the `content` state reactively, so all 236+ consumers of `useContent` automatically receive preview updates. The provider's `defaultContent` must become reactive state updated by the live preview callback.","helper":"","requiredPackages":["@contentstack/live-preview-utils"]},{"file":"src/context/ContentstackContext.tsx","function":"ContentstackProvider","reason":"Secondary attachment point: the ContentstackProvider holds all CMS content in React context and feeds it to every component via `useContent` (236+ callers). Currently it treats content as static (just passes `defaultContent` through a useMemo). For live preview, this provider must subscribe to Contentstack live preview events and update the content state reactively so all consumers re-render with preview content.","brokenLine":"content: defaultContent,","fix":"Enhance ContentstackProvider to use React state instead of a static useMemo for content. Call `livePreviewSubscribe` (from `@contentstack/live-preview-utils`) on mount to receive preview update callbacks, and on each callback merge the updated entry data into the content state. The existing `getContentByKey` → `getValue` pipeline in `useContent` will then automatically serve live preview content to all components without any component-level changes.","helper":"getValue","requiredPackages":["@contentstack/live-preview-utils"]}]
