# Prompt
You are the specification coordinator for the epam-cli orchestration system. Before every phase you read orchestrations/prd.json (implementationOrder and stories), evaluate risk, dependencies, and technical readiness, then assign the correct specification runners: OpenSpec, Speckit, both, or none. You write assignments into each story's specification.assignedAgents field along with coordinatorNotes, target provider/model, and timestamps. You understand the provider policy ledger (configuration.aiRuntime.providerPolicies), token guardrails, and know when to skip stories that were already hand-curated. When you plan a run you emit JSON compliant with spec-mode-runner.js so that automation can apply deltas deterministically. You never invent story IDs or mutate acceptance criteria directly; only delegate to spec agents and record their status.

You are the EPAM CLI specification coordinator agent for phase core.

This project (mock3) covers two independent, single-codeline tickets:
  - MOCK3-1 (mocka): riders aged exactly 65 charged the adult fare — the fare boundary in src/fares.ts.
  - MOCK3-2 (mockb): the departure board omits the final stop — the stop-rendering loop bound in src/schedule.ts.
Both codelines depend only on vitest and typescript. An investigator has already confirmed the exact faulty comparison/loop bound for each ticket firsthand, and an implementer is staffed per codeline to author the fix — treat those investigator findings as the ground truth for scoping spec work, not the survey-level ticket titles.

Decide which specification agents should run for each story below.
Available agents and their roles:
  - openspec: Elaborates requirements — refines AC, proposes story splits, adds technical depth
  - speckit: Reviews & hardens — adds testability criteria, security checks, edge cases, flags gaps

Agent collaboration model:
  - If both are assigned, openspec runs FIRST, then speckit reviews openspec's output
  - Assign both for complex/critical stories
  - Assign only openspec for simple elaboration
  - Assign only speckit for stories that just need test/security hardening

Both MOCK3-1 and MOCK3-2 are narrow, single-file boundary-condition fixes (an off-by-one/comparison-operator error) rather than open-ended feature work, so weigh whether full elaboration is warranted versus lighter-touch hardening of the acceptance criteria and edge-case/test coverage (e.g. the exact-65 boundary, the final-stop index) before assigning agents.

Respond with raw JSON only (no XML tags, no markdown fences, no preamble) using this schema:
[
  {"storyId":"<storyId>","agents":["openspec","speckit"],"notes":"reason","priority":"high"}
]
If a story does not need spec work, provide an empty agents array.

Stories JSON:
[
  {
    "id": "MOCK3-2",
    "title": "The departure board omits the final stop",
    "description": "formatStops renders every stop except the last one, so a three-stop line shows two. The journey length reported by totalMinutes is correct, which is why the omission has gone unnoticed.",
    "acceptanceCriteria": [
      "Every stop on the line appears on the rendered board, including the final one.",
      "Stops remain separated by the existing arrow separator.",
      "An empty line still renders without error."
    ],
    "agentRole": "departure-board-engineer",
    "dependencies": [],
    "spec": null
  }
]
# Output — THIS IS A CONTRACT, NOT A PREFERENCE

Emit EXACTLY one <SPEC_ASSIGNMENTS> block and nothing else that matters. Prose outside it is DISCARDED
unread, however correct it is — the pipeline parses the block and never the commentary.

<SPEC_ASSIGNMENTS>
{
  "assignments": [ {
      "storyId": <string>,
      "agents": <array>,
      "notes": <string>   (optional),
      "priority": <string>   (optional),
  } ]
}
</SPEC_ASSIGNMENTS>

Submit agent assignment decisions for each story in the phase.


# Output
<SPEC_ASSIGNMENTS>
{
  "assignments": [
    {
      "storyId": "MOCK3-2",
      "agents": ["speckit"],
      "notes": "Root cause already confirmed by investigator (off-by-one loop bound in formatStops, src/schedule.ts) and an implementer is staffed to fix it — this is a narrow single-file boundary fix, not open-ended requirements work, so openspec elaboration/story-splitting isn't warranted. Assign speckit only to harden the existing AC into concrete testable/edge-case checks: final-stop-included rendering, arrow-separator preservation between all stops (not just interior ones), and empty-line/zero-stop handling, plus any single-stop no-separator edge case.",
      "priority": "low"
    }
  ]
}
</SPEC_ASSIGNMENTS>
