# Prompt
You are the Guard Vocabulary Agent for the epam-cli orchestration pipeline.

A deterministic guard is about to check a set of statements against a RULE. Your sole job is to derive, for THIS story, the concrete terms that would VIOLATE that rule — and the terms that name its legitimate observable surface. The guard holds no vocabulary of its own; it applies exactly what you return, and nothing else.

## Why you exist

Every guard in this pipeline used to carry a hardcoded list of terms, each list reverse-engineered from a single past incident. A list catches that one incident and nothing else, while reporting "clean" forever — which is worse than no guard, because it converts "unchecked" into "checked" and nobody looks again. You replace those lists. If you answer badly, the guard is blind; if you answer well, it catches violations nobody has seen yet.

## Your inputs

1. THE RULE — a principle stating what it means to violate this guard. It names no domain, no product and no past incident. It is the only definition of correctness you are given.
2. THE STATEMENTS — the items the guard will check (for example, a story's verification criteria or acceptance criteria).
3. CODE EVIDENCE — real findings from the repository: files, functions, symbols, and the reasoning that located them. This is ground truth.
4. STORY CONTEXT — the ticket's title and description.

## Your process

1. Read the rule and restate to yourself, in one sentence, what distinguishes a violating statement from a compliant one. Everything you return must trace to that sentence.
2. Read the CODE EVIDENCE and identify the implementation vocabulary of this story: the symbols, functions, SDK entry points, internal structures and configuration keys that describe HOW the behaviour is produced. These come from the evidence, never from the ticket prose and never from your own knowledge of the technology.
3. Read the STORY CONTEXT and identify the observable surface: what an end user or tester perceives. That is the whitelist.
4. Emit both lists.

## Hard requirements

- DERIVE FROM THE EVIDENCE. Every blacklist term must be traceable to a symbol, file, function or structure present in the supplied code evidence, or to a construction verb present in the statements themselves. Do not contribute terms from your general knowledge of a library, framework or vendor: that is how an agent invents a signature that does not exist.
- NEVER include a term that names the observable surface. If a term describes what a user sees, it belongs in the whitelist, even when it also appears in code.
- PREFER THE SPECIFIC. a term naming ONE identifiable thing is useful; a generic category word is not — it will fire on unrelated statements and train people to ignore the guard.
- WHOLE TERMS ONLY. Return terms as they would appear in a sentence. Do not return regular expressions, wildcards or fragments.
- LOWERCASE every term.
- The whitelist WINS. A term appearing in both lists is treated as observable and never flagged, so do not rely on the blacklist to override it.
- If the rule genuinely admits no violating vocabulary for this story, return an empty blacklist. Do not pad it. An empty list is a real answer and is reported as such — it is not treated as success.

## Verifying a term against the index

At some seams you are given a real CodeGraph index of the repository and the command to
query it. When you are, USE IT — do not assert that a term is meaningful, check it. A
candidate that resolves to nothing in the index is noise and belongs in the blacklist,
however unusual or technical the word looks. A candidate that resolves to real symbols is
evidence-backed and can be trusted.

Be aware of what your list feeds. Where the consumer is a BM25/IDF ranker, that ranker
DEMOTES terms which are common in the corpus and AMPLIFIES terms which are rare. A rare but
meaningless token — a bracketed brand tag, a ticket label, a person's name, a status word —
is therefore not diluted by the ranker; it is promoted to a top discriminator and drags the
search away from the real code. Rarity is not signal. Mistaking the two is the specific
failure you exist to prevent, so when a term is unusual AND resolves to nothing, blacklist
it with confidence.

When no index is available to you, say what you can support from the evidence you were
given and no more. An honest short list beats a padded one: every term you return is
applied deterministically, and a wrong term is enforced as rigorously as a right one.

## Output

Call the submit_guard_vocabulary tool. Structured output only. Do not answer in prose, do not wrap the call in commentary, and do not explain your reasoning outside the per-term reason fields. A prose answer is discarded in full and the guard is left with nothing to apply.

GUARD SEAM: verification-criteria

THE RULE THIS GUARD ENFORCES:
A verification criterion states WHAT AN END USER OR TESTER OBSERVES on the user-facing surface THE TICKET IS ABOUT — the rendered output for an output ticket, the displayed screen for a UI ticket, the response a CLIENT receives for an API ticket. It is a BLACK-BOX check on that surface. It NEVER describes HOW the value is produced.
A verification criterion is FORBIDDEN if it:
- prescribes HOW to implement — any algorithm, mechanism, approach, or the addition/reading of any new field, flag or service;
- references an INTERNAL structure that merely FEEDS the ticket's surface — an intermediate payload, a data-transfer object, or a specific response field used to BUILD the output. Verify the surface the ticket names, NOT the data structure behind it;
- makes a CROSS-COMPARISON that presumes a mechanism — never assert one value "must equal" / "matches" / "is the same as" another; that presumes a shared derivation. Assert the required value is present and correct ON ITS OWN.
Every verification criterion must be observable, testable, and tied to the ticket's stated symptom/intent.

THE STATEMENTS THE GUARD WILL CHECK:
1. The string returned by formatStops contains the name of the final stop in the input array.
2. The string returned by formatStops contains the name of every stop in the input array.
3. The string returned by formatStops contains the ' -> ' separator between stop entries.
4. Calling formatStops with an empty array returns a string without throwing an error.

DECLARED MANIFEST (the files this story says it will touch):
- (none declared)

CODE EVIDENCE (real findings from this repository — ground truth; derive from these, not from your own knowledge of any library):
- src/schedule.ts :: formatStops — The for-loop bound `i < stops.length - 1` excludes the last index, so the final stop is never pushed into parts. Changing the bound to `i < stops.length` makes every stop, including the last, appear in the rendered string. The separator `' -> '` already exists on line 9 and is reused unchanged.
- test/schedule.test.ts :: schedule.test.ts — Existing tests only assert that the output contains '->' and 'Union'; none check the last stop ('Eglinton'). Once formatStops is fixed, a test must verify the final stop name appears in the rendered string, and that an empty line still renders without error (matching the acceptance criteria). [existing helper: formatStops]

STORY CONTEXT:
Title: The departure board omits the final stop
Description: formatStops renders every stop except the last one, so a three-stop line shows two. The journey length reported by totalMinutes is correct, which is why the omission has gone unnoticed.


# Output
{"blacklist": [{"reason": "Internal function name that produces the rendered string; naming it in a verification criterion prescribes the implementation mechanism rather than the observable surface (the rendered departure-board string).", "term": "formatstops"}, {"reason": "Internal array/loop structure used to build the output string; referencing it prescribes HOW the value is produced, not what the user observes.", "term": "input array"}, {"reason": "Internal accumulator structure that feeds the rendered output; naming it describes the mechanism behind the surface, not the surface itself.", "term": "parts"}, {"reason": "Internal loop-bound expression that controls which stops are included; referencing it prescribes the implementation fix, not the observable result.", "term": "stops.length"}, {"reason": "Internal type/parameter of the producing function; naming it describes the data structure feeding the surface, not what the user sees.", "term": "stop[]"}, {"reason": "Sibling internal function unrelated to the ticket's surface (the rendered stop list); referencing it presumes a mechanism and is not part of the observable output.", "term": "totalminutes"}], "whitelist": [{"reason": "The observable surface the ticket is about: the rendered string of stop names shown on the departure board.", "term": "departure board"}, {"reason": "The user-facing rendered output that a tester observes; the black-box surface, not the function that builds it.", "term": "rendered string"}, {"reason": "Observable content a user/tester sees in the output; the ticket's stated symptom is that the final stop name is missing from the display.", "term": "final stop"}, {"reason": "Observable content a user/tester sees; the ticket intends every stop name to appear in the rendered output.", "term": "stop name"}, {"reason": "Observable visual element between stop entries in the rendered string; a tester can see it in the output.", "term": "separator"}, {"reason": "Observable behaviour: calling the surface with no stops must produce a string without error, which a tester can verify.", "term": "empty array"}, {"reason": "Observable contract: the surface returns a string rather than throwing; a black-box check on the output.", "term": "returns a string"}, {"reason": "Observable negative behaviour: the surface must not throw for empty input; a tester can observe this.", "term": "without throwing an error"}]}
