[11ty] Writing /home/bradleyjerome/projects/ai/epam-cli/orchestrations/dashboards/live/build-info.json from ../../ai/epam-cli/orchestrations/dashboards/build-info.11ty.js
[11ty] Copied 20 Wrote 1 file in 1.11 seconds (v3.1.6)
[11ty] Writing /home/bradleyjerome/projects/ai/epam-cli/orchestrations/dashboards/live/build-info.json from ../../ai/epam-cli/orchestrations/dashboards/build-info.11ty.js
[11ty] Copied 20 Wrote 1 file in 1.46 seconds (v3.1.6)
[11ty] Watching…
[11ty] Writing /home/bradleyjerome/projects/ai/epam-cli/orchestrations/dashboards/live/build-info.json from ../../ai/epam-cli/orchestrations/dashboards/build-info.11ty.js
[11ty] Copied 20 Wrote 1 file in 1.38 seconds (v3.1.6)
[11ty] Watching…
[11ty] Watching…
[11ty] Server at http://192.168.2.18:8093/ or http://172.22.0.1:8093/ or http://172.18.0.1:8093/ or http://172.20.0.1:8093/ or http://172.19.0.1:8093/ or http://172.21.0.1:8093/ or http://100.64.77.9:8093/ or http://localhost:8093/
[11ty] Server at http://192.168.2.18:8095/ or http://172.22.0.1:8095/ or http://172.18.0.1:8095/ or http://172.20.0.1:8095/ or http://172.19.0.1:8095/ or http://172.21.0.1:8095/ or http://100.64.77.9:8095/ or http://localhost:8095/
[11ty] Server at http://192.168.2.18:8096/ or http://172.22.0.1:8096/ or http://172.18.0.1:8096/ or http://172.20.0.1:8096/ or http://172.19.0.1:8096/ or http://172.21.0.1:8096/ or http://100.64.77.9:8096/ or http://localhost:8096/
[11ty] File changed: /home/bradleyjerome/projects/ai/epam-cli/orchestrations/logs/plans-core.jsonl
[11ty] File changed: /home/bradleyjerome/projects/ai/epam-cli/orchestrations/logs/plans-core.jsonl
[11ty] File changed: /home/bradleyjerome/projects/ai/epam-cli/orchestrations/logs/plans-core.jsonl
[11ty] Writing /home/bradleyjerome/projects/ai/epam-cli/orchestrations/dashboards/live/build-info.json from ../../ai/epam-cli/orchestrations/dashboards/build-info.11ty.js
[11ty] Writing /home/bradleyjerome/projects/ai/epam-cli/orchestrations/dashboards/live/build-info.json from ../../ai/epam-cli/orchestrations/dashboards/build-info.11ty.js
[11ty] Writing /home/bradleyjerome/projects/ai/epam-cli/orchestrations/dashboards/live/build-info.json from ../../ai/epam-cli/orchestrations/dashboards/build-info.11ty.js
[11ty] Copied 20 Wrote 1 file in 0.47 seconds (v3.1.6)
[11ty] Watching…
[11ty] Copied 20 Wrote 1 file in 0.72 seconds (v3.1.6)
[11ty] Watching…
[11ty] Copied 20 Wrote 1 file in 0.73 seconds (v3.1.6)
[11ty] Watching…
[11ty] File changed: /home/bradleyjerome/projects/ai/epam-cli/orchestrations/logs/plans-core.jsonl
[11ty] File changed: /home/bradleyjerome/projects/ai/epam-cli/orchestrations/logs/plans-core.jsonl
[11ty] File changed: /home/bradleyjerome/projects/ai/epam-cli/orchestrations/logs/plans-core.jsonl
[11ty] Writing /home/bradleyjerome/projects/ai/epam-cli/orchestrations/dashboards/live/build-info.json from ../../ai/epam-cli/orchestrations/dashboards/build-info.11ty.js
[11ty] Writing /home/bradleyjerome/projects/ai/epam-cli/orchestrations/dashboards/live/build-info.json from ../../ai/epam-cli/orchestrations/dashboards/build-info.11ty.js
[11ty] Writing /home/bradleyjerome/projects/ai/epam-cli/orchestrations/dashboards/live/build-info.json from ../../ai/epam-cli/orchestrations/dashboards/build-info.11ty.js
[11ty] Copied 20 Wrote 1 file in 0.60 seconds (v3.1.6)
[11ty] Watching…
[11ty] Copied 20 Wrote 1 file in 0.62 seconds (v3.1.6)
[11ty] Watching…
[11ty] Copied 20 Wrote 1 file in 0.70 seconds (v3.1.6)
[11ty] Watching…
[11ty] File changed: /home/bradleyjerome/projects/ai/epam-cli/orchestrations/logs/agent-status.json
[11ty] File changed: /home/bradleyjerome/projects/ai/epam-cli/orchestrations/logs/agent-status.json
[11ty] File changed: /home/bradleyjerome/projects/ai/epam-cli/orchestrations/logs/agent-status.json
[11ty] File changed: /home/bradleyjerome/projects/ai/epam-cli/orchestrations/dashboards/logs/agent-status.json
[11ty] File changed: /home/bradleyjerome/projects/ai/epam-cli/orchestrations/logs/agent-activity.jsonl
[11ty] File changed: /home/bradleyjerome/projects/ai/epam-cli/orchestrations/logs/agent-activity.jsonl
[11ty] Writing /home/bradleyjerome/projects/ai/epam-cli/orchestrations/dashboards/live/build-info.json from ../../ai/epam-cli/orchestrations/dashboards/build-info.11ty.js
[11ty] Writing /home/bradleyjerome/projects/ai/epam-cli/orchestrations/dashboards/live/build-info.json from ../../ai/epam-cli/orchestrations/dashboards/build-info.11ty.js
[11ty] File changed: /home/bradleyjerome/projects/ai/epam-cli/orchestrations/logs/agent-activity.jsonl
[11ty] Writing /home/bradleyjerome/projects/ai/epam-cli/orchestrations/dashboards/live/build-info.json from ../../ai/epam-cli/orchestrations/dashboards/build-info.11ty.js
[11ty] File changed: /home/bradleyjerome/projects/ai/epam-cli/orchestrations/logs/agent-status.json
[11ty] File changed: /home/bradleyjerome/projects/ai/epam-cli/orchestrations/logs/agent-status.json
[11ty] File changed: /home/bradleyjerome/projects/ai/epam-cli/orchestrations/dashboards/logs/agent-status.json
[11ty] File changed: /home/bradleyjerome/projects/ai/epam-cli/orchestrations/logs/agent-status.json
[11ty] File changed: /home/bradleyjerome/projects/ai/epam-cli/orchestrations/logs/agent-activity.jsonl
[11ty] File changed: /home/bradleyjerome/projects/ai/epam-cli/orchestrations/logs/agent-activity.jsonl
[11ty] File changed: /home/bradleyjerome/projects/ai/epam-cli/orchestrations/logs/agent-activity.jsonl
[11ty] Copied 20 Wrote 1 file in 3.61 seconds (v3.1.6)
[11ty] You saved while Eleventy was running, let’s run again. (2 changes)
[11ty] Writing /home/bradleyjerome/projects/ai/epam-cli/orchestrations/dashboards/live/build-info.json from ../../ai/epam-cli/orchestrations/dashboards/build-info.11ty.js
[11ty] Copied 20 Wrote 1 file in 5.86 seconds (v3.1.6)
[11ty] You saved while Eleventy was running, let’s run again. (4 changes)
[11ty] Copied 20 Wrote 1 file in 5.92 seconds (v3.1.6)
[11ty] You saved while Eleventy was running, let’s run again. (2 changes)
[11ty] Writing /home/bradleyjerome/projects/ai/epam-cli/orchestrations/dashboards/live/build-info.json from ../../ai/epam-cli/orchestrations/dashboards/build-info.11ty.js
[11ty] Writing /home/bradleyjerome/projects/ai/epam-cli/orchestrations/dashboards/live/build-info.json from ../../ai/epam-cli/orchestrations/dashboards/build-info.11ty.js
[11ty] File changed: /home/bradleyjerome/projects/ai/epam-cli/orchestrations/logs/plans-core.jsonl
[11ty] File changed: /home/bradleyjerome/projects/ai/epam-cli/orchestrations/logs/plans-core.jsonl
[11ty] File changed: /home/bradleyjerome/projects/ai/epam-cli/orchestrations/logs/plans-core.jsonl
[11ty] Copied 20 Wrote 1 file in 3.63 seconds (v3.1.6)
[11ty] You saved while Eleventy was running, let’s run again. (1 change)
[11ty] Copied 20 Wrote 1 file in 1.36 seconds (v3.1.6)
[11ty] You saved while Eleventy was running, let’s run again. (1 change)
[11ty] Copied 20 Wrote 1 file in 1.49 seconds (v3.1.6)
[11ty] You saved while Eleventy was running, let’s run again. (1 change)
[11ty] Writing /home/bradleyjerome/projects/ai/epam-cli/orchestrations/dashboards/live/build-info.json from ../../ai/epam-cli/orchestrations/dashboards/build-info.11ty.js
[11ty] Writing /home/bradleyjerome/projects/ai/epam-cli/orchestrations/dashboards/live/build-info.json from ../../ai/epam-cli/orchestrations/dashboards/build-info.11ty.js
[11ty] Writing /home/bradleyjerome/projects/ai/epam-cli/orchestrations/dashboards/live/build-info.json from ../../ai/epam-cli/orchestrations/dashboards/build-info.11ty.js
[11ty] Copied 20 Wrote 1 file in 0.74 seconds (v3.1.6)
[11ty] Watching…
[11ty] Copied 20 Wrote 1 file in 0.74 seconds (v3.1.6)
[11ty] Watching…
[11ty] Copied 20 Wrote 1 file in 0.69 seconds (v3.1.6)
[11ty] Watching…
[11ty] File changed: /home/bradleyjerome/projects/ai/epam-cli/orchestrations/logs/plans-core.jsonl
[11ty] File changed: /home/bradleyjerome/projects/ai/epam-cli/orchestrations/logs/plans-core.jsonl
[11ty] File changed: /home/bradleyjerome/projects/ai/epam-cli/orchestrations/logs/plans-core.jsonl
[11ty] Writing /home/bradleyjerome/projects/ai/epam-cli/orchestrations/dashboards/live/build-info.json from ../../ai/epam-cli/orchestrations/dashboards/build-info.11ty.js
[11ty] Writing /home/bradleyjerome/projects/ai/epam-cli/orchestrations/dashboards/live/build-info.json from ../../ai/epam-cli/orchestrations/dashboards/build-info.11ty.js
[11ty] Writing /home/bradleyjerome/projects/ai/epam-cli/orchestrations/dashboards/live/build-info.json from ../../ai/epam-cli/orchestrations/dashboards/build-info.11ty.js
[11ty] Copied 20 Wrote 1 file in 0.64 seconds (v3.1.6)
[11ty] Watching…
[11ty] Copied 20 Wrote 1 file in 0.67 seconds (v3.1.6)
[11ty] Watching…
[11ty] Copied 20 Wrote 1 file in 0.79 seconds (v3.1.6)
[11ty] Watching…
[11ty] File changed: /home/bradleyjerome/projects/ai/epam-cli/orchestrations/logs/plans-core.jsonl
[11ty] File changed: /home/bradleyjerome/projects/ai/epam-cli/orchestrations/logs/plans-core.jsonl
[11ty] File changed: /home/bradleyjerome/projects/ai/epam-cli/orchestrations/logs/plans-core.jsonl
[11ty] File changed: /home/bradleyjerome/projects/ai/epam-cli/orchestrations/logs/agent-status.json
[11ty] File changed: /home/bradleyjerome/projects/ai/epam-cli/orchestrations/dashboards/logs/agent-status.json
[11ty] File changed: /home/bradleyjerome/projects/ai/epam-cli/orchestrations/logs/agent-status.json
[11ty] Writing /home/bradleyjerome/projects/ai/epam-cli/orchestrations/dashboards/live/build-info.json from ../../ai/epam-cli/orchestrations/dashboards/build-info.11ty.js
[11ty] Writing /home/bradleyjerome/projects/ai/epam-cli/orchestrations/dashboards/live/build-info.json from ../../ai/epam-cli/orchestrations/dashboards/build-info.11ty.js
[11ty] File changed: /home/bradleyjerome/projects/ai/epam-cli/orchestrations/logs/agent-status.json
[11ty] Writing /home/bradleyjerome/projects/ai/epam-cli/orchestrations/dashboards/live/build-info.json from ../../ai/epam-cli/orchestrations/dashboards/build-info.11ty.js
[11ty] File changed: /home/bradleyjerome/projects/ai/epam-cli/orchestrations/logs/agent-activity.jsonl
[11ty] File changed: /home/bradleyjerome/projects/ai/epam-cli/orchestrations/logs/agent-activity.jsonl
[11ty] File changed: /home/bradleyjerome/projects/ai/epam-cli/orchestrations/logs/agent-activity.jsonl
[11ty] Copied 20 Wrote 1 file in 3.42 seconds (v3.1.6)
[11ty] You saved while Eleventy was running, let’s run again. (1 change)
[11ty] Copied 20 Wrote 1 file in 3.53 seconds (v3.1.6)
[11ty] You saved while Eleventy was running, let’s run again. (2 changes)
[11ty] Copied 20 Wrote 1 file in 3.63 seconds (v3.1.6)
[11ty] You saved while Eleventy was running, let’s run again. (1 change)
[11ty] Writing /home/bradleyjerome/projects/ai/epam-cli/orchestrations/dashboards/live/build-info.json from ../../ai/epam-cli/orchestrations/dashboards/build-info.11ty.js
[11ty] Writing /home/bradleyjerome/projects/ai/epam-cli/orchestrations/dashboards/live/build-info.json from ../../ai/epam-cli/orchestrations/dashboards/build-info.11ty.js
[11ty] Writing /home/bradleyjerome/projects/ai/epam-cli/orchestrations/dashboards/live/build-info.json from ../../ai/epam-cli/orchestrations/dashboards/build-info.11ty.js
[11ty] Copied 20 Wrote 1 file in 0.71 seconds (v3.1.6)
[11ty] Watching…
[11ty] Copied 20 Wrote 1 file in 1.05 seconds (v3.1.6)
[11ty] Watching…
[11ty] Copied 20 Wrote 1 file in 1.10 seconds (v3.1.6)
[11ty] Watching…
[11ty] File changed: /home/bradleyjerome/projects/ai/epam-cli/orchestrations/logs/agent-status.json
[11ty] File changed: /home/bradleyjerome/projects/ai/epam-cli/orchestrations/logs/agent-status.json
[11ty] File changed: /home/bradleyjerome/projects/ai/epam-cli/orchestrations/logs/agent-status.json
[11ty] File changed: /home/bradleyjerome/projects/ai/epam-cli/orchestrations/dashboards/logs/agent-status.json
[11ty] File changed: /home/bradleyjerome/projects/ai/epam-cli/orchestrations/logs/agent-activity.jsonl
[11ty] File changed: /home/bradleyjerome/projects/ai/epam-cli/orchestrations/logs/agent-activity.jsonl
[11ty] Writing /home/bradleyjerome/projects/ai/epam-cli/orchestrations/dashboards/live/build-info.json from ../../ai/epam-cli/orchestrations/dashboards/build-info.11ty.js
[11ty] Writing /home/bradleyjerome/projects/ai/epam-cli/orchestrations/dashboards/live/build-info.json from ../../ai/epam-cli/orchestrations/dashboards/build-info.11ty.js
[11ty] File changed: /home/bradleyjerome/projects/ai/epam-cli/orchestrations/logs/agent-activity.jsonl
[11ty] Writing /home/bradleyjerome/projects/ai/epam-cli/orchestrations/dashboards/live/build-info.json from ../../ai/epam-cli/orchestrations/dashboards/build-info.11ty.js
[11ty] Copied 20 Wrote 1 file in 3.36 seconds (v3.1.6)
[11ty] You saved while Eleventy was running, let’s run again. (1 change)
[11ty] Copied 20 Wrote 1 file in 3.16 seconds (v3.1.6)
[11ty] Watching…
[11ty] Copied 20 Wrote 1 file in 3.22 seconds (v3.1.6)
[11ty] Watching…
[11ty] Writing /home/bradleyjerome/projects/ai/epam-cli/orchestrations/dashboards/live/build-info.json from ../../ai/epam-cli/orchestrations/dashboards/build-info.11ty.js
[11ty] Copied 20 Wrote 1 file in 0.46 seconds (v3.1.6)
[11ty] Watching…
[11ty] File changed: /home/bradleyjerome/projects/ai/epam-cli/orchestrations/logs/agent-status.json
[11ty] File changed: /home/bradleyjerome/projects/ai/epam-cli/orchestrations/logs/agent-status.json
[11ty] File changed: /home/bradleyjerome/projects/ai/epam-cli/orchestrations/logs/agent-status.json
[11ty] File changed: /home/bradleyjerome/projects/ai/epam-cli/orchestrations/dashboards/logs/agent-status.json
[11ty] File changed: /home/bradleyjerome/projects/ai/epam-cli/orchestrations/logs/agent-activity.jsonl
[11ty] Writing /home/bradleyjerome/projects/ai/epam-cli/orchestrations/dashboards/live/build-info.json from ../../ai/epam-cli/orchestrations/dashboards/build-info.11ty.js
[11ty] File changed: /home/bradleyjerome/projects/ai/epam-cli/orchestrations/logs/agent-activity.jsonl
[11ty] Writing /home/bradleyjerome/projects/ai/epam-cli/orchestrations/dashboards/live/build-info.json from ../../ai/epam-cli/orchestrations/dashboards/build-info.11ty.js
[11ty] Writing /home/bradleyjerome/projects/ai/epam-cli/orchestrations/dashboards/live/build-info.json from ../../ai/epam-cli/orchestrations/dashboards/build-info.11ty.js
[11ty] File changed: /home/bradleyjerome/projects/ai/epam-cli/orchestrations/logs/agent-activity.jsonl
[11ty] Copied 20 Wrote 1 file in 3.31 seconds (v3.1.6)
[11ty] You saved while Eleventy was running, let’s run again. (1 change)
[11ty] File changed: /home/bradleyjerome/projects/ai/epam-cli/orchestrations/logs/plans-core.jsonl
[11ty] Copied 20 Wrote 1 file in 3.40 seconds (v3.1.6)
[11ty] You saved while Eleventy was running, let’s run again. (1 change)
[11ty] File changed: /home/bradleyjerome/projects/ai/epam-cli/orchestrations/logs/plans-core.jsonl
[11ty] Copied 20 Wrote 1 file in 3.45 seconds (v3.1.6)
[11ty] You saved while Eleventy was running, let’s run again. (2 changes)
[11ty] Writing /home/bradleyjerome/projects/ai/epam-cli/orchestrations/dashboards/live/build-info.json from ../../ai/epam-cli/orchestrations/dashboards/build-info.11ty.js
[11ty] File changed: /home/bradleyjerome/projects/ai/epam-cli/orchestrations/logs/plans-core.jsonl
[11ty] Writing /home/bradleyjerome/projects/ai/epam-cli/orchestrations/dashboards/live/build-info.json from ../../ai/epam-cli/orchestrations/dashboards/build-info.11ty.js
[11ty] Writing /home/bradleyjerome/projects/ai/epam-cli/orchestrations/dashboards/live/build-info.json from ../../ai/epam-cli/orchestrations/dashboards/build-info.11ty.js
[11ty] Copied 20 Wrote 1 file in 0.69 seconds (v3.1.6)
[11ty] You saved while Eleventy was running, let’s run again. (1 change)
[11ty] Copied 20 Wrote 1 file in 0.72 seconds (v3.1.6)
[11ty] Watching…
[11ty] Copied 20 Wrote 1 file in 0.82 seconds (v3.1.6)
[11ty] Watching…
[11ty] Writing /home/bradleyjerome/projects/ai/epam-cli/orchestrations/dashboards/live/build-info.json from ../../ai/epam-cli/orchestrations/dashboards/build-info.11ty.js
[11ty] Copied 20 Wrote 1 file in 0.65 seconds (v3.1.6)
[11ty] Watching…
[11ty] File changed: /home/bradleyjerome/projects/ai/epam-cli/orchestrations/logs/plans-core.jsonl
[11ty] File changed: /home/bradleyjerome/projects/ai/epam-cli/orchestrations/logs/plans-core.jsonl
[11ty] File changed: /home/bradleyjerome/projects/ai/epam-cli/orchestrations/logs/plans-core.jsonl
[11ty] Writing /home/bradleyjerome/projects/ai/epam-cli/orchestrations/dashboards/live/build-info.json from ../../ai/epam-cli/orchestrations/dashboards/build-info.11ty.js
[11ty] Writing /home/bradleyjerome/projects/ai/epam-cli/orchestrations/dashboards/live/build-info.json from ../../ai/epam-cli/orchestrations/dashboards/build-info.11ty.js
[11ty] Writing /home/bradleyjerome/projects/ai/epam-cli/orchestrations/dashboards/live/build-info.json from ../../ai/epam-cli/orchestrations/dashboards/build-info.11ty.js
[11ty] Copied 20 Wrote 1 file in 0.65 seconds (v3.1.6)
[11ty] Watching…
[11ty] Copied 20 Wrote 1 file in 0.66 seconds (v3.1.6)
[11ty] Watching…
[11ty] Copied 20 Wrote 1 file in 0.73 seconds (v3.1.6)
[11ty] Watching…
[11ty] File changed: /home/bradleyjerome/projects/ai/epam-cli/orchestrations/logs/plans-core.jsonl
[11ty] File changed: /home/bradleyjerome/projects/ai/epam-cli/orchestrations/logs/plans-core.jsonl
[11ty] File changed: /home/bradleyjerome/projects/ai/epam-cli/orchestrations/logs/plans-core.jsonl
[11ty] Writing /home/bradleyjerome/projects/ai/epam-cli/orchestrations/dashboards/live/build-info.json from ../../ai/epam-cli/orchestrations/dashboards/build-info.11ty.js
[11ty] Writing /home/bradleyjerome/projects/ai/epam-cli/orchestrations/dashboards/live/build-info.json from ../../ai/epam-cli/orchestrations/dashboards/build-info.11ty.js
[11ty] Writing /home/bradleyjerome/projects/ai/epam-cli/orchestrations/dashboards/live/build-info.json from ../../ai/epam-cli/orchestrations/dashboards/build-info.11ty.js
[11ty] Copied 20 Wrote 1 file in 0.61 seconds (v3.1.6)
[11ty] Watching…
[11ty] Copied 20 Wrote 1 file in 0.61 seconds (v3.1.6)
[11ty] Watching…
[11ty] Copied 20 Wrote 1 file in 0.68 seconds (v3.1.6)
[11ty] Watching…
[11ty] File changed: /home/bradleyjerome/projects/ai/epam-cli/orchestrations/logs/agent-status.json
[11ty] File changed: /home/bradleyjerome/projects/ai/epam-cli/orchestrations/logs/agent-status.json
[11ty] File changed: /home/bradleyjerome/projects/ai/epam-cli/orchestrations/logs/agent-status.json
[11ty] File changed: /home/bradleyjerome/projects/ai/epam-cli/orchestrations/dashboards/logs/agent-status.json
[11ty] File changed: /home/bradleyjerome/projects/ai/epam-cli/orchestrations/logs/agent-activity.jsonl
[11ty] Writing /home/bradleyjerome/projects/ai/epam-cli/orchestrations/dashboards/live/build-info.json from ../../ai/epam-cli/orchestrations/dashboards/build-info.11ty.js
[11ty] Writing /home/bradleyjerome/projects/ai/epam-cli/orchestrations/dashboards/live/build-info.json from ../../ai/epam-cli/orchestrations/dashboards/build-info.11ty.js
[11ty] File changed: /home/bradleyjerome/projects/ai/epam-cli/orchestrations/logs/agent-activity.jsonl
[11ty] File changed: /home/bradleyjerome/projects/ai/epam-cli/orchestrations/logs/agent-activity.jsonl
[11ty] Writing /home/bradleyjerome/projects/ai/epam-cli/orchestrations/dashboards/live/build-info.json from ../../ai/epam-cli/orchestrations/dashboards/build-info.11ty.js
[11ty] Copied 20 Wrote 1 file in 3.92 seconds (v3.1.6)
[11ty] You saved while Eleventy was running, let’s run again. (1 change)
[11ty] Copied 20 Wrote 1 file in 3.77 seconds (v3.1.6)
[11ty] Watching…
[11ty] Copied 20 Wrote 1 file in 3.93 seconds (v3.1.6)
[11ty] You saved while Eleventy was running, let’s run again. (1 change)
[11ty] Writing /home/bradleyjerome/projects/ai/epam-cli/orchestrations/dashboards/live/build-info.json from ../../ai/epam-cli/orchestrations/dashboards/build-info.11ty.js
[11ty] Writing /home/bradleyjerome/projects/ai/epam-cli/orchestrations/dashboards/live/build-info.json from ../../ai/epam-cli/orchestrations/dashboards/build-info.11ty.js
[11ty] Copied 20 Wrote 1 file in 0.59 seconds (v3.1.6)
[11ty] Watching…
[11ty] Copied 20 Wrote 1 file in 0.58 seconds (v3.1.6)
[11ty] Watching…
[11ty] File changed: /home/bradleyjerome/projects/ai/epam-cli/orchestrations/logs/agent-status.json
[11ty] File changed: /home/bradleyjerome/projects/ai/epam-cli/orchestrations/logs/agent-status.json
[11ty] File changed: /home/bradleyjerome/projects/ai/epam-cli/orchestrations/dashboards/logs/agent-status.json
[11ty] File changed: /home/bradleyjerome/projects/ai/epam-cli/orchestrations/logs/agent-status.json
[11ty] File changed: /home/bradleyjerome/projects/ai/epam-cli/orchestrations/logs/agent-activity.jsonl
[11ty] File changed: /home/bradleyjerome/projects/ai/epam-cli/orchestrations/logs/agent-activity.jsonl
[11ty] Writing /home/bradleyjerome/projects/ai/epam-cli/orchestrations/dashboards/live/build-info.json from ../../ai/epam-cli/orchestrations/dashboards/build-info.11ty.js
[11ty] Writing /home/bradleyjerome/projects/ai/epam-cli/orchestrations/dashboards/live/build-info.json from ../../ai/epam-cli/orchestrations/dashboards/build-info.11ty.js
[11ty] File changed: /home/bradleyjerome/projects/ai/epam-cli/orchestrations/logs/agent-activity.jsonl
[11ty] Writing /home/bradleyjerome/projects/ai/epam-cli/orchestrations/dashboards/live/build-info.json from ../../ai/epam-cli/orchestrations/dashboards/build-info.11ty.js
[11ty] Copied 20 Wrote 1 file in 3.59 seconds (v3.1.6)
[11ty] Watching…
[11ty] Copied 20 Wrote 1 file in 3.68 seconds (v3.1.6)
[11ty] Watching…
[11ty] Copied 20 Wrote 1 file in 3.73 seconds (v3.1.6)
[11ty] You saved while Eleventy was running, let’s run again. (1 change)
[11ty] Writing /home/bradleyjerome/projects/ai/epam-cli/orchestrations/dashboards/live/build-info.json from ../../ai/epam-cli/orchestrations/dashboards/build-info.11ty.js
[11ty] Copied 20 Wrote 1 file in 0.56 seconds (v3.1.6)
[11ty] Watching…
[11ty] File changed: /home/bradleyjerome/projects/ai/epam-cli/orchestrations/logs/plans-core.jsonl
[11ty] File changed: /home/bradleyjerome/projects/ai/epam-cli/orchestrations/logs/plans-core.jsonl
[11ty] File changed: /home/bradleyjerome/projects/ai/epam-cli/orchestrations/logs/plans-core.jsonl
[11ty] Writing /home/bradleyjerome/projects/ai/epam-cli/orchestrations/dashboards/live/build-info.json from ../../ai/epam-cli/orchestrations/dashboards/build-info.11ty.js
[11ty] Writing /home/bradleyjerome/projects/ai/epam-cli/orchestrations/dashboards/live/build-info.json from ../../ai/epam-cli/orchestrations/dashboards/build-info.11ty.js
[11ty] Writing /home/bradleyjerome/projects/ai/epam-cli/orchestrations/dashboards/live/build-info.json from ../../ai/epam-cli/orchestrations/dashboards/build-info.11ty.js
[11ty] Copied 20 Wrote 1 file in 0.62 seconds (v3.1.6)
[11ty] Watching…
[11ty] Copied 20 Wrote 1 file in 0.67 seconds (v3.1.6)
[11ty] Watching…
[11ty] Copied 20 Wrote 1 file in 0.75 seconds (v3.1.6)
[11ty] Watching…
[11ty] File changed: /home/bradleyjerome/projects/ai/epam-cli/orchestrations/logs/plans-core.jsonl
[11ty] File changed: /home/bradleyjerome/projects/ai/epam-cli/orchestrations/logs/plans-core.jsonl
[11ty] File changed: /home/bradleyjerome/projects/ai/epam-cli/orchestrations/logs/plans-core.jsonl
[11ty] Writing /home/bradleyjerome/projects/ai/epam-cli/orchestrations/dashboards/live/build-info.json from ../../ai/epam-cli/orchestrations/dashboards/build-info.11ty.js
[11ty] Writing /home/bradleyjerome/projects/ai/epam-cli/orchestrations/dashboards/live/build-info.json from ../../ai/epam-cli/orchestrations/dashboards/build-info.11ty.js
[11ty] Writing /home/bradleyjerome/projects/ai/epam-cli/orchestrations/dashboards/live/build-info.json from ../../ai/epam-cli/orchestrations/dashboards/build-info.11ty.js
[11ty] Copied 20 Wrote 1 file in 0.60 seconds (v3.1.6)
[11ty] Watching…
[11ty] Copied 20 Wrote 1 file in 0.66 seconds (v3.1.6)
[11ty] Watching…
[11ty] Copied 20 Wrote 1 file in 0.80 seconds (v3.1.6)
[11ty] Watching…
[11ty] File changed: /home/bradleyjerome/projects/ai/epam-cli/orchestrations/logs/agent-status.json
[11ty] File changed: /home/bradleyjerome/projects/ai/epam-cli/orchestrations/logs/agent-status.json
[11ty] File changed: /home/bradleyjerome/projects/ai/epam-cli/orchestrations/dashboards/logs/agent-status.json
[11ty] File changed: /home/bradleyjerome/projects/ai/epam-cli/orchestrations/logs/agent-status.json
[11ty] Writing /home/bradleyjerome/projects/ai/epam-cli/orchestrations/dashboards/live/build-info.json from ../../ai/epam-cli/orchestrations/dashboards/build-info.11ty.js
[11ty] File changed: /home/bradleyjerome/projects/ai/epam-cli/orchestrations/logs/agent-activity.jsonl
[11ty] Writing /home/bradleyjerome/projects/ai/epam-cli/orchestrations/dashboards/live/build-info.json from ../../ai/epam-cli/orchestrations/dashboards/build-info.11ty.js
[11ty] File changed: /home/bradleyjerome/projects/ai/epam-cli/orchestrations/logs/agent-activity.jsonl
[11ty] Writing /home/bradleyjerome/projects/ai/epam-cli/orchestrations/dashboards/live/build-info.json from ../../ai/epam-cli/orchestrations/dashboards/build-info.11ty.js
[11ty] File changed: /home/bradleyjerome/projects/ai/epam-cli/orchestrations/logs/agent-activity.jsonl
[11ty] Copied 20 Wrote 1 file in 3.63 seconds (v3.1.6)
[11ty] You saved while Eleventy was running, let’s run again. (1 change)
[11ty] Copied 20 Wrote 1 file in 3.87 seconds (v3.1.6)
[11ty] You saved while Eleventy was running, let’s run again. (1 change)
[11ty] Copied 20 Wrote 1 file in 3.87 seconds (v3.1.6)
[11ty] You saved while Eleventy was running, let’s run again. (1 change)
[11ty] Writing /home/bradleyjerome/projects/ai/epam-cli/orchestrations/dashboards/live/build-info.json from ../../ai/epam-cli/orchestrations/dashboards/build-info.11ty.js
[11ty] Writing /home/bradleyjerome/projects/ai/epam-cli/orchestrations/dashboards/live/build-info.json from ../../ai/epam-cli/orchestrations/dashboards/build-info.11ty.js
[11ty] Copied 20 Wrote 1 file in 0.49 seconds (v3.1.6)
[11ty] Watching…
[11ty] Writing /home/bradleyjerome/projects/ai/epam-cli/orchestrations/dashboards/live/build-info.json from ../../ai/epam-cli/orchestrations/dashboards/build-info.11ty.js
[11ty] Copied 20 Wrote 1 file in 0.62 seconds (v3.1.6)
[11ty] Watching…
[11ty] Copied 20 Wrote 1 file in 0.72 seconds (v3.1.6)
[11ty] Watching…
[11ty] File changed: /home/bradleyjerome/projects/ai/epam-cli/orchestrations/logs/agent-activity.jsonl
[11ty] File changed: /home/bradleyjerome/projects/ai/epam-cli/orchestrations/logs/agent-activity.jsonl
[11ty] File changed: /home/bradleyjerome/projects/ai/epam-cli/orchestrations/logs/agent-activity.jsonl
[11ty] Writing /home/bradleyjerome/projects/ai/epam-cli/orchestrations/dashboards/live/build-info.json from ../../ai/epam-cli/orchestrations/dashboards/build-info.11ty.js
[11ty] Writing /home/bradleyjerome/projects/ai/epam-cli/orchestrations/dashboards/live/build-info.json from ../../ai/epam-cli/orchestrations/dashboards/build-info.11ty.js
[11ty] Writing /home/bradleyjerome/projects/ai/epam-cli/orchestrations/dashboards/live/build-info.json from ../../ai/epam-cli/orchestrations/dashboards/build-info.11ty.js
[11ty] Copied 20 Wrote 1 file in 0.58 seconds (v3.1.6)
[11ty] Watching…
[11ty] Copied 20 Wrote 1 file in 0.65 seconds (v3.1.6)
[11ty] Watching…
[11ty] Copied 20 Wrote 1 file in 0.61 seconds (v3.1.6)
[11ty] Watching…
[11ty] File changed: /home/bradleyjerome/projects/ai/epam-cli/orchestrations/logs/plans-core.jsonl
[11ty] File changed: /home/bradleyjerome/projects/ai/epam-cli/orchestrations/logs/plans-core.jsonl
[11ty] File changed: /home/bradleyjerome/projects/ai/epam-cli/orchestrations/logs/plans-core.jsonl
[11ty] Writing /home/bradleyjerome/projects/ai/epam-cli/orchestrations/dashboards/live/build-info.json from ../../ai/epam-cli/orchestrations/dashboards/build-info.11ty.js
[11ty] Writing /home/bradleyjerome/projects/ai/epam-cli/orchestrations/dashboards/live/build-info.json from ../../ai/epam-cli/orchestrations/dashboards/build-info.11ty.js
[11ty] Writing /home/bradleyjerome/projects/ai/epam-cli/orchestrations/dashboards/live/build-info.json from ../../ai/epam-cli/orchestrations/dashboards/build-info.11ty.js
[11ty] Copied 20 Wrote 1 file in 0.64 seconds (v3.1.6)
[11ty] Watching…
[11ty] Copied 20 Wrote 1 file in 0.62 seconds (v3.1.6)
[11ty] Watching…
[11ty] Copied 20 Wrote 1 file in 0.69 seconds (v3.1.6)
[11ty] Watching…
[11ty] File changed: /home/bradleyjerome/projects/ai/epam-cli/orchestrations/logs/agent-status.json
[11ty] File changed: /home/bradleyjerome/projects/ai/epam-cli/orchestrations/logs/agent-status.json
[11ty] File changed: /home/bradleyjerome/projects/ai/epam-cli/orchestrations/dashboards/logs/agent-status.json
[11ty] File changed: /home/bradleyjerome/projects/ai/epam-cli/orchestrations/logs/agent-status.json
[11ty] File changed: /home/bradleyjerome/projects/ai/epam-cli/orchestrations/logs/agent-activity.jsonl
[11ty] Writing /home/bradleyjerome/projects/ai/epam-cli/orchestrations/dashboards/live/build-info.json from ../../ai/epam-cli/orchestrations/dashboards/build-info.11ty.js
[11ty] File changed: /home/bradleyjerome/projects/ai/epam-cli/orchestrations/logs/agent-activity.jsonl
[11ty] Writing /home/bradleyjerome/projects/ai/epam-cli/orchestrations/dashboards/live/build-info.json from ../../ai/epam-cli/orchestrations/dashboards/build-info.11ty.js
[11ty] File changed: /home/bradleyjerome/projects/ai/epam-cli/orchestrations/logs/agent-activity.jsonl
[11ty] Writing /home/bradleyjerome/projects/ai/epam-cli/orchestrations/dashboards/live/build-info.json from ../../ai/epam-cli/orchestrations/dashboards/build-info.11ty.js
[11ty] Copied 20 Wrote 1 file in 4.16 seconds (v3.1.6)
[11ty] You saved while Eleventy was running, let’s run again. (1 change)
[11ty] Copied 20 Wrote 1 file in 4.16 seconds (v3.1.6)
[11ty] You saved while Eleventy was running, let’s run again. (1 change)
[11ty] Copied 20 Wrote 1 file in 4.18 seconds (v3.1.6)
[11ty] Watching…
[11ty] Writing /home/bradleyjerome/projects/ai/epam-cli/orchestrations/dashboards/live/build-info.json from ../../ai/epam-cli/orchestrations/dashboards/build-info.11ty.js
[11ty] Writing /home/bradleyjerome/projects/ai/epam-cli/orchestrations/dashboards/live/build-info.json from ../../ai/epam-cli/orchestrations/dashboards/build-info.11ty.js
[11ty] Copied 20 Wrote 1 file in 0.67 seconds (v3.1.6)
[11ty] Watching…
[11ty] Copied 20 Wrote 1 file in 0.77 seconds (v3.1.6)
[11ty] Watching…
[11ty] File changed: /home/bradleyjerome/projects/ai/epam-cli/orchestrations/logs/plans-core.jsonl
[11ty] File changed: /home/bradleyjerome/projects/ai/epam-cli/orchestrations/logs/plans-core.jsonl
[11ty] File changed: /home/bradleyjerome/projects/ai/epam-cli/orchestrations/logs/plans-core.jsonl
[11ty] Writing /home/bradleyjerome/projects/ai/epam-cli/orchestrations/dashboards/live/build-info.json from ../../ai/epam-cli/orchestrations/dashboards/build-info.11ty.js
[11ty] Writing /home/bradleyjerome/projects/ai/epam-cli/orchestrations/dashboards/live/build-info.json from ../../ai/epam-cli/orchestrations/dashboards/build-info.11ty.js
[11ty] Writing /home/bradleyjerome/projects/ai/epam-cli/orchestrations/dashboards/live/build-info.json from ../../ai/epam-cli/orchestrations/dashboards/build-info.11ty.js
[11ty] Copied 20 Wrote 1 file in 0.57 seconds (v3.1.6)
[11ty] Watching…
[11ty] Copied 20 Wrote 1 file in 0.59 seconds (v3.1.6)
[11ty] Watching…
[11ty] Copied 20 Wrote 1 file in 0.65 seconds (v3.1.6)
[11ty] Watching…
[11ty] File changed: /home/bradleyjerome/projects/ai/epam-cli/orchestrations/logs/plans-core.jsonl
[11ty] File changed: /home/bradleyjerome/projects/ai/epam-cli/orchestrations/logs/plans-core.jsonl
[11ty] File changed: /home/bradleyjerome/projects/ai/epam-cli/orchestrations/logs/plans-core.jsonl
[11ty] Writing /home/bradleyjerome/projects/ai/epam-cli/orchestrations/dashboards/live/build-info.json from ../../ai/epam-cli/orchestrations/dashboards/build-info.11ty.js
[11ty] Writing /home/bradleyjerome/projects/ai/epam-cli/orchestrations/dashboards/live/build-info.json from ../../ai/epam-cli/orchestrations/dashboards/build-info.11ty.js
[11ty] Writing /home/bradleyjerome/projects/ai/epam-cli/orchestrations/dashboards/live/build-info.json from ../../ai/epam-cli/orchestrations/dashboards/build-info.11ty.js
[11ty] Copied 20 Wrote 1 file in 0.89 seconds (v3.1.6)
[11ty] Watching…
[11ty] Copied 20 Wrote 1 file in 0.93 seconds (v3.1.6)
[11ty] Watching…
[11ty] Copied 20 Wrote 1 file in 0.94 seconds (v3.1.6)
[11ty] Watching…
[11ty] File changed: /home/bradleyjerome/projects/ai/epam-cli/orchestrations/logs/plans-core.jsonl
[11ty] File changed: /home/bradleyjerome/projects/ai/epam-cli/orchestrations/logs/plans-core.jsonl
[11ty] File changed: /home/bradleyjerome/projects/ai/epam-cli/orchestrations/logs/plans-core.jsonl
[11ty] Writing /home/bradleyjerome/projects/ai/epam-cli/orchestrations/dashboards/live/build-info.json from ../../ai/epam-cli/orchestrations/dashboards/build-info.11ty.js
[11ty] Writing /home/bradleyjerome/projects/ai/epam-cli/orchestrations/dashboards/live/build-info.json from ../../ai/epam-cli/orchestrations/dashboards/build-info.11ty.js
[11ty] Writing /home/bradleyjerome/projects/ai/epam-cli/orchestrations/dashboards/live/build-info.json from ../../ai/epam-cli/orchestrations/dashboards/build-info.11ty.js
[11ty] Copied 20 Wrote 1 file in 0.57 seconds (v3.1.6)
[11ty] Watching…
[11ty] Copied 20 Wrote 1 file in 0.74 seconds (v3.1.6)
[11ty] Watching…
[11ty] Copied 20 Wrote 1 file in 0.76 seconds (v3.1.6)
[11ty] Watching…
[11ty] File changed: /home/bradleyjerome/projects/ai/epam-cli/orchestrations/logs/plans-core.jsonl
[11ty] File changed: /home/bradleyjerome/projects/ai/epam-cli/orchestrations/logs/plans-core.jsonl
[11ty] File changed: /home/bradleyjerome/projects/ai/epam-cli/orchestrations/logs/plans-core.jsonl
[11ty] Writing /home/bradleyjerome/projects/ai/epam-cli/orchestrations/dashboards/live/build-info.json from ../../ai/epam-cli/orchestrations/dashboards/build-info.11ty.js
[11ty] Writing /home/bradleyjerome/projects/ai/epam-cli/orchestrations/dashboards/live/build-info.json from ../../ai/epam-cli/orchestrations/dashboards/build-info.11ty.js
[11ty] Writing /home/bradleyjerome/projects/ai/epam-cli/orchestrations/dashboards/live/build-info.json from ../../ai/epam-cli/orchestrations/dashboards/build-info.11ty.js
[11ty] Copied 20 Wrote 1 file in 0.62 seconds (v3.1.6)
[11ty] Watching…
[11ty] Copied 20 Wrote 1 file in 0.73 seconds (v3.1.6)
[11ty] Watching…
[11ty] Copied 20 Wrote 1 file in 0.74 seconds (v3.1.6)
[11ty] Watching…
[11ty] File changed: /home/bradleyjerome/projects/ai/epam-cli/orchestrations/logs/plans-core.jsonl
[11ty] File changed: /home/bradleyjerome/projects/ai/epam-cli/orchestrations/logs/plans-core.jsonl
[11ty] File changed: /home/bradleyjerome/projects/ai/epam-cli/orchestrations/logs/plans-core.jsonl
[11ty] Writing /home/bradleyjerome/projects/ai/epam-cli/orchestrations/dashboards/live/build-info.json from ../../ai/epam-cli/orchestrations/dashboards/build-info.11ty.js
[11ty] Writing /home/bradleyjerome/projects/ai/epam-cli/orchestrations/dashboards/live/build-info.json from ../../ai/epam-cli/orchestrations/dashboards/build-info.11ty.js
[11ty] Writing /home/bradleyjerome/projects/ai/epam-cli/orchestrations/dashboards/live/build-info.json from ../../ai/epam-cli/orchestrations/dashboards/build-info.11ty.js
[11ty] Copied 20 Wrote 1 file in 0.60 seconds (v3.1.6)
[11ty] Watching…
[11ty] Copied 20 Wrote 1 file in 0.62 seconds (v3.1.6)
[11ty] Watching…
[11ty] Copied 20 Wrote 1 file in 0.71 seconds (v3.1.6)
[11ty] Watching…
[11ty] File changed: /home/bradleyjerome/projects/ai/epam-cli/orchestrations/logs/plans-core.jsonl
[11ty] File changed: /home/bradleyjerome/projects/ai/epam-cli/orchestrations/logs/plans-core.jsonl
[11ty] File changed: /home/bradleyjerome/projects/ai/epam-cli/orchestrations/logs/plans-core.jsonl
[11ty] Writing /home/bradleyjerome/projects/ai/epam-cli/orchestrations/dashboards/live/build-info.json from ../../ai/epam-cli/orchestrations/dashboards/build-info.11ty.js
[11ty] Writing /home/bradleyjerome/projects/ai/epam-cli/orchestrations/dashboards/live/build-info.json from ../../ai/epam-cli/orchestrations/dashboards/build-info.11ty.js
[11ty] Writing /home/bradleyjerome/projects/ai/epam-cli/orchestrations/dashboards/live/build-info.json from ../../ai/epam-cli/orchestrations/dashboards/build-info.11ty.js
[11ty] Copied 20 Wrote 1 file in 0.57 seconds (v3.1.6)
[11ty] Watching…
[11ty] Copied 20 Wrote 1 file in 0.73 seconds (v3.1.6)
[11ty] Watching…
[11ty] Copied 20 Wrote 1 file in 0.88 seconds (v3.1.6)
[11ty] Watching…
[11ty] File changed: /home/bradleyjerome/projects/ai/epam-cli/orchestrations/logs/plans-core.jsonl
[11ty] File changed: /home/bradleyjerome/projects/ai/epam-cli/orchestrations/logs/plans-core.jsonl
[11ty] File changed: /home/bradleyjerome/projects/ai/epam-cli/orchestrations/logs/plans-core.jsonl
[11ty] Writing /home/bradleyjerome/projects/ai/epam-cli/orchestrations/dashboards/live/build-info.json from ../../ai/epam-cli/orchestrations/dashboards/build-info.11ty.js
[11ty] Writing /home/bradleyjerome/projects/ai/epam-cli/orchestrations/dashboards/live/build-info.json from ../../ai/epam-cli/orchestrations/dashboards/build-info.11ty.js
[11ty] Writing /home/bradleyjerome/projects/ai/epam-cli/orchestrations/dashboards/live/build-info.json from ../../ai/epam-cli/orchestrations/dashboards/build-info.11ty.js
[11ty] Copied 20 Wrote 1 file in 0.60 seconds (v3.1.6)
[11ty] Watching…
[11ty] Copied 20 Wrote 1 file in 0.62 seconds (v3.1.6)
[11ty] Watching…
[11ty] Copied 20 Wrote 1 file in 0.70 seconds (v3.1.6)
[11ty] Watching…
[11ty] File changed: /home/bradleyjerome/projects/ai/epam-cli/orchestrations/logs/plans-core.jsonl
[11ty] File changed: /home/bradleyjerome/projects/ai/epam-cli/orchestrations/logs/plans-core.jsonl
[11ty] File changed: /home/bradleyjerome/projects/ai/epam-cli/orchestrations/logs/plans-core.jsonl
[11ty] Writing /home/bradleyjerome/projects/ai/epam-cli/orchestrations/dashboards/live/build-info.json from ../../ai/epam-cli/orchestrations/dashboards/build-info.11ty.js
[11ty] Writing /home/bradleyjerome/projects/ai/epam-cli/orchestrations/dashboards/live/build-info.json from ../../ai/epam-cli/orchestrations/dashboards/build-info.11ty.js
[11ty] Writing /home/bradleyjerome/projects/ai/epam-cli/orchestrations/dashboards/live/build-info.json from ../../ai/epam-cli/orchestrations/dashboards/build-info.11ty.js
[11ty] Copied 20 Wrote 1 file in 0.55 seconds (v3.1.6)
[11ty] Watching…
[11ty] Copied 20 Wrote 1 file in 0.52 seconds (v3.1.6)
[11ty] Watching…
[11ty] Copied 20 Wrote 1 file in 0.65 seconds (v3.1.6)
[11ty] Watching…
[11ty] File changed: /home/bradleyjerome/projects/ai/epam-cli/orchestrations/logs/plans-core.jsonl
[11ty] File changed: /home/bradleyjerome/projects/ai/epam-cli/orchestrations/logs/plans-core.jsonl
[11ty] File changed: /home/bradleyjerome/projects/ai/epam-cli/orchestrations/logs/plans-core.jsonl
[11ty] Writing /home/bradleyjerome/projects/ai/epam-cli/orchestrations/dashboards/live/build-info.json from ../../ai/epam-cli/orchestrations/dashboards/build-info.11ty.js
[11ty] Writing /home/bradleyjerome/projects/ai/epam-cli/orchestrations/dashboards/live/build-info.json from ../../ai/epam-cli/orchestrations/dashboards/build-info.11ty.js
[11ty] Writing /home/bradleyjerome/projects/ai/epam-cli/orchestrations/dashboards/live/build-info.json from ../../ai/epam-cli/orchestrations/dashboards/build-info.11ty.js
[11ty] Copied 20 Wrote 1 file in 0.70 seconds (v3.1.6)
[11ty] Watching…
[11ty] Copied 20 Wrote 1 file in 0.73 seconds (v3.1.6)
[11ty] Watching…
[11ty] Copied 20 Wrote 1 file in 0.83 seconds (v3.1.6)
[11ty] Watching…
[11ty] File changed: /home/bradleyjerome/projects/ai/epam-cli/orchestrations/logs/plans-core.jsonl
[11ty] File changed: /home/bradleyjerome/projects/ai/epam-cli/orchestrations/logs/plans-core.jsonl
[11ty] File changed: /home/bradleyjerome/projects/ai/epam-cli/orchestrations/logs/plans-core.jsonl
[11ty] Writing /home/bradleyjerome/projects/ai/epam-cli/orchestrations/dashboards/live/build-info.json from ../../ai/epam-cli/orchestrations/dashboards/build-info.11ty.js
[11ty] Writing /home/bradleyjerome/projects/ai/epam-cli/orchestrations/dashboards/live/build-info.json from ../../ai/epam-cli/orchestrations/dashboards/build-info.11ty.js
[11ty] Writing /home/bradleyjerome/projects/ai/epam-cli/orchestrations/dashboards/live/build-info.json from ../../ai/epam-cli/orchestrations/dashboards/build-info.11ty.js
[11ty] Copied 20 Wrote 1 file in 0.72 seconds (v3.1.6)
[11ty] Watching…
[11ty] Copied 20 Wrote 1 file in 0.70 seconds (v3.1.6)
[11ty] Watching…
[11ty] Copied 20 Wrote 1 file in 0.77 seconds (v3.1.6)
[11ty] Watching…
[11ty] File changed: /home/bradleyjerome/projects/ai/epam-cli/orchestrations/logs/agent-activity.jsonl
[11ty] File changed: /home/bradleyjerome/projects/ai/epam-cli/orchestrations/logs/guarded-step-retries.jsonl
[11ty] File changed: /home/bradleyjerome/projects/ai/epam-cli/orchestrations/logs/guarded-step-retries-history.jsonl
[11ty] File changed: /home/bradleyjerome/projects/ai/epam-cli/orchestrations/logs/spec-phase.jsonl
[11ty] File changed: /home/bradleyjerome/projects/ai/epam-cli/orchestrations/logs/agent-status.json
[11ty] File changed: /home/bradleyjerome/projects/ai/epam-cli/orchestrations/logs/agent-activity.jsonl
[11ty] File changed: /home/bradleyjerome/projects/ai/epam-cli/orchestrations/logs/guarded-step-retries.jsonl
[11ty] File changed: /home/bradleyjerome/projects/ai/epam-cli/orchestrations/logs/guarded-step-retries-history.jsonl
[11ty] File changed: /home/bradleyjerome/projects/ai/epam-cli/orchestrations/logs/spec-phase.jsonl
[11ty] Writing /home/bradleyjerome/projects/ai/epam-cli/orchestrations/dashboards/live/build-info.json from ../../ai/epam-cli/orchestrations/dashboards/build-info.11ty.js
[11ty] Writing /home/bradleyjerome/projects/ai/epam-cli/orchestrations/dashboards/live/build-info.json from ../../ai/epam-cli/orchestrations/dashboards/build-info.11ty.js
[11ty] File changed: /home/bradleyjerome/projects/ai/epam-cli/orchestrations/logs/agent-status.json
[11ty] File changed: /home/bradleyjerome/projects/ai/epam-cli/orchestrations/logs/guarded-step-retries.jsonl
[11ty] File changed: /home/bradleyjerome/projects/ai/epam-cli/orchestrations/logs/guarded-step-retries-history.jsonl
[11ty] File changed: /home/bradleyjerome/projects/ai/epam-cli/orchestrations/logs/spec-phase.jsonl
[11ty] File changed: /home/bradleyjerome/projects/ai/epam-cli/orchestrations/logs/agent-status.json
[11ty] File changed: /home/bradleyjerome/projects/ai/epam-cli/orchestrations/logs/agent-activity.jsonl
[11ty] File changed: /home/bradleyjerome/projects/ai/epam-cli/orchestrations/dashboards/logs/agent-status.json
[11ty] Writing /home/bradleyjerome/projects/ai/epam-cli/orchestrations/dashboards/live/build-info.json from ../../ai/epam-cli/orchestrations/dashboards/build-info.11ty.js
[11ty] File changed: /home/bradleyjerome/projects/ai/epam-cli/orchestrations/logs/agent-status.json
[11ty] File changed: /home/bradleyjerome/projects/ai/epam-cli/orchestrations/logs/agent-activity.jsonl
[11ty] File changed: /home/bradleyjerome/projects/ai/epam-cli/orchestrations/logs/agent-status.json
[11ty] File changed: /home/bradleyjerome/projects/ai/epam-cli/orchestrations/logs/agent-activity.jsonl
[11ty] File changed: /home/bradleyjerome/projects/ai/epam-cli/orchestrations/logs/agent-status.json
[11ty] File changed: /home/bradleyjerome/projects/ai/epam-cli/orchestrations/logs/agent-status.json
[11ty] File changed: /home/bradleyjerome/projects/ai/epam-cli/orchestrations/logs/agent-status.json
[11ty] File changed: /home/bradleyjerome/projects/ai/epam-cli/orchestrations/dashboards/logs/agent-status.json
[11ty] File changed: /home/bradleyjerome/projects/ai/epam-cli/orchestrations/logs/agent-activity.jsonl
[11ty] Copied 20 Wrote 1 file in 10.80 seconds (v3.1.6)
[11ty] You saved while Eleventy was running, let’s run again. (4 changes)
[11ty] File changed: /home/bradleyjerome/projects/ai/epam-cli/orchestrations/logs/agent-activity.jsonl
[11ty] File changed: /home/bradleyjerome/projects/ai/epam-cli/orchestrations/logs/agent-activity.jsonl
[11ty] Copied 20 Wrote 1 file in 10.89 seconds (v3.1.6)
[11ty] You saved while Eleventy was running, let’s run again. (5 changes)
[11ty] Copied 20 Wrote 1 file in 9.90 seconds (v3.1.6)
[11ty] You saved while Eleventy was running, let’s run again. (3 changes)
[11ty] Writing /home/bradleyjerome/projects/ai/epam-cli/orchestrations/dashboards/live/build-info.json from ../../ai/epam-cli/orchestrations/dashboards/build-info.11ty.js
[11ty] Writing /home/bradleyjerome/projects/ai/epam-cli/orchestrations/dashboards/live/build-info.json from ../../ai/epam-cli/orchestrations/dashboards/build-info.11ty.js
[11ty] Writing /home/bradleyjerome/projects/ai/epam-cli/orchestrations/dashboards/live/build-info.json from ../../ai/epam-cli/orchestrations/dashboards/build-info.11ty.js
[11ty] File changed: /home/bradleyjerome/projects/ai/epam-cli/orchestrations/logs/plans-core.jsonl
[11ty] File changed: /home/bradleyjerome/projects/ai/epam-cli/orchestrations/logs/plans-core.jsonl
[11ty] Copied 20 Wrote 1 file in 5.15 seconds (v3.1.6)
[11ty] Watching…
[11ty] File changed: /home/bradleyjerome/projects/ai/epam-cli/orchestrations/logs/plans-core.jsonl
[11ty] Copied 20 Wrote 1 file in 5.49 seconds (v3.1.6)
[11ty] You saved while Eleventy was running, let’s run again. (1 change)
[11ty] Copied 20 Wrote 1 file in 5.40 seconds (v3.1.6)
[11ty] You saved while Eleventy was running, let’s run again. (1 change)
[11ty] Writing /home/bradleyjerome/projects/ai/epam-cli/orchestrations/dashboards/live/build-info.json from ../../ai/epam-cli/orchestrations/dashboards/build-info.11ty.js
[11ty] Writing /home/bradleyjerome/projects/ai/epam-cli/orchestrations/dashboards/live/build-info.json from ../../ai/epam-cli/orchestrations/dashboards/build-info.11ty.js
[11ty] Copied 20 Wrote 1 file in 0.73 seconds (v3.1.6)
[11ty] Watching…
[11ty] Writing /home/bradleyjerome/projects/ai/epam-cli/orchestrations/dashboards/live/build-info.json from ../../ai/epam-cli/orchestrations/dashboards/build-info.11ty.js
[11ty] Copied 20 Wrote 1 file in 0.77 seconds (v3.1.6)
[11ty] Watching…
[11ty] Copied 20 Wrote 1 file in 0.93 seconds (v3.1.6)
[11ty] Watching…
[11ty] File changed: /home/bradleyjerome/projects/ai/epam-cli/orchestrations/logs/agent-status.json
[11ty] File changed: /home/bradleyjerome/projects/ai/epam-cli/orchestrations/dashboards/logs/agent-status.json
[11ty] File changed: /home/bradleyjerome/projects/ai/epam-cli/orchestrations/logs/agent-status.json
[11ty] File changed: /home/bradleyjerome/projects/ai/epam-cli/orchestrations/logs/agent-status.json
[11ty] Writing /home/bradleyjerome/projects/ai/epam-cli/orchestrations/dashboards/live/build-info.json from ../../ai/epam-cli/orchestrations/dashboards/build-info.11ty.js
[11ty] Writing /home/bradleyjerome/projects/ai/epam-cli/orchestrations/dashboards/live/build-info.json from ../../ai/epam-cli/orchestrations/dashboards/build-info.11ty.js
[11ty] File changed: /home/bradleyjerome/projects/ai/epam-cli/orchestrations/logs/agent-activity.jsonl
[11ty] Writing /home/bradleyjerome/projects/ai/epam-cli/orchestrations/dashboards/live/build-info.json from ../../ai/epam-cli/orchestrations/dashboards/build-info.11ty.js
[11ty] File changed: /home/bradleyjerome/projects/ai/epam-cli/orchestrations/logs/agent-activity.jsonl
[11ty] File changed: /home/bradleyjerome/projects/ai/epam-cli/orchestrations/logs/agent-status.json
[11ty] File changed: /home/bradleyjerome/projects/ai/epam-cli/orchestrations/logs/spec-phase.jsonl
[11ty] File changed: /home/bradleyjerome/projects/ai/epam-cli/orchestrations/logs/agent-activity.jsonl
[11ty] File changed: /home/bradleyjerome/projects/ai/epam-cli/orchestrations/logs/spec-phase.jsonl
[11ty] File changed: /home/bradleyjerome/projects/ai/epam-cli/orchestrations/logs/agent-status.json
[11ty] File changed: /home/bradleyjerome/projects/ai/epam-cli/orchestrations/dashboards/logs/agent-status.json
[11ty] File changed: /home/bradleyjerome/projects/ai/epam-cli/orchestrations/logs/agent-activity.jsonl
[11ty] File changed: /home/bradleyjerome/projects/ai/epam-cli/orchestrations/logs/spec-phase.jsonl
[11ty] File changed: /home/bradleyjerome/projects/ai/epam-cli/orchestrations/logs/agent-status.json
[11ty] File changed: /home/bradleyjerome/projects/ai/epam-cli/orchestrations/logs/agent-activity.jsonl
[11ty] File changed: /home/bradleyjerome/projects/ai/epam-cli/orchestrations/logs/plans-core.jsonl
[11ty] File changed: /home/bradleyjerome/projects/ai/epam-cli/orchestrations/logs/plans-core.jsonl
[11ty] File changed: /home/bradleyjerome/projects/ai/epam-cli/orchestrations/logs/plans-core.jsonl
[11ty] Copied 20 Wrote 1 file in 12.18 seconds (v3.1.6)
[11ty] You saved while Eleventy was running, let’s run again. (5 changes)
[11ty] Copied 20 Wrote 1 file in 12.62 seconds (v3.1.6)
[11ty] You saved while Eleventy was running, let’s run again. (5 changes)
[11ty] Copied 20 Wrote 1 file in 12.06 seconds (v3.1.6)
[11ty] You saved while Eleventy was running, let’s run again. (5 changes)
[11ty] Writing /home/bradleyjerome/projects/ai/epam-cli/orchestrations/dashboards/live/build-info.json from ../../ai/epam-cli/orchestrations/dashboards/build-info.11ty.js
[11ty] Writing /home/bradleyjerome/projects/ai/epam-cli/orchestrations/dashboards/live/build-info.json from ../../ai/epam-cli/orchestrations/dashboards/build-info.11ty.js
[11ty] Writing /home/bradleyjerome/projects/ai/epam-cli/orchestrations/dashboards/live/build-info.json from ../../ai/epam-cli/orchestrations/dashboards/build-info.11ty.js
[11ty] Copied 20 Wrote 1 file in 0.90 seconds (v3.1.6)
[11ty] Watching…
[11ty] Copied 20 Wrote 1 file in 1.07 seconds (v3.1.6)
[11ty] Watching…
[11ty] Copied 20 Wrote 1 file in 1.15 seconds (v3.1.6)
[11ty] Watching…
[11ty] File changed: /home/bradleyjerome/projects/ai/epam-cli/orchestrations/logs/plans-core.jsonl
[11ty] File changed: /home/bradleyjerome/projects/ai/epam-cli/orchestrations/logs/plans-core.jsonl
[11ty] File changed: /home/bradleyjerome/projects/ai/epam-cli/orchestrations/logs/plans-core.jsonl
[11ty] Writing /home/bradleyjerome/projects/ai/epam-cli/orchestrations/dashboards/live/build-info.json from ../../ai/epam-cli/orchestrations/dashboards/build-info.11ty.js
[11ty] Writing /home/bradleyjerome/projects/ai/epam-cli/orchestrations/dashboards/live/build-info.json from ../../ai/epam-cli/orchestrations/dashboards/build-info.11ty.js
[11ty] Writing /home/bradleyjerome/projects/ai/epam-cli/orchestrations/dashboards/live/build-info.json from ../../ai/epam-cli/orchestrations/dashboards/build-info.11ty.js
[11ty] Copied 20 Wrote 1 file in 0.65 seconds (v3.1.6)
[11ty] Watching…
[11ty] Copied 20 Wrote 1 file in 0.64 seconds (v3.1.6)
[11ty] Watching…
[11ty] Copied 20 Wrote 1 file in 0.72 seconds (v3.1.6)
[11ty] Watching…
[11ty] File changed: /home/bradleyjerome/projects/ai/epam-cli/orchestrations/logs/plans-core.jsonl
[11ty] File changed: /home/bradleyjerome/projects/ai/epam-cli/orchestrations/logs/plans-core.jsonl
[11ty] File changed: /home/bradleyjerome/projects/ai/epam-cli/orchestrations/logs/plans-core.jsonl
[11ty] Writing /home/bradleyjerome/projects/ai/epam-cli/orchestrations/dashboards/live/build-info.json from ../../ai/epam-cli/orchestrations/dashboards/build-info.11ty.js
[11ty] Writing /home/bradleyjerome/projects/ai/epam-cli/orchestrations/dashboards/live/build-info.json from ../../ai/epam-cli/orchestrations/dashboards/build-info.11ty.js
[11ty] Writing /home/bradleyjerome/projects/ai/epam-cli/orchestrations/dashboards/live/build-info.json from ../../ai/epam-cli/orchestrations/dashboards/build-info.11ty.js
[11ty] Copied 20 Wrote 1 file in 0.62 seconds (v3.1.6)
[11ty] Watching…
[11ty] Copied 20 Wrote 1 file in 0.73 seconds (v3.1.6)
[11ty] Watching…
[11ty] Copied 20 Wrote 1 file in 0.74 seconds (v3.1.6)
[11ty] Watching…
[11ty] File changed: /home/bradleyjerome/projects/ai/epam-cli/orchestrations/logs/plans-core.jsonl
[11ty] File changed: /home/bradleyjerome/projects/ai/epam-cli/orchestrations/logs/plans-core.jsonl
[11ty] File changed: /home/bradleyjerome/projects/ai/epam-cli/orchestrations/logs/plans-core.jsonl
[11ty] Writing /home/bradleyjerome/projects/ai/epam-cli/orchestrations/dashboards/live/build-info.json from ../../ai/epam-cli/orchestrations/dashboards/build-info.11ty.js
[11ty] Writing /home/bradleyjerome/projects/ai/epam-cli/orchestrations/dashboards/live/build-info.json from ../../ai/epam-cli/orchestrations/dashboards/build-info.11ty.js
[11ty] Writing /home/bradleyjerome/projects/ai/epam-cli/orchestrations/dashboards/live/build-info.json from ../../ai/epam-cli/orchestrations/dashboards/build-info.11ty.js
[11ty] Copied 20 Wrote 1 file in 0.67 seconds (v3.1.6)
[11ty] Watching…
[11ty] Copied 20 Wrote 1 file in 0.67 seconds (v3.1.6)
[11ty] Watching…
[11ty] Copied 20 Wrote 1 file in 0.88 seconds (v3.1.6)
[11ty] Watching…
[11ty] File changed: /home/bradleyjerome/projects/ai/epam-cli/orchestrations/logs/spec-summary.json
[11ty] File changed: /home/bradleyjerome/projects/ai/epam-cli/orchestrations/logs/spec-summary.json
[11ty] File changed: /home/bradleyjerome/projects/ai/epam-cli/orchestrations/dashboards/logs/spec-summary.json
[11ty] File changed: /home/bradleyjerome/projects/ai/epam-cli/orchestrations/dashboards/logs/agent-status.json
[11ty] File changed: /home/bradleyjerome/projects/ai/epam-cli/orchestrations/logs/spec-summary.json
[11ty] File changed: /home/bradleyjerome/projects/ai/epam-cli/orchestrations/logs/agent-status.json
[11ty] Writing /home/bradleyjerome/projects/ai/epam-cli/orchestrations/dashboards/live/build-info.json from ../../ai/epam-cli/orchestrations/dashboards/build-info.11ty.js
[11ty] File changed: /home/bradleyjerome/projects/ai/epam-cli/orchestrations/logs/agent-status.json
[11ty] Writing /home/bradleyjerome/projects/ai/epam-cli/orchestrations/dashboards/live/build-info.json from ../../ai/epam-cli/orchestrations/dashboards/build-info.11ty.js
[11ty] File added: /home/bradleyjerome/projects/ai/epam-cli/orchestrations/logs/spec-runs/20260729T012000Z/summary.json
[11ty] File changed: /home/bradleyjerome/projects/ai/epam-cli/orchestrations/logs/agent-status.json
[11ty] Writing /home/bradleyjerome/projects/ai/epam-cli/orchestrations/dashboards/live/build-info.json from ../../ai/epam-cli/orchestrations/dashboards/build-info.11ty.js
[11ty] File changed: /home/bradleyjerome/projects/ai/epam-cli/orchestrations/logs/agent-activity.jsonl
[11ty] File changed: /home/bradleyjerome/projects/ai/epam-cli/orchestrations/logs/phase-cost.jsonl
[11ty] File changed: /home/bradleyjerome/projects/ai/epam-cli/orchestrations/logs/agent-activity.jsonl
[11ty] File added: /home/bradleyjerome/projects/ai/epam-cli/orchestrations/logs/spec-runs/20260729T012000Z/summary.json
[11ty] File changed: /home/bradleyjerome/projects/ai/epam-cli/orchestrations/logs/agent-status.json
[11ty] File changed: /home/bradleyjerome/projects/ai/epam-cli/orchestrations/logs/step-status.json
[11ty] File changed: /home/bradleyjerome/projects/ai/epam-cli/orchestrations/logs/agent-activity.jsonl
[11ty] File changed: /home/bradleyjerome/projects/ai/epam-cli/orchestrations/logs/phase-cost.jsonl
[11ty] File changed: /home/bradleyjerome/projects/ai/epam-cli/orchestrations/logs/step-status.json
[11ty] File added: /home/bradleyjerome/projects/ai/epam-cli/orchestrations/logs/spec-runs/20260729T012000Z/summary.json
[11ty] File added: /home/bradleyjerome/projects/ai/epam-cli/orchestrations/dashboards/logs/spec-runs/20260729T012000Z/summary.json
[11ty] File changed: /home/bradleyjerome/projects/ai/epam-cli/orchestrations/logs/phase-cost.jsonl
[11ty] File changed: /home/bradleyjerome/projects/ai/epam-cli/orchestrations/logs/step-status.json
[11ty] File changed: /home/bradleyjerome/projects/ai/epam-cli/orchestrations/dashboards/logs/step-status.json
[11ty] File changed: /home/bradleyjerome/projects/ai/epam-cli/orchestrations/logs/agent-status.json
[11ty] File changed: /home/bradleyjerome/projects/ai/epam-cli/orchestrations/dashboards/logs/agent-status.json
[11ty] File changed: /home/bradleyjerome/projects/ai/epam-cli/orchestrations/logs/agent-status.json
[11ty] File changed: /home/bradleyjerome/projects/ai/epam-cli/orchestrations/logs/agent-status.json
[11ty] File changed: /home/bradleyjerome/projects/ai/epam-cli/orchestrations/logs/agent-activity.jsonl
[11ty] File changed: /home/bradleyjerome/projects/ai/epam-cli/orchestrations/logs/agent-status.json
[11ty] File changed: /home/bradleyjerome/projects/ai/epam-cli/orchestrations/logs/agent-status.json
[11ty] File changed: /home/bradleyjerome/projects/ai/epam-cli/orchestrations/dashboards/logs/agent-status.json
[11ty] File changed: /home/bradleyjerome/projects/ai/epam-cli/orchestrations/logs/agent-status.json
[11ty] Copied 20 Wrote 1 file in 23.97 seconds (v3.1.6)
[11ty] You saved while Eleventy was running, let’s run again. (11 changes)
[11ty] File changed: /home/bradleyjerome/projects/ai/epam-cli/orchestrations/logs/agent-activity.jsonl
[11ty] Copied 20 Wrote 1 file in 23.17 seconds (v3.1.6)
[11ty] You saved while Eleventy was running, let’s run again. (9 changes)
[11ty] Writing /home/bradleyjerome/projects/ai/epam-cli/orchestrations/dashboards/live/build-info.json from ../../ai/epam-cli/orchestrations/dashboards/build-info.11ty.js
[11ty] File changed: /home/bradleyjerome/projects/ai/epam-cli/orchestrations/logs/agent-activity.jsonl
[11ty] Writing /home/bradleyjerome/projects/ai/epam-cli/orchestrations/dashboards/live/build-info.json from ../../ai/epam-cli/orchestrations/dashboards/build-info.11ty.js
[11ty] File changed: /home/bradleyjerome/projects/ai/epam-cli/orchestrations/logs/agent-activity.jsonl
[11ty] Copied 20 Wrote 1 file in 24.37 seconds (v3.1.6)
[11ty] You saved while Eleventy was running, let’s run again. (8 changes)
[11ty] File changed: /home/bradleyjerome/projects/ai/epam-cli/orchestrations/logs/plans-core.jsonl
[11ty] File changed: /home/bradleyjerome/projects/ai/epam-cli/orchestrations/logs/plans-core.jsonl
[11ty] Writing /home/bradleyjerome/projects/ai/epam-cli/orchestrations/dashboards/live/build-info.json from ../../ai/epam-cli/orchestrations/dashboards/build-info.11ty.js
[11ty] File changed: /home/bradleyjerome/projects/ai/epam-cli/orchestrations/logs/plans-core.jsonl
[11ty] Copied 20 Wrote 1 file in 6.95 seconds (v3.1.6)
[11ty] You saved while Eleventy was running, let’s run again. (2 changes)
[11ty] Copied 20 Wrote 1 file in 6.86 seconds (v3.1.6)
[11ty] You saved while Eleventy was running, let’s run again. (1 change)
[11ty] Copied 20 Wrote 1 file in 6.67 seconds (v3.1.6)
[11ty] You saved while Eleventy was running, let’s run again. (1 change)
[11ty] Writing /home/bradleyjerome/projects/ai/epam-cli/orchestrations/dashboards/live/build-info.json from ../../ai/epam-cli/orchestrations/dashboards/build-info.11ty.js
[11ty] Writing /home/bradleyjerome/projects/ai/epam-cli/orchestrations/dashboards/live/build-info.json from ../../ai/epam-cli/orchestrations/dashboards/build-info.11ty.js
[11ty] Writing /home/bradleyjerome/projects/ai/epam-cli/orchestrations/dashboards/live/build-info.json from ../../ai/epam-cli/orchestrations/dashboards/build-info.11ty.js
[11ty] Copied 20 Wrote 1 file in 0.76 seconds (v3.1.6)
[11ty] Watching…
[11ty] Copied 20 Wrote 1 file in 0.70 seconds (v3.1.6)
[11ty] Watching…
[11ty] Copied 20 Wrote 1 file in 1.07 seconds (v3.1.6)
[11ty] Watching…
[11ty] File changed: /home/bradleyjerome/projects/ai/epam-cli/orchestrations/logs/plans-core.jsonl
[11ty] File changed: /home/bradleyjerome/projects/ai/epam-cli/orchestrations/logs/plans-core.jsonl
[11ty] File changed: /home/bradleyjerome/projects/ai/epam-cli/orchestrations/logs/plans-core.jsonl
[11ty] Writing /home/bradleyjerome/projects/ai/epam-cli/orchestrations/dashboards/live/build-info.json from ../../ai/epam-cli/orchestrations/dashboards/build-info.11ty.js
[11ty] Writing /home/bradleyjerome/projects/ai/epam-cli/orchestrations/dashboards/live/build-info.json from ../../ai/epam-cli/orchestrations/dashboards/build-info.11ty.js
[11ty] Writing /home/bradleyjerome/projects/ai/epam-cli/orchestrations/dashboards/live/build-info.json from ../../ai/epam-cli/orchestrations/dashboards/build-info.11ty.js
[11ty] Copied 20 Wrote 1 file in 0.68 seconds (v3.1.6)
[11ty] Watching…
[11ty] Copied 20 Wrote 1 file in 0.67 seconds (v3.1.6)
[11ty] Watching…
[11ty] Copied 20 Wrote 1 file in 0.79 seconds (v3.1.6)
[11ty] Watching…
[11ty] File changed: /home/bradleyjerome/projects/ai/epam-cli/orchestrations/logs/plans-core.jsonl
[11ty] File changed: /home/bradleyjerome/projects/ai/epam-cli/orchestrations/logs/plans-core.jsonl
[11ty] File changed: /home/bradleyjerome/projects/ai/epam-cli/orchestrations/logs/plans-core.jsonl
[11ty] Writing /home/bradleyjerome/projects/ai/epam-cli/orchestrations/dashboards/live/build-info.json from ../../ai/epam-cli/orchestrations/dashboards/build-info.11ty.js
[11ty] Writing /home/bradleyjerome/projects/ai/epam-cli/orchestrations/dashboards/live/build-info.json from ../../ai/epam-cli/orchestrations/dashboards/build-info.11ty.js
[11ty] Writing /home/bradleyjerome/projects/ai/epam-cli/orchestrations/dashboards/live/build-info.json from ../../ai/epam-cli/orchestrations/dashboards/build-info.11ty.js
[11ty] Copied 20 Wrote 1 file in 0.59 seconds (v3.1.6)
[11ty] Watching…
[11ty] Copied 20 Wrote 1 file in 0.63 seconds (v3.1.6)
[11ty] Watching…
[11ty] Copied 20 Wrote 1 file in 0.76 seconds (v3.1.6)
[11ty] Watching…
[11ty] File changed: /home/bradleyjerome/projects/ai/epam-cli/orchestrations/logs/plans-core.jsonl
[11ty] File changed: /home/bradleyjerome/projects/ai/epam-cli/orchestrations/logs/plans-core.jsonl
[11ty] File changed: /home/bradleyjerome/projects/ai/epam-cli/orchestrations/logs/plans-core.jsonl
[11ty] Writing /home/bradleyjerome/projects/ai/epam-cli/orchestrations/dashboards/live/build-info.json from ../../ai/epam-cli/orchestrations/dashboards/build-info.11ty.js
[11ty] Writing /home/bradleyjerome/projects/ai/epam-cli/orchestrations/dashboards/live/build-info.json from ../../ai/epam-cli/orchestrations/dashboards/build-info.11ty.js
[11ty] Writing /home/bradleyjerome/projects/ai/epam-cli/orchestrations/dashboards/live/build-info.json from ../../ai/epam-cli/orchestrations/dashboards/build-info.11ty.js
[11ty] Copied 20 Wrote 1 file in 0.65 seconds (v3.1.6)
[11ty] Watching…
[11ty] Copied 20 Wrote 1 file in 0.80 seconds (v3.1.6)
[11ty] Watching…
[11ty] Copied 20 Wrote 1 file in 0.90 seconds (v3.1.6)
[11ty] Watching…
[11ty] File changed: /home/bradleyjerome/projects/ai/epam-cli/orchestrations/logs/cpa-review.jsonl
[11ty] File changed: /home/bradleyjerome/projects/ai/epam-cli/orchestrations/logs/cpa-review.jsonl
[11ty] File changed: /home/bradleyjerome/projects/ai/epam-cli/orchestrations/logs/cpa-review.jsonl
[11ty] Writing /home/bradleyjerome/projects/ai/epam-cli/orchestrations/dashboards/live/build-info.json from ../../ai/epam-cli/orchestrations/dashboards/build-info.11ty.js
[11ty] Writing /home/bradleyjerome/projects/ai/epam-cli/orchestrations/dashboards/live/build-info.json from ../../ai/epam-cli/orchestrations/dashboards/build-info.11ty.js
[11ty] Writing /home/bradleyjerome/projects/ai/epam-cli/orchestrations/dashboards/live/build-info.json from ../../ai/epam-cli/orchestrations/dashboards/build-info.11ty.js
[11ty] Copied 20 Wrote 1 file in 2.84 seconds (v3.1.6)
[11ty] Watching…
[11ty] Copied 20 Wrote 1 file in 2.99 seconds (v3.1.6)
[11ty] Watching…
[11ty] Copied 20 Wrote 1 file in 3.23 seconds (v3.1.6)
[11ty] Watching…
[11ty] File changed: /home/bradleyjerome/projects/ai/epam-cli/orchestrations/logs/plans-core.jsonl
[11ty] File changed: /home/bradleyjerome/projects/ai/epam-cli/orchestrations/logs/plans-core.jsonl
[11ty] File changed: /home/bradleyjerome/projects/ai/epam-cli/orchestrations/logs/plans-core.jsonl
[11ty] Writing /home/bradleyjerome/projects/ai/epam-cli/orchestrations/dashboards/live/build-info.json from ../../ai/epam-cli/orchestrations/dashboards/build-info.11ty.js
[11ty] Writing /home/bradleyjerome/projects/ai/epam-cli/orchestrations/dashboards/live/build-info.json from ../../ai/epam-cli/orchestrations/dashboards/build-info.11ty.js
[11ty] Writing /home/bradleyjerome/projects/ai/epam-cli/orchestrations/dashboards/live/build-info.json from ../../ai/epam-cli/orchestrations/dashboards/build-info.11ty.js
[11ty] Copied 20 Wrote 1 file in 0.60 seconds (v3.1.6)
[11ty] Watching…
[11ty] Copied 20 Wrote 1 file in 0.65 seconds (v3.1.6)
[11ty] Watching…
[11ty] Copied 20 Wrote 1 file in 0.75 seconds (v3.1.6)
[11ty] Watching…
[11ty] File changed: /home/bradleyjerome/projects/ai/epam-cli/orchestrations/logs/calibration.json
[11ty] File changed: /home/bradleyjerome/projects/ai/epam-cli/orchestrations/dashboards/logs/calibration.json
[11ty] Writing /home/bradleyjerome/projects/ai/epam-cli/orchestrations/dashboards/live/build-info.json from ../../ai/epam-cli/orchestrations/dashboards/build-info.11ty.js
[11ty] File changed: /home/bradleyjerome/projects/ai/epam-cli/orchestrations/logs/calibration.json
[11ty] File changed: /home/bradleyjerome/projects/ai/epam-cli/orchestrations/logs/calibration.json
[11ty] File changed: /home/bradleyjerome/projects/ai/epam-cli/orchestrations/logs/step-status.json
[11ty] File changed: /home/bradleyjerome/projects/ai/epam-cli/orchestrations/logs/agent-status.json
[11ty] Writing /home/bradleyjerome/projects/ai/epam-cli/orchestrations/dashboards/live/build-info.json from ../../ai/epam-cli/orchestrations/dashboards/build-info.11ty.js
[11ty] Writing /home/bradleyjerome/projects/ai/epam-cli/orchestrations/dashboards/live/build-info.json from ../../ai/epam-cli/orchestrations/dashboards/build-info.11ty.js
[11ty] File changed: /home/bradleyjerome/projects/ai/epam-cli/orchestrations/logs/step-status.json
[11ty] File changed: /home/bradleyjerome/projects/ai/epam-cli/orchestrations/logs/agent-status.json
[11ty] File changed: /home/bradleyjerome/projects/ai/epam-cli/orchestrations/logs/agent-activity.jsonl
[11ty] File changed: /home/bradleyjerome/projects/ai/epam-cli/orchestrations/logs/agent-activity.jsonl
[11ty] File changed: /home/bradleyjerome/projects/ai/epam-cli/orchestrations/logs/step-status.json
[11ty] File changed: /home/bradleyjerome/projects/ai/epam-cli/orchestrations/dashboards/logs/step-status.json
[11ty] File changed: /home/bradleyjerome/projects/ai/epam-cli/orchestrations/logs/agent-status.json
[11ty] File changed: /home/bradleyjerome/projects/ai/epam-cli/orchestrations/dashboards/logs/agent-status.json
[11ty] File changed: /home/bradleyjerome/projects/ai/epam-cli/orchestrations/logs/agent-activity.jsonl
[11ty] File changed: /home/bradleyjerome/projects/ai/epam-cli/orchestrations/logs/phase-cost.jsonl
[11ty] File changed: /home/bradleyjerome/projects/ai/epam-cli/orchestrations/logs/profiles-audit.jsonl
[11ty] File changed: /home/bradleyjerome/projects/ai/epam-cli/orchestrations/logs/phase-cost.jsonl
[11ty] File changed: /home/bradleyjerome/projects/ai/epam-cli/orchestrations/logs/agent-status.json
[11ty] File changed: /home/bradleyjerome/projects/ai/epam-cli/orchestrations/logs/step-status.json
[11ty] File changed: /home/bradleyjerome/projects/ai/epam-cli/orchestrations/logs/profiles-audit.jsonl
[11ty] File changed: /home/bradleyjerome/projects/ai/epam-cli/orchestrations/logs/phase-cost.jsonl
[11ty] File changed: /home/bradleyjerome/projects/ai/epam-cli/orchestrations/logs/agent-status.json
[11ty] File changed: /home/bradleyjerome/projects/ai/epam-cli/orchestrations/logs/step-status.json
[11ty] File changed: /home/bradleyjerome/projects/ai/epam-cli/orchestrations/logs/profiles-audit.jsonl
[11ty] File changed: /home/bradleyjerome/projects/ai/epam-cli/orchestrations/logs/plans-core.jsonl
[11ty] File changed: /home/bradleyjerome/projects/ai/epam-cli/orchestrations/logs/plans-core.jsonl
[11ty] Copied 20 Wrote 1 file in 9.99 seconds (v3.1.6)
[11ty] You saved while Eleventy was running, let’s run again. (6 changes)
[11ty] Copied 20 Wrote 1 file in 10.01 seconds (v3.1.6)
[11ty] You saved while Eleventy was running, let’s run again. (8 changes)
[11ty] File changed: /home/bradleyjerome/projects/ai/epam-cli/orchestrations/logs/plans-core.jsonl
[11ty] Copied 20 Wrote 1 file in 10.93 seconds (v3.1.6)
[11ty] You saved while Eleventy was running, let’s run again. (8 changes)
[11ty] Writing /home/bradleyjerome/projects/ai/epam-cli/orchestrations/dashboards/live/build-info.json from ../../ai/epam-cli/orchestrations/dashboards/build-info.11ty.js
[11ty] Writing /home/bradleyjerome/projects/ai/epam-cli/orchestrations/dashboards/live/build-info.json from ../../ai/epam-cli/orchestrations/dashboards/build-info.11ty.js
[11ty] Writing /home/bradleyjerome/projects/ai/epam-cli/orchestrations/dashboards/live/build-info.json from ../../ai/epam-cli/orchestrations/dashboards/build-info.11ty.js
[11ty] File changed: /home/bradleyjerome/projects/ai/epam-cli/orchestrations/logs/agent-activity.jsonl
[11ty] File changed: /home/bradleyjerome/projects/ai/epam-cli/orchestrations/logs/phase-cost.jsonl
[11ty] File changed: /home/bradleyjerome/projects/ai/epam-cli/orchestrations/agents/profiles.json
[11ty] File changed: /home/bradleyjerome/projects/ai/epam-cli/orchestrations/dashboards/profiles.json
[11ty] File changed: /home/bradleyjerome/projects/ai/epam-cli/orchestrations/logs/phase-cost.jsonl
[11ty] File changed: /home/bradleyjerome/projects/ai/epam-cli/orchestrations/agents/profiles.json
[11ty] File changed: /home/bradleyjerome/projects/ai/epam-cli/orchestrations/logs/agent-activity.jsonl
[11ty] File changed: /home/bradleyjerome/projects/ai/epam-cli/orchestrations/dashboards/profiles.json
[11ty] File changed: /home/bradleyjerome/projects/ai/epam-cli/orchestrations/logs/phase-cost.jsonl
[11ty] File changed: /home/bradleyjerome/projects/ai/epam-cli/orchestrations/logs/agent-activity.jsonl
[11ty] File changed: /home/bradleyjerome/projects/ai/epam-cli/orchestrations/agents/profiles.json
[11ty] File changed: /home/bradleyjerome/projects/ai/epam-cli/orchestrations/dashboards/profiles.json
[11ty] Copied 20 Wrote 1 file in 1.46 seconds (v3.1.6)
[11ty] You saved while Eleventy was running, let’s run again. (4 changes)
[11ty] Copied 20 Wrote 1 file in 1.69 seconds (v3.1.6)
[11ty] You saved while Eleventy was running, let’s run again. (4 changes)
[11ty] Copied 20 Wrote 1 file in 1.86 seconds (v3.1.6)
[11ty] You saved while Eleventy was running, let’s run again. (4 changes)
[11ty] Writing /home/bradleyjerome/projects/ai/epam-cli/orchestrations/dashboards/live/build-info.json from ../../ai/epam-cli/orchestrations/dashboards/build-info.11ty.js
[11ty] Writing /home/bradleyjerome/projects/ai/epam-cli/orchestrations/dashboards/live/build-info.json from ../../ai/epam-cli/orchestrations/dashboards/build-info.11ty.js
[11ty] Copied 20 Wrote 1 file in 0.77 seconds (v3.1.6)
[11ty] Watching…
[11ty] Writing /home/bradleyjerome/projects/ai/epam-cli/orchestrations/dashboards/live/build-info.json from ../../ai/epam-cli/orchestrations/dashboards/build-info.11ty.js
[11ty] Copied 20 Wrote 1 file in 0.86 seconds (v3.1.6)
[11ty] Watching…
[11ty] Copied 20 Wrote 1 file in 0.83 seconds (v3.1.6)
[11ty] Watching…
[11ty] File changed: /home/bradleyjerome/projects/ai/epam-cli/orchestrations/logs/plans-core.jsonl
[11ty] File changed: /home/bradleyjerome/projects/ai/epam-cli/orchestrations/logs/plans-core.jsonl
[11ty] File changed: /home/bradleyjerome/projects/ai/epam-cli/orchestrations/logs/plans-core.jsonl
[11ty] Writing /home/bradleyjerome/projects/ai/epam-cli/orchestrations/dashboards/live/build-info.json from ../../ai/epam-cli/orchestrations/dashboards/build-info.11ty.js
[11ty] Writing /home/bradleyjerome/projects/ai/epam-cli/orchestrations/dashboards/live/build-info.json from ../../ai/epam-cli/orchestrations/dashboards/build-info.11ty.js
[11ty] Writing /home/bradleyjerome/projects/ai/epam-cli/orchestrations/dashboards/live/build-info.json from ../../ai/epam-cli/orchestrations/dashboards/build-info.11ty.js
[11ty] Copied 20 Wrote 1 file in 0.95 seconds (v3.1.6)
[11ty] Watching…
[11ty] Copied 20 Wrote 1 file in 0.97 seconds (v3.1.6)
[11ty] Watching…
[11ty] Copied 20 Wrote 1 file in 1.03 seconds (v3.1.6)
[11ty] Watching…
[11ty] File changed: /home/bradleyjerome/projects/ai/epam-cli/orchestrations/logs/phase-cost.jsonl
[11ty] File changed: /home/bradleyjerome/projects/ai/epam-cli/orchestrations/dashboards/profiles.json
[11ty] File changed: /home/bradleyjerome/projects/ai/epam-cli/orchestrations/agents/profiles.json
[11ty] File changed: /home/bradleyjerome/projects/ai/epam-cli/orchestrations/logs/phase-cost.jsonl
[11ty] File changed: /home/bradleyjerome/projects/ai/epam-cli/orchestrations/agents/profiles.json
[11ty] File changed: /home/bradleyjerome/projects/ai/epam-cli/orchestrations/dashboards/profiles.json
[11ty] File changed: /home/bradleyjerome/projects/ai/epam-cli/orchestrations/logs/phase-cost.jsonl
[11ty] File changed: /home/bradleyjerome/projects/ai/epam-cli/orchestrations/logs/agent-activity.jsonl
[11ty] File changed: /home/bradleyjerome/projects/ai/epam-cli/orchestrations/agents/profiles.json
[11ty] File changed: /home/bradleyjerome/projects/ai/epam-cli/orchestrations/dashboards/profiles.json
[11ty] File changed: /home/bradleyjerome/projects/ai/epam-cli/orchestrations/logs/agent-status.json
[11ty] Writing /home/bradleyjerome/projects/ai/epam-cli/orchestrations/dashboards/live/build-info.json from ../../ai/epam-cli/orchestrations/dashboards/build-info.11ty.js
[11ty] File changed: /home/bradleyjerome/projects/ai/epam-cli/orchestrations/logs/agent-status.json
[11ty] File changed: /home/bradleyjerome/projects/ai/epam-cli/orchestrations/dashboards/logs/agent-status.json
[11ty] Writing /home/bradleyjerome/projects/ai/epam-cli/orchestrations/dashboards/live/build-info.json from ../../ai/epam-cli/orchestrations/dashboards/build-info.11ty.js
[11ty] Writing /home/bradleyjerome/projects/ai/epam-cli/orchestrations/dashboards/live/build-info.json from ../../ai/epam-cli/orchestrations/dashboards/build-info.11ty.js
[11ty] File changed: /home/bradleyjerome/projects/ai/epam-cli/orchestrations/logs/agent-status.json
[11ty] File changed: /home/bradleyjerome/projects/ai/epam-cli/orchestrations/logs/agent-activity.jsonl
[11ty] File changed: /home/bradleyjerome/projects/ai/epam-cli/orchestrations/logs/agent-activity.jsonl
[11ty] Copied 20 Wrote 1 file in 2.83 seconds (v3.1.6)
[11ty] You saved while Eleventy was running, let’s run again. (3 changes)
[11ty] Copied 20 Wrote 1 file in 2.79 seconds (v3.1.6)
[11ty] You saved while Eleventy was running, let’s run again. (2 changes)
[11ty] Copied 20 Wrote 1 file in 2.84 seconds (v3.1.6)
[11ty] Watching…
[11ty] Writing /home/bradleyjerome/projects/ai/epam-cli/orchestrations/dashboards/live/build-info.json from ../../ai/epam-cli/orchestrations/dashboards/build-info.11ty.js
[11ty] Writing /home/bradleyjerome/projects/ai/epam-cli/orchestrations/dashboards/live/build-info.json from ../../ai/epam-cli/orchestrations/dashboards/build-info.11ty.js
[11ty] Copied 20 Wrote 1 file in 0.63 seconds (v3.1.6)
[11ty] Watching…
[11ty] Copied 20 Wrote 1 file in 0.62 seconds (v3.1.6)
[11ty] Watching…
[11ty] File changed: /home/bradleyjerome/projects/ai/epam-cli/orchestrations/logs/plans-core.jsonl
[11ty] File changed: /home/bradleyjerome/projects/ai/epam-cli/orchestrations/logs/plans-core.jsonl
[11ty] File changed: /home/bradleyjerome/projects/ai/epam-cli/orchestrations/logs/plans-core.jsonl
[11ty] Writing /home/bradleyjerome/projects/ai/epam-cli/orchestrations/dashboards/live/build-info.json from ../../ai/epam-cli/orchestrations/dashboards/build-info.11ty.js
[11ty] Writing /home/bradleyjerome/projects/ai/epam-cli/orchestrations/dashboards/live/build-info.json from ../../ai/epam-cli/orchestrations/dashboards/build-info.11ty.js
[11ty] Writing /home/bradleyjerome/projects/ai/epam-cli/orchestrations/dashboards/live/build-info.json from ../../ai/epam-cli/orchestrations/dashboards/build-info.11ty.js
[11ty] Copied 20 Wrote 1 file in 0.70 seconds (v3.1.6)
[11ty] Watching…
[11ty] Copied 20 Wrote 1 file in 0.70 seconds (v3.1.6)
[11ty] Watching…
[11ty] Copied 20 Wrote 1 file in 0.74 seconds (v3.1.6)
[11ty] Watching…
[11ty] File changed: /home/bradleyjerome/projects/ai/epam-cli/orchestrations/logs/plans-core.jsonl
[11ty] File changed: /home/bradleyjerome/projects/ai/epam-cli/orchestrations/logs/plans-core.jsonl
[11ty] File changed: /home/bradleyjerome/projects/ai/epam-cli/orchestrations/logs/plans-core.jsonl
[11ty] Writing /home/bradleyjerome/projects/ai/epam-cli/orchestrations/dashboards/live/build-info.json from ../../ai/epam-cli/orchestrations/dashboards/build-info.11ty.js
[11ty] Writing /home/bradleyjerome/projects/ai/epam-cli/orchestrations/dashboards/live/build-info.json from ../../ai/epam-cli/orchestrations/dashboards/build-info.11ty.js
[11ty] Writing /home/bradleyjerome/projects/ai/epam-cli/orchestrations/dashboards/live/build-info.json from ../../ai/epam-cli/orchestrations/dashboards/build-info.11ty.js
[11ty] Copied 20 Wrote 1 file in 0.65 seconds (v3.1.6)
[11ty] Watching…
[11ty] Copied 20 Wrote 1 file in 0.77 seconds (v3.1.6)
[11ty] Watching…
[11ty] Copied 20 Wrote 1 file in 0.81 seconds (v3.1.6)
[11ty] Watching…
[11ty] File changed: /home/bradleyjerome/projects/ai/epam-cli/orchestrations/agents/profiles.json
[11ty] File changed: /home/bradleyjerome/projects/ai/epam-cli/orchestrations/dashboards/profiles.json
[11ty] File changed: /home/bradleyjerome/projects/ai/epam-cli/orchestrations/agents/profiles.json
[11ty] File changed: /home/bradleyjerome/projects/ai/epam-cli/orchestrations/dashboards/profiles.json
[11ty] File changed: /home/bradleyjerome/projects/ai/epam-cli/orchestrations/agents/profiles.json
[11ty] File changed: /home/bradleyjerome/projects/ai/epam-cli/orchestrations/dashboards/profiles.json
[11ty] Writing /home/bradleyjerome/projects/ai/epam-cli/orchestrations/dashboards/live/build-info.json from ../../ai/epam-cli/orchestrations/dashboards/build-info.11ty.js
[11ty] Writing /home/bradleyjerome/projects/ai/epam-cli/orchestrations/dashboards/live/build-info.json from ../../ai/epam-cli/orchestrations/dashboards/build-info.11ty.js
[11ty] Writing /home/bradleyjerome/projects/ai/epam-cli/orchestrations/dashboards/live/build-info.json from ../../ai/epam-cli/orchestrations/dashboards/build-info.11ty.js
[11ty] Copied 20 Wrote 1 file in 0.67 seconds (v3.1.6)
[11ty] Watching…
[11ty] Copied 20 Wrote 1 file in 0.65 seconds (v3.1.6)
[11ty] Watching…
[11ty] Copied 20 Wrote 1 file in 0.65 seconds (v3.1.6)
[11ty] Watching…
[11ty] File changed: /home/bradleyjerome/projects/ai/epam-cli/orchestrations/logs/plans-core.jsonl
[11ty] File changed: /home/bradleyjerome/projects/ai/epam-cli/orchestrations/logs/plans-core.jsonl
[11ty] File changed: /home/bradleyjerome/projects/ai/epam-cli/orchestrations/logs/plans-core.jsonl
[11ty] Writing /home/bradleyjerome/projects/ai/epam-cli/orchestrations/dashboards/live/build-info.json from ../../ai/epam-cli/orchestrations/dashboards/build-info.11ty.js
[11ty] Writing /home/bradleyjerome/projects/ai/epam-cli/orchestrations/dashboards/live/build-info.json from ../../ai/epam-cli/orchestrations/dashboards/build-info.11ty.js
[11ty] Writing /home/bradleyjerome/projects/ai/epam-cli/orchestrations/dashboards/live/build-info.json from ../../ai/epam-cli/orchestrations/dashboards/build-info.11ty.js
[11ty] File changed: /home/bradleyjerome/projects/ai/epam-cli/orchestrations/logs/plans-core.jsonl
[11ty] File changed: /home/bradleyjerome/projects/ai/epam-cli/orchestrations/logs/plans-core.jsonl
[11ty] File changed: /home/bradleyjerome/projects/ai/epam-cli/orchestrations/logs/plans-core.jsonl
[11ty] Copied 20 Wrote 1 file in 0.81 seconds (v3.1.6)
[11ty] You saved while Eleventy was running, let’s run again. (1 change)
[11ty] Copied 20 Wrote 1 file in 0.86 seconds (v3.1.6)
[11ty] You saved while Eleventy was running, let’s run again. (1 change)
[11ty] Copied 20 Wrote 1 file in 0.92 seconds (v3.1.6)
[11ty] You saved while Eleventy was running, let’s run again. (1 change)
[11ty] Writing /home/bradleyjerome/projects/ai/epam-cli/orchestrations/dashboards/live/build-info.json from ../../ai/epam-cli/orchestrations/dashboards/build-info.11ty.js
[11ty] Writing /home/bradleyjerome/projects/ai/epam-cli/orchestrations/dashboards/live/build-info.json from ../../ai/epam-cli/orchestrations/dashboards/build-info.11ty.js
[11ty] Writing /home/bradleyjerome/projects/ai/epam-cli/orchestrations/dashboards/live/build-info.json from ../../ai/epam-cli/orchestrations/dashboards/build-info.11ty.js
[11ty] Copied 20 Wrote 1 file in 0.73 seconds (v3.1.6)
[11ty] Watching…
[11ty] Copied 20 Wrote 1 file in 0.74 seconds (v3.1.6)
[11ty] Watching…
[11ty] Copied 20 Wrote 1 file in 0.82 seconds (v3.1.6)
[11ty] Watching…
[11ty] File changed: /home/bradleyjerome/projects/ai/epam-cli/orchestrations/logs/phase-cost.jsonl
[11ty] File changed: /home/bradleyjerome/projects/ai/epam-cli/orchestrations/logs/phase-cost.jsonl
[11ty] File changed: /home/bradleyjerome/projects/ai/epam-cli/orchestrations/logs/phase-cost.jsonl
[11ty] File changed: /home/bradleyjerome/projects/ai/epam-cli/orchestrations/logs/agent-status.json
[11ty] Writing /home/bradleyjerome/projects/ai/epam-cli/orchestrations/dashboards/live/build-info.json from ../../ai/epam-cli/orchestrations/dashboards/build-info.11ty.js
[11ty] Writing /home/bradleyjerome/projects/ai/epam-cli/orchestrations/dashboards/live/build-info.json from ../../ai/epam-cli/orchestrations/dashboards/build-info.11ty.js
[11ty] Writing /home/bradleyjerome/projects/ai/epam-cli/orchestrations/dashboards/live/build-info.json from ../../ai/epam-cli/orchestrations/dashboards/build-info.11ty.js
[11ty] File changed: /home/bradleyjerome/projects/ai/epam-cli/orchestrations/logs/agent-activity.jsonl
[11ty] File changed: /home/bradleyjerome/projects/ai/epam-cli/orchestrations/logs/agent-status.json
[11ty] File changed: /home/bradleyjerome/projects/ai/epam-cli/orchestrations/logs/agent-status.json
[11ty] File changed: /home/bradleyjerome/projects/ai/epam-cli/orchestrations/logs/agent-activity.jsonl
[11ty] File changed: /home/bradleyjerome/projects/ai/epam-cli/orchestrations/dashboards/logs/agent-status.json
[11ty] File changed: /home/bradleyjerome/projects/ai/epam-cli/orchestrations/logs/agent-activity.jsonl
[11ty] File changed: /home/bradleyjerome/projects/ai/epam-cli/orchestrations/logs/step-status.json
[11ty] File changed: /home/bradleyjerome/projects/ai/epam-cli/orchestrations/logs/guarded-step-retries.jsonl
[11ty] File changed: /home/bradleyjerome/projects/ai/epam-cli/orchestrations/logs/guarded-step-retries-history.jsonl
[11ty] File changed: /home/bradleyjerome/projects/ai/epam-cli/orchestrations/logs/step-status.json
[11ty] File changed: /home/bradleyjerome/projects/ai/epam-cli/orchestrations/logs/guarded-step-retries.jsonl
[11ty] File changed: /home/bradleyjerome/projects/ai/epam-cli/orchestrations/logs/guarded-step-retries-history.jsonl
[11ty] File changed: /home/bradleyjerome/projects/ai/epam-cli/orchestrations/logs/step-status.json
[11ty] File changed: /home/bradleyjerome/projects/ai/epam-cli/orchestrations/dashboards/logs/step-status.json
[11ty] File changed: /home/bradleyjerome/projects/ai/epam-cli/orchestrations/logs/guarded-step-retries-history.jsonl
[11ty] File changed: /home/bradleyjerome/projects/ai/epam-cli/orchestrations/logs/guarded-step-retries.jsonl
[11ty] File changed: /home/bradleyjerome/projects/ai/epam-cli/orchestrations/logs/step-status.json
[11ty] File changed: /home/bradleyjerome/projects/ai/epam-cli/orchestrations/logs/step-status.json
[11ty] File changed: /home/bradleyjerome/projects/ai/epam-cli/orchestrations/dashboards/logs/step-status.json
[11ty] Copied 20 Wrote 1 file in 7.58 seconds (v3.1.6)
[11ty] File changed: /home/bradleyjerome/projects/ai/epam-cli/orchestrations/logs/step-status.json
[11ty] You saved while Eleventy was running, let’s run again. (6 changes)
[11ty] Copied 20 Wrote 1 file in 7.76 seconds (v3.1.6)
[11ty] You saved while Eleventy was running, let’s run again. (9 changes)
[11ty] Copied 20 Wrote 1 file in 8.30 seconds (v3.1.6)
[11ty] You saved while Eleventy was running, let’s run again. (5 changes)
[11ty] Writing /home/bradleyjerome/projects/ai/epam-cli/orchestrations/dashboards/live/build-info.json from ../../ai/epam-cli/orchestrations/dashboards/build-info.11ty.js
[11ty] Writing /home/bradleyjerome/projects/ai/epam-cli/orchestrations/dashboards/live/build-info.json from ../../ai/epam-cli/orchestrations/dashboards/build-info.11ty.js
[11ty] Writing /home/bradleyjerome/projects/ai/epam-cli/orchestrations/dashboards/live/build-info.json from ../../ai/epam-cli/orchestrations/dashboards/build-info.11ty.js
[11ty] File changed: /home/bradleyjerome/projects/ai/epam-cli/orchestrations/logs/step-status.json
[11ty] File changed: /home/bradleyjerome/projects/ai/epam-cli/orchestrations/logs/step-status.json
[11ty] File changed: /home/bradleyjerome/projects/ai/epam-cli/orchestrations/logs/agent-status.json
[11ty] File changed: /home/bradleyjerome/projects/ai/epam-cli/orchestrations/logs/agent-activity.jsonl
[11ty] File changed: /home/bradleyjerome/projects/ai/epam-cli/orchestrations/logs/step-status.json
[11ty] File changed: /home/bradleyjerome/projects/ai/epam-cli/orchestrations/dashboards/logs/agent-status.json
[11ty] File changed: /home/bradleyjerome/projects/ai/epam-cli/orchestrations/logs/agent-status.json
[11ty] File changed: /home/bradleyjerome/projects/ai/epam-cli/orchestrations/dashboards/logs/step-status.json
[11ty] File changed: /home/bradleyjerome/projects/ai/epam-cli/orchestrations/logs/agent-status.json
[11ty] File changed: /home/bradleyjerome/projects/ai/epam-cli/orchestrations/logs/agent-activity.jsonl
[11ty] File changed: /home/bradleyjerome/projects/ai/epam-cli/orchestrations/logs/agent-activity.jsonl
[11ty] Copied 20 Wrote 1 file in 23.33 seconds (v3.1.6)
[11ty] You saved while Eleventy was running, let’s run again. (3 changes)
[11ty] Copied 20 Wrote 1 file in 23.92 seconds (v3.1.6)
[11ty] You saved while Eleventy was running, let’s run again. (5 changes)
[11ty] Copied 20 Wrote 1 file in 25.05 seconds (v3.1.6)
[11ty] You saved while Eleventy was running, let’s run again. (3 changes)
[11ty] Writing /home/bradleyjerome/projects/ai/epam-cli/orchestrations/dashboards/live/build-info.json from ../../ai/epam-cli/orchestrations/dashboards/build-info.11ty.js
[11ty] Writing /home/bradleyjerome/projects/ai/epam-cli/orchestrations/dashboards/live/build-info.json from ../../ai/epam-cli/orchestrations/dashboards/build-info.11ty.js
[11ty] Writing /home/bradleyjerome/projects/ai/epam-cli/orchestrations/dashboards/live/build-info.json from ../../ai/epam-cli/orchestrations/dashboards/build-info.11ty.js
[11ty] File changed: /home/bradleyjerome/projects/ai/epam-cli/orchestrations/logs/agent-status.json
[11ty] File changed: /home/bradleyjerome/projects/ai/epam-cli/orchestrations/dashboards/logs/agent-status.json
[11ty] File changed: /home/bradleyjerome/projects/ai/epam-cli/orchestrations/logs/agent-activity.jsonl
[11ty] File changed: /home/bradleyjerome/projects/ai/epam-cli/orchestrations/logs/plans-core.jsonl
[11ty] File changed: /home/bradleyjerome/projects/ai/epam-cli/orchestrations/logs/agent-status.json
[11ty] File changed: /home/bradleyjerome/projects/ai/epam-cli/orchestrations/logs/agent-activity.jsonl
[11ty] File changed: /home/bradleyjerome/projects/ai/epam-cli/orchestrations/logs/plans-core.jsonl
[11ty] File changed: /home/bradleyjerome/projects/ai/epam-cli/orchestrations/logs/agent-status.json
[11ty] File changed: /home/bradleyjerome/projects/ai/epam-cli/orchestrations/logs/agent-activity.jsonl
[11ty] File changed: /home/bradleyjerome/projects/ai/epam-cli/orchestrations/logs/plans-core.jsonl
[11ty] Copied 20 Wrote 1 file in 5.33 seconds (v3.1.6)
[11ty] You saved while Eleventy was running, let’s run again. (3 changes)
[11ty] Copied 20 Wrote 1 file in 6.53 seconds (v3.1.6)
[11ty] You saved while Eleventy was running, let’s run again. (4 changes)
[11ty] Copied 20 Wrote 1 file in 6.66 seconds (v3.1.6)
[11ty] You saved while Eleventy was running, let’s run again. (3 changes)
[11ty] Writing /home/bradleyjerome/projects/ai/epam-cli/orchestrations/dashboards/live/build-info.json from ../../ai/epam-cli/orchestrations/dashboards/build-info.11ty.js
[11ty] Writing /home/bradleyjerome/projects/ai/epam-cli/orchestrations/dashboards/live/build-info.json from ../../ai/epam-cli/orchestrations/dashboards/build-info.11ty.js
[11ty] Copied 20 Wrote 1 file in 0.60 seconds (v3.1.6)
[11ty] Watching…
[11ty] Writing /home/bradleyjerome/projects/ai/epam-cli/orchestrations/dashboards/live/build-info.json from ../../ai/epam-cli/orchestrations/dashboards/build-info.11ty.js
[11ty] Copied 20 Wrote 1 file in 0.88 seconds (v3.1.6)
[11ty] Watching…
[11ty] Copied 20 Wrote 1 file in 0.85 seconds (v3.1.6)
[11ty] Watching…
[11ty] File changed: /home/bradleyjerome/projects/ai/epam-cli/orchestrations/logs/plans-core.jsonl
[11ty] File changed: /home/bradleyjerome/projects/ai/epam-cli/orchestrations/logs/plans-core.jsonl
[11ty] File changed: /home/bradleyjerome/projects/ai/epam-cli/orchestrations/logs/plans-core.jsonl
[11ty] Writing /home/bradleyjerome/projects/ai/epam-cli/orchestrations/dashboards/live/build-info.json from ../../ai/epam-cli/orchestrations/dashboards/build-info.11ty.js
[11ty] Writing /home/bradleyjerome/projects/ai/epam-cli/orchestrations/dashboards/live/build-info.json from ../../ai/epam-cli/orchestrations/dashboards/build-info.11ty.js
[11ty] Copied 20 Wrote 1 file in 1.14 seconds (v3.1.6)
[11ty] Watching…
[11ty] Copied 20 Wrote 1 file in 1.35 seconds (v3.1.6)
[11ty] Watching…
[11ty] Writing /home/bradleyjerome/projects/ai/epam-cli/orchestrations/dashboards/live/build-info.json from ../../ai/epam-cli/orchestrations/dashboards/build-info.11ty.js
[11ty] Copied 20 Wrote 1 file in 1.81 seconds (v3.1.6)
[11ty] Watching…
