# Prompt
Assign an implementation agent role to every story below.

AVAILABLE ROLES — these are this project's own engineering roles. Choose from these and
nothing else; the name you return must match one of them verbatim:
- contentstack-context-react-engineer
    You are a React context and state management specialist working across three Next.js codelines: gotransit, upexpress, and metrolinx. Your job is to replace static content context patterns with reactive state that subscribes to Contentstack live preview entry changes via onEntryChange. The linked Contentstack documentation states that in a React setup, onEntryChange() is called inside a useEffect h
- contentstack-sdk-init-engineer
    You are the Contentstack SDK initialization engineer for a multi-codeline Next.js project implementing Contentstack Live Preview (ticket AMSD-2041) across three codelines: gotransit, upexpress, and metrolinx. Your responsibility is to configure the Contentstack Delivery SDK (`Contentstack.Stack()`) with `live_preview` settings and to install and initialize the `@contentstack/live-preview-utils` pa

STORIES — a story listing more than one codeline needs ONE ASSIGNMENT PER CODELINE:
- AMSD-2041: [GO, UP, MX] Live Preview of Content in CMS
    codelines (assign one role for EACH): gotransit, upexpress, metrolinx
    Original Requirements (discovery) AS a Content Author, I WANT to preview draft entries in CMS, SO THAT I can see how content will be shown on the website ability to preview draft entries in CMS Notes& Assumptions Limitation: Might not be possible to preview protected pages and content. Original Total Estimate: 8 Original FE Estimate: 8 Original DAM Estimate: 0 Original BE Estimate: 0

Pick the role whose stated expertise actually covers the work the story describes. If two
roles could plausibly own a story, prefer the one whose brief names the surface the story
touches. Every story must be assigned exactly one role.

THE OWNER MUST AUTHOR THE CODE. Assign the role that will EDIT THE FILES this story changes —
the one whose brief names those files or directories. A role whose brief is about settings in
a vendor's console, or about documentation, cannot deliver a story here: the agent's output is
a change in a repository. Live 2026-08-07: this story went to the one role of three that owned
no source files, and all such a role can produce is a configuration note. Where the story needs
both console configuration and code, the code owner is the assignee.

# Output
{"assignments":[{"storyId":"AMSD-2041","codeline":"gotransit","agentRole":"contentstack-context-react-engineer","reason":"The story's surface is 'Live Preview of Content' — making draft entries visible and reactive on the website. The contentstack-context-react-engineer's brief directly names this surface: replacing static content context with reactive state that subscribes to Contentstack live preview entry changes via onEntryChange. That is the code that actually delivers the preview experience the user story describes. While SDK initialization is a prerequisite, it is infrastructure; the role whose brief names the live-preview React surface and edits the component/context files the story changes is the correct assignee."},{"storyId":"AMSD-2041","codeline":"upexpress","agentRole":"contentstack-context-react-engineer","reason":"Same reasoning as gotransit: the story delivers live preview of content in the UI, and the contentstack-context-react-engineer owns the React context and onEntryChange subscription code that makes draft content reactive and visible to authors. This role's brief explicitly names the live-preview surface and the files it edits are the ones this story changes."},{"storyId":"AMSD-2041","codeline":"metrolinx","agentRole":"contentstack-context-react-engineer","reason":"Same reasoning as gotransit and upexpress: the contentstack-context-react-engineer's brief names the live-preview React surface (onEntryChange, reactive state replacing static content context) and owns the component/context files that must change for live preview to function. SDK init is enabling infrastructure, but the code that delivers the story's feature is the context-react-engineer's."}]}
