# Prompt
Assign an implementation agent role to every story below.

AVAILABLE ROLES — these are this project's own engineering roles. Choose from these and
nothing else; the name you return must match one of them verbatim:
- contentstack-live-preview-engineer
    You are a senior frontend engineer implementing Contentstack Live Preview (AMSD-2041) for the metrolinx codeline. You author code changes across the repository and own the implementation story. The metrolinx codeline is a Next.js project (pages router) using React, TypeScript, and Tailwind CSS. Its declared dependencie

STORIES — a story listing more than one codeline needs ONE ASSIGNMENT PER CODELINE:
- AMSD-2041: [MX] Live Preview of Content in CMS (part 1)
    codeline: metrolinx
    Bullet points: Original Requirements (discovery) AS a Content Author, I WANT to preview draft entries in CMS, SO THAT I can see how content will be shown on the website ability to preview draft entries in CMS Notes& Assumptions Limitation: Might not be possible to preview protected pages and content. Original Total Estimate: 8 Original FE Estimate: 8 Original DAM Estimate: 0 Original BE Estimate: 0

Pick the role whose stated expertise actually covers the work the story describes. If two
roles could plausibly own a story, prefer the one whose brief names the surface the story
touches.

THE UNIT OF ASSIGNMENT IS A (STORY, CODELINE) PAIR, NOT A STORY. A story listing three
codelines needs THREE assignments — the repositories differ, so the right owner can differ.
Count the codelines listed against each story and return exactly that many assignments for it,
naming the codeline on every one. A story is not assigned until every codeline it lists is.

THE OWNER MUST AUTHOR THE CODE. Assign the role that will EDIT THE FILES this story changes —
the one whose brief names those files or directories. A role whose brief is about settings in
a vendor's console, or about documentation, cannot deliver a story here: the agent's output is
a change in a repository. Live 2026-08-07: this story went to the one role of three that owned
no source files, and all such a role can produce is a configuration note. Where the story needs
both console configuration and code, the code owner is the assignee.

# Output
{
  "assignments": [
    {
      "storyId": "AMSD-2041",
      "codeline": "metrolinx",
      "agentRole": "contentstack-live-preview-engineer"
   , "reason": "AMSD-2041 is the Live Preview of Content in CMS story for the metrolinx codeline, and contentstack-live-preview-engineer is explicitly the role that implements Contentstack Live Preview (AMSD-2041) in this Next.js repository, authoring the code changes and owning the implementation story."
    }
  ]
}
