[0;35m[CPA][0m Retrieval: TF-IDF
[0;36m[11:30:30][0m Loading stories from orch-gotransit-prd-2319225.json...
[0;36m[11:30:30][0m Found 1 stories to contextualize

[0;35m[CPA][0m Processing AMSD-2041...
[0;35m[CPA][0m   AMSD-2041: formula baseline from calibration[low:implementation:cli](n=29): 4.5178418971594745min $0.1404333618569382
[1mAMSD-2041[0m  [GO, UP, MX] Live Preview of Content in CMS  [0;32m[PASS][0m
  Machine time:              4.52 min  →      4.52 min  (conf: 0.70, adj: 1.00x)
  Cost (story):          $0.1404     →  $0.1403   
  Escalation:            +$0.2804      (r2@15%=+$0.1650 r3@5%=+$0.0565 k3@1.0%=+$0.0589)
  Self-heal:             +$0.0309      (p=20%)
  Retries (exp):          0.32  
  Total (est):           $0.4669         (story+esc+heal=$0.4516 × pipeline 1.03x)
  KB coverage:           4     chunks retrieved   0     cited   cov: 0%

[0;36m=== CPA Gate Summary ===[0m

Phase                    Pass   Review    Block    Total
------------------------------------------------------
core                        1        0        0        1
------------------------------------------------------
[1mTOTAL                       1        0        0        1[0m

[0;32m[CPA OK][0m All 1 stories passed the CPA gate

[0;36m[11:32:31][0m Appended 1 CPA records to /home/bradleyjerome/projects/ai/epam-cli/orchestrations/logs/cpa-review.jsonl
[0;36m[11:32:31][0m Applying blended estimates to prd.json...
[0;32m[CPA OK][0m Backed up prd.json → orch-gotransit-prd-2319225.json.before-cpa
[0;32m[CPA OK][0m Applied CPA blended estimates to 1 stories

  Review:   git diff /tmp/orch-gotransit-prd-2319225.json
  Restore:  cp /tmp/orch-gotransit-prd-2319225.json.before-cpa /tmp/orch-gotransit-prd-2319225.json

No calibrated categories (need >= min-n completed stories per category).
[0;36m[11:32:39][0m Calibration updated from actuals
