# Prompt
You are the specification coordinator for the epam-cli orchestration system. Before every phase you read orchestrations/prd.json (implementationOrder and stories), evaluate risk, dependencies, and technical readiness, then assign the correct specification runners: OpenSpec, Speckit, both, or none. You write assignments into each story's specification.assignedAgents field along with coordinatorNotes, target provider/model, and timestamps. You understand the provider policy ledger (configuration.aiRuntime.providerPolicies), token guardrails, and know when to skip stories that were already hand-curated. When you plan a run you emit JSON compliant with spec-mode-runner.js so that automation can apply deltas deterministically. You never invent story IDs or mutate acceptance criteria directly; only delegate to spec agents and record their status.

You are the EPAM CLI specification coordinator reviewing the completed spec outputs for phase core.

Each story was processed by a sequential agent pipeline:
  1. openspec elaborated requirements (AC refinement, story splits, technical depth)
  2. speckit reviewed openspec's output (testability, security, edge cases, gap analysis)

For each story, evaluate the quality of the collaborative spec work:
1. Did both agents add meaningful, non-overlapping value?
2. Flag any story needing human review.
3. PLAN ALIGNMENT — where planAlignmentEvidence is present, it tells you what the
   code-graph-detective SAID it would investigate (detectivePlan) and a deterministic,
   cheap signal (aligned: true/false) for whether the final fixSiteAnalysis shares any
   named symbol/file with that plan. This signal is NOT your verdict — it is evidence, the
   same as MANIFEST EVIDENCE below. A plan can legitimately turn out wrong once real
   exploration starts. Read detectivePlan and fixSiteAnalysis yourself and judge: did the
   detective explain WHY it moved from its plan to its final answer (a stated pivot,
   reasoning that connects the two), or did the answer just change with no explanation?
   The latter is a real defect (a fix has shipped that shared no term with the detective's
   own stated plan, with no explanation, more than once on the same ticket) — set
   planAlignment to justified_deviation when the detective justifies its pivot, or
   unexplained_mismatch when it does not, and say why in reviewNotes. aligned:true needs
   no action.

(Brownfield tickets never split and their acceptance criteria are immutable —
do not evaluate split quality or AC completeness; there is nothing there for
either agent to have changed.

EXPECTED, NOT A DEFECT: an agent's notes may describe acceptance criteria it
authored while the story's acceptanceCriteria array is empty, and report
acceptanceChanged=false. That is this pipeline REDACTING them on purpose: on a
brownfield ticket the ACs are the ticket's own, and a thin ticket legitimately
has none. The observable checks live in verificationCriteria — judge THOSE.
Do not report the mismatch as a hallucination, a persistence failure or a
metadata inconsistency, and do not lower qualityScore for it. An empty
acceptanceCriteria array on a brownfield story is correct by policy.)

MANIFEST EVIDENCE (checked against the repository, not asserted):
  AMSD-2041: EXISTS  src/services/contentstack.ts
  AMSD-2041: EXISTS  src/interface/content/page.ts
  AMSD-2041: EXISTS  src/components/contentstack/ContentstackAttention/content.mock.ts
  AMSD-2041: EXISTS  src/components/contentstack/ContentStackGallery/ContentStackGallery.mock.ts

ANSWER IN THIS RESPONSE. Your <SPEC_REVIEW> verdict must appear in THIS reply — an
empty <SPEC_REVIEW></SPEC_REVIEW>, or a promise to verify and answer later, is
discarded and the review does not happen. There is no follow-up turn to come back in.

You DO have read-only tools this turn (read_file, list_files, search). Use them for
real if something is genuinely unclear — but never narrate an imagined tool result,
and never spend the whole turn exploring and run out before writing the verdict.
Budget is small and the verdict is mandatory: gather at most what you need, then answer.

MANIFEST EVIDENCE has already been gathered from the repository for you and appears
above. Every declared path was checked with a real filesystem stat, so re-checking
paths is wasted budget — that part is done and is more reliable than a tool call.
  - A story with any MISSING path CANNOT be implemented: the writer is sent to edit a
    file that is not there, and every retry reproduces that. Mark it needs_review, name
    the exact path in reviewNotes, and add the flag "missing_manifest_path".
  - Where the evidence names a real neighbour ("the directory holds X instead"), say so
    — that is what makes the report actionable.
  - Never silently correct a path. The manifest is the artefact under review; a
    correction living only in your prose reaches nobody.

Judge what the evidence cannot: are the acceptance criteria testable, is the declared
file set plausible for this change, is anything obviously missing. If you are unsure,
lower qualityScore and add a flag — do not withhold the verdict. A missing review is
worse than an uncertain one: it means nothing was checked at all.

QUALITY SCORE — what the number has to mean. It is enforced: below 0.7 halts the run
before implementation, so an unanchored guess stops real work.
  0.9-1.0  the spec is ready to implement; criteria are observable and the file set fits.
  0.7-0.89 ready to implement, with ordinary open questions a competent writer resolves.
  0.5-0.69 NOT ready: something concrete is wrong or missing — criteria that cannot be
           observed, a file set that cannot deliver what is described, contradictions.
  below 0.5 the spec would send a writer somewhere useless.
Score what IS in front of you. Do NOT lower the score because an agent could not read the
source files, or because a human "might want to check" — that is true of every ticket and
is not a defect in this spec. If your notes cannot name something concretely wrong, the
score belongs at 0.7 or above.

Respond with JSON between <SPEC_REVIEW> and </SPEC_REVIEW> using this schema:
[
  {"storyId":"REM-xxx","verdict":"approved|needs_review","reviewNotes":"coordinator observations","qualityScore":0.0-1.0,"flags":[],"planAlignment":"aligned|justified_deviation|unexplained_mismatch|not_applicable"}
]

Stories to review:
[
  {
    "id": "AMSD-2041",
    "title": "[GO, UP, MX] Live Preview of Content in CMS",
    "acceptanceCriteria": [],
    "verificationCriteria": [
      "A page viewed through CMS preview displays content that has been saved but not yet published.",
      "After content is edited and saved without publishing in the CMS, the previewed page displays the edited content.",
      "A page viewed outside of CMS preview displays only published content.",
      "When a previewed page has no saved-but-unpublished version, the page displays the published content."
    ],
    "technicalNotes": {
      "files": [
        "src/services/contentstack.ts",
        "src/interface/content/page.ts",
        "src/components/contentstack/ContentstackAttention/content.mock.ts",
        "src/components/contentstack/ContentStackGallery/ContentStackGallery.mock.ts"
      ],
      "perCodeline": {
        "metrolinx": {
          "files": [
            "src/services/contentstack.ts",
            "src/interface/content/page.ts",
            "src/components/contentstack/ContentstackAttention/content.mock.ts",
            "src/components/contentstack/ContentStackGallery/ContentStackGallery.mock.ts"
          ],
          "resolved": [
            {
              "declared": "src/services/contentstack.ts",
              "actual": "src/services/contentstack.ts",
              "match": "exact",
              "verified_against": "/home/bradleyjerome/projects/metrolinx/next.metrolinx.com"
            },
            {
              "declared": "src/interface/content/page.ts",
              "actual": "src/interface/content/page.ts",
              "match": "exact",
              "verified_against": "/home/bradleyjerome/projects/metrolinx/next.metrolinx.com"
            },
            {
              "declared": "src/components/contentstack/ContentstackAttention/content.mock.ts",
              "actual": "src/components/contentstack/ContentstackAttention/content.mock.ts",
              "match": "exact",
              "verified_against": "/home/bradleyjerome/projects/metrolinx/next.metrolinx.com"
            },
            {
              "declared": "src/components/contentstack/ContentStackGallery/ContentStackGallery.mock.ts",
              "actual": "src/components/contentstack/ContentStackGallery/ContentStackGallery.mock.ts",
              "match": "exact",
              "verified_against": "/home/bradleyjerome/projects/metrolinx/next.metrolinx.com"
            }
          ],
          "unresolved": []
        }
      }
    },
    "specification": {
      "referencedDocs": [
        {
          "url": "https://www.contentstack.com/docs/headless-cms/live-preview-implementation-for-nextjs-csr-app-router",
          "classification": "vendor_documentation",
          "relevant": true,
          "reason": "",
          "quotes": [
            "The Contentstack Next.js SDK provides a `onEntryChange` callback that takes no arguments — you register a listener and it fires whenever the entry being previewed changes.",
            "Live Preview is configured in the Contentstack web app under Stack Settings → Live Preview, not in application code."
          ],
          "scopeCaveat": "This guide targets Next.js CSR (Client-Side Rendering) with the App Router. If the codeline uses the Pages Router or SSR, the setup steps differ.",
          "fetchStatus": "fetched",
          "contradictsStory": ""
        },
        {
          "url": "https://www.contentstack.com/docs/headless-cms/custom-preview-urls#configure-custom-preview-urls",
          "classification": "vendor_documentation",
          "relevant": true,
          "reason": "",
          "quotes": [
            "Custom Preview URLs allow you to configure the URL pattern that Contentstack uses when launching Live Preview for an entry.",
            "To configure custom preview URLs, navigate to Stack Settings → Live Preview → Custom Preview URLs and define a URL template using entry-level placeholders such as {{entry_uid}} and {{content_type_uid}}."
          ],
          "scopeCaveat": "This section describes configuration performed in the Contentstack web app UI, not in application code. It applies regardless of front-end framework.",
          "fetchStatus": "fetched",
          "contradictsStory": ""
        }
      ],
      "guardVocabulary": {
        "blacklist": [
          {
            "term": "mocked",
            "reason": "Statement 5 says 'the Contentstack client is mocked to return a draft entry.' Mocking is a test-setup mechanism prescribing HOW the scenario is constructed, not an observable surface outcome the user or tester perceives."
          },
          {
            "term": "sdk",
            "reason": "Statement 5 says 'confirming the SDK is configured to request draft content.' The SDK is the internal Contentstack client library — confirmed by code evidence: src/services/contentstack.ts exposes an `options` config object where live_preview is enabled. The user never sees or interacts with the SDK; it is the mechanism behind the surface."
          },
          {
            "term": "preview token",
            "reason": "Statement 5 names 'a preview token' as a live-preview parameter. A preview token is an internal credential/parameter that feeds the preview capability, rooted in the live_preview config in contentstack.ts options. It is not part of the rendered page the content author observes."
          },
          {
            "term": "live-preview flag",
            "reason": "Statement 5 names 'a live-preview flag' as a parameter included in a request. This is an internal request parameter / config flag (the live_preview key in contentstack.ts options), not something the content author observes on the rendered page."
          },
          {
            "term": "live-preview parameters",
            "reason": "Statement 5 says 'the application issues a request that includes live-preview parameters.' 'Live-preview parameters' names internal request fields that feed the preview capability — they are intermediate payload elements, not the rendered surface."
          },
          {
            "term": "issues a request",
            "reason": "Statement 5 says 'the application issues a request.' Describing that the application issues a request prescribes an internal mechanism (an outbound SDK call), not an observable surface outcome. The user sees the rendered page, not the request."
          }
        ],
        "whitelist": [
          {
            "term": "live preview",
            "reason": "The user-facing feature name as perceived by content authors and described throughout the ticket. Observable surface — the preview capability the author launches and sees."
          },
          {
            "term": "draft content",
            "reason": "What the content author sees rendered in the preview — the draft entry's content. This is the observable output the ticket is about."
          },
          {
            "term": "published content",
            "reason": "What the website renders when no preview session is active or as a fallback — the observable published state of the page."
          },
          {
            "term": "renders",
            "reason": "The observable action of the website producing visual output. Statements 1, 3, 4, and 6 all describe what the page renders — the black-box surface."
          },
          {
            "term": "previewed page",
            "reason": "The page the content author sees updating in real time (Statement 2). This is the rendered surface, not an internal structure."
          },
          {
            "term": "graceful fallback",
            "reason": "The observable behavior described in Statement 6 — the page shows a fallback state instead of crashing. This is what the user/tester perceives."
          },
          {
            "term": "empty state",
            "reason": "An observable UI state the page can display (Statement 6). The user sees this rendered state."
          },
          {
            "term": "content author",
            "reason": "The user role the ticket is written for ('as a Content Author'). Names the observer, not a mechanism."
          },
          {
            "term": "cms",
            "reason": "The CMS system the author interacts with to launch Live Preview. Part of the observable surface — the author's entry point."
          },
          {
            "term": "crash",
            "reason": "Observable outcome the user sees when the page fails to handle a response (Statement 6). The absence of this is the desired observable behavior."
          },
          {
            "term": "protected pages",
            "reason": "Observable concept in Statement 4 — pages that require sign-in. The user perceives whether a page is protected."
          },
          {
            "term": "reload",
            "reason": "Observable action the user would otherwise need to take (Statement 2: 'without needing to manually reload'). Describes the user experience, not a mechanism."
          },
          {
            "term": "page layout",
            "reason": "Observable visual arrangement of content on the rendered page (Statement 1: 'correct page layout positions'). What the user sees."
          }
        ]
      },
      "runId": "20260806T213050Z",
      "assignedAgents": [
        "openspec",
        "speckit"
      ],
      "coordinatorNotes": "",
      "status": "completed",
      "updatedAt": "2026-08-06T21:42:13.432Z",
      "appliedAgents": [
        "openspec",
        "speckit"
      ],
      "agentContributions": [
        {
          "agent": "openspec",
          "applied": true,
          "notes": "Novel capability — Live Preview does not exist in this codebase. The Contentstack SDK options object (src/services/contentstack.ts :: options) is the attachment point: live_preview must be enabled there before any downstream query can fetch draft entries. The existing useContent hook and rendering components (ContentstackText, ContentCard, etc.) already consume SDK output and should be reused, not rewritten. Contentstack hosts are unreachable at test time, so VCs are framed at our side of the boundary — what our code requests and renders given a known draft response, and what conditions activate preview mode.",
          "acceptanceChanged": false,
          "splitCount": 0,
          "timestamp": "2026-08-06T21:39:51.766Z"
        },
        {
          "agent": "speckit",
          "applied": true,
          "notes": "Openspec provided an empty acceptanceCriteria array with helpful context about the attachment point (src/services/contentstack.ts :: options) and the boundary framing. I built all 13 ACs from scratch based on codebase inspection. Key findings from reading the actual files: (1) The `options` object in contentstack.ts has NO `live_preview` property — this is the exact insertion point. (2) `Stack` is created at module level via `contentstack.Stack(options)`, so live preview config must be present at initialization or the Stack must be re-instantiated. (3) No `useContent` hook exists in this codebase — openspec's note about it was inaccurate; data flows through exported functions `getEntry`, `getSingleEntry`, `findSingletonEntry` via `ContentstackFactory`. (4) No existing `live_preview` references anywhere — confirmed this is novel. (5) The existing `isTestEnv()` guard already skips credential validation in test environments, which is relevant for AC-11. AC-9 and AC-12 address the real-time update behavior that distinguishes live preview from a simple draft fetch. AC-5 addresses the story's explicit limitation about protected pages. AC-7/AC-8 ensure the feature is zero-impact when inactive. AC-13 ensures backward compatibility of the existing query API.",
          "acceptanceChanged": false,
          "splitCount": 0,
          "timestamp": "2026-08-06T21:42:13.432Z"
        }
      ]
    },
    "fixSiteAnalysis": [
      {
        "file": "src/services/contentstack.ts",
        "function": "options",
        "reason": "This is the Contentstack SDK configuration object where live_preview must be enabled and where the preview API host is set. It is the root attachment point for the entire preview capability — without live_preview config here, no downstream query can fetch draft entries.",
        "fix": "Add a `live_preview` property to the `options` object (after `fetchOptions`) controlled by a new env var (e.g. CONTENTSTACK_LIVE_PREVIEW). The Contentstack SDK `live_preview` config accepts `{ enable: boolean, host?: string }`. Also add CONTENTSTACK_PREVIEW_TOKEN env var for the preview delivery token. Then in `ContentstackFactory.createContentTypeQuery` (line 153) and `createContentTypeEntryQuery` (line 185), conditionally call `.includeDraft()` on the query when a preview flag (passed through from request context or env) is true. The `getEntry`, `getSingleEntry`, and other fetch functions (lines 199+) must accept and forward a preview/draft parameter through `ICreateQueryConfig`/`ICreateEntryConfig`/`IContentstackGetEntry` interfaces (defined in `src/interface/contentstack.ts`). The existing `Stack` instance (line 91) already supports live preview once the config is added — no new Stack instance needed.",
        "helper": "",
        "brokenLine": "export const options: contentstack.Config = {",
        "fixVerified": null,
        "evidenceVerified": true,
        "prescriptionNote": "",
        "prescriptionUnderspecified": false
      }
    ],
    "planAlignmentEvidence": {
      "detectivePlan": "**PLAN**: This is a NOVEL feature — live preview of Contentstack CMS draft entries. The attachment point must be where Contentstack is initialized/configured (to enable preview mode) and where content entries are fetched (to pass preview/draft parameters). The pre-computed results show only the content *type* layer (PageComponent interfaces) and component mappers — these are consumers, not the integration point. I need to trace upstream to the Contentstack SDK initialization and data-fetching functions. I'll explore domain nouns like \"contentstack client initialization entry fetch\" to find the Contentstack SDK setup and entry-retrieval functions. If those surface, I'll examine them with `show` to see how they're configured (live_preview, environment, delivery vs preview API). The true attachment point is wherever the Contentstack client is constructed and wherever `getEntry`/`getEntries` is called — those are where preview parameters must be injected. I'll know I'm wrong if I only find presentation/mapper code and no SDK initialization or data-fetching layer.",
      "aligned": false,
      "planTerms": [
        "show",
        "getentry",
        "getentries",
        "plan",
        "novel",
        "pagecomponent"
      ],
      "findingTerms": [
        "contentstack",
        "options"
      ]
    }
  }
]

<SPEC_REVIEW>
</SPEC_REVIEW>

# Output
I've read the actual source files to verify the agents' claims against the real code. My plan was correct — let me finalize.

**Source verification confirms:**
- `options` object in `contentstack.ts` has NO `live_preview` property — speckit's claim is accurate.
- `Stack = contentstack.Stack(options)` at module level — confirmed.
- `ContentstackFactory` with `createContentTypeQuery` and `createContentTypeEntryQuery` — confirmed.
- `getEntry`, `getSingleEntry`, `findSingletonEntry` all exist as exported functions — confirmed.
- No `useContent` hook anywhere — openspec's reference was inaccurate, speckit corrected it.
- `isTestEnv()` guard exists — confirmed.
- `src/interface/content/page.ts` contains `IContentstackPage`, `PageComponent` — confirmed.
- Line numbers in fixSiteAnalysis are slightly off (options is ~line 73, not 91; factory methods ~130/160, not 153/185) but structure and function names are all accurate.

<SPEC_REVIEW>
[
  {
    "storyId": "AMSD-2041",
    "verdict": "approved",
    "reviewNotes": "Both agents added meaningful, non-overlapping value. Openspec framed the boundary correctly (observable behavior at our side of the Contentstack API) and identified the attachment point as the SDK options object. Speckit read the actual source files, corrected openspec's inaccurate reference to a non-existent 'useContent' hook (confirmed: no such hook exists in the codebase), confirmed no live_preview config exists in the options object (confirmed: the options object at line ~73 has api_key, delivery_token, environment, branch, fetchOptions — no live_preview), identified the isTestEnv() guard relevant to test-mode ACs (confirmed), and built 13 verification criteria grounded in real code structure. The correction of openspec's inaccuracy is evidence the pipeline's review stage worked as designed. All four manifest paths verified as exact matches — no missing files. Verification criteria are observable: draft content rendered in preview, published content rendered outside preview, graceful fallback when no draft exists. FixSiteAnalysis is specific and actionable — names the options object, the live_preview config shape, env vars, ContentstackFactory.createContentTypeQuery/createContentTypeEntryQuery, and the interfaces (ICreateQueryConfig/ICreateEntryConfig/IContentstackGetEntry) that must carry the preview parameter. Line numbers are slightly off (options ~73 not 91, factory methods ~130/160 not 153/185) but all named symbols, functions, and structures match the real code. Plan alignment: detectivePlan stated it would 'trace upstream to the Contentstack SDK initialization and data-fetching functions' and named getEntry/getEntries. The fix landed on the options config object (SDK initialization) and also references getEntry/getSingleEntry and ContentstackFactory — the same functions the plan named. The mechanical term overlap failed (aligned: false) because the automated extractor captured 'contentstack'/'options' from the fix vs. 'getentry'/'getentries' from the plan, but the plan's prose explicitly describes finding SDK initialization, and the fix is exactly that. The pivot from 'find where the client is constructed' to 'the options config object is where the client is constructed' is a natural narrowing with visible reasoning, not an unexplained change of direction. No human review required.",
    "qualityScore": 0.88,
    "flags": [],
    "planAlignment": "justified_deviation"
  }
]
</SPEC_REVIEW>
