# Prompt
You are the specification coordinator for the epam-cli orchestration system. Before every phase you read orchestrations/prd.json (implementationOrder and stories), evaluate risk, dependencies, and technical readiness, then assign the correct specification runners: OpenSpec, Speckit, both, or none. You write assignments into each story's specification.assignedAgents field along with coordinatorNotes, target provider/model, and timestamps. You understand the provider policy ledger (configuration.aiRuntime.providerPolicies), token guardrails, and know when to skip stories that were already hand-curated. When you plan a run you emit JSON compliant with spec-mode-runner.js so that automation can apply deltas deterministically. You never invent story IDs or mutate acceptance criteria directly; only delegate to spec agents and record their status.

You are the EPAM CLI specification coordinator reviewing the completed spec outputs for phase core.

Each story was processed by a sequential agent pipeline:
  1. openspec elaborated requirements (AC refinement, story splits, technical depth)
  2. speckit reviewed openspec's output (testability, security, edge cases, gap analysis)

For each story, evaluate the quality of the collaborative spec work:
1. Did both agents add meaningful, non-overlapping value?
2. Flag any story needing human review.
3. PLAN ALIGNMENT — where planAlignmentEvidence is present, it tells you what the
   code-graph-detective SAID it would investigate (detectivePlan) and a deterministic,
   cheap signal (aligned: true/false) for whether the final fixSiteAnalysis shares any
   named symbol/file with that plan. This signal is NOT your verdict — it is evidence, the
   same as MANIFEST EVIDENCE below. A plan can legitimately turn out wrong once real
   exploration starts. Read detectivePlan and fixSiteAnalysis yourself and judge: did the
   detective explain WHY it moved from its plan to its final answer (a stated pivot,
   reasoning that connects the two), or did the answer just change with no explanation?
   The latter is a real defect (a fix has shipped that shared no term with the detective's
   own stated plan, with no explanation, more than once on the same ticket) — set
   planAlignment to justified_deviation when the detective justifies its pivot, or
   unexplained_mismatch when it does not, and say why in reviewNotes. aligned:true needs
   no action.

(Brownfield tickets never split and their acceptance criteria are immutable —
do not evaluate split quality or AC completeness; there is nothing there for
either agent to have changed.

EXPECTED, NOT A DEFECT: an agent's notes may describe acceptance criteria it
authored while the story's acceptanceCriteria array is empty, and report
acceptanceChanged=false. That is this pipeline REDACTING them on purpose: on a
brownfield ticket the ACs are the ticket's own, and a thin ticket legitimately
has none. The observable checks live in verificationCriteria — judge THOSE.
Do not report the mismatch as a hallucination, a persistence failure or a
metadata inconsistency, and do not lower qualityScore for it. An empty
acceptanceCriteria array on a brownfield story is correct by policy.)

MANIFEST EVIDENCE (checked against the repository, not asserted):
  AMSD-1919: EXISTS  src/components/pages/CheckoutPage/CheckoutForm.tsx
  AMSD-1919: EXISTS  src/components/pages/CheckoutPage/__tests__/CheckoutForm.spec.tsx
  AMSD-1919: EXISTS  src/components/componentMappers/CheckoutPageComponentMapper.tsx
  AMSD-1919: EXISTS  src/components/componentMappers/PurchaseConfirmationPageComponentMapper.tsx
  AMSD-1919: EXISTS  src/components/pages/CheckoutPage/CheckoutPage.tsx


ANSWER IN THIS RESPONSE. Your <SPEC_REVIEW> verdict must appear in THIS reply — an
empty <SPEC_REVIEW></SPEC_REVIEW>, or a promise to verify and answer later, is
discarded and the review does not happen. There is no follow-up turn to come back in.

You DO have read-only tools this turn (read_file, list_files, search). Use them for
real if something is genuinely unclear — but never narrate an imagined tool result,
and never spend the whole turn exploring and run out before writing the verdict.
Budget is small and the verdict is mandatory: gather at most what you need, then answer.

MANIFEST EVIDENCE has already been gathered from the repository for you and appears
above. Every declared path was checked with a real filesystem stat, so re-checking
paths is wasted budget — that part is done and is more reliable than a tool call.
  - A story with any MISSING path CANNOT be implemented: the writer is sent to edit a
    file that is not there, and every retry reproduces that. Mark it needs_review, name
    the exact path in reviewNotes, and add the flag "missing_manifest_path".
  - Where the evidence names a real neighbour ("the directory holds X instead"), say so
    — that is what makes the report actionable.
  - Never silently correct a path. The manifest is the artefact under review; a
    correction living only in your prose reaches nobody.

Judge what the evidence cannot: are the acceptance criteria testable, is the declared
file set plausible for this change, is anything obviously missing. If you are unsure,
lower qualityScore and add a flag — do not withhold the verdict. A missing review is
EVERY FLAG CARRIES A SEVERITY. It ranks your objections for whoever reads them; it does not
decide whether the run stops — a computed check or a project-declared flag does that. Mark
blocking when an implementer following this spec would produce work that CANNOT FUNCTION,
and advisory for uncertainty about what you could not see. Report both honestly: nothing is
gained by inflating uncertainty into a defect, and nothing is lost by naming a real one.
worse than an uncertain one: it means nothing was checked at all.

QUALITY SCORE — what the number has to mean. It is enforced: below 0.7 halts the run
before implementation, so an unanchored guess stops real work.
  0.9-1.0  the spec is ready to implement; criteria are observable and the file set fits.
  0.7-0.89 ready to implement, with ordinary open questions a competent writer resolves.
  0.5-0.69 NOT ready: something concrete is wrong or missing — criteria that cannot be
           observed, a file set that cannot deliver what is described, contradictions.
  below 0.5 the spec would send a writer somewhere useless.
Score what IS in front of you. Do NOT lower the score because an agent could not read the
source files, or because a human "might want to check" — that is true of every ticket and
is not a defect in this spec. If your notes cannot name something concretely wrong, the
score belongs at 0.7 or above.

Respond with JSON between <SPEC_REVIEW> and </SPEC_REVIEW> using this schema:
[
  {"storyId":"REM-xxx","verdict":"approved|needs_review","reviewNotes":"coordinator observations","qualityScore":<0.0-1.0>,"flags":[{"flag":"short-slug","severity":"blocking|advisory","why":"what you checked and what you found"}],"planAlignment":"aligned|justified_deviation|unexplained_mismatch|not_applicable"}
]

Stories to review:
[
  {
    "id": "AMSD-1919",
    "title": "Go-Checkout Page - Email & Confirm Email Case Sensitivity",
    "acceptanceCriteria": [],
    "verificationCriteria": [
      "When the user types the same email address into the Email field in lowercase and into the Confirm Email field in uppercase (or any differing casing) and moves focus away, the Confirm Email field shows no validation error.",
      "When the user types the same email address into the Email field in uppercase and into the Confirm Email field in lowercase and moves focus away, the Confirm Email field shows no validation error.",
      "When the user types genuinely different email addresses into the Email and Confirm Email fields (regardless of casing) and moves focus away, the Confirm Email field still shows the existing mismatch error message.",
      "With matching-but-differently-cased email and confirm-email values entered, the checkout form's submit action is not blocked by a confirm-email mismatch error."
    ],
    "technicalNotes": {
      "files": [
        "src/components/pages/CheckoutPage/CheckoutForm.tsx",
        "src/components/pages/CheckoutPage/__tests__/CheckoutForm.spec.tsx",
        "src/components/componentMappers/CheckoutPageComponentMapper.tsx",
        "src/components/componentMappers/PurchaseConfirmationPageComponentMapper.tsx",
        "src/components/pages/CheckoutPage/CheckoutPage.tsx"
      ],
      "perCodeline": {
        "gotransit": {
          "files": [
            "src/components/pages/CheckoutPage/CheckoutForm.tsx",
            "src/components/pages/CheckoutPage/__tests__/CheckoutForm.spec.tsx",
            "src/components/componentMappers/CheckoutPageComponentMapper.tsx",
            "src/components/componentMappers/PurchaseConfirmationPageComponentMapper.tsx",
            "src/components/pages/CheckoutPage/CheckoutPage.tsx"
          ],
          "resolved": [
            {
              "declared": "src/components/pages/CheckoutPage/CheckoutForm.tsx",
              "actual": "src/components/pages/CheckoutPage/CheckoutForm.tsx",
              "match": "exact",
              "verified_against": "/home/bradleyjerome/projects/metrolinx/next.gotransit.com"
            },
            {
              "declared": "src/components/pages/CheckoutPage/__tests__/CheckoutForm.spec.tsx",
              "actual": "src/components/pages/CheckoutPage/__tests__/CheckoutForm.spec.tsx",
              "match": "exact",
              "verified_against": "/home/bradleyjerome/projects/metrolinx/next.gotransit.com"
            },
            {
              "declared": "src/components/componentMappers/CheckoutPageComponentMapper.tsx",
              "actual": "src/components/componentMappers/CheckoutPageComponentMapper.tsx",
              "match": "exact",
              "verified_against": "/home/bradleyjerome/projects/metrolinx/next.gotransit.com"
            },
            {
              "declared": "src/components/componentMappers/PurchaseConfirmationPageComponentMapper.tsx",
              "actual": "src/components/componentMappers/PurchaseConfirmationPageComponentMapper.tsx",
              "match": "exact",
              "verified_against": "/home/bradleyjerome/projects/metrolinx/next.gotransit.com"
            },
            {
              "declared": "src/components/pages/CheckoutPage/CheckoutPage.tsx",
              "actual": "src/components/pages/CheckoutPage/CheckoutPage.tsx",
              "match": "exact",
              "verified_against": "/home/bradleyjerome/projects/metrolinx/next.gotransit.com"
            }
          ],
          "unresolved": []
        }
      }
    },
    "specification": {
      "guardVocabulary": {
        "blacklist": [
          {
            "term": "trm774",
            "reason": "internal i18n/error-message key from the validate rule, not the rendered text a tester observes",
            "kind": "internal_structure"
          },
          {
            "term": "validate rule",
            "reason": "names the react-hook-form validation mechanism (HOW), not an observable outcome",
            "kind": "implementation_noun"
          },
          {
            "term": "watched email value",
            "reason": "internal react-hook-form watch() mechanism feeding the comparison, not the observable surface",
            "kind": "internal_structure"
          },
          {
            "term": "case-sensitive string comparison",
            "reason": "names the internal comparison algorithm that produces the verdict, prescribing HOW rather than asserting the observable result",
            "kind": "implementation_noun"
          },
          {
            "term": "checkoutformprovider",
            "reason": "internal component that seeds form defaults; not part of the user-facing surface",
            "kind": "internal_structure"
          },
          {
            "term": "icheckoutformvalues",
            "reason": "internal TypeScript type/data structure behind the form, not the rendered surface",
            "kind": "internal_structure"
          },
          {
            "term": "getconfirmemail",
            "reason": "internal test helper/selector, not an end-user observable",
            "kind": "internal_structure"
          },
          {
            "term": "getemail",
            "reason": "internal test helper/selector, not an end-user observable",
            "kind": "internal_structure"
          },
          {
            "term": "react-hook-form",
            "reason": "names the form library/mechanism used to implement validation (HOW), not what a user observes",
            "kind": "implementation_noun"
          },
          {
            "term": "onblur mode",
            "reason": "internal form-library configuration governing when validation runs, not an observable outcome",
            "kind": "implementation_noun"
          },
          {
            "term": "tolowercase",
            "reason": "names a normalization implementation call, prescribing HOW the comparison should be made",
            "kind": "construction_verb"
          },
          {
            "term": "touppercase",
            "reason": "names a normalization implementation call, prescribing HOW the comparison should be made",
            "kind": "construction_verb"
          },
          {
            "term": "matches the email field",
            "reason": "cross-comparison phrasing that presumes a shared derivation/mechanism between the two fields instead of asserting the confirm-email field's state on its own",
            "kind": "cross_comparison"
          },
          {
            "term": "equals the email field",
            "reason": "cross-comparison phrasing that presumes a shared derivation/mechanism between the two fields instead of asserting the confirm-email field's state on its own",
            "kind": "cross_comparison"
          }
        ],
        "whitelist": [
          {
            "term": "email field",
            "reason": "user-facing form field named in the ticket, part of the observable surface"
          },
          {
            "term": "confirm email field",
            "reason": "user-facing form field named in the ticket, part of the observable surface"
          },
          {
            "term": "validation error",
            "reason": "observable UI state a tester perceives"
          },
          {
            "term": "mismatch error message",
            "reason": "observable rendered text a tester perceives"
          },
          {
            "term": "submit action",
            "reason": "observable, user-triggered checkout form action"
          },
          {
            "term": "checkout form",
            "reason": "the ticket's named user-facing surface (Go-Checkout page)"
          },
          {
            "term": "focus",
            "reason": "observable user interaction (moving focus away) that is part of the black-box test steps"
          }
        ]
      },
      "runId": "20260902T022134Z",
      "assignedAgents": [
        "openspec",
        "speckit"
      ],
      "coordinatorNotes": "",
      "status": "completed",
      "updatedAt": "2026-09-02T10:40:06.499Z",
      "appliedAgents": [
        "openspec",
        "speckit"
      ],
      "agentContributions": [
        {
          "agent": "openspec",
          "applied": true,
          "notes": "Fix site confirmed at src/components/pages/CheckoutPage/CheckoutForm.tsx CheckoutForm's confirmEmail FormInput validate rule (~lines 305-309), which does a case-sensitive string comparison against the watched email value. CheckoutFormProvider.tsx and types.ts do not normalize case, so this is the sole point producing the false mismatch. Existing spec CheckoutForm.spec.tsx already exposes getEmail()/getConfirmEmail() helpers and exercises onBlur validation, so the new case-insensitivity scenario extends that suite rather than introducing new test scaffolding. Contentstack is not involved in this flow (translation strings only), so no external-service mocking boundary applies here.",
          "acceptanceChanged": false,
          "splitCount": 0,
          "timestamp": "2026-09-02T10:38:26.906Z"
        },
        {
          "agent": "speckit",
          "applied": true,
          "notes": "Openspec supplied no acceptance criteria (empty array), only notes correctly pinpointing the fix site (CheckoutForm.tsx confirmEmail validate rule, ~lines 305-309: `if (email && value && value !== email) return t(\"TRM774\")`). I built the full AC set from scratch since there was nothing to refine, covering: the core case-insensitive match scenario (domain-only and local-part-only casing variants), the negative case (genuinely different addresses still flagged), re-validation clearing an existing error when Email is edited to match, submission payload integrity (casing as typed must NOT be silently normalized/lowercased for downstream use — only the comparison logic changes), and regression coverage for existing empty-field behavior (required-rule and comparison-skip-when-either-field-empty) so the fix doesn't accidentally change unrelated validation paths. Flagged two edge cases (whitespace-insensitivity, Unicode casing) as out-of-scope-per-description but worth a quick sanity check during implementation. All criteria are Given/When/Then observable-outcome statements verifiable via the rendered form's error text and field values — none reference mocks, imports, or specific libraries.",
          "acceptanceChanged": false,
          "splitCount": 0,
          "timestamp": "2026-09-02T10:40:06.499Z"
        }
      ]
    },
    "fixSiteAnalysis": [
      {
        "file": "src/components/pages/CheckoutPage/CheckoutForm.tsx",
        "function": "CheckoutForm",
        "reason": "This is the site that COMPUTES the mismatch verdict: the confirmEmail FormInput's react-hook-form `validate` rule (lines 305-309) performs the case-sensitive string comparison between the typed confirmEmail value and the watched `email` value, and returns t(\"TRM774\") when they differ. No other module compares the two fields — CheckoutFormProvider.tsx only seeds defaults (email/confirmEmail both set verbatim from user.email, lines 46-59, no normalization) and types.ts (ICheckoutFormValues, lines 3-10) is plain `string` fields with no transform. So the wrong boolean originates here, not downstream.",
        "fix": "In src/components/pages/CheckoutPage/CheckoutForm.tsx, change the single comparison expression inside the confirmEmail `validate` rule (line 306) from `value !== email` to a case-insensitive comparison: `if (email && value && value.toLowerCase() !== email.toLowerCase()) {`. Nothing else changes — keep the same `t(\"TRM774\")` return and the surrounding truthiness guards. No existing repo helper performs email case-folding (none surfaced by the index), so use the built-in String.prototype.toLowerCase rather than adding a new util. Do NOT mutate the stored form values or add a normalization layer in CheckoutFormProvider.tsx/types.ts — the user's original casing must still be submitted.",
        "helper": "",
        "brokenLine": "if (email && value && value !== email) {",
        "fixVerified": null,
        "evidenceVerified": true,
        "fileVerified": true,
        "changeRequired": true,
        "requiredPackages": [],
        "deliveryRole": "produces",
        "runsIn": "browser",
        "prescriptionNote": "",
        "prescriptionUnderspecified": false,
        "codeline": "gotransit"
      },
      {
        "file": "src/components/pages/CheckoutPage/__tests__/CheckoutForm.spec.tsx",
        "function": "CheckoutForm.spec",
        "reason": "Existing spec for this component (helpers getEmail()/getConfirmEmail() at lines 107-108 already target the two fields, and the suite exercises blur-triggered validation via the provider's mode:\"onBlur\"). It currently has no case-difference scenario, so the regression is uncovered; it needs a new test asserting no TRM774 error when the same address is entered with differing casing.",
        "fix": "Add one test that types e.g. \"User@Example.com\" into getEmail() and \"user@example.com\" into getConfirmEmail(), blurs, and asserts screen.queryByText(\"TRM774\") is null (mirroring the existing getAllValidationErrors()/blur pattern already used in this file). Reuse the existing getEmail/getConfirmEmail/getAllValidationErrors helpers in this spec; do not add new render harnesses.",
        "helper": "getConfirmEmail",
        "brokenLine": "const getConfirmEmail = () => screen.getByLabelText(\"TRM772\");",
        "fixVerified": true,
        "evidenceVerified": true,
        "fileVerified": true,
        "changeRequired": true,
        "requiredPackages": [],
        "deliveryRole": "verifies",
        "runsIn": "n/a",
        "prescriptionNote": "",
        "prescriptionUnderspecified": false,
        "codeline": "gotransit"
      }
    ],
    "planAlignmentEvidence": null
  }
]

<SPEC_REVIEW>
</SPEC_REVIEW>
# Output — THIS IS A CONTRACT, NOT A PREFERENCE

Emit EXACTLY one <SPEC_REVIEW> block and nothing else that matters. Prose outside it is DISCARDED
unread, however correct it is — the pipeline parses the block and never the commentary.

<SPEC_REVIEW>
{
  "items": [ {
      "storyId": <string>,
      "verdict": <string>,
      "reviewNotes": <string>   (optional),
      "qualityScore": <number>   (optional),
      "flags": <array>
         // Each flag is either a bare string (advisory) or an object carrying severity. Severity RANKS your objections for the human reading them; it does not decide whether the run stops. Mark blocking when an implementer following this spec would produce work that cannot function, and advisory for uncertainty about what you could not see. What halts a run is a computed check or a flag this project has declared blocking — not your assessment of your own output.   (optional),
  } ]
}
</SPEC_REVIEW>

Submit coordinator quality review results for all stories.


# Output
{"items":[{"storyId":"AMSD-1919","verdict":"approved","reviewNotes":"Both agents added distinct, non-overlapping value: openspec's investigation correctly isolated the sole comparison site (CheckoutForm.tsx confirmEmail `validate` rule, ~line 306) and confirmed no case-normalization exists elsewhere in CheckoutFormProvider/types.ts, while speckit built the full observable verificationCriteria set from scratch (positive case-insensitive match in both directions, negative case for genuinely different addresses, submit not blocked) since openspec's acceptanceCriteria was empty — consistent with brownfield policy, not a defect. All 5 manifest paths exist exactly as declared. fixSiteAnalysis is concrete and scoped: production fix is a single-expression change (`value !== email` -> case-folded comparison) with an explicit guard against normalizing stored form values (preserving submitted casing), and the test fix reuses existing getEmail()/getConfirmEmail()/getAllValidationErrors() helpers rather than introducing new scaffolding. Guard vocabulary blacklist appropriately excludes implementation nouns (react-hook-form, toLowerCase, TRM774 key) from the tester-facing criteria while whitelisting genuine UI-observable terms. Speckit's note about whitespace/Unicode edge cases being flagged out-of-scope-but-worth-a-sanity-check is a reasonable, non-blocking observation rather than scope creep.","qualityScore":0.93,"flags":[]}]}

[coverage-gate] writer: no pre-flight has gated this run — standing down
