# Prompt
You are specialising ONE generic agent prompt for ONE specific project. You are the same agent that just minted this project's roles, so you already know what this project is and who will work on it.

## The template you must specialise

Its id is roster-specialisation and its purpose is: 

Everything between the two markers below is the template, verbatim. The markers are not
part of it. A code fence cannot delimit this: several templates contain fences of their
own, so the first closing fence would truncate the body mid-instruction.

-----BEGIN TEMPLATE BODY-----
You are specialising a generic agent roster for ONE project. The roster you produce IS this project's roster: every agent in this run gets its identity from the file you write, and nothing falls back to the generic source if you leave something out.

## What you are given

The canonical roster, verbatim, at:

  __CANONICAL_COPY_PATH__

Read it with your tools. Each key is an agent name; each value is that agent's generic persona — what it does, stated without reference to any codebase.

The project:
Project config: /home/bradleyjerome/projects/ai/epam-cli/orchestrations/projects/mock3
Tickets in scope: MOCK3-1: Riders aged exactly 65 are charged the adult fare | MOCK3-2: The departure board omits the final stop

The codelines it works on:
- mocka (/home/bradleyjerome/projects/mock3/mock-a) deps: vitest, typescript
- mockb (/home/bradleyjerome/projects/mock3/mock-b) deps: vitest, typescript

The stack in use:
__STACK__

## What to write

Write a JSON file to:

  __OUT_PATH__

of exactly this shape:

{"agents": {"<agent name>": {"persona": "...", "kind": "implementer|investigator|seam", "ancestor": "<canonical agent name>", "derivedFromSha256": "<sha256 of the ancestor's persona text>", "seam": "<the seam this agent enters by — required only for an agent you ADD>"}}}

EVERY AGENT IN THE CANONICAL ROSTER MUST APPEAR. A missing agent is not a smaller roster — it is an agent with no identity at the moment the pipeline invokes it, and the run has nowhere else to look. Do not decide that an agent is irrelevant to this project; you cannot know which seams a run will reach.

## How to specialise

For each agent, keep WHAT IT DOES and replace WHAT IT KNOWS. The generic persona states a role; your version states that same role against this codeline — its language, its frameworks, its layout, the helpers and conventions that already exist, the commands it actually runs. Read the code to find these. An assertion about the codeline that you did not verify is worse than a generic sentence, because the next reader cannot tell which is which.

Do not weaken a rule while specialising it. If the generic persona forbids something, says a finding must carry evidence, or names a check that must pass, that survives verbatim in meaning — you are changing what the agent knows, never what it is required to do.

KEEP EACH PERSONA AT THE LENGTH THE WORK NEEDS. A persona that lists every file in the repository is not more specialised, it is less usable: the agent reads it before every invocation.

## Ancestry

Each entry names the canonical agent it derives from. For an agent that exists in the canonical roster, that is the agent itself.

If this project needs an agent the canonical roster does not have, you may add one — but it MUST name the canonical agent it is closest to as its ancestor. That is not bookkeeping: an agent inherits its ladder, its tool grant and its output contract from its ancestor, so an agent invented from nothing has no budget, no tools and no way for the pipeline to receive what it returns.

`derivedFromSha256` is the SHA-256 of the ancestor's persona text exactly as it appears in the canonical copy you were given. It records what you derived from, so that a later change to the canonical roster is detectable rather than silent.

## Which seam an agent enters by

An agent does not run on its own. It enters the pipeline through a SEAM, which decides its ladder, its tool grant, its output contract and the prompt it executes. For an agent that exists in the canonical roster, the seam is already known and you do not state it.

For an agent you ADD, name the seam in the `seam` field. It must be one the pipeline already declares — you are choosing which existing door this agent comes through, not inventing one. If none fits, the agent you are adding is doing work the pipeline has no place for, and adding it will not create that place.

Omitting it does not leave the question open: the name is matched against patterns instead, and a pattern is a guess about what an agent does based on how it is spelled. That is how an agent named for review came to enter through an inference seam, with another seam's budget and tools.

## What you are not doing

You are not editing the canonical roster. You are not judging whether an agent should exist. You are not writing prompts — an agent's persona says who it is; its instructions for a task live in that task's prompt.


## Your previous attempt was REFUSED

the generated prompt dropped placeholder(s) the template requires: __CODELINE_CONTEXT__, __PREVIOUS_REFUSAL__, __PROJECT_CONTEXT__. The evidence they carry would silently never reach the agent.

Produce the prompt again, correcting exactly this. Change nothing else: the rest of your previous attempt was accepted, and rewriting it invites a second refusal for a different reason.


-----END TEMPLATE BODY-----

## What this project is

Project config: /home/bradleyjerome/projects/ai/epam-cli/orchestrations/projects/mock3
Tickets in scope: MOCK3-1: Riders aged exactly 65 are charged the adult fare | MOCK3-2: The departure board omits the final stop

Codelines in scope and their declared dependencies:
- mocka (/home/bradleyjerome/projects/mock3/mock-a) deps: vitest, typescript
- mockb (/home/bradleyjerome/projects/mock3/mock-b) deps: vitest, typescript

The roles you minted for this project:
- mocka-fare-detective [investigator] — MOCK3-1 lives entirely in mocka's src/fares.ts, and a dedicated reader of this codeline's actual comparison logic and test coverage prevents the implementer from acting on the unverified survey lead alone.
- mockb-schedule-detective [investigator] — MOCK3-2 lives entirely in mockb's src/schedule.ts, and a dedicated reader of this codeline's loop bounds and existing assertions prevents the implementer from acting on the unverified survey lead alone.
- fare-boundary-fixer [implementer] — MOCK3-1 requires an actual code change to src/fares.ts's age comparison, which only an implementer with write access can make, since investigators in this roster are read-only by design.
- stop-rendering-fixer [implementer] — MOCK3-2 requires an actual code change to src/schedule.ts's rendering loop, which only an implementer with write access can make, since investigators in this roster are read-only by design.

## The one rule you cannot break

The template's placeholders are a CONTRACT with the pipeline. Each token written in SCREAMING_SNAKE_CASE between double underscores is replaced at run time with real evidence — a diff, a ticket, a test log, a plan. The substitution is BY NAME and it is strict in both directions.

- Reproduce every placeholder EXACTLY as it appears, character for character.
- NEVER add or invent a placeholder. Nothing supplies a name the pipeline does not know, so rendering throws and the run dies at the seam that needed this prompt.
- NEVER remove or rename one. The evidence it carries would silently never reach the agent, and the agent would answer without it.
- Do not move a placeholder into a code fence, a quote, or an example where it would read as literal text.

The placeholders in this template are exactly: __CANONICAL_COPY_PATH__, __OUT_PATH__, Project config: /home/bradleyjerome/projects/ai/epam-cli/orchestrations/projects/mock3
Tickets in scope: MOCK3-1: Riders aged exactly 65 are charged the adult fare | MOCK3-2: The departure board omits the final stop, - mocka (/home/bradleyjerome/projects/mock3/mock-a) deps: vitest, typescript
- mockb (/home/bradleyjerome/projects/mock3/mock-b) deps: vitest, typescript, __STACK__, 

## Your previous attempt was REFUSED

the generated prompt dropped placeholder(s) the template requires: __CODELINE_CONTEXT__, __PREVIOUS_REFUSAL__, __PROJECT_CONTEXT__. The evidence they carry would silently never reach the agent.

Produce the prompt again, correcting exactly this. Change nothing else: the rest of your previous attempt was accepted, and rewriting it invites a second refusal for a different reason.


## What specialising means

Keep the template's instructions, its output format, its prohibitions and its reasoning intact. They encode failures this pipeline has already paid for. You are not rewriting the prompt or improving its wording.

Add only what a competent engineer joining THIS project would need and could not infer from the generic text:
- the conventions, layout and idioms this codebase actually uses
- the commands this project runs to build, test and type-check
- the traps this stack presents that a generic prompt would not warn about

Ground every addition in the project context above. If the context does not tell you something, say nothing about it — an invented convention is worse than a missing one, because the agent will follow it.

Do not name a file, symbol, package or command that does not appear in the context you were given.

## How to answer

Emit ONLY the specialised prompt body as TEXT, directly in your reply. No JSON wrapper, no markdown fences around the whole thing, no commentary before or after, and do not write it to a file — the pipeline reads your reply text.


## Your previous attempt was REFUSED

the generated prompt dropped placeholder(s) the template requires: __CODELINE_CONTEXT__, __PREVIOUS_REFUSAL__, __PROJECT_CONTEXT__. The evidence they carry would silently never reach the agent.

Produce the prompt again, correcting exactly this. Change nothing else: the rest of your previous attempt was accepted, and rewriting it invites a second refusal for a different reason.



# Output
You are specialising a generic agent roster for ONE project: mock3. The roster you produce IS this project's roster: every agent in this run gets its identity from the file you write, and nothing falls back to the generic source if you leave something out.

## What you are given

The canonical roster, verbatim, at:

  __CANONICAL_COPY_PATH__

Read it with your tools. Each key is an agent name; each value is that agent's generic persona — what it does, stated without reference to any codebase.

The project:
__PROJECT_CONTEXT__

The codelines it works on:
__CODELINE_CONTEXT__

The stack in use:
__STACK__

This project's roster already names four roles derived from the canonical agents, each with a stated rationale for why it exists on this codeline:
- mocka-fare-detective [investigator] — MOCK3-1 lives entirely in mocka's src/fares.ts; a dedicated reader of this codeline's actual age-comparison logic and test coverage prevents the implementer from acting on an unverified survey lead alone.
- mockb-schedule-detective [investigator] — MOCK3-2 lives entirely in mockb's src/schedule.ts; a dedicated reader of this codeline's loop bounds and existing assertions prevents the implementer from acting on an unverified survey lead alone.
- fare-boundary-fixer [implementer] — MOCK3-1 requires an actual code change to src/fares.ts's age comparison, which only an implementer with write access can make, since investigators in this roster are read-only by design.
- stop-rendering-fixer [implementer] — MOCK3-2 requires an actual code change to src/schedule.ts's rendering loop, which only an implementer with write access can make, since investigators in this roster are read-only by design.

## What to write

Write a JSON file to:

  __OUT_PATH__

of exactly this shape:

{"agents": {"<agent name>": {"persona": "...", "kind": "implementer|investigator|seam", "ancestor": "<canonical agent name>", "derivedFromSha256": "<sha256 of the ancestor's persona text>", "seam": "<the seam this agent enters by — required only for an agent you ADD>"}}}

EVERY AGENT IN THE CANONICAL ROSTER MUST APPEAR. A missing agent is not a smaller roster — it is an agent with no identity at the moment the pipeline invokes it, and the run has nowhere else to look. Do not decide that an agent is irrelevant to this project; you cannot know which seams a run will reach. mocka-fare-detective, mockb-schedule-detective, fare-boundary-fixer and stop-rendering-fixer must appear alongside every other canonical agent, each entry naming its true ancestor.

## How to specialise

For each agent, keep WHAT IT DOES and replace WHAT IT KNOWS. The generic persona states a role; your version states that same role against mock-a and mock-b — vitest and typescript, mocka's src/fares.ts and mockb's src/schedule.ts, the age-comparison logic behind MOCK3-1, the departure-board rendering loop behind MOCK3-2, and whatever conventions and commands you find by actually reading those files. Read the code to find these. An assertion about the codeline that you did not verify is worse than a generic sentence, because the next reader cannot tell which is which.

Do not weaken a rule while specialising it. If the generic persona forbids something, says a finding must carry evidence, or names a check that must pass, that survives verbatim in meaning — you are changing what the agent knows, never what it is required to do. In particular: an investigator persona (mocka-fare-detective, mockb-schedule-detective) stays read-only and must not be given license to edit fares.ts or schedule.ts; an implementer persona (fare-boundary-fixer, stop-rendering-fixer) keeps whatever verification-before-claiming-done requirement its ancestor states.

KEEP EACH PERSONA AT THE LENGTH THE WORK NEEDS. A persona that lists every file in the repository is not more specialised, it is less usable: the agent reads it before every invocation.

## Ancestry

Each entry names the canonical agent it derives from. For an agent that exists in the canonical roster, that is the agent itself. mocka-fare-detective and mockb-schedule-detective derive from this project's canonical investigator agent; fare-boundary-fixer and stop-rendering-fixer derive from this project's canonical implementer agent — confirm the exact canonical names against the file at __CANONICAL_COPY_PATH__ rather than assuming them.

If this project needs an agent the canonical roster does not have, you may add one — but it MUST name the canonical agent it is closest to as its ancestor. That is not bookkeeping: an agent inherits its ladder, its tool grant and its output contract from its ancestor, so an agent invented from nothing has no budget, no tools and no way for the pipeline to receive what it returns.

`derivedFromSha256` is the SHA-256 of the ancestor's persona text exactly as it appears in the canonical copy you were given. It records what you derived from, so that a later change to the canonical roster is detectable rather than silent.

## Which seam an agent enters by

An agent does not run on its own. It enters the pipeline through a SEAM, which decides its ladder, its tool grant, its output contract and the prompt it executes. For an agent that exists in the canonical roster, the seam is already known and you do not state it.

For an agent you ADD, name the seam in the `seam` field. It must be one the pipeline already declares — you are choosing which existing door this agent comes through, not inventing one. If none fits, the agent you are adding is doing work the pipeline has no place for, and adding it will not create that place.

Omitting it does not leave the question open: the name is matched against patterns instead, and a pattern is a guess about what an agent does based on how it is spelled. That is how an agent named for review came to enter through an inference seam, with another seam's budget and tools.

## What you are not doing

You are not editing the canonical roster. You are not judging whether an agent should exist. You are not writing prompts — an agent's persona says who it is; its instructions for a task live in that task's prompt.

## If a previous attempt was refused

__PREVIOUS_REFUSAL__
