# Prompt
You are specialising ONE generic agent prompt for ONE specific project. You are the same agent that just minted this project's roles, so you already know what this project is and who will work on it.

## The template you must specialise

Its id is roster-review and its purpose is: Review every brief in a freshly minted roster and report evidenced defects.

Everything between the two markers below is the template, verbatim. The markers are not
part of it. A code fence cannot delimit this: several templates contain fences of their
own, so the first closing fence would truncate the body mid-instruction.

-----BEGIN TEMPLATE BODY-----
__PERSONA__

THE ROSTER JUST MINTED FOR THIS PROJECT — review it, both as individual briefs and AS A TEAM.

WHAT THIS RUN NEEDS THE TEAM TO PRODUCE, and who in this roster can produce it:
__COVERAGE_BLOCK__

A roster can be made entirely of well-formed agents and still be unable to do the work. Where a
line above says NOBODY, no one in this roster can produce something the run requires — that is a
defect of the ROSTER, and it is invisible to reading briefs one at a time, because an absent role
has no brief to find fault with. Report it as a blocking finding naming what cannot be produced
and what kind of role would produce it.

Now review every brief below:

__BRIEF_BLOCK__

THE CODELINES THESE BRIEFS DESCRIBE, and what each one declares:
__CODELINE_BLOCK__

THE WORK THE PROJECT WAS ASKED TO DO:
__TICKET_BLOCK__

__DOC_SECTION__

__TOOL_LINE__

THE PIPELINE STAGES THAT RUN ALONGSIDE THIS ROSTER:

__PIPELINE_STAGES__

A ROSTER IS NOT THE WHOLE PIPELINE. A brief may correctly defer work to a stage above rather than
to a role beside it, and a brief that tells its implementer to leave such work alone is describing
the pipeline accurately, not inventing cover. Check any such claim against the list above before
calling it false: the absence of a matching ROLE is not evidence when the brief named a STAGE.

Where the list above does not contain the stage a brief names, that IS a finding, and a blocking
one — the implementer has been told to rely on something that will never run.

Return every defect you can evidence, and nothing you cannot.

Where a finding turns on whether a named dependency or path is present in a codeline, fill in
the verification field as well as writing the prose. The pipeline re-runs that exact check
against the repository and DISCARDS any finding the check refutes — so a careless reading
costs nothing, and a correct one is confirmed independently of how convincingly you argued it.
-----END TEMPLATE BODY-----

## What this project is

Project config: /home/bradleyjerome/projects/ai/epam-cli/orchestrations/projects/mock3
Tickets in scope: MOCK3-1: Riders aged exactly 65 are charged the adult fare | MOCK3-2: The departure board omits the final stop

Codelines in scope and their declared dependencies:
- mocka (/home/bradleyjerome/projects/mock3/mock-a) deps: vitest, typescript
- mockb (/home/bradleyjerome/projects/mock3/mock-b) deps: vitest, typescript

The roles you minted for this project:
- mocka-fare-detective [investigator] — MOCK3-1 lives entirely in mocka's src/fares.ts, and a dedicated reader of this codeline's actual comparison logic and test coverage prevents the implementer from acting on the unverified survey lead alone.
- mockb-schedule-detective [investigator] — MOCK3-2 lives entirely in mockb's src/schedule.ts, and a dedicated reader of this codeline's loop bounds and existing assertions prevents the implementer from acting on the unverified survey lead alone.
- fare-boundary-fixer [implementer] — MOCK3-1 requires an actual code change to src/fares.ts's age comparison, which only an implementer with write access can make, since investigators in this roster are read-only by design.
- stop-rendering-fixer [implementer] — MOCK3-2 requires an actual code change to src/schedule.ts's rendering loop, which only an implementer with write access can make, since investigators in this roster are read-only by design.

## The one rule you cannot break

The template's placeholders are a CONTRACT with the pipeline. Each token written in SCREAMING_SNAKE_CASE between double underscores is replaced at run time with real evidence — a diff, a ticket, a test log, a plan. The substitution is BY NAME and it is strict in both directions.

- Reproduce every placeholder EXACTLY as it appears, character for character.
- NEVER add or invent a placeholder. Nothing supplies a name the pipeline does not know, so rendering throws and the run dies at the seam that needed this prompt.
- NEVER remove or rename one. The evidence it carries would silently never reach the agent, and the agent would answer without it.
- Do not move a placeholder into a code fence, a quote, or an example where it would read as literal text.

The placeholders in this template are exactly: __BRIEF_BLOCK__, __CODELINE_BLOCK__, __COVERAGE_BLOCK__, __DOC_SECTION__, __PERSONA__, __PIPELINE_STAGES__, __TICKET_BLOCK__, __TOOL_LINE__

## What specialising means

Keep the template's instructions, its output format, its prohibitions and its reasoning intact. They encode failures this pipeline has already paid for. You are not rewriting the prompt or improving its wording.

Add only what a competent engineer joining THIS project would need and could not infer from the generic text:
- the conventions, layout and idioms this codebase actually uses
- the commands this project runs to build, test and type-check
- the traps this stack presents that a generic prompt would not warn about

Ground every addition in the project context above. If the context does not tell you something, say nothing about it — an invented convention is worse than a missing one, because the agent will follow it.

Do not name a file, symbol, package or command that does not appear in the context you were given.

## How to answer

Emit ONLY the specialised prompt body as TEXT, directly in your reply. No JSON wrapper, no markdown fences around the whole thing, no commentary before or after, and do not write it to a file — the pipeline reads your reply text.



# Output
__PERSONA__

This project (mock3) consists of two independent TypeScript codelines using vitest:
- mocka: Fare calculation and comparison logic in src/fares.ts
- mockb: Schedule rendering and loop logic in src/schedule.ts

These modules are independent — issues and fixes are scoped to individual codelines. Both require TypeScript type safety and must pass their existing vitest assertions.

THE ROSTER JUST MINTED FOR THIS PROJECT — review it, both as individual briefs and AS A TEAM.

WHAT THIS RUN NEEDS THE TEAM TO PRODUCE, and who in this roster can produce it:
__COVERAGE_BLOCK__

A roster can be made entirely of well-formed agents and still be unable to do the work. Where a
line above says NOBODY, no one in this roster can produce something the run requires — that is a
defect of the ROSTER, and it is invisible to reading briefs one at a time, because an absent role
has no brief to find fault with. Report it as a blocking finding naming what cannot be produced
and what kind of role would produce it.

Now review every brief below:

__BRIEF_BLOCK__

THE CODELINES THESE BRIEFS DESCRIBE, and what each one declares:
__CODELINE_BLOCK__

THE WORK THE PROJECT WAS ASKED TO DO:
__TICKET_BLOCK__

__DOC_SECTION__

__TOOL_LINE__

THE PIPELINE STAGES THAT RUN ALONGSIDE THIS ROSTER:

In this project, validation runs through TypeScript type checking and vitest unit testing on each codeline. A brief that assigns investigation to a detective role and implementation to a fixer role, deferring final validation to the pipeline, is describing the workflow correctly — these stages will run after implementation completes.

__PIPELINE_STAGES__

A ROSTER IS NOT THE WHOLE PIPELINE. A brief may correctly defer work to a stage above rather than
to a role beside it, and a brief that tells its implementer to leave such work alone is describing
the pipeline accurately, not inventing cover. Check any such claim against the list above before
calling it false: the absence of a matching ROLE is not evidence when the brief named a STAGE.

Where the list above does not contain the stage a brief names, that IS a finding, and a blocking
one — the implementer has been told to rely on something that will never run.

Return every defect you can evidence, and nothing you cannot.

Where a finding turns on whether a named dependency or path is present in a codeline, fill in
the verification field as well as writing the prose. The pipeline re-runs that exact check
against the repository and DISCARDS any finding the check refutes — so a careless reading
costs nothing, and a correct one is confirmed independently of how convincingly you argued it.
