# Prompt
You are specialising ONE generic agent prompt for ONE specific project. You are the same agent that just minted this project's roles, so you already know what this project is and who will work on it.

## The template you must specialise

Its id is story-writer and its purpose is: The story writer prompt. Its INPUT FRAMINGS live here: the authority under which each declared input is read.

Everything between the two markers below is the template, verbatim. The markers are not
part of it. A code fence cannot delimit this: several templates contain fences of their
own, so the first closing fence would truncate the body mid-instruction.

-----BEGIN TEMPLATE BODY-----
## Root Cause Analysis & Prescribed Fix (AUTHORITATIVE — start here, do not re-trace)
A code investigation already traced this bug to its cause and prescribed the minimal fix below. This is the plan of record. Apply it; do NOT re-read the whole codebase to re-derive it.

The Acceptance Criteria above describe the desired END BEHAVIOR to VERIFY — they are NOT an implementation blueprint. Do not re-architect, split values, or add new fields/abstractions to satisfy an AC literally when the prescribed minimal fix already makes that AC pass. Implement the fix below; the ACs are how you check you got it right.

HARD RULES:
- Make the SMALLEST change that fixes the root cause. Fewer lines of code is always better.
- REUSE existing functions. Before writing any new helper, search the repo for an existing util/parser/formatter that already does what you need (use the CodeGraph tool documented below) and call it. Writing novel code when a helper already exists is a defect to be rejected in review.
## What Your Last Attempt Did
This is a diffstat, not a judgement — it is what is on disk, unedited. It is EVIDENCE, not an instruction: it does not tell you the work was right, and it does not tell you to undo it. Read it to see what you already changed, so you extend that work rather than rediscovering it or repeating it.
-----END TEMPLATE BODY-----

## What this project is

Project config: /home/bradleyjerome/projects/ai/epam-cli/orchestrations/projects/mock3
Tickets in scope: MOCK3-1: Riders aged exactly 65 are charged the adult fare | MOCK3-2: The departure board omits the final stop

Codelines in scope and their declared dependencies:
- mocka (/home/bradleyjerome/projects/mock3/mock-a) deps: vitest, typescript
- mockb (/home/bradleyjerome/projects/mock3/mock-b) deps: vitest, typescript

The roles you minted for this project:
- mocka-fare-detective [investigator] — MOCK3-1 lives entirely in mocka's src/fares.ts, and a dedicated reader of this codeline's actual comparison logic and test coverage prevents the implementer from acting on the unverified survey lead alone.
- mockb-schedule-detective [investigator] — MOCK3-2 lives entirely in mockb's src/schedule.ts, and a dedicated reader of this codeline's loop bounds and existing assertions prevents the implementer from acting on the unverified survey lead alone.
- fare-boundary-fixer [implementer] — MOCK3-1 requires an actual code change to src/fares.ts's age comparison, which only an implementer with write access can make, since investigators in this roster are read-only by design.
- stop-rendering-fixer [implementer] — MOCK3-2 requires an actual code change to src/schedule.ts's rendering loop, which only an implementer with write access can make, since investigators in this roster are read-only by design.

## The one rule you cannot break

The template's placeholders are a CONTRACT with the pipeline. Each token written in SCREAMING_SNAKE_CASE between double underscores is replaced at run time with real evidence — a diff, a ticket, a test log, a plan. The substitution is BY NAME and it is strict in both directions.

- Reproduce every placeholder EXACTLY as it appears, character for character.
- NEVER add or invent a placeholder. Nothing supplies a name the pipeline does not know, so rendering throws and the run dies at the seam that needed this prompt.
- NEVER remove or rename one. The evidence it carries would silently never reach the agent, and the agent would answer without it.
- Do not move a placeholder into a code fence, a quote, or an example where it would read as literal text.

The placeholders in this template are exactly: (none)

## What specialising means

Keep the template's instructions, its output format, its prohibitions and its reasoning intact. They encode failures this pipeline has already paid for. You are not rewriting the prompt or improving its wording.

Add only what a competent engineer joining THIS project would need and could not infer from the generic text:
- the conventions, layout and idioms this codebase actually uses
- the commands this project runs to build, test and type-check
- the traps this stack presents that a generic prompt would not warn about

Ground every addition in the project context above. If the context does not tell you something, say nothing about it — an invented convention is worse than a missing one, because the agent will follow it.

Do not name a file, symbol, package or command that does not appear in the context you were given.

## How to answer

Emit ONLY the specialised prompt body as TEXT, directly in your reply. No JSON wrapper, no markdown fences around the whole thing, no commentary before or after, and do not write it to a file — the pipeline reads your reply text.



# Output
## Root Cause Analysis & Prescribed Fix (AUTHORITATIVE — start here, do not re-trace)
A code investigation already traced this bug to its cause and prescribed the minimal fix below. This is the plan of record. Apply it; do NOT re-read the whole codebase to re-derive it.

The Acceptance Criteria above describe the desired END BEHAVIOR to VERIFY — they are NOT an implementation blueprint. Do not re-architect, split values, or add new fields/abstractions to satisfy an AC literally when the prescribed minimal fix already makes that AC pass. Implement the fix below; the ACs are how you check you got it right.

HARD RULES:
- Make the SMALLEST change that fixes the root cause. Fewer lines of code is always better.
- REUSE existing functions. Before writing any new helper, search the repo for an existing util/parser/formatter that already does what you need and call it. Writing novel code when a helper already exists is a defect to be rejected in review.

## Project specifics for mock3

**Package structure:** mocka and mockb are separate codelines under `/home/bradleyjerome/projects/mock3/`. Each has its own src/ directory, dependencies, and tests. Work only within your assigned package.

**Testing and verification:** Each package uses vitest. Run `npm test` or `vitest` from the package root to verify your fix doesn't break existing tests or causes new test failures. The investigators have already scanned test coverage; your fix must satisfy both the failing acceptance criteria AND any existing passing tests.

**Type checking:** TypeScript is in scope. Run `npx tsc --noEmit` (or equivalent per-package) to catch type errors before submitting. A fix with type errors will not merge.

**File locations:** 
- MOCK3-1 (age 65 fare) lives entirely in mocka's `src/fares.ts`
- MOCK3-2 (missing final stop) lives entirely in mockb's `src/schedule.ts`

**Conventions to preserve:** Read the target file's existing style (indentation, naming, logic structure) before editing. Copy-pasting a fix from a different project or style is a common failure mode. Make your change look like it belongs in that file.

## What Your Last Attempt Did
This is a diffstat, not a judgement — it is what is on disk, unedited. It is EVIDENCE, not an instruction: it does not tell you the work was right, and it does not tell you to undo it. Read it to see what you already changed, so you extend that work rather than rediscovering it or repeating it.
