[0;35m[CPA][0m Retrieval: TF-IDF
[0;36m[11:59:15][0m Loading stories from orch-gotransit-prd-2522698.json...
[0;36m[11:59:15][0m Found 1 stories to contextualize

[0;35m[CPA][0m Processing AMSD-2041...
[0;35m[CPA][0m   AMSD-2041: formula baseline from calibration[low:implementation:cli](n=29): 4.5178418971594745min $0.1404333618569382
[0;35m[CPA][0m   CPA: 'AMSD-2041' is a NOVEL story with an attachment point — block downgraded to review (a missing target is expected for new work)
[1mAMSD-2041[0m  [GO, UP, MX] Live Preview of Content in CMS  [1;33m[REVIEW][0m
  Machine time:              4.52 min  →      5.42 min  (conf: 0.15, adj: 1.40x)
  Cost (story):          $0.1404     →  $0.1685   
  Escalation:            +$0.2804      (r2@15%=+$0.1650 r3@5%=+$0.0565 k3@1.0%=+$0.0589)
  Self-heal:             +$0.0309      (p=20%)
  Retries (exp):          0.32  
  Total (est):           $0.4936         (story+esc+heal=$0.4798 × pipeline 1.03x)
  KB coverage:           4     chunks retrieved   0     cited   cov: 0%
  [1;33m⚠[0m  Story description is identical to title — no implementation detail provided
  [1;33m⚠[0m  Zero acceptance criteria — done state is undefined
  [1;33m⚠[0m  No KB sources relevant to live preview, CMS, or real-time content rendering
  [1;33m⚠[0m  No target source files exist — greenfield with no codebase signals
  [1;33m⚠[0m  Effort marked 'low' but title implies non-trivial real-time preview feature

[0;36m=== CPA Gate Summary ===[0m

Phase                    Pass   Review    Block    Total
------------------------------------------------------
core                        0        1        0        1
------------------------------------------------------
[1mTOTAL                       0        1        0        1[0m

[1;33m[CPA WARN][0m 1 story/stories in REVIEW gate — check risk flags

[0;36m[11:59:54][0m Appended 1 CPA records to /home/bradleyjerome/projects/ai/epam-cli/orchestrations/logs/cpa-review.jsonl
[0;36m[11:59:54][0m Applying blended estimates to prd.json...
[0;32m[CPA OK][0m Backed up prd.json → orch-gotransit-prd-2522698.json.before-cpa
[0;32m[CPA OK][0m Applied CPA blended estimates to 1 stories

  Review:   git diff /tmp/orch-gotransit-prd-2522698.json
  Restore:  cp /tmp/orch-gotransit-prd-2522698.json.before-cpa /tmp/orch-gotransit-prd-2522698.json

No calibrated categories (need >= min-n completed stories per category).
[0;36m[12:00:01][0m Calibration updated from actuals
