# Prompt
Regenerate the VERIFICATION CRITERIA for this brownfield story. Your previous verification criteria were FLAGGED and must be fixed:
- VC 1 uses forbidden cross-comparison 'matches' — restate as observable outcome (e.g. 'the promo code/discount amount is displayed and is correct for that return trip')

THE FIX SITE (located by the code-graph detective — anchor every criterion to the behaviour THIS code produces):
- src/services/submit-reservations/apply-report-discounts.service.ts :: applyReportDiscountsService — This function computes the discount amount applied to each Mozio dispatch's report.price.discount. It matches discounts to dispatches by comparing dispatch lineItem.id against discount.lineItemId, but dispatch lineItem IDs were transformed by getDispatchLineItemKey (adding a return-trip suffix) in mapOrderDispatchesToMozioDispatches, while discount.lineItemId retains the original BigCommerce ID. For return trips the IDs never match, so no discount is applied — the promo amount stays 0/undefined.
Do NOT write criteria about areas unrelated to this code.


Acceptance criteria (IMMUTABLE — the intent to verify; do NOT restate as-is, VERIFY them):
- (none)
Description: [Mozio] - The Promo code amount is NOT displayed as expected for Return trip tickets in the Mozio email confirmation

A verification criterion states WHAT AN END USER OR TESTER OBSERVES on the user-facing surface THE TICKET IS ABOUT — the rendered email for an email ticket, the displayed screen/UI for a UI ticket, the API response a CLIENT receives for an API ticket. It is a BLACK-BOX check on that surface. It NEVER describes HOW the value is produced.
A verification criterion is FORBIDDEN if it:
- prescribes HOW to implement — any algorithm, mechanism, or approach: "split", "halve", "×0.5", "calculate independently", "per segment", "for each line item", or adding/reading any new field, flag, or service;
- references an INTERNAL structure that merely FEEDS the ticket's surface — an intermediate payload, a "confirmation data"/DTO object, or a specific response field used to BUILD the output. Verify the surface the ticket names, NOT the data structure behind it;
- makes a CROSS-COMPARISON that presumes a mechanism — never assert one value "must equal" / "matches" / "is the same as" another (e.g. "the return amount equals the outbound amount"); that presumes a copy/split. Assert the required value is present and correct ON ITS OWN.
Every verification criterion must be observable, testable, and tied to the ticket's stated symptom/intent.

Do NOT restate an acceptance criterion as-is — express what a tester OBSERVES that confirms it. Address every flag above.
Output ONLY a JSON array of verification-criterion strings. No prose, no markdown.

# Output
[
  "Given a Mozio round-trip booking where a promo code was applied, the confirmation email's return-trip section displays the promo code and a discount amount for that return trip.",
  "The discount amount shown for the return trip in the confirmation email is the correct promo discount for that return trip (it is not zero, blank, or missing).",
  "The confirmation email's totals for the return trip reflect that the promo discount was applied, so the amount charged for the return trip is the trip price reduced by the promo discount."
]
