[0;35m[CPA][0m Retrieval: TF-IDF
[0;36m[09:47:42][0m Loading stories from orch-upexpress-prd-1787300.json...
[0;36m[09:47:42][0m Found 2 stories to contextualize

[0;35m[CPA][0m Processing AMSD-2041-A...
[0;35m[CPA][0m   AMSD-2041-A: formula baseline from calibration[low:implementation:cli](n=29): 4.5178418971594745min $0.1404333618569382
[1mAMSD-2041-A[0m  [Core] Live Preview Infrastructure — useContent Hook and ContentstackContext  [1;33m[REVIEW][0m
  Machine time:              4.52 min  →      5.42 min  (conf: 0.48, adj: 1.50x)
  Cost (story):          $0.1404     →  $0.1685   
  Escalation:            +$0.2804      (r2@15%=+$0.1650 r3@5%=+$0.0565 k3@1.0%=+$0.0589)
  Self-heal:             +$0.0309      (p=20%)
  Retries (exp):          0.32  
  Total (est):           $0.4989         (story+esc+heal=$0.4798 × pipeline 1.04x)
  KB coverage:           5     chunks retrieved   0     cited   cov: 0%
  [1;33m⚠[0m  Missing target file src/components/contentstack/ContentstackContext.tsx must be created from scratch
  [1;33m⚠[0m  No KB coverage for Contentstack Live Preview SDK or React real-time context patterns
  [1;33m⚠[0m  High blast radius: 236+ consumers may break if context shape changes
  [1;33m⚠[0m  humanHours (0.09) inconsistent with high-blast-radius infrastructure change description
  [1;33m⚠[0m  Graceful degradation on connection interruption needs careful state management uncovered by KB

[0;35m[CPA][0m Processing AMSD-2041-B...
[0;35m[CPA][0m   AMSD-2041-B: formula baseline from calibration[low:implementation:cli](n=29): 4.5178418971594745min $0.1404333618569382
[1mAMSD-2041-B[0m  [GO, UP, MX] Site-Level Live Preview Integration  [1;33m[REVIEW][0m
  Machine time:              4.52 min  →      5.42 min  (conf: 0.50, adj: 1.30x)
  Cost (story):          $0.1404     →  $0.1685   
  Escalation:            +$0.2804      (r2@15%=+$0.1650 r3@5%=+$0.0565 k3@1.0%=+$0.0589)
  Self-heal:             +$0.0309      (p=20%)
  Retries (exp):          0.32  
  Total (est):           $0.4989         (story+esc+heal=$0.4798 × pipeline 1.04x)
  KB coverage:           5     chunks retrieved   0     cited   cov: 0%
  [1;33m⚠[0m  AMSD-2041-A dependency is pending — infrastructure may not exist yet
  [1;33m⚠[0m  No KB coverage for Live Preview, Contentstack, or query param handling
  [1;33m⚠[0m  Listed files are components/mocks, not GO/UP/MX site entry points — scope mismatch
  [1;33m⚠[0m  Three content.mock.ts files are test data, unlikely correct targets for preview wiring

[0;36m=== CPA Gate Summary ===[0m

Phase                    Pass   Review    Block    Total
------------------------------------------------------
core                        0        2        0        2
------------------------------------------------------
[1mTOTAL                       0        2        0        2[0m

[1;33m[CPA WARN][0m 2 story/stories in REVIEW gate — check risk flags

[0;36m[09:50:03][0m Appended 2 CPA records to /home/bradleyjerome/projects/ai/epam-cli/orchestrations/logs/cpa-review.jsonl
[0;36m[09:50:03][0m Applying blended estimates to prd.json...
[0;32m[CPA OK][0m Backed up prd.json → orch-upexpress-prd-1787300.json.before-cpa
[0;32m[CPA OK][0m Applied CPA blended estimates to 2 stories

  Review:   git diff /tmp/orch-upexpress-prd-1787300.json
  Restore:  cp /tmp/orch-upexpress-prd-1787300.json.before-cpa /tmp/orch-upexpress-prd-1787300.json

No calibrated categories (need >= min-n completed stories per category).
[0;36m[09:51:20][0m Calibration updated from actuals
