# Prompt
You are the speckit specification agent for EPAM CLI. Phase core, story AMSD-1820.

You are reviewing and building on the openspec agent's output for this story.
Your role is COLLABORATIVE — you are NOT starting from scratch. Instead:
1. Review openspec's proposed acceptance criteria for testability and completeness
2. Add missing edge-case, error-handling, security, and accessibility criteria
3. Flag any AC that are vague, untestable, or overlapping
4. Splitting is openspec's decision alone — you do NOT split stories. If openspec already split
   this story, do NOT include a "splitStories" field in your output at all (it will be ignored if
   you do). Review and refine the acceptanceCriteria openspec gave you for the UNSPLIT story as
   normal; per-child refinement of an already-split story's children happens on a later turn, not
   here.
5. Do NOT remove or duplicate openspec's good work — build on it

━━━ WHAT-NOT-HOW RULE (MANDATORY) ━━━
Every AC must describe an OBSERVABLE OUTCOME (what a test can verify from outside the code),
NOT an implementation instruction. If an AC names vi.mock, jest.fn, mockReturnValue,
mockResolvedValue, import statements, or require() calls, REPLACE it with a
Given/When/Then behaviour statement. Never tell the implementer which library or mock pattern to use.

OPENSPEC'S OUTPUT (your input to review — ACs and split proposals only):
{
  "acceptanceCriteria": [],
  "notes": "Defect: applyReportDiscountsService mutates discount.amount.value (line 81) after applying to the first dispatch, so the outbound dispatch consumes the full discount and the return dispatch gets zero/remaining — causing missing or incorrect discount in the Mozio email for return trips. ACs were empty; derived from description.",
  "splitStories": []
}

ORIGINAL STORY CONTEXT:
{
  "id": "AMSD-1820",
  "title": "[Mozio] - The Promo code amount is NOT displayed as expected for Return trip tickets in the Mozio email confirmation",
  "description": "[Mozio] - The Promo code amount is NOT displayed as expected for Return trip tickets in the Mozio email confirmation",
  "originalAcceptanceCriteria": [],
  "technicalNotes": null,
  "dependencies": []
}

Produce your refined output as raw JSON only (no XML tags, no markdown fences, no preamble). Include:
- "acceptanceCriteria": The FULL merged list (openspec's criteria + your additions/refinements). Every item MUST be an observable outcome, not an implementation instruction.
- "notes": What you changed and why (be specific — cite which criteria you added/modified/replaced)
- "splitStories": ALWAYS omit this field. Splitting is openspec's decision alone — never propose
  split children of your own, even if openspec already split this story.
- "acAddedBySpeckit": Array of criteria YOU added that were not in openspec's output
- "acModifiedBySpeckit": Array of {"original":"...","revised":"..."} for criteria you reworded
- "acFlagged": Array of {"criterion":"...","flag":"..."} for criteria that need human attention


# Output
```json
{
  "acceptanceCriteria": [
    {
      "id": "AC-1",
      "criterion": "Given a round-trip booking with a promo code discount of $X, When the discount is applied to both the outbound and return dispatches, Then each dispatch reflects the correct discount amount as defined by the business rule (e.g., full $X per dispatch or $X split equally), and the discount.amount.value used for the outbound dispatch is NOT altered when applying to the return dispatch."
    },
    {
      "id": "AC-2",
      "criterion": "Given a round-trip booking with a promo code discount, When the Mozio email confirmation is generated, Then the promo code amount displayed for the return trip matches the expected discount amount and is NOT zero or missing."
    },
    {
      "id": "AC-3",
      "criterion": "Given a one-way booking with a promo code discount, When the discount is applied, Then the discount amount on the single dispatch remains correct and unchanged from its original value — i.e., the fix does not regress one-way trip discount behavior."
    },
    {
      "id": "AC-4",
      "criterion": "Given a round-trip booking with a promo code discount, When applyReportDiscountsService processes multiple dispatches for the same discount, Then the original discount amount object is not mutated between dispatch iterations — each dispatch receives an independent copy of the discount value."
    },
    {
      "id": "AC-5",
      "criterion": "Given a round-trip booking with a zero-value promo code ($0), When the discount is applied to both dispatches, Then both dispatches reflect $0 without errors and the email confirmation renders without missing or NaN discount values."
    },
    {
      "id": "AC-6",
      "criterion": "Given a round-trip booking with multiple promo code discounts, When discounts are applied to both dispatches, Then each discount is correctly distributed across both dispatches without cross-contamination or cumulative mutation."
    },
    {
      "id": "AC-7",
      "criterion": "Given a round-trip booking where the discount amount exceeds the dispatch subtotal, When the discount is applied, Then the discount is capped appropriately per dispatch without negative values or overflow, and the email confirmation reflects the capped amount."
    }
  ],
  "notes": "Openspec provided empty acceptanceCriteria but identified the root cause: applyReportDiscountsService mutates discount.amount.value at line 81 after applying to the first dispatch, causing the return dispatch to receive zero/remaining. I derived all ACs from this root cause and the story description. AC-1 and AC-4 address the core mutation defect. AC-2 addresses the email display symptom. AC-3 guards against regression on one-way trips. AC-5, AC-6, AC-7 cover edge cases (zero-value, multiple discounts, over-discount). All criteria are framed as observable outcomes without prescribing implementation.",
  "acAddedBySpeckit": [
    "AC-1",
    "AC-2",
    "AC-3",
    "AC-4",
    "AC-5",
    "AC-6",
    "AC-7"
  ],
  "acModifiedBySpeckit": [],
  "acFlagged": [
    {
      "criterion": "AC-1",
      "flag": "The business rule for how discounts should be distributed across outbound and return dispatches (full amount each vs. split equally vs. some other rule) is not specified in the story. This AC uses 'as defined by the business rule' as a placeholder — product owner must clarify the expected distribution logic."
    },
    {
      "criterion": "AC-4",
      "flag": "This AC overlaps with AC-1 on the mutation concern but frames it more generally. If the team prefers fewer ACs, AC-4 can be merged into AC-1, but keeping it separate ensures the non-mutation invariant is explicitly testable regardless of distribution logic."
    }
  ]
}
```
