Assessment complete. Here's a summary of what was done:

## Phase: core — Skill Assessment Results

### Data Processing
- **Filtered** `phase-cost.jsonl` for `phase_id="core"` → 5 records found
- **Deduplicated** by `story_id` using most recent `started_at`:
  - `core` (spec-pass): 1 record, no forecast data
  - `pipeline` (team-lead-agent): 1 record, $0.1162 orchestration overhead
  - `AMSD-1820`: 3 records → kept attempt 2 (started 22:45:59, the latest)
- **Cross-referenced** with PRD: AMSD-1820 has `"completed": true` → treated as succeeded

### Key Metrics
| Metric | Actual | Forecast | Variance |
|--------|--------|----------|----------|
| Time | 3.53 min | 3.03 min | +0.50 min (+16.5%) |
| Cost | $0.1314 | $0.5836 | -$0.4522 (77% under) |

**Over threshold:** No — the 0.50-minute time variance is negligible in absolute terms.

### Agent Role Assessment
- **AMSD-1820** → `typescript-engineer` assigned, task is a TypeScript service-layer bug fix → **correct match**, no mismatch
- No pending stories exist in later phases → **no corrective role reassignments** needed

### Outputs Written
1. **JSONL assessment** → `/home/bradleyjerome/projects/ai/epam-cli/orchestrations/logs/phase-skill-assessments.jsonl` (appended with flock)
2. **Improvement report** → `/home/bradleyjerome/projects/ai/epam-cli/orchestrations/logs/phase-improvements/core.md`
3. **PRD** → No modifications needed (no role mismatches, no pending future-phase stories)
