[11ty] Writing /home/bradleyjerome/projects/ai/epam-cli/orchestrations/dashboards/live/build-info.json from ../../ai/epam-cli/orchestrations/dashboards/build-info.11ty.js
[11ty] Copied 20 Wrote 1 file in 0.49 seconds (v3.1.6)
[11ty] Watching…
[11ty] Server at http://192.168.2.18:8093/ or http://172.20.0.1:8093/ or http://172.21.0.1:8093/ or http://172.22.0.1:8093/ or http://172.18.0.1:8093/ or http://172.19.0.1:8093/ or http://localhost:8093/
[11ty] File changed: /home/bradleyjerome/projects/ai/epam-cli/orchestrations/logs/step-status.json
[11ty] Writing /home/bradleyjerome/projects/ai/epam-cli/orchestrations/dashboards/live/build-info.json from ../../ai/epam-cli/orchestrations/dashboards/build-info.11ty.js
[11ty] File changed: /home/bradleyjerome/projects/ai/epam-cli/orchestrations/logs/spec-baseline.json
[11ty] File changed: /home/bradleyjerome/projects/ai/epam-cli/orchestrations/logs/spec-run-latest.json
[11ty] Copied 20 Wrote 1 file in 1.45 seconds (v3.1.6)
[11ty] You saved while Eleventy was running, let’s run again. (2 changes)
[11ty] Writing /home/bradleyjerome/projects/ai/epam-cli/orchestrations/dashboards/live/build-info.json from ../../ai/epam-cli/orchestrations/dashboards/build-info.11ty.js
[11ty] File added: /home/bradleyjerome/projects/ai/epam-cli/orchestrations/logs/spec-runs/20260725T225612Z/prd.before.json
[11ty] Copied 20 Wrote 1 file in 0.47 seconds (v3.1.6)
[11ty] You saved while Eleventy was running, let’s run again. (1 change)
[11ty] Writing /home/bradleyjerome/projects/ai/epam-cli/orchestrations/dashboards/live/build-info.json from ../../ai/epam-cli/orchestrations/dashboards/build-info.11ty.js
[11ty] Copied 20 Wrote 1 file in 0.30 seconds (v3.1.6)
[11ty] Watching…
[11ty] File changed: /home/bradleyjerome/projects/ai/epam-cli/orchestrations/logs/agent-activity.jsonl
[11ty] Writing /home/bradleyjerome/projects/ai/epam-cli/orchestrations/dashboards/live/build-info.json from ../../ai/epam-cli/orchestrations/dashboards/build-info.11ty.js
[11ty] File changed: /home/bradleyjerome/projects/ai/epam-cli/orchestrations/logs/agent-status.json
[11ty] File changed: /home/bradleyjerome/projects/ai/epam-cli/orchestrations/logs/agent-activity.jsonl
[11ty] Copied 20 Wrote 1 file in 2.57 seconds (v3.1.6)
[11ty] You saved while Eleventy was running, let’s run again. (2 changes)
[11ty] Writing /home/bradleyjerome/projects/ai/epam-cli/orchestrations/dashboards/live/build-info.json from ../../ai/epam-cli/orchestrations/dashboards/build-info.11ty.js
[11ty] Copied 20 Wrote 1 file in 0.46 seconds (v3.1.6)
[11ty] Watching…
[11ty] File changed: /home/bradleyjerome/projects/ai/epam-cli/orchestrations/logs/agent-activity.jsonl
[11ty] Writing /home/bradleyjerome/projects/ai/epam-cli/orchestrations/dashboards/live/build-info.json from ../../ai/epam-cli/orchestrations/dashboards/build-info.11ty.js
[11ty] Copied 20 Wrote 1 file in 0.42 seconds (v3.1.6)
[11ty] Watching…
[11ty] File changed: /home/bradleyjerome/projects/ai/epam-cli/orchestrations/logs/agent-status.json
[11ty] Writing /home/bradleyjerome/projects/ai/epam-cli/orchestrations/dashboards/live/build-info.json from ../../ai/epam-cli/orchestrations/dashboards/build-info.11ty.js
[11ty] File changed: /home/bradleyjerome/projects/ai/epam-cli/orchestrations/logs/agent-activity.jsonl
[11ty] Copied 20 Wrote 1 file in 2.38 seconds (v3.1.6)
[11ty] You saved while Eleventy was running, let’s run again. (1 change)
[11ty] Writing /home/bradleyjerome/projects/ai/epam-cli/orchestrations/dashboards/live/build-info.json from ../../ai/epam-cli/orchestrations/dashboards/build-info.11ty.js
[11ty] Copied 20 Wrote 1 file in 0.36 seconds (v3.1.6)
[11ty] Watching…
[11ty] File changed: /home/bradleyjerome/projects/ai/epam-cli/orchestrations/logs/agent-activity.jsonl
[11ty] File changed: /home/bradleyjerome/projects/ai/epam-cli/orchestrations/logs/agent-status.json
[11ty] Writing /home/bradleyjerome/projects/ai/epam-cli/orchestrations/dashboards/live/build-info.json from ../../ai/epam-cli/orchestrations/dashboards/build-info.11ty.js
[11ty] Copied 20 Wrote 1 file in 2.61 seconds (v3.1.6)
[11ty] Watching…
[11ty] File changed: /home/bradleyjerome/projects/ai/epam-cli/orchestrations/logs/agent-activity.jsonl
[11ty] File changed: /home/bradleyjerome/projects/ai/epam-cli/orchestrations/logs/guarded-step-retries-history.jsonl
[11ty] File changed: /home/bradleyjerome/projects/ai/epam-cli/orchestrations/logs/spec-phase.jsonl
[11ty] File changed: /home/bradleyjerome/projects/ai/epam-cli/orchestrations/logs/guarded-step-retries.jsonl
[11ty] Writing /home/bradleyjerome/projects/ai/epam-cli/orchestrations/dashboards/live/build-info.json from ../../ai/epam-cli/orchestrations/dashboards/build-info.11ty.js
[11ty] File changed: /home/bradleyjerome/projects/ai/epam-cli/orchestrations/logs/agent-status.json
[11ty] Copied 20 Wrote 1 file in 5.55 seconds (v3.1.6)
[11ty] You saved while Eleventy was running, let’s run again. (1 change)
[11ty] Writing /home/bradleyjerome/projects/ai/epam-cli/orchestrations/dashboards/live/build-info.json from ../../ai/epam-cli/orchestrations/dashboards/build-info.11ty.js
[11ty] Copied 20 Wrote 1 file in 0.33 seconds (v3.1.6)
[11ty] Watching…
[11ty] File changed: /home/bradleyjerome/projects/ai/epam-cli/orchestrations/logs/spec-phase.jsonl
[11ty] File changed: /home/bradleyjerome/projects/ai/epam-cli/orchestrations/logs/agent-status.json
[11ty] Writing /home/bradleyjerome/projects/ai/epam-cli/orchestrations/dashboards/live/build-info.json from ../../ai/epam-cli/orchestrations/dashboards/build-info.11ty.js
[11ty] File changed: /home/bradleyjerome/projects/ai/epam-cli/orchestrations/logs/agent-activity.jsonl
[11ty] Copied 20 Wrote 1 file in 3.20 seconds (v3.1.6)
[11ty] You saved while Eleventy was running, let’s run again. (1 change)
[11ty] Writing /home/bradleyjerome/projects/ai/epam-cli/orchestrations/dashboards/live/build-info.json from ../../ai/epam-cli/orchestrations/dashboards/build-info.11ty.js
[11ty] Copied 20 Wrote 1 file in 0.32 seconds (v3.1.6)
[11ty] Watching…
[11ty] File changed: /home/bradleyjerome/projects/ai/epam-cli/orchestrations/logs/agent-activity.jsonl
[11ty] Writing /home/bradleyjerome/projects/ai/epam-cli/orchestrations/dashboards/live/build-info.json from ../../ai/epam-cli/orchestrations/dashboards/build-info.11ty.js
[11ty] Copied 20 Wrote 1 file in 0.35 seconds (v3.1.6)
[11ty] Watching…
[11ty] File changed: /home/bradleyjerome/projects/ai/epam-cli/orchestrations/logs/spec-summary.json
[11ty] File changed: /home/bradleyjerome/projects/ai/epam-cli/orchestrations/logs/agent-status.json
[11ty] Writing /home/bradleyjerome/projects/ai/epam-cli/orchestrations/dashboards/live/build-info.json from ../../ai/epam-cli/orchestrations/dashboards/build-info.11ty.js
[11ty] File changed: /home/bradleyjerome/projects/ai/epam-cli/orchestrations/logs/phase-cost.jsonl
[11ty] File added: /home/bradleyjerome/projects/ai/epam-cli/orchestrations/logs/spec-runs/20260725T225612Z/summary.json
[11ty] File changed: /home/bradleyjerome/projects/ai/epam-cli/orchestrations/logs/step-status.json
[11ty] File changed: /home/bradleyjerome/projects/ai/epam-cli/orchestrations/logs/agent-status.json
[11ty] File changed: /home/bradleyjerome/projects/ai/epam-cli/orchestrations/logs/agent-activity.jsonl
[11ty] Copied 20 Wrote 1 file in 8.02 seconds (v3.1.6)
[11ty] You saved while Eleventy was running, let’s run again. (5 changes)
[11ty] Writing /home/bradleyjerome/projects/ai/epam-cli/orchestrations/dashboards/live/build-info.json from ../../ai/epam-cli/orchestrations/dashboards/build-info.11ty.js
[11ty] Copied 20 Wrote 1 file in 0.32 seconds (v3.1.6)
[11ty] Watching…
[11ty] File changed: /home/bradleyjerome/projects/ai/epam-cli/orchestrations/logs/cpa-review.jsonl
[11ty] Writing /home/bradleyjerome/projects/ai/epam-cli/orchestrations/dashboards/live/build-info.json from ../../ai/epam-cli/orchestrations/dashboards/build-info.11ty.js
[11ty] Copied 20 Wrote 1 file in 0.75 seconds (v3.1.6)
[11ty] Watching…
[11ty] File changed: /home/bradleyjerome/projects/ai/epam-cli/orchestrations/logs/calibration.json
[11ty] Writing /home/bradleyjerome/projects/ai/epam-cli/orchestrations/dashboards/live/build-info.json from ../../ai/epam-cli/orchestrations/dashboards/build-info.11ty.js
[11ty] File changed: /home/bradleyjerome/projects/ai/epam-cli/orchestrations/logs/agent-status.json
[11ty] File changed: /home/bradleyjerome/projects/ai/epam-cli/orchestrations/logs/step-status.json
[11ty] File changed: /home/bradleyjerome/projects/ai/epam-cli/orchestrations/logs/agent-activity.jsonl
[11ty] File changed: /home/bradleyjerome/projects/ai/epam-cli/orchestrations/logs/phase-cost.jsonl
[11ty] File changed: /home/bradleyjerome/projects/ai/epam-cli/orchestrations/logs/agent-status.json
[11ty] File changed: /home/bradleyjerome/projects/ai/epam-cli/orchestrations/logs/step-status.json
[11ty] File changed: /home/bradleyjerome/projects/ai/epam-cli/orchestrations/logs/profiles-audit.jsonl
[11ty] Copied 20 Wrote 1 file in 5.12 seconds (v3.1.6)
[11ty] You saved while Eleventy was running, let’s run again. (7 changes)
[11ty] Writing /home/bradleyjerome/projects/ai/epam-cli/orchestrations/dashboards/live/build-info.json from ../../ai/epam-cli/orchestrations/dashboards/build-info.11ty.js
[11ty] Copied 20 Wrote 1 file in 0.42 seconds (v3.1.6)
[11ty] Watching…
[11ty] File changed: /home/bradleyjerome/projects/ai/epam-cli/orchestrations/logs/phase-cost.jsonl
[11ty] File changed: /home/bradleyjerome/projects/ai/epam-cli/orchestrations/logs/agent-activity.jsonl
[11ty] File changed: /home/bradleyjerome/projects/ai/epam-cli/orchestrations/logs/agent-status.json
[11ty] Writing /home/bradleyjerome/projects/ai/epam-cli/orchestrations/dashboards/live/build-info.json from ../../ai/epam-cli/orchestrations/dashboards/build-info.11ty.js
[11ty] File changed: /home/bradleyjerome/projects/ai/epam-cli/orchestrations/logs/guarded-step-retries.jsonl
[11ty] File changed: /home/bradleyjerome/projects/ai/epam-cli/orchestrations/logs/guarded-step-retries-history.jsonl
[11ty] File changed: /home/bradleyjerome/projects/ai/epam-cli/orchestrations/logs/step-status.json
[11ty] File changed: /home/bradleyjerome/projects/ai/epam-cli/orchestrations/logs/step-status.json
[11ty] File changed: /home/bradleyjerome/projects/ai/epam-cli/orchestrations/logs/agent-status.json
[11ty] File changed: /home/bradleyjerome/projects/ai/epam-cli/orchestrations/logs/agent-activity.jsonl
[11ty] Copied 20 Wrote 1 file in 4.96 seconds (v3.1.6)
[11ty] You saved while Eleventy was running, let’s run again. (6 changes)
[11ty] Writing /home/bradleyjerome/projects/ai/epam-cli/orchestrations/dashboards/live/build-info.json from ../../ai/epam-cli/orchestrations/dashboards/build-info.11ty.js
[11ty] Copied 20 Wrote 1 file in 3.73 seconds (v3.1.6)
[11ty] Watching…
[11ty] File changed: /home/bradleyjerome/projects/ai/epam-cli/orchestrations/logs/guarded-step-retries.jsonl
[11ty] File changed: /home/bradleyjerome/projects/ai/epam-cli/orchestrations/logs/guarded-step-retries-history.jsonl
[11ty] File changed: /home/bradleyjerome/projects/ai/epam-cli/orchestrations/logs/agent-status.json
[11ty] Writing /home/bradleyjerome/projects/ai/epam-cli/orchestrations/dashboards/live/build-info.json from ../../ai/epam-cli/orchestrations/dashboards/build-info.11ty.js
[11ty] File changed: /home/bradleyjerome/projects/ai/epam-cli/orchestrations/logs/agent-activity.jsonl
[11ty] File changed: /home/bradleyjerome/projects/ai/epam-cli/orchestrations/logs/step-status.json

<--- Last few GCs --->

[2511022:0x338f4000]   538817 ms: Scavenge (interleaved) 4089.0 (4094.6) -> 4088.0 (4099.4) MB, pooled: 0 MB, 12.30 / 0.00 ms  (average mu = 0.341, current mu = 0.321) allocation failure; 
[2511022:0x338f4000]   539749 ms: Mark-Compact (reduce) 4092.4 (4100.1) -> 4088.8 (4093.6) MB, pooled: 0 MB, 324.78 / 0.00 ms  (+ 351.0 ms in 70 steps since start of marking, biggest step 5.2 ms, walltime since start of marking 743 ms) (average mu = 0.327
FATAL ERROR: Ineffective mark-compacts near heap limit Allocation failed - JavaScript heap out of memory
----- Native stack trace -----

 1: 0x735eec node::OOMErrorHandler(char const*, v8::OOMDetails const&) [node]
 2: 0xbafbd0  [node]
 3: 0xbafcbf  [node]
 4: 0xe49875  [node]
 5: 0xe498a2  [node]
 6: 0xe49b9a  [node]
 7: 0xe5a89a  [node]
 8: 0xe5ec40  [node]
 9: 0x18f3681  [node]
Aborted (core dumped)
[11ty] Writing /home/bradleyjerome/projects/ai/epam-cli/orchestrations/dashboards/live/build-info.json from ../../ai/epam-cli/orchestrations/dashboards/build-info.11ty.js
[11ty] Copied 20 Wrote 1 file in 0.60 seconds (v3.1.6)
[11ty] Watching…
[11ty] Server at http://192.168.2.18:8093/ or http://172.20.0.1:8093/ or http://172.21.0.1:8093/ or http://172.22.0.1:8093/ or http://172.18.0.1:8093/ or http://172.19.0.1:8093/ or http://localhost:8093/
[11ty] File changed: /home/bradleyjerome/projects/ai/epam-cli/orchestrations/logs/spec-runs/20260725T225612Z/prd.before.json
[11ty] File changed: /home/bradleyjerome/projects/ai/epam-cli/orchestrations/logs/spec-baseline.json
[11ty] File changed: /home/bradleyjerome/projects/ai/epam-cli/orchestrations/logs/step-status.json
[11ty] Writing /home/bradleyjerome/projects/ai/epam-cli/orchestrations/dashboards/live/build-info.json from ../../ai/epam-cli/orchestrations/dashboards/build-info.11ty.js
[11ty] File changed: /home/bradleyjerome/projects/ai/epam-cli/orchestrations/logs/spec-run-latest.json
[11ty] Copied 20 Wrote 1 file in 1.54 seconds (v3.1.6)
[11ty] You saved while Eleventy was running, let’s run again. (1 change)
[11ty] Writing /home/bradleyjerome/projects/ai/epam-cli/orchestrations/dashboards/live/build-info.json from ../../ai/epam-cli/orchestrations/dashboards/build-info.11ty.js
[11ty] Copied 20 Wrote 1 file in 0.64 seconds (v3.1.6)
[11ty] Watching…
[11ty] File changed: /home/bradleyjerome/projects/ai/epam-cli/orchestrations/logs/agent-activity.jsonl
[11ty] File changed: /home/bradleyjerome/projects/ai/epam-cli/orchestrations/logs/agent-status.json
[11ty] Writing /home/bradleyjerome/projects/ai/epam-cli/orchestrations/dashboards/live/build-info.json from ../../ai/epam-cli/orchestrations/dashboards/build-info.11ty.js
[11ty] Copied 20 Wrote 1 file in 7.71 seconds (v3.1.6)
[11ty] Watching…
[11ty] File changed: /home/bradleyjerome/projects/ai/epam-cli/orchestrations/logs/agent-activity.jsonl
[11ty] Writing /home/bradleyjerome/projects/ai/epam-cli/orchestrations/dashboards/live/build-info.json from ../../ai/epam-cli/orchestrations/dashboards/build-info.11ty.js
[11ty] Copied 20 Wrote 1 file in 0.35 seconds (v3.1.6)
[11ty] Watching…
[11ty] File changed: /home/bradleyjerome/projects/ai/epam-cli/orchestrations/logs/agent-activity.jsonl
[11ty] Writing /home/bradleyjerome/projects/ai/epam-cli/orchestrations/dashboards/live/build-info.json from ../../ai/epam-cli/orchestrations/dashboards/build-info.11ty.js
[11ty] Copied 20 Wrote 1 file in 0.41 seconds (v3.1.6)
[11ty] Watching…
[11ty] File changed: /home/bradleyjerome/projects/ai/epam-cli/orchestrations/logs/agent-activity.jsonl
[11ty] Writing /home/bradleyjerome/projects/ai/epam-cli/orchestrations/dashboards/live/build-info.json from ../../ai/epam-cli/orchestrations/dashboards/build-info.11ty.js
[11ty] Copied 20 Wrote 1 file in 0.29 seconds (v3.1.6)
[11ty] Watching…
[11ty] File changed: /home/bradleyjerome/projects/ai/epam-cli/orchestrations/logs/agent-activity.jsonl
[11ty] File changed: /home/bradleyjerome/projects/ai/epam-cli/orchestrations/logs/agent-status.json
[11ty] Writing /home/bradleyjerome/projects/ai/epam-cli/orchestrations/dashboards/live/build-info.json from ../../ai/epam-cli/orchestrations/dashboards/build-info.11ty.js
[11ty] Copied 20 Wrote 1 file in 7.60 seconds (v3.1.6)
[11ty] Watching…
[11ty] File changed: /home/bradleyjerome/projects/ai/epam-cli/orchestrations/logs/agent-status.json
[11ty] Writing /home/bradleyjerome/projects/ai/epam-cli/orchestrations/dashboards/live/build-info.json from ../../ai/epam-cli/orchestrations/dashboards/build-info.11ty.js
[11ty] File changed: /home/bradleyjerome/projects/ai/epam-cli/orchestrations/logs/agent-activity.jsonl
[11ty] Copied 20 Wrote 1 file in 8.09 seconds (v3.1.6)
[11ty] You saved while Eleventy was running, let’s run again. (1 change)
[11ty] Writing /home/bradleyjerome/projects/ai/epam-cli/orchestrations/dashboards/live/build-info.json from ../../ai/epam-cli/orchestrations/dashboards/build-info.11ty.js
[11ty] Copied 20 Wrote 1 file in 0.33 seconds (v3.1.6)
[11ty] Watching…
[11ty] File changed: /home/bradleyjerome/projects/ai/epam-cli/orchestrations/logs/agent-activity.jsonl
[11ty] File changed: /home/bradleyjerome/projects/ai/epam-cli/orchestrations/logs/guarded-step-retries.jsonl
[11ty] File changed: /home/bradleyjerome/projects/ai/epam-cli/orchestrations/logs/guarded-step-retries-history.jsonl
[11ty] File changed: /home/bradleyjerome/projects/ai/epam-cli/orchestrations/logs/spec-phase.jsonl
[11ty] File changed: /home/bradleyjerome/projects/ai/epam-cli/orchestrations/logs/agent-status.json
[11ty] Writing /home/bradleyjerome/projects/ai/epam-cli/orchestrations/dashboards/live/build-info.json from ../../ai/epam-cli/orchestrations/dashboards/build-info.11ty.js
[11ty] File changed: /home/bradleyjerome/projects/ai/epam-cli/orchestrations/logs/agent-status.json
[11ty] File changed: /home/bradleyjerome/projects/ai/epam-cli/orchestrations/logs/agent-activity.jsonl
[11ty] File changed: /home/bradleyjerome/projects/ai/epam-cli/orchestrations/logs/agent-activity.jsonl
[11ty] File changed: /home/bradleyjerome/projects/ai/epam-cli/orchestrations/logs/agent-status.json
[11ty] File changed: /home/bradleyjerome/projects/ai/epam-cli/orchestrations/logs/spec-phase.jsonl
[11ty] Copied 20 Wrote 1 file in 19.59 seconds (v3.1.6)
[11ty] You saved while Eleventy was running, let’s run again. (5 changes)
[11ty] Writing /home/bradleyjerome/projects/ai/epam-cli/orchestrations/dashboards/live/build-info.json from ../../ai/epam-cli/orchestrations/dashboards/build-info.11ty.js
[11ty] Copied 20 Wrote 1 file in 9.30 seconds (v3.1.6)
[11ty] Watching…
[11ty] File changed: /home/bradleyjerome/projects/ai/epam-cli/orchestrations/logs/agent-activity.jsonl
[11ty] Writing /home/bradleyjerome/projects/ai/epam-cli/orchestrations/dashboards/live/build-info.json from ../../ai/epam-cli/orchestrations/dashboards/build-info.11ty.js
[11ty] Copied 20 Wrote 1 file in 0.39 seconds (v3.1.6)
[11ty] Watching…
[11ty] File changed: /home/bradleyjerome/projects/ai/epam-cli/orchestrations/logs/agent-activity.jsonl
[11ty] File changed: /home/bradleyjerome/projects/ai/epam-cli/orchestrations/logs/spec-runs/20260725T225612Z/summary.json
[11ty] File changed: /home/bradleyjerome/projects/ai/epam-cli/orchestrations/logs/spec-summary.json
[11ty] File changed: /home/bradleyjerome/projects/ai/epam-cli/orchestrations/logs/agent-status.json
[11ty] Writing /home/bradleyjerome/projects/ai/epam-cli/orchestrations/dashboards/live/build-info.json from ../../ai/epam-cli/orchestrations/dashboards/build-info.11ty.js
[11ty] File changed: /home/bradleyjerome/projects/ai/epam-cli/orchestrations/logs/phase-cost.jsonl
[11ty] File changed: /home/bradleyjerome/projects/ai/epam-cli/orchestrations/logs/step-status.json
[11ty] File changed: /home/bradleyjerome/projects/ai/epam-cli/orchestrations/logs/agent-status.json
[11ty] File changed: /home/bradleyjerome/projects/ai/epam-cli/orchestrations/logs/agent-activity.jsonl
