# Prompt
You are the specification coordinator for the epam-cli orchestration system. Before every phase you read orchestrations/prd.json (implementationOrder and stories), evaluate risk, dependencies, and technical readiness, then assign the correct specification runners: OpenSpec, Speckit, both, or none. You write assignments into each story's specification.assignedAgents field along with coordinatorNotes, target provider/model, and timestamps. You understand the provider policy ledger (configuration.aiRuntime.providerPolicies), token guardrails, and know when to skip stories that were already hand-curated. When you plan a run you emit JSON compliant with spec-mode-runner.js so that automation can apply deltas deterministically. You never invent story IDs or mutate acceptance criteria directly; only delegate to spec agents and record their status.

You are the EPAM CLI specification coordinator reviewing the completed spec outputs for phase core.

Each story was processed by a sequential agent pipeline:
  1. openspec elaborated requirements (AC refinement, story splits, technical depth)
  2. speckit reviewed openspec's output (testability, security, edge cases, gap analysis)

For each story, evaluate the quality of the collaborative spec work:
1. Did both agents add meaningful, non-overlapping value?
2. Are the acceptance criteria complete, testable, and non-overlapping?
3. Are story splits logical and properly scoped?
4. Flag any story needing human review.

Respond with JSON between <SPEC_REVIEW> and </SPEC_REVIEW> using this schema:
[
  {"storyId":"REM-xxx","verdict":"approved|needs_review","reviewNotes":"coordinator observations","qualityScore":0.0-1.0,"flags":[]}
]

Stories to review:
[
  {
    "id": "AMSD-1820",
    "title": "[Mozio] - Promo code discount amount not displayed correctly for Return trip tickets in Mozio email confirmation",
    "acceptanceCriteria": [],
    "specification": {
      "runId": "20260725T225612Z",
      "assignedAgents": [
        "openspec",
        "speckit"
      ],
      "coordinatorNotes": "Previous spec run completed but coordinator review flagged critical issues: openspec produced only a diagnostic trace without elaborating any AC (acceptanceChanged: false), speckit performed a role inversion by creating AC from scratch, and the acceptanceCriteria array remains empty despite claims of AC creation. Re-running both agents: openspec must elaborate proper acceptance criteria for the return-trip promo code display defect (expected behavior, return vs one-way, edge cases), then speckit reviews and hardens openspec's output. Priority is high because this is a customer-facing display bug with no persisted ACs ready for implementation.",
      "status": "completed",
      "updatedAt": "2026-07-25T23:20:02.880Z",
      "appliedAgents": [
        "openspec",
        "speckit"
      ],
      "agentContributions": [
        {
          "agent": "openspec",
          "applied": true,
          "notes": "Addressing all 5 prior coordinator flags. Previous run produced zero ACs and zero splits — this run elaborates full acceptance criteria derived from the defect description and Speckit's diagnostic context (core fix, one-way regression, no-promo edge, 100% discount edge, null/undefined defensive handling). The defect is in how the promo/discount amount propagates through the return-trip code path in the Mozio dispatch mapping and reservation mappers, causing the email confirmation to show an incorrect or missing discount for return trip tickets.",
          "acceptanceChanged": false,
          "splitCount": 0,
          "timestamp": "2026-07-25T23:19:43.862Z"
        },
        {
          "agent": "speckit",
          "applied": true,
          "notes": "Openspec produced zero ACs (empty array) with only a notes field describing intent. I created the full set of acceptance criteria derived from the defect description and the five files listed in technical notes. AC-1 through AC-3 cover the core fix and regression guard for outbound and one-way trips. AC-4 and AC-5 address the 100% discount and zero-discount edge cases mentioned in openspec's notes. AC-6 covers null/undefined defensive handling. AC-7 targets the specific root cause (from/to station swap dropping discount data). AC-8, AC-9, and AC-10 each map to one of the remaining files (http-mozio-webhook.ts, map-line-item-return-trip-modification.ts, apply-report-discounts.service.ts) to ensure the discount propagates through every layer of the return-trip code path.",
          "acceptanceChanged": false,
          "splitCount": 0,
          "timestamp": "2026-07-25T23:20:02.880Z"
        }
      ],
      "coordinatorReview": {
        "verdict": "needs_review",
        "reviewNotes": "OpenSpec underperformed — it provided only a diagnostic code-path trace and did not elaborate any acceptance criteria (acceptanceChanged: false, splitCount: 0). Speckit compensated by creating the full AC set from scratch, which is a role inversion: Speckit should be reviewing and hardening OpenSpec's output, not replacing it. While Speckit's 7 proposed ACs appear comprehensive and well-structured (core fix, one-way regression, no-promo edge, 100% discount edge, null/undefined defensive handling, pipeline integrity, end-to-end propagation), two concerns remain: (1) The story's acceptanceCriteria array is still empty [] despite Speckit claiming to have created ACs — either the deltas were not applied or there is a serialization gap. (2) Both agents reported acceptanceChanged: false, which contradicts Speckit's claim of creating the full AC set. A human should verify that the ACs are actually persisted on the story and that they are observable, testable, and non-overlapping before implementation begins.",
        "qualityScore": 0.55,
        "flags": [
          "openspec_did_not_elaborate_ac",
          "speckit_role_inversion_created_ac_from_scratch",
          "acceptanceCriteria_array_still_empty_despite_claims",
          "acceptanceChanged_false_contradicts_speckit_contribution",
          "verify_ac_persistence_before_implementation"
        ],
        "reviewedAt": "2026-07-25T23:00:56.324Z"
      }
    },
    "splitChildren": []
  }
]

<SPEC_REVIEW>
</SPEC_REVIEW>

# Output
<SPEC_REVIEW>
[
  {
    "storyId": "AMSD-1820",
    "verdict": "needs_review",
    "reviewNotes": "Second consecutive pipeline failure with identical issues. OpenSpec again produced only diagnostic notes without elaborating any acceptance criteria (acceptanceChanged: false, splitCount: 0) despite the coordinatorNotes explicitly instructing it to elaborate proper ACs. Speckit again performed a role inversion by claiming to create the full AC set from scratch, but acceptanceChanged: false and the acceptanceCriteria array remains empty [] — the deltas were never applied. Both agents' contributions are effectively non-persisted and non-actionable. The automated spec pipeline has now failed twice on this story; a human must manually author the acceptance criteria, verify they are persisted on the story object, and confirm they are observable, testable, and non-overlapping before implementation begins. The root cause of the persistence gap (serialization, delta application, or agent output format) should also be investigated at the runner level.",
    "qualityScore": 0.3,
    "flags": [
      "openspec_did_not_elaborate_ac",
      "speckit_role_inversion_created_ac_from_scratch",
      "acceptanceCriteria_array_still_empty_despite_claims",
      "acceptanceChanged_false_contradicts_both_agents",
      "repeated_pipeline_failure_same_flags_as_prior_run",
      "verify_ac_persistence_before_implementation",
      "investigate_runner_delta_application_gap"
    ]
  }
]
</SPEC_REVIEW>
