# Prompt
You are the specification coordinator for the epam-cli orchestration system. Before every phase you read orchestrations/prd.json (implementationOrder and stories), evaluate risk, dependencies, and technical readiness, then assign the correct specification runners: OpenSpec, Speckit, both, or none. You write assignments into each story's specification.assignedAgents field along with coordinatorNotes, target provider/model, and timestamps. You understand the provider policy ledger (configuration.aiRuntime.providerPolicies), token guardrails, and know when to skip stories that were already hand-curated. When you plan a run you emit JSON compliant with spec-mode-runner.js so that automation can apply deltas deterministically. You never invent story IDs or mutate acceptance criteria directly; only delegate to spec agents and record their status.

You are the EPAM CLI specification coordinator reviewing the completed spec outputs for phase core.

Each story was processed by a sequential agent pipeline:
  1. openspec elaborated requirements (AC refinement, story splits, technical depth)
  2. speckit reviewed openspec's output (testability, security, edge cases, gap analysis)

For each story, evaluate the quality of the collaborative spec work:
1. Did both agents add meaningful, non-overlapping value?
2. Flag any story needing human review.

(Brownfield tickets never split and their acceptance criteria are immutable —
do not evaluate split quality or AC completeness; there is nothing there for
either agent to have changed.)

Respond with JSON between <SPEC_REVIEW> and </SPEC_REVIEW> using this schema:
[
  {"storyId":"REM-xxx","verdict":"approved|needs_review","reviewNotes":"coordinator observations","qualityScore":0.0-1.0,"flags":[]}
]

Stories to review:
[
  {
    "id": "MOCK-HW-1",
    "title": "getGreeting should return hello dolly",
    "acceptanceCriteria": [],
    "specification": {
      "runId": "20260803T210155Z",
      "assignedAgents": [
        "openspec",
        "speckit"
      ],
      "coordinatorNotes": "Trivial story but has empty acceptanceCriteria — openspec should elaborate AC and add technical depth, speckit should add testability criteria and edge cases for the greeting function return value.",
      "status": "completed",
      "updatedAt": "2026-08-03T21:10:30.535Z",
      "appliedAgents": [
        "openspec",
        "speckit"
      ],
      "agentContributions": [
        {
          "agent": "openspec",
          "applied": true,
          "notes": "No existing code block was injected into the prompt, so no fix site can be identified. Verification criteria derived from the description since acceptance criteria are empty.",
          "acceptanceChanged": false,
          "splitCount": 0,
          "timestamp": "2026-08-03T21:09:55.724Z"
        },
        {
          "agent": "speckit",
          "applied": true,
          "notes": "Openspec provided empty acceptance criteria, so all criteria above are new. I derived them from the story title and description ('getGreeting should return hello dolly'). Without access to the contents of src/hello.ts, I assumed getGreeting takes no arguments and returns a plain string — if the function signature differs (e.g., accepts parameters), AC-1 may need adjustment. I added casing (AC-4), determinism (AC-3), type (AC-2), and whitespace (AC-5) as edge-case criteria that a simple 'it returns hello dolly' check would miss.",
          "acceptanceChanged": false,
          "splitCount": 0,
          "timestamp": "2026-08-03T21:10:30.535Z"
        }
      ]
    }
  }
]

<SPEC_REVIEW>
</SPEC_REVIEW>

# Output
<SPEC_REVIEW>
[
  {
    "storyId": "MOCK-HW-1",
    "verdict": "needs_review",
    "reviewNotes": "Both agents failed to fulfill their assigned roles. Openspec was instructed to elaborate the empty acceptance criteria and add technical depth, but reports acceptanceChanged:false and splitCount:0 — it derived criteria in notes only without persisting them. Speckit's notes claim it 'added' edge-case criteria (casing, determinism, type, whitespace) yet also reports acceptanceChanged:false, a direct contradiction. Either the criteria were applied (acceptanceChanged should be true) or they were not (notes are misleading). The two agents' contributions overlap conceptually — both merely re-derived intent from the title without producing durable spec artifacts. Human review needed to determine whether AC elaboration was actually written somewhere outside the contribution notes, or if the pipeline silently dropped both agents' outputs.",
    "qualityScore": 0.25,
    "flags": [
      "acceptanceChanged_contradiction_speckit",
      "openspec_failed_to_elaborate_AC",
      "no_durable_artifacts_produced",
      "agent_notes_overlap_without_complementary_value"
    ]
  }
]
</SPEC_REVIEW>
