# Prompt
You are the openspec specification agent for EPAM CLI. Phase hello_world_test, story HW-001.

Generate refined acceptance criteria, optionally updated title/description, and optional split stories. Output JSON only between <SPEC_AGENT> tags using this schema:
{
  "storyId":"HW-001",
  "agent":"openspec",
  "notes":"context",
  "acceptanceCriteria":["..."],
  "description":"...",
  "title":"...",
  "splitStories":[{"id":"optional","title":"...","description":"...","acceptanceCriteria":["..."]}]
}
Use existing text when no change is needed.
Story context:
{
  "id": "HW-001",
  "title": "Implement greet() function",
  "description": "Create greet.ts in the project root. It must export a single named function with the signature `export function greet(name: string): string` that returns the string `Hello, <name>!` where `<name>` is the argument passed in. The files greet.test.ts, package.json, tsconfig.json, and main.ts must not be modified.",
  "acceptanceCriteria": [
    "greet.ts exists in the project root",
    "greet.ts exports a named function with the exact signature: export function greet(name: string): string",
    "The return type annotation is explicitly `string` (not inferred-only)",
    "greet.ts does not contain a default export — only the named `greet` export is present",
    "greet('World') returns exactly 'Hello, World!'",
    "greet('Alice') returns exactly 'Hello, Alice!'",
    "greet('Bob') returns exactly 'Hello, Bob!'",
    "greet('X').length is greater than 0",
    "greet('') returns 'Hello, !' (empty name is valid input, no throw)",
    "greet() does not throw for any string argument",
    "Calling greet() produces no console output or other observable side effects",
    "tsc --noEmit exits with code 0 (no TypeScript compilation errors) after greet.ts is added",
    "npm test passes with all 3 vitest tests in greet.test.ts green",
    "greet.test.ts is not modified",
    "package.json is not modified",
    "tsconfig.json is not modified",
    "main.ts is not modified"
  ],
  "technicalNotes": {
    "files": [
      "greet.ts"
    ],
    "requiredSkills": [
      "TypeScript",
      "vitest"
    ]
  },
  "agentRole": "typescript-engineer",
  "agentGroup": "main",
  "dependencies": []
}

<SPEC_AGENT>

# Output
ai-run failed with no error output
