[0;32m[SUCCESS][0m Prerequisites check passed
[0;34m[2026-07-24 18:41:16][0m ======================================
[0;34m[2026-07-24 18:41:16][0m EPAM CLI Orchestration Loop Starting
[0;34m[2026-07-24 18:41:16][0m Stories to implement: MOCK-HW-1
[0;34m[2026-07-24 18:41:16][0m ======================================

Project: skyscanner-app
Description: A full TypeScript mini-app that searches flights via the Skyscanner RapidAPI, exposes a REST API with /search and /cheapest endpoints, a CLI tool, and an HTML dashboard — built entirely by autonomous multi-agent orchestration
Tech Stack: language: TypeScript, runtime: Node.js 20, framework: Express, testing: vitest, devEnvironment: Ubuntu WSL2

Global Acceptance Criteria:
- 

[0;34m[2026-07-24 18:41:16][0m --------------------------------------
[0;32m+ No dependencies for MOCK-HW-1[0m
[0;34m[2026-07-24 18:41:16][0m Implementing story: MOCK-HW-1 - Hello world greeting should say hello dolly
[0;34m[2026-07-24 18:41:16][0m   Effort[low] -> turns=unlimited maxIter=6 maxOutTok=3072
[0;34m[2026-07-24 18:41:16][0m   BrownfieldEffortFloor: reasoning-model headroom -> maxIter=12 maxOutTok=24576 (think + write must fit one response)
[0;34m[2026-07-24 18:41:16][0m   Effort[final] -> maxIter=12 maxOutTok=24576
[0;34m[2026-07-24 18:41:16][0m   Provider[minimax] -> CLI=epam
[0;34m[2026-07-24 18:41:16][0m   Model[prd.json] -> MiniMax-M3 (overrides effort default)
[0;34m[2026-07-24 18:41:16][0m   BrownfieldEffortFloor(reasoning): low -> medium (story-point-derived LOW is not enough for a brownfield fix)
[0;34m[2026-07-24 18:41:16][0m   ReasoningEffort[prd.json] -> medium
[0;34m[2026-07-24 18:41:16][0m Invoking epam (attempt 1/8)...
npm warn reify Removing non-directory /tmp/brownfield-mock-e2e-ASbxdQ/codelines/mock-hello-world/node_modules

added 3 packages, and audited 4 packages in 700ms

found 0 vulnerabilities

added 44 packages, and audited 48 packages in 4s

17 packages are looking for funding
  run `npm fund` for details

found 0 vulnerabilities

added 3 packages, and audited 51 packages in 734ms

17 packages are looking for funding
  run `npm fund` for details

found 0 vulnerabilities
  [dependency-check] Installing missing import: @types/node
  [dependency-check] Installing missing import: vitest
  [dependency-check] Installing missing import: tsx
[0;34m[2026-07-24 18:41:26][0m   Cost[MOCK-HW-1] model=MiniMax-M3 in=7907 out=252 cost=$0.0027 elapsed=.06min status=attempt
[1;33m[WARNING][0m Story MOCK-HW-1: 1/3 declared candidate file(s) were unchanged (real work landed in the others) — informational, not a failure:
[1;33m[WARNING][0m   src/hello.test.ts
[0;32m[SUCCESS][0m Verified 3 declared deliverable(s) for MOCK-HW-1
[0;32m[SUCCESS][0m   [tsc-verify] MOCK-HW-1: tsc --noEmit passed
[0;32m[SUCCESS][0m epam completed implementation for MOCK-HW-1
[0;34m[2026-07-24 18:41:27][0m   Cost[MOCK-HW-1] model=MiniMax-M3 in=7907 out=252 cost=$0.0027 elapsed=.18min status=completed
[0;32m[SUCCESS][0m Story MOCK-HW-1 marked as completed
[0;34m[2026-07-24 18:41:27][0m   [post-story] Generating dependency contract for MOCK-HW-1...
[0;34m[2026-07-24 18:41:27][0m   [post-story] Contract generation complete for MOCK-HW-1
[0;34m[2026-07-24 18:41:27][0m   [post-story] Committing completed work for MOCK-HW-1...
[0;34m[2026-07-24 18:41:27][0m   Committed 6 file(s) for MOCK-HW-1
[0;34m[2026-07-24 18:41:27][0m   [post-story] Commit step complete for MOCK-HW-1
[0;32m[SUCCESS][0m   [tsc-gate] MOCK-HW-1: tsc --noEmit passed
[0;34m[2026-07-24 18:41:27][0m   [split-gate] No unvalidated mid-execution splits for phase 'core'
[0;34m[2026-07-24 18:41:27][0m ======================================
[0;34m[2026-07-24 18:41:27][0m EPAM CLI Orchestration Loop Complete
[0;34m[2026-07-24 18:41:27][0m Implemented: 1, Failed: 0, Skipped: 0
[0;34m[2026-07-24 18:41:27][0m ======================================
