[0;32m[SUCCESS][0m Prerequisites check passed
[0;34m[2026-07-21 12:37:01][0m ======================================
[0;34m[2026-07-21 12:37:01][0m EPAM CLI Orchestration Loop Starting
[0;34m[2026-07-21 12:37:01][0m Stories to implement: SKY-001
[0;34m[2026-07-21 12:37:01][0m ======================================

Project: skyscanner-app
Description: A full TypeScript mini-app that searches flights via the Skyscanner RapidAPI, exposes a REST API with /search and /cheapest endpoints, a CLI tool, and an HTML dashboard — built entirely by autonomous multi-agent orchestration
Tech Stack: language: TypeScript, runtime: Node.js 20, framework: Express, testing: vitest, devEnvironment: Ubuntu WSL2

Global Acceptance Criteria:
- 

[0;34m[2026-07-21 12:37:01][0m --------------------------------------
[0;32m+ No dependencies for SKY-001[0m
[0;34m[2026-07-21 12:37:01][0m Implementing story: SKY-001 - Scaffold TypeScript project with Vitest and Express
[0;34m[2026-07-21 12:37:01][0m   Effort[medium] -> turns=unlimited maxIter=10 maxOutTok=6144
[0;34m[2026-07-21 12:37:01][0m   Effort[final] -> maxIter=10 maxOutTok=6144
[0;34m[2026-07-21 12:37:01][0m   Provider[minimax] -> CLI=epam
[0;34m[2026-07-21 12:37:01][0m   Model[prd.json] -> MiniMax-M3 (overrides effort default)
[0;34m[2026-07-21 12:37:01][0m   ReasoningEffort[prd.json] -> medium
[0;34m[2026-07-21 12:37:01][0m Invoking epam (attempt 1/8)...
[0;32m[SUCCESS][0m Verified 3 declared deliverable(s) for SKY-001
[0;34m[2026-07-21 12:37:56][0m   [tc-writer] Generating TCs for phase 'unknown' (post-impl, pre-test)...
  [tc-writer] No test stories need TCs in phase 'unknown' — skipping
[0;34m[2026-07-21 12:37:56][0m   [tc-writer] TC generation complete — test stories have testCriteria
[0;32m[SUCCESS][0m epam completed implementation for SKY-001
[0;34m[2026-07-21 12:37:57][0m   Cost[SKY-001] model=MiniMax-M3 in=44333 out=2158 cost=$0.0159 elapsed=.93min status=completed
[0;32m[SUCCESS][0m Story SKY-001 marked as completed
[0;34m[2026-07-21 12:37:57][0m   [post-story] Generating dependency contract for SKY-001...
[0;34m[2026-07-21 12:37:57][0m   [post-story] Contract generation complete for SKY-001
[0;34m[2026-07-21 12:37:57][0m   [post-story] Committing completed work for SKY-001...
[0;34m[2026-07-21 12:37:57][0m   Committed 8 file(s) for SKY-001
[0;34m[2026-07-21 12:37:57][0m   [post-story] Commit step complete for SKY-001
[0;34m[2026-07-21 12:37:57][0m   [split-gate] No unvalidated mid-execution splits for phase 'scaffold'
[0;34m[2026-07-21 12:37:57][0m ======================================
[0;34m[2026-07-21 12:37:57][0m EPAM CLI Orchestration Loop Complete
[0;34m[2026-07-21 12:37:57][0m Implemented: 1, Failed: 0, Skipped: 0
[0;34m[2026-07-21 12:37:57][0m ======================================
