[0;32m[SUCCESS][0m Prerequisites check passed
[0;34m[2026-07-19 00:40:02][0m ======================================
[0;34m[2026-07-19 00:40:02][0m EPAM CLI Orchestration Loop Starting
[0;34m[2026-07-19 00:40:02][0m Stories to implement: SKY-004-be-1
[0;34m[2026-07-19 00:40:02][0m ======================================

Project: skyscanner-app
Description: A full TypeScript mini-app that searches flights via the Skyscanner RapidAPI, exposes a REST API with /search and /cheapest endpoints, a CLI tool, and an HTML dashboard — built entirely by autonomous multi-agent orchestration
Tech Stack: language: TypeScript, runtime: Node.js 20, framework: Express, testing: vitest, devEnvironment: Ubuntu WSL2

Global Acceptance Criteria:
- 

[0;34m[2026-07-19 00:40:02][0m --------------------------------------
[0;32m+ Dependency SKY-002 satisfied (completed)[0m

[0;32m+ All 1 dependencies satisfied for SKY-004-be-1[0m
[0;34m[2026-07-19 00:40:02][0m Implementing story: SKY-004-be-1 - Build Express REST API server with /health, /search, /cheapest, and static dashboard — Implementation
[0;34m[2026-07-19 00:40:02][0m   Effort[high] -> turns=unlimited maxIter=15 maxOutTok=6144
[0;34m[2026-07-19 00:40:02][0m   Effort[final] -> maxIter=15 maxOutTok=6144
[0;34m[2026-07-19 00:40:02][0m   Provider[minimax] -> CLI=epam
[0;34m[2026-07-19 00:40:02][0m   Model[prd.json] -> MiniMax-M3 (overrides effort default)
[0;34m[2026-07-19 00:40:02][0m   ReasoningEffort[prd.json] -> high
[0;34m[2026-07-19 00:40:02][0m   PlannerModel[auto/high-tier: z-ai/glm-5.2] -> planning turn, then execution on MiniMax-M3
[0;34m[2026-07-19 00:40:02][0m   Running planning phase with z-ai/glm-5.2...
[0;34m[2026-07-19 00:41:55][0m   Planning phase complete (344 words, reviewed)
[0;34m[2026-07-19 00:41:56][0m Invoking epam (attempt 1/8)...
[0;31m[ERROR][0m Story SKY-004-be-1 is missing 1 declared deliverable(s) in /home/bradleyjerome/projects/skyscanner-app:
[0;31m[ERROR][0m   /home/bradleyjerome/projects/skyscanner-app/src/server.ts
[1;33m[WARNING][0m epam returned success but story deliverables are incomplete
[0;34m[2026-07-19 00:42:21][0m   Coordinator[L1]: quality failure (agent ran, result produced) — escalation tentatively approved
[1;33m[WARNING][0m epam failed, retrying in 5s...
[0;34m[2026-07-19 00:42:26][0m   InferenceLadder[Rung0/R1]: same rung — no escalation, self-heal guidance active
[0;34m[2026-07-19 00:42:26][0m Invoking epam (attempt 2/8)...
[0;31m[ERROR][0m Story SKY-004-be-1 is missing 1 declared deliverable(s) in /home/bradleyjerome/projects/skyscanner-app:
[0;31m[ERROR][0m   /home/bradleyjerome/projects/skyscanner-app/src/server.ts
[1;33m[WARNING][0m epam returned success but story deliverables are incomplete
[0;34m[2026-07-19 00:42:51][0m   Coordinator[L1]: quality failure (agent ran, result produced) — escalation tentatively approved
[1;33m[WARNING][0m epam failed, retrying in 5s...
[0;34m[2026-07-19 00:42:56][0m   InferenceLadder[Rung1/R2]: model='MiniMax-M3' unchanged — effort → medium
[0;34m[2026-07-19 00:42:56][0m Invoking epam (attempt 3/8)...
[0;32m[SUCCESS][0m Verified 1 declared deliverable(s) for SKY-004-be-1
[0;34m[2026-07-19 00:44:35][0m   [tc-writer] Generating TCs for phase 'unknown' (post-impl, pre-test)...
  [tc-writer] No test stories need TCs in phase 'unknown' — skipping
[0;34m[2026-07-19 00:44:35][0m   [tc-writer] TC generation complete — test stories have testCriteria
[0;32m[SUCCESS][0m   [tsc-verify] SKY-004-be-1: tsc --noEmit passed
[0;32m[SUCCESS][0m epam completed implementation for SKY-004-be-1
[0;34m[2026-07-19 00:44:36][0m   Cost[SKY-004-be-1] model=MiniMax-M3 in=282446 out=8149 cost=$0.0945 elapsed=4.56min status=completed
[0;32m[SUCCESS][0m Story SKY-004-be-1 marked as completed
[0;34m[2026-07-19 00:44:36][0m   [post-story] Generating dependency contract for SKY-004-be-1...
[0;34m[2026-07-19 00:44:36][0m   [post-story] Contract generation complete for SKY-004-be-1
[0;34m[2026-07-19 00:44:36][0m   [post-story] Committing completed work for SKY-004-be-1...
[0;34m[2026-07-19 00:44:36][0m   Committed 6 file(s) for SKY-004-be-1
[0;34m[2026-07-19 00:44:36][0m   [post-story] Commit step complete for SKY-004-be-1
[0;32m[SUCCESS][0m   [tsc-gate] SKY-004-be-1: tsc --noEmit passed
[0;34m[2026-07-19 00:44:37][0m   [split-gate] No unvalidated mid-execution splits for phase 'core'
[0;34m[2026-07-19 00:44:37][0m ======================================
[0;34m[2026-07-19 00:44:37][0m EPAM CLI Orchestration Loop Complete
[0;34m[2026-07-19 00:44:37][0m Implemented: 1, Failed: 0, Skipped: 0
[0;34m[2026-07-19 00:44:37][0m ======================================
