[0;32m[SUCCESS][0m Prerequisites check passed
[0;34m[2026-07-21 11:10:07][0m ======================================
[0;34m[2026-07-21 11:10:07][0m EPAM CLI Orchestration Loop Starting
[0;34m[2026-07-21 11:10:07][0m Stories to implement: SKY-004-A
[0;34m[2026-07-21 11:10:07][0m ======================================

Project: skyscanner-app
Description: A full TypeScript mini-app that searches flights via the Skyscanner RapidAPI, exposes a REST API with /search and /cheapest endpoints, a CLI tool, and an HTML dashboard — built entirely by autonomous multi-agent orchestration
Tech Stack: language: TypeScript, runtime: Node.js 20, framework: Express, testing: vitest, devEnvironment: Ubuntu WSL2

Global Acceptance Criteria:
- 

[0;34m[2026-07-21 11:10:07][0m --------------------------------------
[0;32m+ Dependency SKY-002 satisfied (completed)[0m

[0;32m+ All 1 dependencies satisfied for SKY-004-A[0m
[0;34m[2026-07-21 11:10:07][0m Implementing story: SKY-004-A - Core Express API routes: /health, /search, /cheapest with RAPIDAPI_KEY gating
[0;34m[2026-07-21 11:10:07][0m   Effort[high] -> turns=unlimited maxIter=15 maxOutTok=6144
[0;34m[2026-07-21 11:10:07][0m   Effort[final] -> maxIter=15 maxOutTok=6144
[0;34m[2026-07-21 11:10:07][0m   Provider[minimax] -> CLI=epam
[0;34m[2026-07-21 11:10:07][0m   Model[prd.json] -> MiniMax-M2.5 (overrides effort default)
[0;34m[2026-07-21 11:10:07][0m   ReasoningEffort[prd.json] -> high
[0;34m[2026-07-21 11:10:07][0m   PlannerModel[auto/high-tier: z-ai/glm-5.2] -> planning turn, then execution on MiniMax-M2.5
[0;34m[2026-07-21 11:10:07][0m   Running planning phase with z-ai/glm-5.2...
[0;34m[2026-07-21 11:10:30][0m   Planning phase complete (252 words, reviewed)
[0;34m[2026-07-21 11:10:30][0m Invoking epam (attempt 1/8)...
[0;32m[SUCCESS][0m Verified 1 declared deliverable(s) for SKY-004-A
[0;34m[2026-07-21 11:11:55][0m   [tc-writer] Generating TCs for phase 'unknown' (post-impl, pre-test)...
  [tc-writer] No test stories need TCs in phase 'unknown' — skipping
[0;34m[2026-07-21 11:11:55][0m   [tc-writer] TC generation complete — test stories have testCriteria
[1;33m[WARNING][0m   [tsc-verify] SKY-004-A: TypeScript errors — feeding into retry loop
[1;33m[WARNING][0m epam deliverables written but tsc --noEmit failed
[0;34m[2026-07-21 11:11:56][0m   Coordinator[L1]: quality failure (agent ran, result produced) — escalation tentatively approved
[0;34m[2026-07-21 11:11:56][0m   [FailureAnalyst] Analyzing test failure for SKY-004-A (gate=z-ai/glm-5.2)...
[0;34m[2026-07-21 11:12:02][0m   [FailureAnalyst] Diagnosis: Express route handlers at lines 51 and 90 have code paths that fall through without returning a response.
[0;34m[2026-07-21 11:12:02][0m   [FailureAnalyst] Target=none — Transient code mistake; spec is correct, stronger model retry will fix.
[0;34m[2026-07-21 11:12:09][0m   [DiagnosisGroundedness] SKY-004-A: diagnosis grounded (score=0.9902200822933989)
[0;34m[2026-07-21 11:12:09][0m   [FailureAnalyst] No structural fix needed — model escalation ladder handles retry
[0;34m[2026-07-21 11:12:09][0m   [HealingRecorder] Event written (story=SKY-004-A retry=0 rung=0 target=none)
[1;33m[WARNING][0m epam failed, retrying in 5s...
[0;34m[2026-07-21 11:12:14][0m   InferenceLadder[Rung0/R1]: same rung — no escalation, self-heal guidance active
[0;34m[2026-07-21 11:12:14][0m Invoking epam (attempt 2/8)...
[0;32m[SUCCESS][0m Verified 1 declared deliverable(s) for SKY-004-A
[0;34m[2026-07-21 11:13:35][0m   [tc-writer] Generating TCs for phase 'unknown' (post-impl, pre-test)...
  [tc-writer] No test stories need TCs in phase 'unknown' — skipping
[0;34m[2026-07-21 11:13:35][0m   [tc-writer] TC generation complete — test stories have testCriteria
[0;32m[SUCCESS][0m   [tsc-verify] SKY-004-A: tsc --noEmit passed
[0;34m[2026-07-21 11:13:35][0m   [dynamic-tools] Running ensure-typescript.sh in sanctioned unlocked window...
[0;32m[SUCCESS][0m epam completed implementation for SKY-004-A
[0;34m[2026-07-21 11:13:36][0m   Cost[SKY-004-A] model=MiniMax-M2.5 in=136611 out=6957 cost=$0.0268 elapsed=3.48min status=completed
[0;32m[SUCCESS][0m Story SKY-004-A marked as completed
[0;34m[2026-07-21 11:13:36][0m   [post-story] Generating dependency contract for SKY-004-A...
[0;34m[2026-07-21 11:13:36][0m   [post-story] Contract generation complete for SKY-004-A
[0;34m[2026-07-21 11:13:36][0m   [post-story] Committing completed work for SKY-004-A...
[0;34m[2026-07-21 11:13:36][0m   Committed 2 file(s) for SKY-004-A
[0;34m[2026-07-21 11:13:36][0m   [post-story] Commit step complete for SKY-004-A
[0;32m[SUCCESS][0m   [tsc-gate] SKY-004-A: tsc --noEmit passed
[0;34m[2026-07-21 11:13:37][0m   [split-gate] No unvalidated mid-execution splits for phase 'core'
[0;34m[2026-07-21 11:13:37][0m ======================================
[0;34m[2026-07-21 11:13:37][0m EPAM CLI Orchestration Loop Complete
[0;34m[2026-07-21 11:13:37][0m Implemented: 1, Failed: 0, Skipped: 0
[0;34m[2026-07-21 11:13:37][0m ======================================
