[0;32m[SUCCESS][0m Prerequisites check passed
[0;34m[2026-07-21 11:13:38][0m ======================================
[0;34m[2026-07-21 11:13:38][0m EPAM CLI Orchestration Loop Starting
[0;34m[2026-07-21 11:13:38][0m Stories to implement: SKY-004-B
[0;34m[2026-07-21 11:13:38][0m ======================================

Project: skyscanner-app
Description: A full TypeScript mini-app that searches flights via the Skyscanner RapidAPI, exposes a REST API with /search and /cheapest endpoints, a CLI tool, and an HTML dashboard — built entirely by autonomous multi-agent orchestration
Tech Stack: language: TypeScript, runtime: Node.js 20, framework: Express, testing: vitest, devEnvironment: Ubuntu WSL2

Global Acceptance Criteria:
- 

[0;34m[2026-07-21 11:13:38][0m --------------------------------------
[0;32m+ Dependency SKY-002 satisfied (completed)[0m

[0;32m+ All 1 dependencies satisfied for SKY-004-B[0m
[0;34m[2026-07-21 11:13:38][0m Implementing story: SKY-004-B - Static dashboard HTML and build/start configuration
[0;34m[2026-07-21 11:13:38][0m   Effort[high] -> turns=unlimited maxIter=15 maxOutTok=6144
[0;34m[2026-07-21 11:13:38][0m   Effort[final] -> maxIter=15 maxOutTok=6144
[0;34m[2026-07-21 11:13:38][0m   Provider[minimax] -> CLI=epam
[0;34m[2026-07-21 11:13:38][0m   Model[prd.json] -> MiniMax-M3 (overrides effort default)
[0;34m[2026-07-21 11:13:38][0m   ReasoningEffort[prd.json] -> high
[0;34m[2026-07-21 11:13:38][0m   PlannerModel[auto/high-tier: z-ai/glm-5.2] -> planning turn, then execution on MiniMax-M3
[0;34m[2026-07-21 11:13:38][0m   Running planning phase with z-ai/glm-5.2...
[0;34m[2026-07-21 11:13:51][0m   Planning phase complete (157 words, reviewed)
[0;34m[2026-07-21 11:13:51][0m Invoking epam (attempt 1/8)...
[0;31m[ERROR][0m Story SKY-004-B is missing 1 declared deliverable(s) in /home/bradleyjerome/projects/skyscanner-app:
[0;31m[ERROR][0m   /home/bradleyjerome/projects/skyscanner-app/src/public/index.html
[1;33m[WARNING][0m epam returned success but story deliverables are incomplete
[0;34m[2026-07-21 11:15:50][0m   Coordinator[L1]: quality failure (agent ran, result produced) — escalation tentatively approved
[1;33m[WARNING][0m epam failed, retrying in 5s...
[0;34m[2026-07-21 11:15:55][0m   InferenceLadder[Rung0/R1]: same rung — no escalation, self-heal guidance active
[0;34m[2026-07-21 11:15:56][0m Invoking epam (attempt 2/8)...
[0;32m[SUCCESS][0m Verified 2 declared deliverable(s) for SKY-004-B
[0;34m[2026-07-21 11:20:26][0m   [tc-writer] Generating TCs for phase 'unknown' (post-impl, pre-test)...
  [tc-writer] No test stories need TCs in phase 'unknown' — skipping
[0;34m[2026-07-21 11:20:26][0m   [tc-writer] TC generation complete — test stories have testCriteria
[0;32m[SUCCESS][0m   [tsc-verify] SKY-004-B: tsc --noEmit passed
[0;34m[2026-07-21 11:20:27][0m   [dynamic-tools] Running ensure-typescript.sh in sanctioned unlocked window...
[0;32m[SUCCESS][0m epam completed implementation for SKY-004-B
[0;34m[2026-07-21 11:20:27][0m   Cost[SKY-004-B] model=MiniMax-M3 in=253244 out=28141 cost=$0.1097 elapsed=6.81min status=completed
[0;32m[SUCCESS][0m Story SKY-004-B marked as completed
[0;34m[2026-07-21 11:20:27][0m   [post-story] Generating dependency contract for SKY-004-B...
[0;34m[2026-07-21 11:20:27][0m   [post-story] Contract generation complete for SKY-004-B
[0;34m[2026-07-21 11:20:27][0m   [post-story] Committing completed work for SKY-004-B...
[0;34m[2026-07-21 11:20:27][0m   Committed 2 file(s) for SKY-004-B
[0;34m[2026-07-21 11:20:27][0m   [post-story] Commit step complete for SKY-004-B
[0;32m[SUCCESS][0m   [tsc-gate] SKY-004-B: tsc --noEmit passed
[0;34m[2026-07-21 11:20:28][0m   [split-gate] No unvalidated mid-execution splits for phase 'core'
[0;34m[2026-07-21 11:20:28][0m ======================================
[0;34m[2026-07-21 11:20:28][0m EPAM CLI Orchestration Loop Complete
[0;34m[2026-07-21 11:20:28][0m Implemented: 1, Failed: 0, Skipped: 0
[0;34m[2026-07-21 11:20:28][0m ======================================
