[0;32m[SUCCESS][0m Prerequisites check passed
[0;34m[2026-07-17 15:28:09][0m ======================================
[0;34m[2026-07-17 15:28:09][0m EPAM CLI Orchestration Loop Starting
[0;34m[2026-07-17 15:28:09][0m Stories to implement: SKY-001-A
[0;34m[2026-07-17 15:28:09][0m ======================================

Project: skyscanner-app
Description: A full TypeScript mini-app that searches flights via the Skyscanner RapidAPI, exposes a REST API with /search and /cheapest endpoints, a CLI tool, and an HTML dashboard — built entirely by autonomous multi-agent orchestration
Tech Stack: language: TypeScript, runtime: Node.js 20, framework: Express, testing: vitest, devEnvironment: Ubuntu WSL2

Global Acceptance Criteria:
- 

[0;34m[2026-07-17 15:28:09][0m --------------------------------------
[0;32m+ No dependencies for SKY-001-A[0m
[0;34m[2026-07-17 15:28:09][0m Implementing story: SKY-001-A - Configure package.json with scripts, dependencies, and entry point
[0;34m[2026-07-17 15:28:09][0m   Effort[low] -> turns=unlimited maxIter=6 maxOutTok=3072
[0;34m[2026-07-17 15:28:09][0m   Effort[final] -> maxIter=6 maxOutTok=3072
[0;34m[2026-07-17 15:28:09][0m   Provider[minimax] -> CLI=epam
[0;34m[2026-07-17 15:28:09][0m   Model[prd.json] -> MiniMax-M2.5 (overrides effort default)
[0;34m[2026-07-17 15:28:09][0m   ReasoningEffort[prd.json] -> low
[0;34m[2026-07-17 15:28:10][0m   PlannerModel[auto/high-tier: z-ai/glm-5.1] -> planning turn, then execution on MiniMax-M2.5
[0;34m[2026-07-17 15:28:10][0m   Running planning phase with z-ai/glm-5.1...
[0;34m[2026-07-17 15:28:20][0m   Planning phase complete (139 words, reviewed)
[0;34m[2026-07-17 15:28:20][0m Invoking epam (attempt 1/8)...
[0;32m[SUCCESS][0m Verified 1 declared deliverable(s) for SKY-001-A
[0;34m[2026-07-17 15:28:39][0m   [tc-writer] Generating TCs for phase 'unknown' (post-impl, pre-test)...
  [tc-writer] No test stories need TCs in phase 'unknown' — skipping
[0;34m[2026-07-17 15:28:39][0m   [tc-writer] TC generation complete — test stories have testCriteria
[0;32m[SUCCESS][0m epam completed implementation for SKY-001-A
[0;34m[2026-07-17 15:28:39][0m   Cost[SKY-001-A] model=MiniMax-M2.5 in=12881 out=1193 cost=$0.003 elapsed=.50min status=completed
[0;32m[SUCCESS][0m Story SKY-001-A marked as completed
[0;34m[2026-07-17 15:28:39][0m   [post-story] Generating dependency contract for SKY-001-A...
[0;34m[2026-07-17 15:28:39][0m   [post-story] Contract generation complete for SKY-001-A
[0;34m[2026-07-17 15:28:39][0m   [post-story] Committing completed work for SKY-001-A...
[0;34m[2026-07-17 15:28:40][0m   Committed 1878 file(s) for SKY-001-A
[0;34m[2026-07-17 15:28:40][0m   [post-story] Commit step complete for SKY-001-A
[0;34m[2026-07-17 15:28:40][0m   [split-gate] No unvalidated mid-execution splits for phase 'scaffold'
[0;34m[2026-07-17 15:28:40][0m ======================================
[0;34m[2026-07-17 15:28:40][0m EPAM CLI Orchestration Loop Complete
[0;34m[2026-07-17 15:28:40][0m Implemented: 1, Failed: 0, Skipped: 0
[0;34m[2026-07-17 15:28:40][0m ======================================
