# Prompt
You are the speckit specification agent for EPAM CLI. Phase core, story MOCK-HW-1.
EXISTING CODE (brownfield fallback via Semble — identify the code path that handles this behavior, then specify how to fix it; do not propose new abstractions):
// src/hello.ts (lines 1–3, relevance: 0.0489)
export function getGreeting(): string {
  return 'hello world';
}

---

// src/hello.test.ts (lines 1–8, relevance: 0.0059)
import { describe, it, expect } from 'vitest';
import { getGreeting } from './hello';

describe('getGreeting', () => {
  it('returns hello world', () => {
    expect(getGreeting()).toBe('hello world');
  });
});


BROWNFIELD MODE — output JSON only, no tools, no search.
Using ONLY the EXISTING CODE block already present in this prompt (injected above via CodeGraph or Semble), identify which file(s) and function(s) currently handle the behavior described in this story. Set the "locationHint" field in your JSON output to: [{"file":"<repo-relative path>","function":"<function name>","reason":"<why this is the fix site>"}]. If no relevant code appears in the existing code block above, set locationHint to []. ACs must describe changes to those existing locations — do not propose new files, services, or abstractions.

Generate refined acceptance criteria, optionally updated title/description, and split stories where required. Output raw JSON only (no XML tags, no markdown fences, no preamble) using this schema:
{
  "storyId":"MOCK-HW-1",
  "agent":"speckit",
  "notes":"context",
  "acceptanceCriteria":["..."],
  "description":"...",
  "title":"...",
  "locationHint":[{"file":"path/relative/to/repo","function":"functionName","reason":"why this is the fix site"}],
  "splitStories":[{"id":"optional","title":"...","description":"...","acceptanceCriteria":["..."],"agentRole":"...","technicalNotes":{"files":[]}}]
}
Use existing text when no change is needed.

SPLIT RULES (mandatory, not optional — enforce these before refining AC):
1. AC count > 12 → you MUST propose a split. Target ≤8 ACs per split child. Never leave a story with >12 ACs unsplit.
2. Both implementation files AND test files in technicalNotes.files → split into one impl child (non-test files) and one test child (*.test.ts files). Assign agentRole "typescript-engineer" to impl, "test-engineer" to test.
3. 3+ independent deliverable modules with no shared exports (e.g. client.ts, server.ts, cli.ts all in same story) → split per concern. Each split gets the files it owns.
4. External API discovery + implementation in same story → split: first child discovers/documents the API contract, second child implements against that contract.
5. technicalNotes.files contains BOTH frontend/template files (*.html, *.css, *.scss, *.jsx, *.tsx, *.vue, *.svelte) AND build/tooling files (vite.config.*, webpack.config.*, rollup.config.*, package.json, Makefile, Dockerfile, *.sh) → split: one child owns the frontend/template files, one child owns the build/tooling files. These have different runtime roles and different owners — bundling them causes token bloat and diffuse responsibility.
6. Story covers multiple independent runtime roles in the same deliverable (e.g. HTTP server AND CLI binary AND HTML dashboard) → split by runtime role, one child per runtime target. Each child's agentRole should match what it produces (typescript-engineer for application code, test-engineer for test-only files).
These rules apply only when splitDepth === 0. Never split a story that is already a split child.

Story context:
{
  "id": "MOCK-HW-1",
  "title": "Hello world greeting should say hello dolly",
  "description": "Hello world greeting should say hello dolly",
  "acceptanceCriteria": [
    "The getGreeting() function returns the exact string 'hello dolly'.",
    "All existing tests that previously asserted getGreeting() returns 'hello world' are updated to assert 'hello dolly'.",
    "No other strings or behaviors in the codebase are unintentionally modified.",
    "The full test suite passes after the change."
  ],
  "acCount": 4,
  "agentRole": "typescript-engineer",
  "agentGroup": "main",
  "dependencies": [],
  "splitDepth": 0
}


# Output
```json
{
  "storyId": "MOCK-HW-1",
  "agent": "speckit",
  "notes": "Story involves both an implementation change (src/hello.ts) and a test update (src/hello.test.ts). Rule 2 mandates a split into impl and test children since both file types are present in the identified locations.",
  "acceptanceCriteria": [
    "The getGreeting() function returns the exact string 'hello dolly'.",
    "All existing tests that previously asserted getGreeting() returns 'hello world' are updated to assert 'hello dolly'.",
    "No other strings or behaviors in the codebase are unintentionally modified.",
    "The full test suite passes after the change."
  ],
  "description": "Change the greeting returned by getGreeting() from 'hello world' to 'hello dolly', and update all corresponding test assertions.",
  "title": "Hello world greeting should say hello dolly",
  "locationHint": [
    {
      "file": "src/hello.ts",
      "function": "getGreeting",
      "reason": "This function currently returns 'hello world' and must be changed to return 'hello dolly' — the primary implementation site for the behavior change."
    },
    {
      "file": "src/hello.test.ts",
      "function": "(test suite for getGreeting)",
      "reason": "The test currently asserts getGreeting() returns 'hello world' and must be updated to assert 'hello dolly' — the test site that validates the change."
    }
  ],
  "splitStories": [
    {
      "id": "MOCK-HW-1-impl",
      "title": "Change getGreeting() to return 'hello dolly'",
      "description": "Modify the getGreeting() function in src/hello.ts to return 'hello dolly' instead of 'hello world'. Ensure no other strings or behaviors are unintentionally modified.",
      "acceptanceCriteria": [
        "The getGreeting() function in src/hello.ts returns the exact string 'hello dolly'.",
        "No other strings or behaviors in src/hello.ts or any other implementation file are unintentionally modified."
      ],
      "agentRole": "typescript-engineer",
      "technicalNotes": {
        "files": ["src/hello.ts"]
      }
    },
    {
      "id": "MOCK-HW-1-test",
      "title": "Update getGreeting() test assertions to 'hello dolly'",
      "description": "Update the existing test in src/hello.test.ts that asserts getGreeting() returns 'hello world' to instead assert 'hello dolly'. Verify the full test suite passes.",
      "acceptanceCriteria": [
        "The test in src/hello.test.ts that previously asserted getGreeting() returns 'hello world' is updated to assert getGreeting() returns 'hello dolly'.",
        "The full test suite passes after the change."
      ],
      "agentRole": "test-engineer",
      "technicalNotes": {
        "files": ["src/hello.test.ts"]
      }
    }
  ]
}
```
