# Prompt
You are the speckit specification agent for EPAM CLI. Phase core, story SKY-004-fe.

You are reviewing and building on the openspec agent's output for this story.
Your role is COLLABORATIVE — you are NOT starting from scratch. Instead:
1. Review openspec's proposed acceptance criteria for testability and completeness
2. Add missing edge-case, error-handling, security, and accessibility criteria
3. Flag any AC that are vague, untestable, or overlapping
4. Splitting is openspec's decision alone — you do NOT split stories. If openspec already split
   this story, do NOT include a "splitStories" field in your output at all (it will be ignored if
   you do). Review and refine the acceptanceCriteria openspec gave you for the UNSPLIT story as
   normal; per-child refinement of an already-split story's children happens on a later turn, not
   here.
5. Do NOT remove or duplicate openspec's good work — build on it

━━━ WHAT-NOT-HOW RULE (MANDATORY) ━━━
Every AC must describe an OBSERVABLE OUTCOME (what a test can verify from outside the code),
NOT an implementation instruction. If an AC names vi.mock, jest.fn, mockReturnValue,
mockResolvedValue, import statements, or require() calls, REPLACE it with a
Given/When/Then behaviour statement. Never tell the implementer which library or mock pattern to use.

OPENSPEC'S OUTPUT (your input to review — ACs and split proposals only):
{
  "acceptanceCriteria": [
    "GET /health returns 200 with { status: 'ok', uptime: number } where uptime is a non-negative number",
    "GET /search?from=&to=&date=&adults= returns 200 with { flights: FlightResult[], count: number, searchedAt: string } where searchedAt is an ISO 8601 timestamp",
    "GET /cheapest?from=&to=&date= returns 200 with single cheapest FlightResult, or 404 with JSON { error: string } if none found",
    "GET / returns 200 with Content-Type text/html; the response body matches the current contents of src/public/index.html (not a divergent hardcoded copy); the route works identically when run via tsx src/server.ts and node dist/server.js",
    "When PORT env var is set, the server listens on that port; when unset, it defaults to 3000. When RAPIDAPI_KEY env var is absent, /search and /cheapest return 503 { error: 'RAPIDAPI_KEY not configured' }; /health and / are never gated by missing RAPIDAPI_KEY",
    "Importing the app module does not cause any port to be bound; the server only listens when explicitly started",
    "src/public/index.html is a styled single-page dashboard: full-width colored header bar with bold white title 'Skyscanner Dashboard' and subtitle, centered white card (max-width ~700px, rounded corners) with 2-column grid search form (From/To IATA text inputs row 1, Date input + Adults number input row 2, each with labels), full-width colored Search Flights button, status area (light-red/pink error banner, muted-gray empty message, success count), and client-side JS that GETs /search without page reload, disables button during request, and renders results table",
    "Build script copies src/public/ into dist/public/ so static assets resolve in built output; package.json has 'start' script pointing to 'node dist/server.js'",
    "GET /search and GET /cheapest return 400 with JSON { error: string } when required query parameters (from, to, date) are missing or empty",
    "GET /search returns 400 with JSON { error: string } when adults parameter is present but not a positive integer",
    "When SkyscannerClient throws an error during /search or /cheapest, the response is 502 with JSON { error: string }",
    "All JSON API routes (/health, /search, /cheapest) return Content-Type: application/json; GET / returns Content-Type: text/html",
    "Dashboard HTML uses semantic elements (header, main, form) with label elements explicitly associated with each form input via for/id; all interactive elements are keyboard-focusable and keyboard-activatable",
    "After npm run build, dist/public/index.html exists and its content matches src/public/index.html"
  ],
  "notes": "Mid-execution split registered by agent during story execution",
  "splitStories": [
    {
      "id": "SKY-004-fe-1",
      "title": "Implement Express REST API server and dashboard HTML",
      "description": "Create src/server.ts with Express routes for /health, /search, /cheapest, and / (serving src/public/index.html via fs.readFileSync). Create src/public/index.html as a styled single-page dashboard. Guard listen() so app import doesn't bind port. Configure build to copy static assets and add start script to package.json. Depends on SKY-002.",
      "acceptanceCriteria": [
        "GET /health returns { status: 'ok', uptime: number }",
        "GET /search?from=&to=&date=&adults= returns { flights: FlightResult[], count: number, searchedAt: string }",
        "GET /cheapest?from=&to=&date= returns single cheapest FlightResult or 404 JSON { error: string }",
        "GET / serves src/public/index.html via fs.readFileSync at runtime (not hardcoded inline HTML); file path resolves correctly under both tsx dev and node dist/server.js",
        "PORT read from env (default 3000); RAPIDAPI_KEY read from env and passed to SkyscannerClient; without RAPIDAPI_KEY, /search and /cheapest return 503 { error: 'RAPIDAPI_KEY not configured' } while /health and / are never gated",
        "listen() call is guarded so importing app in tests does not bind a port",
        "src/public/index.html is a styled single-page dashboard: full-width colored header bar with bold white title 'Skyscanner Dashboard' and subtitle, centered white card (max-width ~700px, rounded corners) with 2-column grid search form (From/To IATA text inputs row 1, Date input + Adults number input row 2, each with labels), full-width colored Search Flights button, status area (light-red/pink error banner, muted-gray empty message, success count), and client-side JS that GETs /search without page reload, disables button during request, and renders results table",
        "Build script copies src/public/ into dist/public/ so static assets resolve in built output; package.json has 'start' script pointing to 'node dist/server.js'"
      ],
      "dependencies": [
        "SKY-002",
        "SKY-004-be"
      ],
      "agentRole": "typescript-engineer"
    },
    {
      "id": "SKY-004-fe-2",
      "title": "Test Express REST API server with vitest and supertest",
      "description": "Create src/server.test.ts using vitest + supertest with at least 8 tests covering all server route scenarios: /health response shape, /search success and error cases, /cheapest success and 404, 503 when RAPIDAPI_KEY absent, / serving index.html, and /health + / not gated by missing key. Mock or stub SkyscannerClient to avoid real API calls. Depends on SKY-004-fe-1.",
      "acceptanceCriteria": [
        "Test suite in src/server.test.ts uses vitest + supertest against the Express app; importing app does not bind a port",
        "At least 8 distinct test cases covering: /health, /search success, /search with missing/invalid params, /cheapest success, /cheapest 404, 503 without RAPIDAPI_KEY, / serving index.html, /health and / not gated by missing key",
        "SkyscannerClient is mocked/stubbed in tests to avoid real API calls",
        "Tests for 503 scenario verify both /search and /cheapest return { error: 'RAPIDAPI_KEY not configured' } when RAPIDAPI_KEY is absent",
        "Tests for GET / verify response contains HTML content from index.html (not a hardcoded inline string)",
        "Tests for GET /health verify response shape { status: 'ok', uptime: number }"
      ],
      "dependencies": [
        "SKY-002",
        "SKY-004-be"
      ],
      "agentRole": "test-engineer"
    }
  ]
}

ORIGINAL STORY CONTEXT:
{
  "id": "SKY-004-fe",
  "title": "Build Express REST API with /health, /search, /cheapest, and static dashboard endpoints",
  "description": "Create src/server.ts — an Express HTTP server that exposes: (1) GET /health → { status: 'ok', uptime: number }, (2) GET /search?from=LHR&to=JFK&date=2026-08-01&adults=1 → { flights: FlightResult[], count: number, searchedAt: string }, (3) GET /cheapest?from=LHR&to=JFK&date=2026-08-01 → the single cheapest FlightResult or 404 JSON { error: string } if none found, (4) GET / → serves src/public/index.html by reading the file at runtime (e.g. fs.readFileSync) — the handler must NOT hardcode a separate inline HTML string that merely happens to match; content and implementation must not be able to diverge. Server reads PORT from env (default 3000); reads RAPIDAPI_KEY from env and passes to SkyscannerClient. If RAPIDAPI_KEY is absent at startup all API routes (/search, /cheapest) return 503 { error: 'RAPIDAPI_KEY not configured' }; /health and / are never gated. The listen() call must be guarded so importing `app` in tests does not bind a port. Add 'start' script in package.json pointing to 'node dist/server.js'. The build script must copy src/public/ into dist/public/ as part of `npm run build`, since tsc alone does not copy non-.ts files — the file path used by the / route handler must resolve correctly both under `tsx src/server.ts` (dev) and `node dist/server.js` (built). Depends on SKY-002 (SkyscannerClient and FlightResult type must exist before this story is started).",
  "originalAcceptanceCriteria": [
    "GET /health returns 200 with { status: 'ok', uptime: number } where uptime is a non-negative number",
    "GET /search?from=&to=&date=&adults= returns 200 with { flights: FlightResult[], count: number, searchedAt: string } where searchedAt is an ISO 8601 timestamp",
    "GET /cheapest?from=&to=&date= returns 200 with single cheapest FlightResult, or 404 with JSON { error: string } if none found",
    "GET / returns 200 with Content-Type text/html; the response body matches the current contents of src/public/index.html (not a divergent hardcoded copy); the route works identically when run via tsx src/server.ts and node dist/server.js",
    "When PORT env var is set, the server listens on that port; when unset, it defaults to 3000. When RAPIDAPI_KEY env var is absent, /search and /cheapest return 503 { error: 'RAPIDAPI_KEY not configured' }; /health and / are never gated by missing RAPIDAPI_KEY",
    "Importing the app module does not cause any port to be bound; the server only listens when explicitly started",
    "src/public/index.html is a styled single-page dashboard: full-width colored header bar with bold white title 'Skyscanner Dashboard' and subtitle, centered white card (max-width ~700px, rounded corners) with 2-column grid search form (From/To IATA text inputs row 1, Date input + Adults number input row 2, each with labels), full-width colored Search Flights button, status area (light-red/pink error banner, muted-gray empty message, success count), and client-side JS that GETs /search without page reload, disables button during request, and renders results table",
    "Build script copies src/public/ into dist/public/ so static assets resolve in built output; package.json has 'start' script pointing to 'node dist/server.js'",
    "GET /search and GET /cheapest return 400 with JSON { error: string } when required query parameters (from, to, date) are missing or empty",
    "GET /search returns 400 with JSON { error: string } when adults parameter is present but not a positive integer",
    "When SkyscannerClient throws an error during /search or /cheapest, the response is 502 with JSON { error: string }",
    "All JSON API routes (/health, /search, /cheapest) return Content-Type: application/json; GET / returns Content-Type: text/html",
    "Dashboard HTML uses semantic elements (header, main, form) with label elements explicitly associated with each form input via for/id; all interactive elements are keyboard-focusable and keyboard-activatable",
    "After npm run build, dist/public/index.html exists and its content matches src/public/index.html"
  ],
  "technicalNotes": {
    "workingDir": "/home/bradleyjerome/projects/skyscanner-app",
    "files": [
      "/home/bradleyjerome/projects/skyscanner-app/src/server.ts",
      "/home/bradleyjerome/projects/skyscanner-app/src/server.test.ts"
    ],
    "dependsOn": [
      "SKY-002"
    ]
  },
  "dependencies": [
    "SKY-002",
    "SKY-004-be"
  ]
}

Produce your refined output as raw JSON only (no XML tags, no markdown fences, no preamble). Include:
- "acceptanceCriteria": The FULL merged list (openspec's criteria + your additions/refinements). Every item MUST be an observable outcome, not an implementation instruction.
- "notes": What you changed and why (be specific — cite which criteria you added/modified/replaced)
- "splitStories": ALWAYS omit this field. Splitting is openspec's decision alone — never propose
  split children of your own, even if openspec already split this story.
- "acAddedBySpeckit": Array of criteria YOU added that were not in openspec's output
- "acModifiedBySpeckit": Array of {"original":"...","revised":"..."} for criteria you reworded
- "acFlagged": Array of {"criterion":"...","flag":"..."} for criteria that need human attention


# Output
```json
{
  "acceptanceCriteria": [
    "GET /health returns 200 with { status: 'ok', uptime: number } where uptime is a non-negative number",
    "GET /search?from=&to=&date=&adults= returns 200 with { flights: FlightResult[], count: number, searchedAt: string } where searchedAt is an ISO 8601 timestamp",
    "GET /cheapest?from=&to=&date= returns 200 with single cheapest FlightResult, or 404 with JSON { error: string } if none found",
    "GET / returns 200 with Content-Type text/html; the response body matches the current contents of src/public/index.html (not a divergent hardcoded copy); the route works identically when run via tsx src/server.ts and node dist/server.js",
    "When PORT env var is set, the server listens on that port; when unset, it defaults to 3000. When RAPIDAPI_KEY env var is absent, /search and /cheapest return 503 { error: 'RAPIDAPI_KEY not configured' }; /health and / are never gated by missing RAPIDAPI_KEY",
    "Importing the app module does not cause any port to be bound; the server only listens when explicitly started",
    "src/public/index.html is a styled single-page dashboard: full-width colored header bar with bold white title 'Skyscanner Dashboard' and subtitle, centered white card (max-width ~700px, rounded corners) with 2-column grid search form (From/To IATA text inputs row 1, Date input + Adults number input row 2, each with labels), full-width colored Search Flights button, status area (light-red/pink error banner, muted-gray empty message, success count), and client-side JS that GETs /search without page reload, disables button during request, and renders results table",
    "Build script copies src/public/ into dist/public/ so static assets resolve in built output; package.json has 'start' script pointing to 'node dist/server.js'",
    "GET /search and GET /cheapest return 400 with JSON { error: string } when required query parameters (from, to, date) are missing or empty",
    "GET /search returns 400 with JSON { error: string } when adults parameter is present but not a positive integer",
    "When SkyscannerClient throws an error during /search or /cheapest, the response is 502 with JSON { error: string }",
    "All JSON API routes (/health, /search, /cheapest) return Content-Type: application/json; GET / returns Content-Type: text/html",
    "Dashboard HTML uses semantic elements (header, main, form) with label elements explicitly associated with each form input via for/id; all interactive elements are keyboard-focusable and keyboard-activatable",
    "After npm run build, dist/public/index.html exists and its content matches src/public/index.html",
    "Error responses from all API routes do not include stack traces, file paths, or other internal implementation details",
    "RAPIDAPI_KEY value is never exposed in any response body, header, or error message",
    "GET /search returns 400 with JSON { error: string } when the date parameter is present but not a valid date in YYYY-MM-DD format",
    "GET /search returns 200 with { flights: [], count: 0, searchedAt: string } when the search yields no matching flights (empty result set is not an error)",
    "When the adults query parameter is omitted from GET /search, the request succeeds with a default of 1 adult",
    "In the GET /search response, the count field equals flights.length",
    "Dashboard HTML uses ARIA live regions or equivalent mechanism so that screen readers announce search results and error messages when they appear"
  ],
  "notes": "Added 7 new criteria and made no modifications to openspec's 14 existing criteria. Added security criteria: error responses must not leak stack traces/internal details, and RAPIDAPI_KEY must never appear in responses. Added edge-case criteria: invalid date format returns 400, empty search results return 200 (not 404), adults defaults to 1 when omitted, and count must equal flights.length for consistency. Added accessibility criterion: ARIA live regions for dynamic content announcements to screen readers. Did not modify any of openspec's criteria as they were well-formed and observable.",
  "acAddedBySpeckit": [
    "Error responses from all API routes do not include stack traces, file paths, or other internal implementation details",
    "RAPIDAPI_KEY value is never exposed in any response body, header, or error message",
    "GET /search returns 400 with JSON { error: string } when the date parameter is present but not a valid date in YYYY-MM-DD format",
    "GET /search returns 200 with { flights: [], count: 0, searchedAt: string } when the search yields no matching flights (empty result set is not an error)",
    "When the adults query parameter is omitted from GET /search, the request succeeds with a default of 1 adult",
    "In the GET /search response, the count field equals flights.length",
    "Dashboard HTML uses ARIA live regions or equivalent mechanism so that screen readers announce search results and error messages when they appear"
  ],
  "acModifiedBySpeckit": [],
  "acFlagged": [
    {
      "criterion": "src/public/index.html is a styled single-page dashboard: full-width colored header bar with bold white title 'Skyscanner Dashboard' and subtitle, centered white card (max-width ~700px, rounded corners) with 2-column grid search form (From/To IATA text inputs row 1, Date input + Adults number input row 2, each with labels), full-width colored Search Flights button, status area (light-red/pink error banner, muted-gray empty message, success count), and client-side JS that GETs /search without page reload, disables button during request, and renders results table",
      "flag": "Visual descriptions ('colored header bar', 'light-red/pink', 'muted-gray') are subjective and hard to verify programmatically. Consider whether specific CSS values (e.g., hex colors, specific max-width in px) should be prescribed for automated testing, or accept that visual review is sufficient for these aspects."
    }
  ]
}
```
