# Prompt
You are the speckit specification agent for EPAM CLI. Phase scaffold, story SKY-001.
NOTE: This story 13 acceptance criteria (> 12) — MANDATORY split required (see SPLIT RULES below).

Generate refined acceptance criteria, optionally updated title/description, and split stories where required. Output raw JSON only (no XML tags, no markdown fences, no preamble) using this schema:
{
  "storyId":"SKY-001",
  "agent":"speckit",
  "notes":"context",
  "acceptanceCriteria":["..."],
  "description":"...",
  "title":"...",
  "splitStories":[{"id":"optional","title":"...","description":"...","acceptanceCriteria":["..."],"agentRole":"...","technicalNotes":{"files":[]}}]
}
Use existing text when no change is needed.

SPLIT RULES (mandatory, not optional — enforce these before refining AC):
1. AC count > 12 → you MUST propose a split. Target ≤8 ACs per split child. Never leave a story with >12 ACs unsplit.
2. Both implementation files AND test files in technicalNotes.files → split into one impl child (non-test files) and one test child (*.test.ts files). Assign agentRole "typescript-engineer" to impl, "test-engineer" to test.
3. 3+ independent deliverable modules with no shared exports (e.g. client.ts, server.ts, cli.ts all in same story) → split per concern. Each split gets the files it owns.
4. External API discovery + implementation in same story → split: first child discovers/documents the API contract, second child implements against that contract.
5. technicalNotes.files contains BOTH frontend/template files (*.html, *.css, *.scss, *.jsx, *.tsx, *.vue, *.svelte) AND build/tooling files (vite.config.*, webpack.config.*, rollup.config.*, package.json, Makefile, Dockerfile, *.sh) → split: one child owns the frontend/template files, one child owns the build/tooling files. These have different runtime roles and different owners — bundling them causes token bloat and diffuse responsibility.
6. Story covers multiple independent runtime roles in the same deliverable (e.g. HTTP server AND CLI binary AND HTML dashboard) → split by runtime role, one child per runtime target. Each child's agentRole should match what it produces (typescript-engineer for application code, test-engineer for test-only files).
These rules apply only when splitDepth === 0. Never split a story that is already a split child.

Story context:
{
  "id": "SKY-001",
  "title": "Scaffold TypeScript project with Vitest and Express",
  "description": "Create the project skeleton at /home/bradleyjerome/projects/skyscanner-app. Initialize a TypeScript Node.js project with: package.json (name: skyscanner-app, main: 'dist/server.js', scripts: build='tsc', test='vitest run', start='node dist/server.js', dev='tsx src/server.ts' — src/server.ts is the app's real entry point, built later by the REST API story; do NOT create a src/index.ts or reference dist/index.js anywhere), tsconfig.json (strict mode, target ES2022, module CommonJS, outDir dist/), vitest.config.ts, .gitignore, and a src/ directory. Install runtime dependency express and devDependencies typescript, tsx, vitest, @types/express, @types/node. Do NOT install Skyscanner SDKs — RapidAPI is called directly via fetch. The project must compile cleanly and vitest must exit 0 with no test files present.",
  "acceptanceCriteria": [
    "/home/bradleyjerome/projects/skyscanner-app/package.json exists and the 'name' field equals exactly 'skyscanner-app'",
    "package.json 'scripts' object contains exactly: build='tsc', test='vitest run', start='node dist/server.js', dev='tsx src/server.ts' — and 'main' equals 'dist/server.js'",
    "package.json 'dependencies' includes 'express'",
    "package.json 'devDependencies' includes all of: typescript, tsx, vitest, @types/express, @types/node",
    "package.json contains no dependency whose name includes 'skyscanner', 'rapidapi', or any Skyscanner SDK",
    "/home/bradleyjerome/projects/skyscanner-app/tsconfig.json exists with compilerOptions: strict=true, target='ES2022', module='CommonJS', outDir='dist/'",
    "/home/bradleyjerome/projects/skyscanner-app/vitest.config.ts exists, imports defineConfig from 'vitest/config', exports a default config object, and sets test.globals to true (so test files can use describe/it/expect/vi/beforeEach/afterEach without importing them explicitly)",
    "/home/bradleyjerome/projects/skyscanner-app/.gitignore exists and contains entries for both 'node_modules' and 'dist'",
    "/home/bradleyjerome/projects/skyscanner-app/src/ directory exists",
    "/home/bradleyjerome/projects/skyscanner-app/node_modules/ directory exists (npm install completed successfully)",
    "Running ~/.nvm/versions/node/v20.20.0/bin/node ./node_modules/.bin/tsc --noEmit inside /home/bradleyjerome/projects/skyscanner-app exits with code 0 and produces no output",
    "Running ~/.nvm/versions/node/v20.20.0/bin/node ./node_modules/.bin/vitest run inside /home/bradleyjerome/projects/skyscanner-app exits with code 0 (no test files is an acceptable passing state)",
    "package.json contains no reference anywhere to 'index.ts' or 'index.js' (the real entry point is src/server.ts, built by a later story)"
  ],
  "acCount": 13,
  "technicalNotes": {
    "workingDir": "/home/bradleyjerome/projects/skyscanner-app",
    "files": [
      "/home/bradleyjerome/projects/skyscanner-app/package.json",
      "/home/bradleyjerome/projects/skyscanner-app/tsconfig.json",
      "/home/bradleyjerome/projects/skyscanner-app/vitest.config.ts"
    ]
  },
  "agentRole": "typescript-engineer",
  "agentGroup": "main",
  "dependencies": [],
  "splitDepth": 0
}


# Output
```json
{
  "storyId": "SKY-001",
  "agent": "speckit",
  "notes": "13 ACs exceeds the 12-AC threshold. Split into two logical children: (1) package.json initialization and dependency installation, (2) config files, directory structure, and build/test verification. No test files present so no impl/test split needed. No frontend or multi-runtime concerns.",
  "acceptanceCriteria": [
    "/home/bradleyjerome/projects/skyscanner-app/package.json exists and the 'name' field equals exactly 'skyscanner-app'",
    "package.json 'scripts' object contains exactly: build='tsc', test='vitest run', start='node dist/server.js', dev='tsx src/server.ts' — and 'main' equals 'dist/server.js'",
    "package.json 'dependencies' includes 'express'",
    "package.json 'devDependencies' includes all of: typescript, tsx, vitest, @types/express, @types/node",
    "package.json contains no dependency whose name includes 'skyscanner', 'rapidapi', or any Skyscanner SDK",
    "/home/bradleyjerome/projects/skyscanner-app/tsconfig.json exists with compilerOptions: strict=true, target='ES2022', module='CommonJS', outDir='dist/'",
    "/home/bradleyjerome/projects/skyscanner-app/vitest.config.ts exists, imports defineConfig from 'vitest/config', exports a default config object, and sets test.globals to true",
    "/home/bradleyjerome/projects/skyscanner-app/.gitignore exists and contains entries for both 'node_modules' and 'dist'",
    "/home/bradleyjerome/projects/skyscanner-app/src/ directory exists",
    "/home/bradleyjerome/projects/skyscanner-app/node_modules/ directory exists (npm install completed successfully)",
    "Running ~/.nvm/versions/node/v20.20.0/bin/node ./node_modules/.bin/tsc --noEmit inside /home/bradleyjerome/projects/skyscanner-app exits with code 0 and produces no output",
    "Running ~/.nvm/versions/node/v20.20.0/bin/node ./node_modules/.bin/vitest run inside /home/bradleyjerome/projects/skyscanner-app exits with code 0 (no test files is an acceptable passing state)",
    "package.json contains no reference anywhere to 'index.ts' or 'index.js' (the real entry point is src/server.ts, built by a later story)"
  ],
  "description": "Create the project skeleton at /home/bradleyjerome/projects/skyscanner-app. Initialize a TypeScript Node.js project with: package.json (name: skyscanner-app, main: 'dist/server.js', scripts: build='tsc', test='vitest run', start='node dist/server.js', dev='tsx src/server.ts' — src/server.ts is the app's real entry point, built later by the REST API story; do NOT create a src/index.ts or reference dist/index.js anywhere), tsconfig.json (strict mode, target ES2022, module CommonJS, outDir dist/), vitest.config.ts, .gitignore, and a src/ directory. Install runtime dependency express and devDependencies typescript, tsx, vitest, @types/express, @types/node. Do NOT install Skyscanner SDKs — RapidAPI is called directly via fetch. The project must compile cleanly and vitest must exit 0 with no test files present.",
  "title": "Scaffold TypeScript project with Vitest and Express",
  "splitStories": [
    {
      "id": "SKY-001-A",
      "title": "Initialize package.json and install dependencies",
      "description": "Create /home/bradleyjerome/projects/skyscanner-app/package.json with the correct name, main entry, scripts, and dependencies. Run npm install to populate node_modules. Ensure no Skyscanner SDK or index.ts/index.js references exist.",
      "acceptanceCriteria": [
        "/home/bradleyjerome/projects/skyscanner-app/package.json exists and the 'name' field equals exactly 'skyscanner-app'",
        "package.json 'scripts' object contains exactly: build='tsc', test='vitest run', start='node dist/server.js', dev='tsx src/server.ts' — and 'main' equals 'dist/server.js'",
        "package.json 'dependencies' includes 'express'",
        "package.json 'devDependencies' includes all of: typescript, tsx, vitest, @types/express, @types/node",
        "package.json contains no dependency whose name includes 'skyscanner', 'rapidapi', or any Skyscanner SDK",
        "package.json contains no reference anywhere to 'index.ts' or 'index.js' (the real entry point is src/server.ts, built by a later story)",
        "/home/bradleyjerome/projects/skyscanner-app/node_modules/ directory exists (npm install completed successfully)"
      ],
      "agentRole": "typescript-engineer",
      "technicalNotes": {
        "files": [
          "/home/bradleyjerome/projects/skyscanner-app/package.json"
        ]
      }
    },
    {
      "id": "SKY-001-B",
      "title": "Add config files, directory structure, and verify build",
      "description": "Create tsconfig.json, vitest.config.ts, .gitignore, and the src/ directory under /home/bradleyjerome/projects/skyscanner-app. Verify that tsc --noEmit compiles cleanly and vitest run exits 0 with no test files.",
      "acceptanceCriteria": [
        "/home/bradleyjerome/projects/skyscanner-app/tsconfig.json exists with compilerOptions: strict=true, target='ES2022', module='CommonJS', outDir='dist/'",
        "/home/bradleyjerome/projects/skyscanner-app/vitest.config.ts exists, imports defineConfig from 'vitest/config', exports a default config object, and sets test.globals to true (so test files can use describe/it/expect/vi/beforeEach/afterEach without importing them explicitly)",
        "/home/bradleyjerome/projects/skyscanner-app/.gitignore exists and contains entries for both 'node_modules' and 'dist'",
        "/home/bradleyjerome/projects/skyscanner-app/src/ directory exists",
        "Running ~/.nvm/versions/node/v20.20.0/bin/node ./node_modules/.bin/tsc --noEmit inside /home/bradleyjerome/projects/skyscanner-app exits with code 0 and produces no output",
        "Running ~/.nvm/versions/node/v20.20.0/bin/node ./node_modules/.bin/vitest run inside /home/bradleyjerome/projects/skyscanner-app exits with code 0 (no test files is an acceptable passing state)"
      ],
      "agentRole": "typescript-engineer",
      "technicalNotes": {
        "files": [
          "/home/bradleyjerome/projects/skyscanner-app/tsconfig.json",
          "/home/bradleyjerome/projects/skyscanner-app/vitest.config.ts"
        ]
      }
    }
  ]
}
```
