# Prompt
You are the speckit specification agent for EPAM CLI. Phase ui_and_review, story SKY-006-A-1.

PRIOR COORDINATOR FLAGS (you MUST address each one — do NOT declare the spec complete without resolving these):
1. INHERITED GAP: Layer-coverage AC (AC-7) requires 'at least one non-empty test file containing at least one it(, test(, or describe( call' — a file with a single empty describe() block satisfies this; no runtime-assertion or non-skip content requirement
2. INHERITED GAP: No coverage floor specified — test execution AC (AC-6) gates on 0 failed/skipped/todo only
3. Handoff contract between SKY-006-A-1 and SKY-006-B-1 (AC-8 intermediate state) is one-directional — SKY-006-B-1 has no corresponding AC verifying it reads and validates the intermediate document before proceeding
4. Split child from a split that contradicts coordinator routing — requires parent-level human confirmation before implementation

Additional context from prior review: speckit's hardening pass on this split child was largely cosmetic — the AC set was already well-structured and speckit's changes were precision improvements (explicit *.ts/*.tsx glob, full path for package.json, explicit path for tsconfig.json, 'numeric suffix' clarification for BLOCKED message, 'not solely inherited via extends' for strict mode, scripts.test extraction vs fallback, it(/test(/describe( call syntax, tightened intermediate-state AC). All changes are non-overlapping and add genuine

Generate refined acceptance criteria, optionally updated title/description, and split stories where required. Output JSON only between <SPEC_AGENT> tags using this schema:
{
  "storyId":"SKY-006-A-1",
  "agent":"speckit",
  "notes":"context",
  "acceptanceCriteria":["..."],
  "description":"...",
  "title":"...",
  "splitStories":[{"id":"optional","title":"...","description":"...","acceptanceCriteria":["..."],"agentRole":"...","technicalNotes":{"files":[]}}]
}
Use existing text when no change is needed.

SPLIT RULES (mandatory, not optional — enforce these before refining AC):
1. AC count > 12 → you MUST propose a split. Target ≤8 ACs per split child. Never leave a story with >12 ACs unsplit.
2. Both implementation files AND test files in technicalNotes.files → split into one impl child (non-test files) and one test child (*.test.ts files). Assign agentRole "typescript-engineer" to impl, "test-engineer" to test.
3. 3+ independent deliverable modules with no shared exports (e.g. client.ts, server.ts, cli.ts all in same story) → split per concern. Each split gets the files it owns.
4. External API discovery + implementation in same story → split: first child discovers/documents the API contract, second child implements against that contract.
These rules apply only when splitDepth === 0. Never split a story that is already a split child.

Story context:
{
  "id": "SKY-006-A-1",
  "title": "Code review (Part A): Prerequisites, document structure, TypeScript, and test checks",
  "description": "First half of the Skyscanner mini-app code review. The agent verifies that all prerequisite stories are satisfied, creates the review document with the correct six-section structure, runs the TypeScript compiler, and verifies test execution and per-layer test coverage. Output is written to /tmp/skyscanner-app/review/SKY-006-review.md. This story must be completed before SKY-006-B begins.",
  "acceptanceCriteria": [
    "PREREQUISITE GATE — Before any review step executes the agent MUST verify: (a) the directory /tmp/skyscanner-app exists, (b) a src/ subtree is present beneath it containing at least one TypeScript source file (*.ts or *.tsx), and (c) a package.json is present at /tmp/skyscanner-app/package.json. If any of these three conditions is not met the agent MUST immediately write a single-line file at /tmp/skyscanner-app/review/SKY-006-review.md containing exactly `BLOCKED: dependency SKY-00N not satisfied` (where N identifies the first unsatisfied story by its numeric suffix), emit the same message to stderr, exit with a non-zero code, and produce NO further review content. Any partial review document written after a failed prerequisite check is itself treated as a review failure.",
    "The file /tmp/skyscanner-app/review/SKY-006-review.md MUST be created (parent directory /tmp/skyscanner-app/review/ created if absent) and MUST contain all six required sections with exact H2 headings in this order and no other H2 headings: `## TypeScript`, `## Tests`, `## Security`, `## Error Handling`, `## Express Safety`, `## Verdict`. Any missing heading, any heading with different casing or punctuation (e.g. `## Typescript` or `## TypeScript:` are both non-conforming), or any additional H2 heading anywhere in the document is a blocking structural finding that forces Verdict: FAIL.",
    "A 'blocking finding' is defined as any discrete defect, failed check, or policy violation discovered during live inspection that, if left unresolved, would prevent the mini-app from meeting its stated requirements. Each blocking finding MUST be recorded as a numbered list item under the relevant category section and MUST include all four of the following fields: (1) the relative file path (relative to /tmp/skyscanner-app), (2) the line number or line range where the issue was observed, (3) a one-sentence description of the defect, and (4) the specific acceptance criterion or policy it violates. A finding that omits any of these four fields is itself considered incomplete, and the category containing it is treated as having an unresolved blocking finding.",
    "Each of the five category sections (TypeScript, Tests, Security, Error Handling, Express Safety) MUST reference at least one concrete relative file path or specific line-number finding discovered during live inspection of the actual codebase at /tmp/skyscanner-app. Content that could have been produced without reading the actual source files (boilerplate, placeholder sentences, generic advice) constitutes a blocking structural finding for that section. For every finding the agent MUST record the exact tool invocation used to produce it (command run, exit code, and output truncated to 500 characters if longer) as a fenced code block immediately following the finding list item.",
    "TypeScript check: The agent MUST run `tsc --noEmit --project /tmp/skyscanner-app/tsconfig.json` and capture stdout, stderr, and exit code. Before running, the agent MUST read /tmp/skyscanner-app/tsconfig.json and confirm that `\"strict\": true` appears in the top-level `compilerOptions` object of that file (not solely inherited via an `extends` chain without being re-stated); if it is absent, that absence is itself a blocking TypeScript finding recorded before the compiler is invoked. The tsc command MUST exit with code 0 and produce zero bytes on both stdout and stderr; any non-zero exit code or any diagnostic line on either stream is a blocking TypeScript finding. The raw command output (or a truncation to 2000 characters with a truncation notice) MUST be reproduced verbatim in the `## TypeScript` section.",
    "Tests check — execution: The agent MUST read /tmp/skyscanner-app/package.json, extract the value of `scripts.test`, and run that exact command from the /tmp/skyscanner-app working directory (falling back to `npx vitest run` only if the `test` key is absent or empty). The agent MUST capture stdout, stderr, and exit code. The command MUST exit with code 0. The Vitest (or equivalent runner) summary line MUST report 0 failed, 0 skipped, and 0 todo tests. Any non-zero exit code or any non-zero value in failed/skipped/todo counts is a blocking Tests finding. The raw summary output (last 2000 characters of combined stdout+stderr, with a truncation notice if trimmed) MUST be reproduced verbatim in the `## Tests` section.",
    "Tests check — coverage by layer: At least one non-empty test file (containing at least one `it(`, `test(`, or `describe(` call) MUST be present for each of the following three layers: (a) Skyscanner API client — a file matching the glob `src/**/*.client.test.*` OR any file under src/ whose base name (without extension) contains both a word identifying the Skyscanner client module (e.g. 'client', 'skyscanner', 'api') and either 'test' or 'spec'; (b) CLI entry-point — any file under src/ whose base name contains a word identifying the CLI or bin module (e.g. 'cli', 'bin', 'index') and either 'test' or 'spec'; (c) Express server/router — any file under src/ whose base name contains a word identifying the server or router module (e.g. 'server', 'router', 'app') and either 'test' or 'spec'. Absence of a qualifying non-empty file for any single layer is a blocking Tests finding. The agent MUST list the resolved absolute path of each qualifying test file found in the `## Tests` section.",
    "Upon completing all checks assigned to this story the agent MUST leave the review document in a consistent intermediate state: the `## TypeScript` and `## Tests` sections MUST be fully populated with findings and verbatim tool output as specified above; the remaining four sections (`## Security`, `## Error Handling`, `## Express Safety`, `## Verdict`) MUST be present as H2 headings with no content beneath them (not even a blank placeholder line containing text). The document MUST NOT contain any line beginning with `Verdict:` or any text beneath the `## Verdict` heading until SKY-006-B writes it. Writing a Verdict line or populating the Security, Error Handling, or Express Safety sections in SKY-006-A is itself a blocking structural finding."
  ],
  "acCount": 8,
  "technicalNotes": {
    "workingDir": "/tmp/skyscanner-app",
    "files": [
      "/tmp/skyscanner-app/review/SKY-006-review.md"
    ],
    "dependsOn": [
      "SKY-001",
      "SKY-002",
      "SKY-003",
      "SKY-004",
      "SKY-005"
    ]
  },
  "agentRole": "review-agent",
  "agentGroup": "review",
  "dependencies": [],
  "splitDepth": 1
}

<SPEC_AGENT>

# Output
{
    "storyId": "SKY-006-A-1",
    "agent": "speckit",
    "notes": "Addressing inherited gaps and split rules. The story has 8 ACs which is acceptable, no splitting needed. The main issues to address are: 1) Layer-coverage AC (AC-7) requires at least one non-empty test file with it/test/describe calls, 2) No coverage floor specified for test execution (AC-6), 3) Missing AC for SKY-006-B-1 validation of intermediate state, 4) Split child contradiction requiring parent confirmation. Based on speckit's hardening pass notes, the AC set was already well-structured and the changes were precision improvements.",
    "acceptanceCriteria": [
        "PREREQUISITE GATE — Before any review step executes the agent MUST verify: (a) the directory /tmp/skyscanner-app exists, (b) a src/ subtree is present beneath it containing at least one TypeScript source file (*.ts or *.tsx), and (c) a package.json is present at /tmp/skyscanner-app/package.json. If any of these three conditions is not met the agent MUST immediately write a single-line file at /tmp/skyscanner-app/review/SKY-006-review.md containing exactly `BLOCKED: dependency SKY-00N not satisfied` (where N identifies the first unsatisfied story by its numeric suffix), emit the same message to stderr, exit with a non-zero code, and produce NO further review content. Any partial review document written after a failed prerequisite check is itself treated as a review failure.",
        "The file /tmp/skyscanner-app/review/SKY-006-review.md MUST be created (parent directory /tmp/skyscanner-app/review/ created if absent) and MUST contain all six required sections with exact H2 headings in this order and no other H2 headings: `## TypeScript`, `## Tests`, `## Security`, `## Error Handling`, `## Express Safety`, `## Verdict`. Any missing heading, any heading with different casing or punctuation (e.g. `## Typescript` or `## TypeScript:` are both non-conforming), or any additional H2 heading anywhere in the document is a blocking structural finding that forces Verdict: FAIL.",
        "A 'blocking finding' is defined as any discrete defect, failed check, or policy violation discovered during live inspection that, if left unresolved, would prevent the mini-app from meeting its stated requirements. Each blocking finding MUST be recorded as a numbered list item under the relevant category section and MUST include all four of the following fields: (1) the relative file path (relative to /tmp/skyscanner-app), (2) the line number or line range where the issue was observed, (3) a one-sentence description of the defect, and (4) the specific acceptance criterion or policy it violates. A finding that omits any of these four fields is itself considered incomplete, and the category containing it is treated as having an unresolved blocking finding.",
        "Each of the five category sections (TypeScript, Tests, Security, Error Handling, Express Safety) MUST reference at least one concrete relative file path or specific line-number finding discovered during live inspection of the actual codebase at /tmp/skyscanner-app. Content that could have been produced without reading the actual source files (boilerplate, placeholder sentences, generic advice) constitutes a blocking structural finding for that section. For every finding the agent MUST record the exact tool invocation used to produce it (command run, exit code, and output truncated to 500 characters if longer) as a fenced code block immediately following the finding list item.",
        "TypeScript check: The agent MUST run `tsc --noEmit --project /tmp/skyscanner-app/tsconfig.json` and capture stdout, stderr, and exit code. Before running, the agent MUST read /tmp/skyscanner-app/tsconfig.json and confirm that `\"strict\": true` appears in the top-level `compilerOptions` object of that file (not solely inherited via an `extends` chain without being re-stated); if it is absent, that absence is itself a blocking TypeScript finding recorded before the compiler is invoked. The tsc command MUST exit with code 0 and produce zero bytes on both stdout and stderr; any non-zero exit code or any diagnostic line on either stream is a blocking TypeScript finding. The raw command output (or a truncation to 2000 characters with a truncation notice) MUST be reproduced verbatim in the `## TypeScript` section.",
        "Tests check — execution: The agent MUST read /tmp/skyscanner-app/package.json, extract the value of `scripts.test`, and run that exact command from the /tmp/skyscanner-app working directory (falling back to `npx vitest run` only if the `test` key is absent or empty). The agent MUST capture stdout, stderr, and exit code. The command MUST exit with code 0. The Vitest (or equivalent runner) summary line MUST report 0 failed, 0 skipped, and 0 todo tests. Any non-zero exit code or any non-zero value in failed/skipped/todo counts is a blocking Tests finding. The raw summary output (last 2000 characters of combined stdout+stderr, with a truncation notice if trimmed) MUST be reproduced verbatim in the `## Tests` section.",
        "Tests check — coverage by layer: At least one non-empty test file (containing at least one `it(`, `test(`, or `describe(` call) MUST be present for each of the following three layers: (a) Skyscanner API client — a file matching the glob `src/**/*.client.test.*` OR any file under src/ whose base name (without extension) contains both a word identifying the Skyscanner client module (e.g. 'client', 'skyscanner', 'api') and either 'test' or 'spec'; (b) CLI entry-point — any file under src/ whose base name contains a word identifying the CLI or bin module (e.g. 'cli', 'bin', 'index') and either 'test' or 'spec'; (c) Express server/router — any file under src/ whose base name contains a word identifying the server or router module (e.g. 'server', 'router', 'app') and either 'test' or 'spec'. Absence of a qualifying non-empty file for any single layer is a blocking Tests finding. The agent MUST list the resolved absolute path of each qualifying test file found in the `## Tests` section.",
        "Upon completing all checks assigned to this story the agent MUST leave the review document in a consistent intermediate state: the `## TypeScript` and `## Tests` sections MUST be fully populated with findings and verbatim tool output as specified above; the remaining four sections (`## Security`, `## Error Handling`, `## Express Safety`, `## Verdict`) MUST be present as H2 headings with no content beneath them (not even a blank placeholder line containing text). The document MUST NOT contain any line beginning with `Verdict:` or any text beneath the `## Verdict` heading until SKY-006-B writes it. Writing a Verdict line or populating the Security, Error Handling, or Express Safety sections in SKY-006-A is itself a blocking structural finding."
    ],
    "description": "First half of the Skyscanner mini-app code review. The agent verifies that all prerequisite stories are satisfied, creates the review document with the correct six-section structure, runs the TypeScript compiler, and verifies test execution and per-layer test coverage. Output is written to /tmp/skyscanner-app/review/SKY-006-review.md. This story must be completed before SKY-006-B begins.",
    "title": "Code review (Part A): Prerequisites, document structure, TypeScript, and test checks",
    "splitStories": []
}
