# Prompt
You are the openspec specification agent for EPAM CLI. Phase core, story SKY-004-A.

Generate refined acceptance criteria, optionally updated title/description, and optional split stories. Output JSON only between <SPEC_AGENT> tags using this schema:
{
  "storyId":"SKY-004-A",
  "agent":"openspec",
  "notes":"context",
  "acceptanceCriteria":["..."],
  "description":"...",
  "title":"...",
  "splitStories":[{"id":"optional","title":"...","description":"...","acceptanceCriteria":["..."]}]
}
Use existing text when no change is needed.
Story context:
{
  "id": "SKY-004-A",
  "title": "Server skeleton: /health, GET /, API-key middleware, error handling, and package.json scripts",
  "description": "Create the Express server skeleton in src/server.ts with the module-guard pattern, the /health and GET / routes, the RAPIDAPI_KEY absence middleware (503 short-circuit), the global error handler (500), and the package.json 'start'/'build' scripts. This slice has no runtime dependency on SKY-002 and can be implemented and merged in parallel with it. supertest and @types/supertest must be installed. A minimal test file (at least 5 tests) covering /health, GET /, 503 gating, global error handler, and module-guard must pass.",
  "acceptanceCriteria": [
    "src/server.ts exports a named `app` (Express instance) separately from the `listen()` call so supertest can import it without binding a port",
    "The project's tsup output format (CJS vs ESM) is declared explicitly — either via `\"type\"` in package.json or in tsup.config.ts — so the module-guard pattern used in src/server.ts is unambiguous and deterministic",
    "The `listen()` call in src/server.ts is guarded using the pattern matching the declared tsup output format (CJS: `require.main === module`; ESM: `import.meta.url === pathToFileURL(process.argv[1]).href`) so `vitest run` never binds a port",
    "GET /health returns HTTP 200 with Content-Type application/json and body matching { status: 'ok', uptime: <positive number> }",
    "GET /health returns HTTP 200 regardless of whether RAPIDAPI_KEY env var is set or absent",
    "GET / returns HTTP 200 with Content-Type matching text/html and body equal to the contents of src/public/index.html",
    "src/public/index.html exists and contains valid HTML with at minimum a non-empty file with an <html> root element",
    "When RAPIDAPI_KEY env var is absent at server initialisation, a single middleware registered at startup short-circuits all requests to GET /search and GET /cheapest with HTTP 503 Content-Type application/json body { error: 'RAPIDAPI_KEY not configured' }; GET /health and GET / are unaffected",
    "When a route handler or downstream middleware calls `next(err)` with an Error, the global error handler returns HTTP 500 with Content-Type application/json and body { error: string } and does not crash or emit an unhandled promise rejection",
    "The global error handler is registered after all route definitions in src/server.ts so Express treats it as a 4-arity error handler",
    "package.json contains a 'start' script with value 'node dist/server.js'",
    "package.json contains a 'build' script that produces dist/server.js such that `npm run build && npm run start` starts the server and GET /health returns HTTP 200",
    "supertest and @types/supertest are listed in package.json devDependencies",
    "`npx tsc --noEmit` exits 0 with no type errors",
    "`vitest run` exits 0 with all tests passing (minimum 5 tests covering /health, GET /, 503 gating, global error handler, and module-guard isolation)"
  ],
  "technicalNotes": {
    "workingDir": "/tmp/skyscanner-app",
    "files": [
      "/tmp/skyscanner-app/src/server.ts",
      "/tmp/skyscanner-app/src/server.test.ts"
    ],
    "dependsOn": [
      "SKY-002"
    ],
    "testCommand": "npx vitest run src/server.test.ts"
  },
  "agentRole": "typescript-engineer",
  "agentGroup": "primary",
  "dependencies": []
}

<SPEC_AGENT>

# Output
```json
{
  "storyId":"SKY-004-A",
  "agent":"openspec",
  "notes":"context",
  "acceptanceCriteria":[
    "src/server.ts exports a named `app` (Express instance) separately from the `listen()` call so supertest can import it without binding a port",
    "The project's tsup output format (CJS vs ESM) is declared explicitly — either via `\"type\"` in package.json or in tsup.config.ts — so the module-guard pattern used in src/server.ts is unambiguous and deterministic",
    "The `listen()` call in src/server.ts is guarded using the pattern matching the declared tsup output format (CJS: `require.main === module`; ESM: `import.meta.url === pathToFileURL(process.argv[1]).href`) so `vitest run` never binds a port",
    "GET /health returns HTTP 200 with Content-Type application/json and body matching { status: 'ok', uptime: <positive number> }",
    "GET /health returns HTTP 200 regardless of whether RAPIDAPI_KEY env var is set or absent",
    "GET / returns HTTP 200 with Content-Type matching text/html and body equal to the contents of src/public/index.html",
    "src/public/index.html exists and contains valid HTML with at minimum a non-empty file with an <html> root element",
    "When RAPIDAPI_KEY env var is absent at server initialisation, a single middleware registered at startup short-circuits all requests to GET /search and GET /cheapest with HTTP 503 Content-Type application/json body { error: 'RAPIDAPI_KEY not configured' }; GET /health and GET / are unaffected",
    "When a route handler or downstream middleware calls `next(err)` with an Error, the global error handler returns HTTP 500 with Content-Type application/json and body { error: string } and does not crash or emit an unhandled promise rejection",
    "The global error handler is registered after all route definitions in src/server.ts so Express treats it as a 4-arity error handler",
    "package.json contains a 'start' script with value 'node dist/server.js'",
    "package.json contains a 'build' script that produces dist/server.js such that `npm run build && npm run start` starts the server and GET /health returns HTTP 200",
    "supertest and @types/supertest are listed in package.json devDependencies",
    "`npx tsc --noEmit` exits 0 with no type errors",
    "`vitest run` exits 0 with all tests passing (minimum 5 tests covering /health, GET /, 503 gating, global error handler, and module-guard isolation)"
  ],
  "description":"Create the Express server skeleton in src/server.ts with the module-guard pattern, the /health and GET / routes, the RAPIDAPI_KEY absence middleware (503 short-circuit), the global error handler (500), and the package.json 'start'/'build' scripts. This slice has no runtime dependency on SKY-002 and can be implemented and merged in parallel with it. supertest and @types/supertest must be installed. A minimal test file (at least 5 tests) covering /health, GET /, 503 gating, global error handler, and module-guard must pass.",
  "title":"Server skeleton: /health, GET /, API-key middleware, error handling, and package.json scripts",
  "splitStories":[]
}
```
