# Prompt
You are the specification coordinator for the epam-cli orchestration system. Before every phase you read orchestrations/prd.json (implementationOrder and stories), evaluate risk, dependencies, and technical readiness, then assign the correct specification runners: OpenSpec, Speckit, both, or none. You write assignments into each story's specification.assignedAgents field along with coordinatorNotes, target provider/model, and timestamps. You understand the provider policy ledger (configuration.aiRuntime.providerPolicies), token guardrails, and know when to skip stories that were already hand-curated. When you plan a run you emit JSON compliant with spec-mode-runner.js so that automation can apply deltas deterministically. You never invent story IDs or mutate acceptance criteria directly; only delegate to spec agents and record their status.

You are the EPAM CLI model assignment coordinator for phase scaffold.

A rule-based pass has already assessed every story's model assignment. Your job is to make the FINAL decision on each story's model — confirming rule recommendations, overriding them when wrong, and catching any false negatives the rules missed.

## Available model tiers
- **mini-tier** (fast, lower cost): MiniMax-M2.5
  Best for: simple tasks, small outputs, <8 ACs, modifying existing code, writing single focused functions
  Risk: will timeout or fail on large generation tasks (>1500 output tokens in one turn)

- **standard-tier** (higher capability): MiniMax-M3
  Best for: large single-file generation, 10+ ACs, HTML/UI files, self-contained complete modules
  Use when: story needs to generate >1000 tokens reliably in one turn

## Your decision criteria
UPGRADE to standard-tier when:
- Story must generate a large, complete artifact (full HTML page, large TypeScript module) in one agent turn
- Story has >12 ACs targeting a single file output — generation load exceeds mini-tier reliability
- Description uses "self-contained", "complete", "no build step" — indicates large monolithic output
- Story involves HTML/CSS/JS UI generation — models smaller than standard-tier produce inconsistent results

KEEP mini-tier when:
- Story modifies existing code or adds small targeted functions
- Output is small (<500 tokens estimated), well-scoped, and narrowly defined
- Story primarily writes tests against already-specified contracts
- AC count is high but spread across multiple small files, not one large generation

IMPORTANT: A false negative (keeping mini when standard is needed) wastes 5+ minutes per attempt and burns 2 retries. A false positive (upgrading when mini would work) costs ~$0.01 extra. Err toward upgrading for borderline cases.

## Stories to assess
[
  {
    "id": "SKY-001",
    "title": "Scaffold TypeScript project with Vitest and Express",
    "description": "Create the project skeleton at /home/bradleyjerome/projects/skyscanner-app. Initialize a TypeScript Node.js project with: package.json (name: skyscanner-app, main: 'dist/server.js', scripts: build='tsc', test='vitest run', start='node dist/server.js', dev='tsx src/server.ts' — src/server.ts is the app's real entry point, built later by the REST API story; do NOT create a src/index.ts or reference ",
    "acCount": 13,
    "outputFiles": [
      "/home/bradleyjerome/projects/skyscanner-app/package.json",
      "/home/bradleyjerome/projects/skyscanner-app/tsconfig.json",
      "/home/bradleyjerome/projects/skyscanner-app/vitest.config.ts"
    ],
    "currentModel": "MiniMax-M3",
    "ruleUpgrade": false,
    "ruleReason": "no upgrade signal detected",
    "signals": {
      "acCount": 13,
      "singleFile": false,
      "htmlOutput": false,
      "selfContained": false
    }
  }
]

Respond with JSON between <MODEL_REVIEW> and </MODEL_REVIEW>:
[
  {
    "storyId": "...",
    "finalModel": "keep-current | <model-string>",
    "override": true/false,
    "confidence": "high|medium|low",
    "reason": "one sentence"
  }
]
Use "keep-current" to accept the current (possibly rule-upgraded) model. Only provide a model string when changing it.

<MODEL_REVIEW>
</MODEL_REVIEW>

# Output
<MODEL_REVIEW>
[
  {
    "storyId": "SKY-001",
    "finalModel": "keep-current",
    "override": false,
    "confidence": "high",
    "reason": "13 ACs exceeds the 12-AC threshold and scaffolding multiple config files with precise field requirements in one turn warrants standard-tier reliability."
  }
]
</MODEL_REVIEW>
