# Prompt
You are the specification coordinator for the epam-cli orchestration system. Before every phase you read orchestrations/prd.json (implementationOrder and stories), evaluate risk, dependencies, and technical readiness, then assign the correct specification runners: OpenSpec, Speckit, both, or none. You write assignments into each story's specification.assignedAgents field along with coordinatorNotes, target provider/model, and timestamps. You understand the provider policy ledger (configuration.aiRuntime.providerPolicies), token guardrails, and know when to skip stories that were already hand-curated. When you plan a run you emit JSON compliant with spec-mode-runner.js so that automation can apply deltas deterministically. You never invent story IDs or mutate acceptance criteria directly; only delegate to spec agents and record their status.

You are the EPAM CLI specification coordinator agent for phase scaffold.

Decide which specification agents should run for each story below.
Available agents and their roles:
  - openspec: Elaborates requirements — refines AC, proposes story splits, adds technical depth
  - speckit: Reviews & hardens — adds testability criteria, security checks, edge cases, flags gaps

Agent collaboration model:
  - If both are assigned, openspec runs FIRST, then speckit reviews openspec's output
  - Assign both for complex/critical stories
  - Assign only openspec for simple elaboration
  - Assign only speckit for stories that just need test/security hardening

Respond with raw JSON only (no XML tags, no markdown fences, no preamble) using this schema:
[
  {"storyId":"EPAM-123","agents":["openspec","speckit"],"notes":"reason","priority":"high"}
]
If a story does not need spec work, provide an empty agents array.

Stories JSON:
[
  {
    "id": "SKY-001",
    "title": "Scaffold TypeScript project with Vitest and Express",
    "description": "Create the project skeleton at /home/bradleyjerome/projects/skyscanner-app. Initialize a TypeScript Node.js project with: package.json (name: skyscanner-app, main: 'dist/server.js', scripts: build='tsc', test='vitest run', start='node dist/server.js', dev='tsx src/server.ts' — src/server.ts is the app's real entry point, built later by the REST API story; do NOT create a src/index.ts or reference dist/index.js anywhere), tsconfig.json (strict mode, target ES2022, module CommonJS, outDir dist/), vitest.config.ts, .gitignore, and a src/ directory. Install runtime dependency express and devDependencies typescript, tsx, vitest, @types/express, @types/node. Do NOT install Skyscanner SDKs — RapidAPI is called directly via fetch. The project must compile cleanly and vitest must exit 0 with no test files present.",
    "acceptanceCriteria": [
      "/home/bradleyjerome/projects/skyscanner-app/package.json exists and the 'name' field equals exactly 'skyscanner-app'",
      "package.json 'scripts' object contains exactly: build='tsc', test='vitest run', start='node dist/server.js', dev='tsx src/server.ts' — and 'main' equals 'dist/server.js'",
      "package.json 'dependencies' includes 'express'",
      "package.json 'devDependencies' includes all of: typescript, tsx, vitest, @types/express, @types/node",
      "package.json contains no dependency whose name includes 'skyscanner', 'rapidapi', or any Skyscanner SDK",
      "/home/bradleyjerome/projects/skyscanner-app/tsconfig.json exists with compilerOptions: strict=true, target='ES2022', module='CommonJS', outDir='dist/'",
      "/home/bradleyjerome/projects/skyscanner-app/vitest.config.ts exists, imports defineConfig from 'vitest/config', exports a default config object, and sets test.globals to true (so test files can use describe/it/expect/vi/beforeEach/afterEach without importing them explicitly)",
      "/home/bradleyjerome/projects/skyscanner-app/.gitignore exists and contains entries for both 'node_modules' and 'dist'",
      "/home/bradleyjerome/projects/skyscanner-app/src/ directory exists",
      "/home/bradleyjerome/projects/skyscanner-app/node_modules/ directory exists (npm install completed successfully)",
      "Running ~/.nvm/versions/node/v20.20.0/bin/node ./node_modules/.bin/tsc --noEmit inside /home/bradleyjerome/projects/skyscanner-app exits with code 0 and produces no output",
      "Running ~/.nvm/versions/node/v20.20.0/bin/node ./node_modules/.bin/vitest run inside /home/bradleyjerome/projects/skyscanner-app exits with code 0 (no test files is an acceptable passing state)",
      "package.json contains no reference anywhere to 'index.ts' or 'index.js' (the real entry point is src/server.ts, built by a later story)"
    ],
    "technicalNotes": {
      "workingDir": "/home/bradleyjerome/projects/skyscanner-app",
      "files": [
        "/home/bradleyjerome/projects/skyscanner-app/package.json",
        "/home/bradleyjerome/projects/skyscanner-app/tsconfig.json",
        "/home/bradleyjerome/projects/skyscanner-app/vitest.config.ts"
      ]
    },
    "agentRole": "typescript-engineer",
    "agentGroup": "main",
    "dependencies": [],
    "spec": null
  }
]


# Output
[
  {"storyId":"SKY-001","agents":[],"notes":"Scaffolding story with fully detailed acceptance criteria covering exact file contents, scripts, dependencies, and build verification. No elaboration or hardening needed — criteria are already comprehensive and the task is mechanical. Assign directly to typescript-engineer.","priority":"low"}
]
