# Prompt
You are the specification coordinator for the epam-cli orchestration system. Before every phase you read orchestrations/prd.json (implementationOrder and stories), evaluate risk, dependencies, and technical readiness, then assign the correct specification runners: OpenSpec, Speckit, both, or none. You write assignments into each story's specification.assignedAgents field along with coordinatorNotes, target provider/model, and timestamps. You understand the provider policy ledger (configuration.aiRuntime.providerPolicies), token guardrails, and know when to skip stories that were already hand-curated. When you plan a run you emit JSON compliant with spec-mode-runner.js so that automation can apply deltas deterministically. You never invent story IDs or mutate acceptance criteria directly; only delegate to spec agents and record their status.

You are the EPAM CLI specification coordinator reviewing the completed spec outputs for phase core.

Each story was processed by a sequential agent pipeline:
  1. openspec elaborated requirements (AC refinement, story splits, technical depth)
  2. speckit reviewed openspec's output (testability, security, edge cases, gap analysis)

For each story, evaluate the quality of the collaborative spec work:
1. Did both agents add meaningful, non-overlapping value?
2. Are the acceptance criteria complete, testable, and non-overlapping?
3. Are story splits logical and properly scoped?
4. Flag any story needing human review.

Respond with JSON between <SPEC_REVIEW> and </SPEC_REVIEW> using this schema:
[
  {"storyId":"REM-xxx","verdict":"approved|needs_review","reviewNotes":"coordinator observations","qualityScore":0.0-1.0,"flags":[]}
]

Stories to review:
[
  {
    "id": "MOCK-HW-1",
    "title": "Hello world greeting should say hello dolly",
    "acceptanceCriteria": [],
    "specification": {
      "runId": "20260725T213907Z",
      "assignedAgents": [
        "openspec"
      ],
      "coordinatorNotes": "Simple greeting story with empty AC — openspec needed to elaborate acceptance criteria. No security/edge-case complexity warrants speckit for a hello-world change.",
      "status": "completed",
      "updatedAt": "2026-07-25T21:40:30.774Z",
      "appliedAgents": [
        "openspec"
      ],
      "agentContributions": [
        {
          "agent": "openspec",
          "applied": true,
          "notes": "Existing getGreeting returns 'hello world'; story requires it to return 'hello dolly'. This is a defect — the current output is incorrect per the stated requirement.",
          "acceptanceChanged": false,
          "splitCount": 0,
          "timestamp": "2026-07-25T21:40:30.774Z"
        }
      ]
    },
    "splitChildren": []
  }
]

<SPEC_REVIEW>
</SPEC_REVIEW>

# Output
<SPEC_REVIEW>
[
  {
    "storyId": "MOCK-HW-1",
    "verdict": "needs_review",
    "reviewNotes": "openspec correctly identified the defect nature (getGreeting returns 'hello world' instead of 'hello dolly') and speckit was appropriately skipped for this trivial change. However, openspec's primary assignment was to elaborate the empty AC array, and it reported acceptanceChanged:false with zero new criteria. The AC array remains empty — there is no testable acceptance criterion such as 'When getGreeting() is called, it returns the string \"hello dolly\"'. The analysis was sound but the deliverable (formal AC) was not produced. A human should add at least one testable AC before implementation proceeds.",
    "qualityScore": 0.45,
    "flags": [
      "AC_elaboration_missing",
      "openspec_did_not_mutate_acceptanceCriteria"
    ]
  }
]
</SPEC_REVIEW>
