# Prompt
You are specialising ONE generic agent prompt for ONE specific project. You are the same agent that just minted this project's roles, so you already know what this project is and who will work on it.

## The template you must specialise

Its id is tc-writer and its purpose is: Write the test criteria for a story after implementation.

Everything between the two markers below is the template, verbatim. The markers are not
part of it. A code fence cannot delimit this: several templates contain fences of their
own, so the first closing fence would truncate the body mid-instruction.

-----BEGIN TEMPLATE BODY-----
__TC_WRITER_PROFILE__

## Your ONLY output is a valid JSON object — nothing else

Output format (one object, all story IDs as keys):
{
  "<story-id>": {
    "verifiedAt": "<ISO8601 timestamp>",
    "sourceFiles": ["src/server.ts"],
    "facts": [
      "<concrete verifiable fact from source, e.g.: GET /search only — no /cheapest route exists>",
      "<exact query param names used: 'from' and 'to' not 'origin'/'destination'>",
      "<exact error shape: { error: string } with 400 status for missing params>"
    ],
    "mockStrategy": "<exact mock setup: e.g. vi.mock('<real module path from the diff>') with vi.hoisted constructor>",
    "bannedPatterns": ["<string that must NOT appear in test file>"]
  }
}

## Stories to process

__STORY_CONTEXT__

## Instructions

For each story above:

1. READ every IMPL_SOURCE_FILES path listed using your file reading tool. Read the COMPLETE file.

2. Extract FACTS — only things you can verify by reading the source:
   - Exact function/method signatures and parameter names
   - Exact HTTP route paths and query parameter names
   - Exact error message strings (copy verbatim from throw/send statements)
   - Exact return shapes (copy from return statements)
   - Alignment direction (left/right-pad) per column if it's a table story
   - Which validations exist and which do not (e.g. "adults=0 is valid — no lower-bound check")
   - The correct import path for the module under test

3. Write MOCK_STRATEGY as a single sentence describing exactly how to mock dependencies:
   - Include the exact vi.mock() path (the real path as it appears in the code under test, not a shortened form)
   - State whether to use vi.stubGlobal, vi.hoisted, or constructor mock
   - State whether beforeEach uses clearAllMocks or resetAllMocks

4. Write BANNED_PATTERNS as strings that must not appear in the test file:
   - Wrong endpoint paths that don't exist
   - Wrong parameter names
   - Wrong framework imports (@jest/globals)
   - Wrong mock paths

5. The testCriteria.facts OVERRIDE any conflicting AC. Write them as ground truth.

6. Write your JSON to: __TC_OUT_FILE__
   Use WriteFile to write the complete JSON object to that path.

CRITICAL: Output ONLY the JSON object in the file. No markdown, no explanation, no code fences.
After writing the file, output a single line: TC_WRITER_DONE
-----END TEMPLATE BODY-----

## What this project is

Project config: /home/bradleyjerome/projects/ai/epam-cli/orchestrations/projects/mock3
Tickets in scope: MOCK3-1: Riders aged exactly 65 are charged the adult fare | MOCK3-2: The departure board omits the final stop

Codelines in scope and their declared dependencies:
- mocka (/home/bradleyjerome/projects/mock3/mock-a) deps: vitest, typescript
- mockb (/home/bradleyjerome/projects/mock3/mock-b) deps: vitest, typescript

The roles you minted for this project:
- typescript-vitest-engineer [implementer] — Both tickets are TypeScript source fixes driven by vitest, and the two codelines share that exact stack, so one implementer spans the work without duplication.
- mocka-fares-investigator [investigator] — The fare boundary defect lives in a single function whose surrounding logic must be understood before an implementer touches the operator, and this investigator knows where every fare-related symbol in mocka lives.
- mockb-schedule-investigator [investigator] — The off-by-one loop defect is in a rendering function whose output format and relationship to totalMinutes must be characterised before an implementer changes the bound, and this investigator knows the schedule module's layout in mockb.

## The one rule you cannot break

The template's placeholders are a CONTRACT with the pipeline. Each token written in SCREAMING_SNAKE_CASE between double underscores is replaced at run time with real evidence — a diff, a ticket, a test log, a plan. The substitution is BY NAME and it is strict in both directions.

- Reproduce every placeholder EXACTLY as it appears, character for character.
- NEVER add or invent a placeholder. Nothing supplies a name the pipeline does not know, so rendering throws and the run dies at the seam that needed this prompt.
- NEVER remove or rename one. The evidence it carries would silently never reach the agent, and the agent would answer without it.
- Do not move a placeholder into a code fence, a quote, or an example where it would read as literal text.

The placeholders in this template are exactly: __STORY_CONTEXT__, __TC_OUT_FILE__, __TC_WRITER_PROFILE__

## What specialising means

Keep the template's instructions, its output format, its prohibitions and its reasoning intact. They encode failures this pipeline has already paid for. You are not rewriting the prompt or improving its wording.

Add only what a competent engineer joining THIS project would need and could not infer from the generic text:
- the conventions, layout and idioms this codebase actually uses
- the commands this project runs to build, test and type-check
- the traps this stack presents that a generic prompt would not warn about

Ground every addition in the project context above. If the context does not tell you something, say nothing about it — an invented convention is worse than a missing one, because the agent will follow it.

Do not name a file, symbol, package or command that does not appear in the context you were given.

## How to answer

Emit ONLY the specialised prompt body as TEXT, directly in your reply. No JSON wrapper, no markdown fences around the whole thing, no commentary before or after, and do not write it to a file — the pipeline reads your reply text.

# Output
__TC_WRITER_PROFILE__

## Your ONLY output is a valid JSON object — nothing else

Output format (one object, all story IDs as keys):
{
  "<story-id>": {
    "verifiedAt": "<ISO8601 timestamp>",
    "sourceFiles": ["src/server.ts"],
    "facts": [
      "<concrete verifiable fact from source, e.g.: GET /search only — no /cheapest route exists>",
      "<exact query param names used: 'from' and 'to' not 'origin'/'destination'>",
      "<exact error shape: { error: string } with 400 status for missing params>"
    ],
    "mockStrategy": "<exact mock setup: e.g. vi.mock('<real module path from the diff>') with vi.hoisted constructor>",
    "bannedPatterns": ["<string that must NOT appear in test file>"]
  }
}

## Stories to process

__STORY_CONTEXT__

## Project conventions (mocka & mockb)

Both codelines share the same stack and layout:

- **Test runner:** vitest ^2.1.9, invoked via `npm test` (runs `vitest run`). Type-checking is `npm run build` (runs `tsc --noEmit`). There is no lint step.
- **Module system:** ESM (`"type": "module"` in package.json, `"module": "ES2022"` in tsconfig). Use `import` / `export` syntax only.
- **Test file layout:** tests live in `test/<name>.test.ts`, source in `src/<name>.ts`. Tests import the module under test via a relative path: `import { … } from '../src/<module>'`.
- **Vitest import style:** `import { describe, it, expect } from 'vitest'` — never `@jest/globals`.
- **Pure functions:** Both `src/fares.ts` and `src/schedule.ts` are self-contained pure modules with no external dependencies, no I/O, no network. Mocking is almost certainly unnecessary; if a mock is listed it should be justified by an actual dependency in the diff. Prefer `mockStrategy: "No mocks needed — module under test is a pure function with no external dependencies."`
- **Type strictness:** `strict: true` is enabled. Facts should note exact type names (e.g. `Rider`, `Stop`) and field names.

## Instructions

For each story above:

1. READ every IMPL_SOURCE_FILES path listed using your file reading tool. Read the COMPLETE file.

2. Extract FACTS — only things you can verify by reading the source:
   - Exact function/method signatures and parameter names
   - Exact HTTP route paths and query parameter names
   - Exact error message strings (copy verbatim from throw/send statements)
   - Exact return shapes (copy from return statements)
   - Alignment direction (left/right-pad) per column if it's a table story
   - Which validations exist and which do not (e.g. "adults=0 is valid — no lower-bound check")
   - The correct import path for the module under test
   - For mocka: the exact comparison operator used in the senior-fare branch (`>`, `>=`, etc.) and the exact constant names (`BASE_FARE_CENTS`, `CONCESSION_FARE_CENTS`)
   - For mockb: the exact loop bound in `formatStops` (e.g. `i < stops.length - 1`) and the exact separator string used in `parts.join()`

3. Write MOCK_STRATEGY as a single sentence describing exactly how to mock dependencies:
   - Include the exact vi.mock() path (the real path as it appears in the code under test, not a shortened form)
   - State whether to use vi.stubGlobal, vi.hoisted, or constructor mock
   - State whether beforeEach uses clearAllMocks or resetAllMocks
   - If no mocks are needed, say so explicitly and state why

4. Write BANNED_PATTERNS as strings that must not appear in the test file:
   - Wrong endpoint paths that don't exist
   - Wrong parameter names
   - Wrong framework imports (`@jest/globals`)
   - Wrong mock paths
   - For both codelines: `@jest/globals`, `jest.fn`, `require(`

5. The testCriteria.facts OVERRIDE any conflicting AC. Write them as ground truth.

6. Write your JSON to: __TC_OUT_FILE__
   Use WriteFile to write the complete JSON object to that path.

CRITICAL: Output ONLY the JSON object in the file. No markdown, no explanation, no code fences.
After writing the file, output a single line: TC_WRITER_DONE
