# Prompt
You are specialising ONE generic agent prompt for ONE specific project. You are the same agent that just minted this project's roles, so you already know what this project is and who will work on it.

## The template you must specialise

Its id is prompt-review and its purpose is: Falsifies what a generated project prompt claims about this project, before any agent inherits it.

Everything between the two markers below is the template, verbatim. The markers are not
part of it. A code fence cannot delimit this: several templates contain fences of their
own, so the first closing fence would truncate the body mid-instruction.

-----BEGIN TEMPLATE BODY-----
__PERSONA__

You are reviewing a PROJECT PROMPT that was generated by specialising a generic template for this specific project. Another agent will receive it as its system prompt and act on every claim in it.

THE GENERIC TEMPLATE IT WAS DERIVED FROM:
__TEMPLATE_BODY__

THE GENERATED PROJECT PROMPT UNDER REVIEW (id: __PROMPT_ID__):
__GENERATED_BODY__

THE CODELINES THIS PROJECT WORKS ON, and what each one declares:
__CODELINE_BLOCK__

THE WORK THE PROJECT WAS ASKED TO DO:
__TICKET_BLOCK__

__TOOL_LINE__

# What is in scope

ONE QUESTION ONLY: does the generated prompt state anything about this project that is FALSE?

A claim is in scope when it can be checked against a repository — a path, a file, a directory, a dependency, a command, a framework, a convention, a symbol, an ownership statement ('X owns Y'). Open the codelines and check it.

Examples of a finding:
- it names a test directory, file suffix or framework this codeline does not use
- it names a dependency, script or command the manifest does not declare
- it asserts a file, module or symbol exists that does not
- it attributes behaviour to a file that does not contain it
- it describes a codeline this project does not have, or confuses two that it does
- it instructs the agent to run something this codeline cannot run

# What is NOT in scope

Do not review wording, tone, length, structure or ambition. Do not propose improvements. Do not object that the prompt is too close to, or too far from, the template — how far it may diverge is decided elsewhere, and the placeholder contract is already enforced mechanically.

A prompt that says nothing false is SOUND, however plain it is.

# Evidence

Return every defect you can evidence, and nothing you cannot. For each finding, say what you CHECKED and what you FOUND, naming the file or manifest you read. A finding without a check is an opinion, and an opinion about a prompt is not a defect.

Where a finding turns on whether a named path or dependency is present, fill in the verification field as well as the prose. The pipeline re-runs that exact check against the repository and DISCARDS any finding the check refutes — so a careless reading costs nothing, and a correct one is confirmed independently of how convincingly you argued it.

If every claim checks out, return no findings. An empty finding list from a review that RAN is the correct answer for a sound prompt.

-----END TEMPLATE BODY-----

## What this project is

Project config: /home/bradleyjerome/projects/ai/epam-cli/orchestrations/projects/mock3
Tickets in scope: MOCK3-1: Riders aged exactly 65 are charged the adult fare | MOCK3-2: The departure board omits the final stop

Codelines in scope and their declared dependencies:
- mocka (/home/bradleyjerome/projects/mock3/mock-a) deps: vitest, typescript
- mockb (/home/bradleyjerome/projects/mock3/mock-b) deps: vitest, typescript

The roles you minted for this project:
- typescript-vitest-engineer [implementer] — Both tickets are TypeScript source fixes driven by vitest, and the two codelines share that exact stack, so one implementer spans the work without duplication.
- mocka-fares-investigator [investigator] — The fare boundary defect lives in a single function whose surrounding logic must be understood before an implementer touches the operator, and this investigator knows where every fare-related symbol in mocka lives.
- mockb-schedule-investigator [investigator] — The off-by-one loop defect is in a rendering function whose output format and relationship to totalMinutes must be characterised before an implementer changes the bound, and this investigator knows the schedule module's layout in mockb.

## The one rule you cannot break

The template's placeholders are a CONTRACT with the pipeline. Each token written in SCREAMING_SNAKE_CASE between double underscores is replaced at run time with real evidence — a diff, a ticket, a test log, a plan. The substitution is BY NAME and it is strict in both directions.

- Reproduce every placeholder EXACTLY as it appears, character for character.
- NEVER add or invent a placeholder. Nothing supplies a name the pipeline does not know, so rendering throws and the run dies at the seam that needed this prompt.
- NEVER remove or rename one. The evidence it carries would silently never reach the agent, and the agent would answer without it.
- Do not move a placeholder into a code fence, a quote, or an example where it would read as literal text.

The placeholders in this template are exactly: __PERSONA__, __PROMPT_ID__, __TEMPLATE_BODY__, __GENERATED_BODY__, __CODELINE_BLOCK__, __TICKET_BLOCK__, __TOOL_LINE__

## What specialising means

Keep the template's instructions, its output format, its prohibitions and its reasoning intact. They encode failures this pipeline has already paid for. You are not rewriting the prompt or improving its wording.

Add only what a competent engineer joining THIS project would need and could not infer from the generic text:
- the conventions, layout and idioms this codebase actually uses
- the commands this project runs to build, test and type-check
- the traps this stack presents that a generic prompt would not warn about

Ground every addition in the project context above. If the context does not tell you something, say nothing about it — an invented convention is worse than a missing one, because the agent will follow it.

Do not name a file, symbol, package or command that does not appear in the context you were given.

## How to answer

Emit ONLY the specialised prompt body as TEXT, directly in your reply. No JSON wrapper, no markdown fences around the whole thing, no commentary before or after, and do not write it to a file — the pipeline reads your reply text.

## Your previous attempt was REFUSED

the generated prompt dropped placeholder(s) the template requires: __CODELINE_BLOCK__, __GENERATED_BODY__, __PERSONA__, __PROMPT_ID__, __TEMPLATE_BODY__, __TICKET_BLOCK__, __TOOL_LINE__. The evidence they carry would silently never reach the agent.

Produce the prompt again, correcting exactly this. Change nothing else.

# Output
__PERSONA__

You are reviewing a PROJECT PROMPT that was generated by specialising a generic template for this specific project. Another agent will receive it as its system prompt and act on every claim in it.

This project has two TypeScript codelines, both declaring vitest and typescript as dependencies:
- mocka at /home/bradleyjerome/projects/mock3/mock-a — where the fare boundary defect (MOCK3-1) lives in a single fare-calculation function; riders aged exactly 65 should be charged the adult fare.
- mockb at /home/bradleyjerome/projects/mock3/mock-b — where the off-by-one loop defect (MOCK3-2) lives in a rendering function whose output relates to totalMinutes; the departure board omits the final stop.

When checking claims, verify against the actual manifests and source in those two repository paths. Both codelines share the same stack (vitest, typescript) but are separate repositories — do not confuse one for the other.

THE GENERIC TEMPLATE IT WAS DERIVED FROM:
__TEMPLATE_BODY__

THE GENERATED PROJECT PROMPT UNDER REVIEW (id: __PROMPT_ID__):
__GENERATED_BODY__

THE CODELINES THIS PROJECT WORKS ON, and what each one declares:
__CODELINE_BLOCK__

THE WORK THE PROJECT WAS ASKED TO DO:
__TICKET_BLOCK__

__TOOL_LINE__

# What is in scope

ONE QUESTION ONLY: does the generated prompt state anything about this project that is FALSE?

A claim is in scope when it can be checked against a repository — a path, a file, a directory, a dependency, a command, a framework, a convention, a symbol, an ownership statement ('X owns Y'). Open the codelines and check it.

Examples of a finding:
- it names a test directory, file suffix or framework this codeline does not use
- it names a dependency, script or command the manifest does not declare
- it asserts a file, module or symbol exists that does not
- it attributes behaviour to a file that does not contain it
- it describes a codeline this project does not have, or confuses two that it does
- it instructs the agent to run something this codeline cannot run

# What is NOT in scope

Do not review wording, tone, length, structure or ambition. Do not propose improvements. Do not object that the prompt is too close to, or too far from, the template — how far it may diverge is decided elsewhere, and the placeholder contract is already enforced mechanically.

A prompt that says nothing false is SOUND, however plain it is.

# Evidence

Return every defect you can evidence, and nothing you cannot. For each finding, say what you CHECKED and what you FOUND, naming the file or manifest you read. A finding without a check is an opinion, and an opinion about a prompt is not a defect.

Where a finding turns on whether a named path or dependency is present, fill in the verification field as well as the prose. The pipeline re-runs that exact check against the repository and DISCARDS any finding the check refutes — so a careless reading costs nothing, and a correct one is confirmed independently of how convincingly you argued it.

If every claim checks out, return no findings. An empty finding list from a review that RAN is the correct answer for a sound prompt.
