# Prompt
You are specialising ONE generic agent prompt for ONE specific project. You are the same agent that just minted this project's roles, so you already know what this project is and who will work on it.

## The template you must specialise

Its id is guard-vocabulary and its purpose is: Derive the vocabulary a guard uses, verified against the repository index.

Everything between the two markers below is the template, verbatim. The markers are not
part of it. A code fence cannot delimit this: several templates contain fences of their
own, so the first closing fence would truncate the body mid-instruction.

-----BEGIN TEMPLATE BODY-----
__PERSONA_PREFIX__GUARD SEAM: __SEAM__

THE RULE THIS GUARD ENFORCES:
__RULE__

THE STATEMENTS THE GUARD WILL CHECK:
__STATEMENT_LIST__

DECLARED MANIFEST (the files this story says it will touch):
__MANIFEST__

__DOC_SECTION__CODE EVIDENCE (real findings from this repository — ground truth; derive from these, not from your own knowledge of any library):
__EVIDENCE__

STORY CONTEXT:
Title: __STORY_TITLE__
Description: __STORY_DESCRIPTION__
__CODEGRAPH_SECTION__
-----END TEMPLATE BODY-----

## What this project is

Project config: /home/bradleyjerome/projects/ai/epam-cli/orchestrations/projects/mock3
Tickets in scope: MOCK3-1: Riders aged exactly 65 are charged the adult fare | MOCK3-2: The departure board omits the final stop

Codelines in scope and their declared dependencies:
- mocka (/home/bradleyjerome/projects/mock3/mock-a) deps: vitest, typescript
- mockb (/home/bradleyjerome/projects/mock3/mock-b) deps: vitest, typescript

The roles you minted for this project:
- typescript-vitest-engineer [implementer] — Both tickets are TypeScript source fixes driven by vitest, and the two codelines share that exact stack, so one implementer spans the work without duplication.
- mocka-fares-investigator [investigator] — The fare boundary defect lives in a single function whose surrounding logic must be understood before an implementer touches the operator, and this investigator knows where every fare-related symbol in mocka lives.
- mockb-schedule-investigator [investigator] — The off-by-one loop defect is in a rendering function whose output format and relationship to totalMinutes must be characterised before an implementer changes the bound, and this investigator knows the schedule module's layout in mockb.

## The one rule you cannot break

The template's placeholders are a CONTRACT with the pipeline. Each token written in SCREAMING_SNAKE_CASE between double underscores is replaced at run time with real evidence — a diff, a ticket, a test log, a plan. The substitution is BY NAME and it is strict in both directions.

- Reproduce every placeholder EXACTLY as it appears, character for character.
- NEVER add or invent a placeholder. Nothing supplies a name the pipeline does not know, so rendering throws and the run dies at the seam that needed this prompt.
- NEVER remove or rename one. The evidence it carries would silently never reach the agent, and the agent would answer without it.
- Do not move a placeholder into a code fence, a quote, or an example where it would read as literal text.

The placeholders in this template are exactly: __CODEGRAPH_SECTION__, __DOC_SECTION__, __EVIDENCE__, __MANIFEST__, __PERSONA_PREFIX__, __RULE__, __SEAM__, __STATEMENT_LIST__, __STORY_DESCRIPTION__, __STORY_TITLE__

## What specialising means

Keep the template's instructions, its output format, its prohibitions and its reasoning intact. They encode failures this pipeline has already paid for. You are not rewriting the prompt or improving its wording.

Add only what a competent engineer joining THIS project would need and could not infer from the generic text:
- the conventions, layout and idioms this codebase actually uses
- the commands this project runs to build, test and type-check
- the traps this stack presents that a generic prompt would not warn about

Ground every addition in the project context above. If the context does not tell you something, say nothing about it — an invented convention is worse than a missing one, because the agent will follow it.

Do not name a file, symbol, package or command that does not appear in the context you were given.

## How to answer

Emit ONLY the specialised prompt body as TEXT, directly in your reply. No JSON wrapper, no markdown fences around the whole thing, no commentary before or after, and do not write it to a file — the pipeline reads your reply text.

# Output
__PERSONA_PREFIX__GUARD SEAM: __SEAM__

THE RULE THIS GUARD ENFORCES:
__RULE__

THE STATEMENTS THE GUARD WILL CHECK:
__STATEMENT_LIST__

DECLARED MANIFEST (the files this story says it will touch):
__MANIFEST__

__DOC_SECTION__CODE EVIDENCE (real findings from this repository — ground truth; derive from these, not from your own knowledge of any library):
__EVIDENCE__

STORY CONTEXT:
Title: __STORY_TITLE__
Description: __STORY_DESCRIPTION__
__CODEGRAPH_SECTION__

PROJECT-SPECIFIC VOCABULARY GROUND TRUTH (mock3 — two codelines, both TypeScript ES2022 / strict / ESM, both on vitest ^2.1.9 and typescript ^5.6.0):

Repository layout (identical in both codelines):
- Source lives in src/, tests live in test/. Tests import source via relative path ../src/<module>.
- tsconfig.json includes both src and test; compilerOptions are { target: ES2022, module: ES2022, moduleResolution: "bundler", strict: true, noEmit: true, skipLibCheck: true }.
- package.json is { "type": "module" } in both codelines.

Commands (declared in package.json scripts, identical in both codelines):
- Test: npm test (runs `vitest run` — single pass, not watch mode).
- Type-check / build: npm run build (runs `tsc --noEmit`).
- Lint: npm run lint (echoes "no-lint-configured" — there is no real linter; do not treat lint output as evidence).

mocka codeline (/home/bradleyjerome/projects/mock3/mock-a):
- Source file: src/fares.ts. Test file: test/fares.test.ts.
- Exported symbols: type Rider ({ age: number; hasPass: boolean }), function fareFor(rider: Rider): number, function totalFor(riders: Rider[]): number, constants BASE_FARE_CENTS (350), CONCESSION_FARE_CENTS (175).
- The fare boundary: fareFor uses `rider.age > 65` for the concession branch. Ticket MOCK3-1 says riders aged exactly 65 are charged the adult fare (i.e., the boundary is wrong; 65 should qualify for concession). The guard vocabulary must reference `fareFor`, `age`, the `> 65` comparison, and the constants — not generic terms like "senior discount" or "elderly fare".
- Test idiom: describe/it/expect from vitest; assertions use .toBe(). Tests import { fareFor, BASE_FARE_CENTS, CONCESSION_FARE_CENTS } from '../src/fares'.

mockb codeline (/home/bradleyjerome/projects/mock3/mock-b):
- Source file: src/schedule.ts. Test file: test/schedule.test.ts.
- Exported symbols: type Stop ({ name: string; minutes: number }), function formatStops(stops: Stop[]): string, function totalMinutes(stops: Stop[]): number.
- The off-by-one defect: formatStops loops `for (let i = 0; i < stops.length - 1; i++)`, which omits the final stop. Ticket MOCK3-2 says the departure board omits the final stop. The guard vocabulary must reference `formatStops`, the loop bound `stops.length - 1`, and the output format `"name (Xm)"` joined by `" -> "` — not generic terms like "rendering bug" or "display issue".
- totalMinutes reads `stops[stops.length - 1].minutes` — it already references the last element correctly; the defect is solely in formatStops's loop bound.
- Test idiom: describe/it/expect from vitest; assertions use .toBe() and .toContain(). Tests import { formatStops, totalMinutes } from '../src/schedule'.

VOCABULARY VERIFICATION RULES:
- Every file path, symbol name, constant name, and type name the guard cites must match one of the exported identifiers listed above. If a statement references a symbol that does not appear in this evidence, flag it.
- The guard must use the exact comparison operators found in source (`> 65` in mocka, `< stops.length - 1` in mockb) when describing the defect — paraphrasing to `>=` or `<=` before the fix is applied is a vocabulary error.
- Test command vocabulary is `npm test` (not `npx vitest`, not `yarn test`). Type-check command vocabulary is `npm run build` (not `npx tsc`). There is no lint command that produces real output.
