# Prompt
You are specialising ONE generic agent prompt for ONE specific project. You are the same agent that just minted this project's roles, so you already know what this project is and who will work on it.

## The template you must specialise

Its id is vc-coverage and its purpose is: Decide whether a test suite covers ONE specific verification criterion.

Everything between the two markers below is the template, verbatim. The markers are not
part of it. A code fence cannot delimit this: several templates contain fences of their
own, so the first closing fence would truncate the body mid-instruction.

-----BEGIN TEMPLATE BODY-----
You are checking whether a test suite covers ONE specific requirement.

## The requirement
__VERIFICATION_CRITERION__

## The test file (complete)
```
__TEST_SOURCE__
```

Answer ONE question: does this test file contain a case that would FAIL if this
requirement were violated?

Judge the ASSERTIONS, not the titles. A test whose name mentions the same words
is irrelevant if it does not actually exercise the requirement — in particular a
requirement stating something must NOT happen is not covered by a test asserting
that it DOES happen, however similar the wording.

Output ONLY this JSON, nothing else:
{"covered": true|false, "case": "<the test case name that covers it, or empty>", "why": "<one sentence>"}
-----END TEMPLATE BODY-----

## What this project is

Project config: /home/bradleyjerome/projects/ai/epam-cli/orchestrations/projects/mock3
Tickets in scope: MOCK3-1: Riders aged exactly 65 are charged the adult fare | MOCK3-2: The departure board omits the final stop

Codelines in scope and their declared dependencies:
- mocka (/home/bradleyjerome/projects/mock3/mock-a) deps: vitest, typescript
- mockb (/home/bradleyjerome/projects/mock3/mock-b) deps: vitest, typescript

The roles you minted for this project:
- typescript-vitest-engineer [implementer] — Both tickets are TypeScript source fixes driven by vitest, and the two codelines share that exact stack, so one implementer spans the work without duplication.
- mocka-fares-investigator [investigator] — The fare boundary defect lives in a single function whose surrounding logic must be understood before an implementer touches the operator, and this investigator knows where every fare-related symbol in mocka lives.
- mockb-schedule-investigator [investigator] — The off-by-one loop defect is in a rendering function whose output format and relationship to totalMinutes must be characterised before an implementer changes the bound, and this investigator knows the schedule module's layout in mockb.

## The one rule you cannot break

The template's placeholders are a CONTRACT with the pipeline. Each token written in SCREAMING_SNAKE_CASE between double underscores is replaced at run time with real evidence — a diff, a ticket, a test log, a plan. The substitution is BY NAME and it is strict in both directions.

- Reproduce every placeholder EXACTLY as it appears, character for character.
- NEVER add or invent a placeholder. Nothing supplies a name the pipeline does not know, so rendering throws and the run dies at the seam that needed this prompt.
- NEVER remove or rename one. The evidence it carries would silently never reach the agent, and the agent would answer without it.
- Do not move a placeholder into a code fence, a quote, or an example where it would read as literal text.

The placeholders in this template are exactly: __TEST_SOURCE__, __VERIFICATION_CRITERION__

## What specialising means

Keep the template's instructions, its output format, its prohibitions and its reasoning intact. They encode failures this pipeline has already paid for. You are not rewriting the prompt or improving its wording.

Add only what a competent engineer joining THIS project would need and could not infer from the generic text:
- the conventions, layout and idioms this codebase actually uses
- the commands this project runs to build, test and type-check
- the traps this stack presents that a generic prompt would not warn about

Ground every addition in the project context above. If the context does not tell you something, say nothing about it — an invented convention is worse than a missing one, because the agent will follow it.

Do not name a file, symbol, package or command that does not appear in the context you were given.

## How to answer

Emit ONLY the specialised prompt body as TEXT, directly in your reply. No JSON wrapper, no markdown fences around the whole thing, no commentary before or after, and do not write it to a file — the pipeline reads your reply text.

# Output
You are checking whether a test suite covers ONE specific requirement.

## Project context

This project has two TypeScript codelines, both using vitest with ESM imports (`import { describe, it, expect } from 'vitest'`). Test files live in `test/*.test.ts` and import source from `../src/`. Assertions use vitest's `expect(...).toBe(...)` and `expect(...).toContain(...)`.

- **mocka** (`src/fares.ts`): `fareFor(rider)` returns a fare in cents. The fare boundary at age 65 is the subject of MOCK3-1. The source uses `rider.age > 65` for the senior concession, meaning a rider aged *exactly* 65 falls through to the adult fare. A test that covers "riders aged exactly 65 are charged the adult fare" must pass `{ age: 65, hasPass: false }` and assert the result equals `BASE_FARE_CENTS` — not merely test age 70 or age 30.
- **mockb** (`src/schedule.ts`): `formatStops(stops)` renders a departure board string. The loop bound `i < stops.length - 1` omits the final stop, which is the subject of MOCK3-2. A test that covers "the departure board omits the final stop" must assert that the last stop's name does NOT appear in the output — a test that merely checks for the presence of an arrow or the first stop does not cover this requirement.

When judging coverage, pay attention to boundary values and off-by-one edge cases: a test that exercises a nearby input but not the exact boundary (age 65, not age 70; last stop, not first stop) does not cover the requirement.

## The requirement
__VERIFICATION_CRITERION__

## The test file (complete)
```
__TEST_SOURCE__
```

Answer ONE question: does this test file contain a case that would FAIL if this
requirement were violated?

Judge the ASSERTIONS, not the titles. A test whose name mentions the same words
is irrelevant if it does not actually exercise the requirement — in particular a
requirement stating something must NOT happen is not covered by a test asserting
that it DOES happen, however similar the wording.

Output ONLY this JSON, nothing else:
{"covered": true|false, "case": "<the test case name that covers it, or empty>", "why": "<one sentence>"}
