# Prompt
You are surveying an estate of repositories BEFORE its agent team is assembled.

THE WORK (real tickets from the tracker):
- MOCK3-1: Riders aged exactly 65 are charged the adult fare
    The fare rules say riders aged 65 and over pay the concession fare. A rider aged exactly 65 is charged the full adult fare of 350 cents instead of 175. Riders aged 66 and above are charged correctly, so the boundary itself is wrong rather than the rule.
- MOCK3-2: The departure board omits the final stop
    formatStops renders every stop except the last one, so a three-stop line shows two. The journey length reported by totalMinutes is correct, which is why the omission has gone unnoticed.


WHAT EACH CODELINE DECLARES IT DEPENDS ON (its own manifest — ground truth about
the stack, not inference from ticket text):
- vitest
- typescript

THE CODELINES IN SCOPE, and where each is checked out:
- mocka: /home/bradleyjerome/projects/mock3/mock-a
- mockb: /home/bradleyjerome/projects/mock3/mock-b

HOW TO LOOK — USE THE SYMBOL INDEX, NOT TEXT SEARCH.

Every codeline above is already indexed in CodeGraph. Use codegraph_query as your PRIMARY
instrument, and call it iteratively — 5-10 calls is normal. EVERY call takes a named `mode`
plus that mode's own named field — there is no positional form:
  EVERY call names the codeline it is about — the tool answers from THAT repository, and a
  call that names none is refused when several are in scope, because answering from the
  wrong one returns another repository's symbols as though they were this one's.
  - codegraph_query(mode="explore", codeline="<name>", terms="<domain nouns from the ticket>")  — START HERE, per codeline
  - codegraph_query(mode="query", codeline="<name>", symbol="<SymbolName>")     — where a symbol is defined
  - codegraph_query(mode="callers", codeline="<name>", symbol="<SymbolName>")   — who calls it
  - codegraph_query(mode="callees", codeline="<name>", symbol="<SymbolName>")   — what it calls
  - codegraph_query(mode="show", codeline="<name>", file="<path>")              — read the real lines before
                                                               quoting anything as evidence

If a call comes back with an error, READ IT — it names the field it wanted. Do NOT send the
same call again unchanged: the tool refuses an identical repeat, so a retry loop burns your
budget and returns nothing. If codegraph_query cannot be made to work at all, say so in your
evidence AND fall back to read_file and list_files rather than reporting a codeline you never
opened — a survey that examined nothing must never be the reason a team is assembled blind.
It returns real symbols, their definition sites, who calls them, and which have tests. That is
the question you are actually asking: where does this codeline wire the thing the ticket is
about. Text search cannot answer it and ranks a vendored copy of a package alongside the one
line that initialises it.

Reserve 'search' for what a symbol index cannot hold — a config key, an environment variable
name, a literal string. Then treat its result with suspicion:

  A SEARCH THAT RETURNS NOTHING IS NOT EVIDENCE THAT NOTHING IS THERE.

On 2026-08-08 this survey reported "searched for seven patterns, all returned zero matches, no
existing infrastructure was found, meaning this is greenfield work" about three codelines
holding 243, 102 and 158 matching source files. The search tool was silently broken and every
call returned "(no matches found)". The reasoning was sound and the premise was false. If a
search comes back empty, confirm with codegraph_query before concluding absence — and if the
two disagree, say so in your evidence rather than picking one.

YOUR JOB, and its limits:

1. For EVERY codeline above, OPEN IT and decide whether this work reaches it. The ticket's
   labels and components are a claim, not evidence — they are frequently wrong about which
   repositories are involved, which is why you exist. Report what you actually looked at.

2. "I looked and this work does not reach this codeline" is a VALUABLE answer. Report it as
   no_work_found, with the evidence. It is not the same as not having looked, and reporting
   the two as one is how an unexamined repository comes to read as a clean bill of health.

3. Recommend the TEAM this estate needs, in two separate lists.
   - recommendedInvestigators: which codelines need their own investigator to READ them, and
     what each should concentrate on.
   - recommendedWriters: which codelines need an agent that WRITES the change, and what kind of
     work it must be able to build.
   Every estate with work to do needs at least one writer. A team that can only look at code
   cannot change it, and a roster of investigators leaves every story with nobody to implement.
   Keep both OUT of your findings: findings are what you saw, recommendations are about the team.
   Neither may name a fix site. "this codeline needs someone who can write X" is a
   recommendation; "edit this file at this line" is not yours to say, and is stripped if you
   write it.

REPORT THE EXACT FILES YOU OPENED, in "filesRead". If you report a codeline as in_scope you
must name AT LEAST ONE FILE you opened in it: saying the work reaches a repository you did not
read is an assertion, and an assertion of exactly that kind produced "no existing
infrastructure, this is greenfield work" about an estate with 243 matching source files.
Looking and finding nothing is different, and is a valuable answer — report that as
no_work_found with what you read. A directory tells a later reader almost
nothing — src/context/ exists in most codelines — and a claim about it cannot be checked. A
file path can be verified, and a brief built on one is grounded. Report what you read even
where you conclude the work does not reach that codeline.

WHAT YOU MUST NOT DO. You are not fixing anything and you are not choosing files to change.
Do not say which file to edit, which function to patch, or what the change should be. Naming a
file as something you READ is evidence and is wanted; naming one as the place to fix is a
decision that is not yours. Each codeline gets its own investigator working inside that
repository, and it decides. A fix site you supply for a repository you swept from the outside
is how one codeline's file ends up in another's work — so report what you saw, state where to
look, and let the investigator look.

Respond with ONLY valid JSON (no markdown fences, no report, no commentary before or after):
{
  "codelines": [
    {
      "codeline": "<exactly as named in scope above>",
      "state": "in_scope | no_work_found | not_investigated | failed",
      "evidence": "<what you opened and what you saw>",
      "surfaces": ["<directory or module>"],
      "filesRead": ["<exact path of a file you opened>"]
    }
  ],
  "recommendedInvestigators": [
    { "codeline": "<name>", "focus": "<what it should concentrate on>", "why": "<what you saw>" }
  ],
  "recommendedWriters": [
    { "codeline": "<name>", "focus": "<the kind of work it must write>", "why": "<what you saw>" }
  ]
}

One entry in "codelines" for EVERY codeline listed in scope. Everything you want to say goes
inside these fields — a prose report outside this JSON is discarded unread, however good it is.
# Output — THIS IS A CONTRACT, NOT A PREFERENCE

Emit EXACTLY one <ESTATE_SURVEY> block and nothing else that matters. Prose outside it is DISCARDED
unread, however correct it is — the pipeline parses the block and never the commentary.

<ESTATE_SURVEY>
{
  "codelines": [ {
      "codeline": <string>
         // Exactly as named in the scope list.,
      "state": <string> one of "in_scope" | "no_work_found" | "not_investigated" | "failed"
         // in_scope = you looked and the work reaches this codeline. no_work_found = you looked and it does not — that is EVIDENCE, and it is not the same as having skipped it. not_investigated = you did not look. failed = you tried and could not. Never report no_work_found for a codeline you did not open.,
      "evidence": <string>
         // What you actually checked and what you saw — a path you listed, a symbol you searched for. Not an inference from the ticket text.,
      "surfaces": <array>
         // Areas of the repository involved: directories or modules. Breadth only. NOT a fix and NOT which file to change — deciding that is the per-codeline investigator's job, working in that repository.   (optional),
      "filesRead": <array>
         // The exact files you OPENED, as repository-relative paths. This is EVIDENCE — an observation of what is there, which a later check can verify — not a list of files to change. Report what you read even when you conclude the work does not reach this codeline.,
  } ]
  "recommendedInvestigators": [ {
      "codeline": <string>,
      "focus": <string>
         // What this investigator should concentrate on.,
      "why": <string>
         // What you saw that makes this codeline need one.,
  } ]
  "recommendedWriters": [ {
      "codeline": <string>,
      "focus": <string>
         // The kind of work this codeline needs written.,
      "why": <string>
         // What you saw that makes this codeline need one.,
  } ]
}
</ESTATE_SURVEY>

Report which codelines of this estate the described work actually touches, and which per-codeline investigators the team needs. Breadth, not depth: you are deciding where to look, not what to change. Do not answer in prose.


# Output
This confirms the existing tests don't catch either bug: mock-a's tests never exercise age exactly 65, and mock-b's tests never assert the last stop ("Eglinton") appears. I've now read enough of both codelines to report confidently.

<ESTATE_SURVEY>
{
  "codelines": [
    {
      "codeline": "mocka",
      "state": "in_scope",
      "evidence": "Opened src/fares.ts, which defines fareFor(rider) implementing the fare rule. The boundary check is `if (rider.age > 65) return CONCESSION_FARE_CENTS;`, which excludes age exactly 65 (falls through to BASE_FARE_CENTS = 350) while age 66+ correctly gets CONCESSION_FARE_CENTS = 175, matching MOCK3-1 exactly. Opened test/fares.test.ts and confirmed the existing test suite has no case for age 65 (only 30, 8, and 70), so the boundary bug is untested and unnoticed, consistent with the ticket description. Also confirmed the codeline is a small isolated package (only src/fares.ts and its test exist) with vitest as the test runner, matching the declared manifest.",
      "surfaces": ["src/fares.ts", "fare calculation logic"],
      "filesRead": ["src/fares.ts", "test/fares.test.ts"]
    },
    {
      "codeline": "mockb",
      "state": "in_scope",
      "evidence": "Opened src/schedule.ts, which defines formatStops(stops) and totalMinutes(stops). formatStops loops `for (let i = 0; i < stops.length - 1; i++)`, which skips the final stop in the array, matching MOCK3-2 exactly ('renders every stop except the last one'). totalMinutes reads `stops[stops.length - 1].minutes` directly (not via the loop), so it correctly reports the full journey length even though formatStops omits the last stop from its string output — this matches the ticket's note that totalMinutes is correct, which is why the omission went unnoticed. Opened test/schedule.test.ts and confirmed the existing tests only assert 'contains an arrow' and 'names the first stop' — no assertion checks for the last stop name ('Eglinton'), so the bug is untested.",
      "surfaces": ["src/schedule.ts", "departure board / stop formatting logic"],
      "filesRead": ["src/schedule.ts", "test/schedule.test.ts"]
    }
  ],
  "recommendedInvestigators": [],
  "recommendedWriters": [
    {
      "codeline": "mocka",
      "focus": "Fix the age boundary condition in the fare rule so that riders aged exactly 65 receive the concession fare, and add/adjust a test case covering age 65 specifically alongside the existing boundary tests.",
      "why": "src/fares.ts contains a single off-by-one boundary comparison (`age > 65` instead of including 65) that produces the exact overcharge described in MOCK3-1; this is a small, self-contained, well-isolated fix within one file and its test."
    },
    {
      "codeline": "mockb",
      "focus": "Fix the loop bound in formatStops so the final stop is included in the rendered departure board output, and add/adjust a test asserting the last stop's name appears in the formatted string.",
      "why": "src/schedule.ts contains a single off-by-one loop bound (`i < stops.length - 1`) that drops the last stop from the rendered string while totalMinutes remains correct, matching MOCK3-2 precisely; this is a small, self-contained, well-isolated fix within one file and its test."
    }
  ]
}
</ESTATE_SURVEY>
