[0;35m[CPA][0m Retrieval: TF-IDF
[0;36m[08:41:04][0m Loading stories from orch-cdts-prd-755105.json...
[0;36m[08:41:04][0m Found 1 stories to contextualize

[0;35m[CPA][0m Processing AMSD-1820...
[0;35m[CPA][0m   AMSD-1820: formula baseline from calibration[medium:implementation:cli](n=9): 2.808398113839453min $0.54208529935815
[1mAMSD-1820[0m  [Mozio] - Promo code amount not displayed as expected for Return trip tickets in Mozio email confirmation  [1;33m[REVIEW][0m
  Machine time:              2.81 min  →      3.18 min  (conf: 0.68, adj: 1.25x)
  Cost (story):          $0.5421     →  $0.6156   
  Escalation:            +$1.2240      (r2@35%=+$0.6445 r3@15%=+$0.2836 k3@3.0%=+$0.2959)
  Self-heal:             +$0.0463      (p=30%)
  Retries (exp):          0.81  
  Total (est):           $2.6240         (story+esc+heal=$1.8859 × pipeline 1.39x)
  KB coverage:           5     chunks retrieved   2     cited   cov: 40%
  [1;33m⚠[0m  Story previously failed; prior attempt corrupted TypeScript syntax in target file
  [1;33m⚠[0m  Six files across multiple services require coordinated discount-display changes
  [1;33m⚠[0m  Acceptance criteria demand only tests but description implies a code fix is also needed
  [1;33m⚠[0m  Mozio email confirmation rendering flow lacks dedicated KB documentation

[0;36m=== CPA Gate Summary ===[0m

Phase                    Pass   Review    Block    Total
------------------------------------------------------
core                        0        1        0        1
------------------------------------------------------
[1mTOTAL                       0        1        0        1[0m

[1;33m[CPA WARN][0m 1 story/stories in REVIEW gate — check risk flags

[0;36m[08:41:45][0m Appended 1 CPA records to /home/bradleyjerome/projects/ai/epam-cli/orchestrations/logs/cpa-review.jsonl
[0;36m[08:41:45][0m Applying blended estimates to prd.json...
[0;32m[CPA OK][0m Backed up prd.json → orch-cdts-prd-755105.json.before-cpa
[0;32m[CPA OK][0m Applied CPA blended estimates to 1 stories

  Review:   git diff /tmp/orch-cdts-prd-755105.json
  Restore:  cp /tmp/orch-cdts-prd-755105.json.before-cpa /tmp/orch-cdts-prd-755105.json

No calibrated categories (need >= min-n completed stories per category).
[0;36m[08:41:48][0m Calibration updated from actuals
