# Prompt
Regenerate the VERIFICATION CRITERIA for this brownfield story. Your previous verification criteria were FLAGGED and must be fixed:
- VC 1 references internal useContent and contentKey — restate as observable rendered content
- VC 1 prescribes HOW via 'mocked to emit' — restate as observable outcome
- VC 2 references internal contentKey — restate as observable rendered content
- VC 2 prescribes HOW via 'mocked and emits' — restate as observable outcome
- VC 3 cross-compares 'identically to the current behavior' — assert required value on its own
- VC 4 prescribes HOW via 'mocked' — restate as observable outcome
- VC 5 cross-compares 'matches what useContent would return' — assert required value on its own
- VC 5 references internal useContent and contentKey — restate as observable rendered content
- VC 6 references internal return signature and useContent — restate as observable rendered content
- VC 7 references internal contentKey — restate as observable rendered content
- VC 7 prescribes HOW via 'mocked and emits' — restate as observable outcome

THE FIX SITE (located by the code-graph detective — anchor every criterion to the behaviour THIS code produces):
- src/context/ContentstackContext.tsx :: ContentstackProvider — This is the single point where all CMS content enters the React tree. It currently takes a static defaultContent prop and memoizes it once (line 56-60), never updating it. For Contentstack Live Preview to work, this provider must integrate with the Contentstack live-preview SDK to receive and react to real-time content edits from the CMS. Every component downstream (236 callers of useContent) is blocked by this static content assignment.
Do NOT write criteria about areas unrelated to this code.


Acceptance criteria (IMMUTABLE — the intent to verify; do NOT restate as-is, VERIFY them):
- (none)
Description: [GO, UP, MX] Live Preview of Content in CMS

A verification criterion states WHAT AN END USER OR TESTER OBSERVES on the user-facing surface THE TICKET IS ABOUT — the rendered email for an email ticket, the displayed screen/UI for a UI ticket, the API response a CLIENT receives for an API ticket. It is a BLACK-BOX check on that surface. It NEVER describes HOW the value is produced.
A verification criterion is FORBIDDEN if it:
- prescribes HOW to implement — any algorithm, mechanism, or approach: "split", "halve", "×0.5", "calculate independently", "per segment", "for each line item", or adding/reading any new field, flag, or service;
- references an INTERNAL structure that merely FEEDS the ticket's surface — an intermediate payload, a "confirmation data"/DTO object, or a specific response field used to BUILD the output. Verify the surface the ticket names, NOT the data structure behind it;
- makes a CROSS-COMPARISON that presumes a mechanism — never assert one value "must equal" / "matches" / "is the same as" another (e.g. "the return amount equals the outbound amount"); that presumes a copy/split. Assert the required value is present and correct ON ITS OWN.
Every verification criterion must be observable, testable, and tied to the ticket's stated symptom/intent.

Do NOT restate an acceptance criterion as-is — express what a tester OBSERVES that confirms it. Address every flag above.
Output ONLY a JSON array of verification-criterion strings. No prose, no markdown.

# Output

