# Prompt
You are the specification coordinator for the epam-cli orchestration system. Before every phase you read orchestrations/prd.json (implementationOrder and stories), evaluate risk, dependencies, and technical readiness, then assign the correct specification runners: OpenSpec, Speckit, both, or none. You write assignments into each story's specification.assignedAgents field along with coordinatorNotes, target provider/model, and timestamps. You understand the provider policy ledger (configuration.aiRuntime.providerPolicies), token guardrails, and know when to skip stories that were already hand-curated. When you plan a run you emit JSON compliant with spec-mode-runner.js so that automation can apply deltas deterministically. You never invent story IDs or mutate acceptance criteria directly; only delegate to spec agents and record their status.

You are the EPAM CLI specification coordinator reviewing the completed spec outputs for phase core.

Each story was processed by a sequential agent pipeline:
  1. openspec elaborated requirements (AC refinement, story splits, technical depth)
  2. speckit reviewed openspec's output (testability, security, edge cases, gap analysis)

For each story, evaluate the quality of the collaborative spec work:
1. Did both agents add meaningful, non-overlapping value?
2. Flag any story needing human review.
3. PLAN ALIGNMENT — where planAlignmentEvidence is present, it tells you what the
   code-graph-detective SAID it would investigate (detectivePlan) and a deterministic,
   cheap signal (aligned: true/false) for whether the final fixSiteAnalysis shares any
   named symbol/file with that plan. This signal is NOT your verdict — it is evidence, the
   same as MANIFEST EVIDENCE below. A plan can legitimately turn out wrong once real
   exploration starts. Read detectivePlan and fixSiteAnalysis yourself and judge: did the
   detective explain WHY it moved from its plan to its final answer (a stated pivot,
   reasoning that connects the two), or did the answer just change with no explanation?
   The latter is a real defect (a fix has shipped that shared no term with the detective's
   own stated plan, with no explanation, more than once on the same ticket) — set
   planAlignment to justified_deviation when the detective justifies its pivot, or
   unexplained_mismatch when it does not, and say why in reviewNotes. aligned:true needs
   no action.

(Brownfield tickets never split and their acceptance criteria are immutable —
do not evaluate split quality or AC completeness; there is nothing there for
either agent to have changed.

EXPECTED, NOT A DEFECT: an agent's notes may describe acceptance criteria it
authored while the story's acceptanceCriteria array is empty, and report
acceptanceChanged=false. That is this pipeline REDACTING them on purpose: on a
brownfield ticket the ACs are the ticket's own, and a thin ticket legitimately
has none. The observable checks live in verificationCriteria — judge THOSE.
Do not report the mismatch as a hallucination, a persistence failure or a
metadata inconsistency, and do not lower qualityScore for it. An empty
acceptanceCriteria array on a brownfield story is correct by policy.)

MANIFEST EVIDENCE (checked against the repository, not asserted):
  AMSD-2041: EXISTS  src/services/contentstack.ts
  AMSD-2041: EXISTS  src/pages/_app.tsx
  AMSD-2041: EXISTS  src/interface/content/page.ts
  AMSD-2041: EXISTS  src/components/contentstack/ContentstackAttention/content.mock.ts
  AMSD-2041: EXISTS  src/components/contentstack/ContentStackGallery/ContentStackGallery.mock.ts

ANSWER IN THIS RESPONSE. Your <SPEC_REVIEW> verdict must appear in THIS reply — an
empty <SPEC_REVIEW></SPEC_REVIEW>, or a promise to verify and answer later, is
discarded and the review does not happen. There is no follow-up turn to come back in.

You DO have read-only tools this turn (read_file, list_files, search). Use them for
real if something is genuinely unclear — but never narrate an imagined tool result,
and never spend the whole turn exploring and run out before writing the verdict.
Budget is small and the verdict is mandatory: gather at most what you need, then answer.

MANIFEST EVIDENCE has already been gathered from the repository for you and appears
above. Every declared path was checked with a real filesystem stat, so re-checking
paths is wasted budget — that part is done and is more reliable than a tool call.
  - A story with any MISSING path CANNOT be implemented: the writer is sent to edit a
    file that is not there, and every retry reproduces that. Mark it needs_review, name
    the exact path in reviewNotes, and add the flag "missing_manifest_path".
  - Where the evidence names a real neighbour ("the directory holds X instead"), say so
    — that is what makes the report actionable.
  - Never silently correct a path. The manifest is the artefact under review; a
    correction living only in your prose reaches nobody.

Judge what the evidence cannot: are the acceptance criteria testable, is the declared
file set plausible for this change, is anything obviously missing. If you are unsure,
lower qualityScore and add a flag — do not withhold the verdict. A missing review is
EVERY FLAG CARRIES A SEVERITY. It ranks your objections for whoever reads them; it does not
decide whether the run stops — a computed check or a project-declared flag does that. Mark
blocking when an implementer following this spec would produce work that CANNOT FUNCTION,
and advisory for uncertainty about what you could not see. Report both honestly: nothing is
gained by inflating uncertainty into a defect, and nothing is lost by naming a real one.
worse than an uncertain one: it means nothing was checked at all.

QUALITY SCORE — what the number has to mean. It is enforced: below 0.7 halts the run
before implementation, so an unanchored guess stops real work.
  0.9-1.0  the spec is ready to implement; criteria are observable and the file set fits.
  0.7-0.89 ready to implement, with ordinary open questions a competent writer resolves.
  0.5-0.69 NOT ready: something concrete is wrong or missing — criteria that cannot be
           observed, a file set that cannot deliver what is described, contradictions.
  below 0.5 the spec would send a writer somewhere useless.
Score what IS in front of you. Do NOT lower the score because an agent could not read the
source files, or because a human "might want to check" — that is true of every ticket and
is not a defect in this spec. If your notes cannot name something concretely wrong, the
score belongs at 0.7 or above.

Respond with JSON between <SPEC_REVIEW> and </SPEC_REVIEW> using this schema:
[
  {"storyId":"REM-xxx","verdict":"approved|needs_review","reviewNotes":"coordinator observations","qualityScore":0.0-1.0,"flags":[{"flag":"short-slug","severity":"blocking|advisory","why":"what you checked and what you found"}],"planAlignment":"aligned|justified_deviation|unexplained_mismatch|not_applicable"}
]

Stories to review:
[
  {
    "id": "AMSD-2041",
    "title": "[GO, UP, MX] Live Preview of Content in CMS",
    "acceptanceCriteria": [],
    "verificationCriteria": [
      "When a Contentstack Live Preview session is active for an entry, the rendered page displays the draft version of that entry's content.",
      "When a draft entry's field value is modified while live preview is active, the page displays the updated draft content without a full browser page reload.",
      "The page loads without Contentstack authentication or connection errors when the live preview capability is enabled.",
      "When live preview is active for a draft entry that contains field values not yet published, the page displays those unpublished field values.",
      "When live preview is not active, the page renders published entry content with all fields present and correctly displayed."
    ],
    "technicalNotes": {
      "files": [
        "src/services/contentstack.ts",
        "src/pages/_app.tsx",
        "src/interface/content/page.ts",
        "src/components/contentstack/ContentstackAttention/content.mock.ts",
        "src/components/contentstack/ContentStackGallery/ContentStackGallery.mock.ts"
      ],
      "perCodeline": {
        "gotransit": {
          "files": [
            "src/services/contentstack.ts",
            "src/pages/_app.tsx",
            "src/interface/content/page.ts",
            "src/components/contentstack/ContentStackGallery/ContentStackGallery.mock.ts"
          ],
          "resolved": [
            {
              "declared": "src/services/contentstack.ts",
              "actual": "src/services/contentstack.ts",
              "match": "exact",
              "verified_against": "/home/bradleyjerome/projects/metrolinx/next.gotransit.com"
            },
            {
              "declared": "src/pages/_app.tsx",
              "actual": "src/pages/_app.tsx",
              "match": "exact",
              "verified_against": "/home/bradleyjerome/projects/metrolinx/next.gotransit.com"
            },
            {
              "declared": "src/interface/content/page.ts",
              "actual": "src/interface/content/page.ts",
              "match": "exact",
              "verified_against": "/home/bradleyjerome/projects/metrolinx/next.gotransit.com"
            },
            {
              "declared": "src/components/contentstack/ContentStackGallery/ContentStackGallery.mock.ts",
              "actual": "src/components/contentstack/ContentStackGallery/ContentStackGallery.mock.ts",
              "match": "exact",
              "verified_against": "/home/bradleyjerome/projects/metrolinx/next.gotransit.com"
            }
          ],
          "unresolved": [
            {
              "declared": "src/components/contentstack/ContentstackAttention/content.mock.ts",
              "candidates_checked": [
                "src/components/contentstack/ContentstackAttention/content.mock.ts"
              ],
              "reason": "directory 'src/components/contentstack/ContentstackAttention' does not exist in this codeline"
            }
          ]
        },
        "upexpress": {
          "files": [
            "src/services/contentstack.ts",
            "src/pages/_app.tsx",
            "src/interface/content/page.ts",
            "src/components/contentstack/ContentStackGallery/ContentStackGallery.mock.ts"
          ],
          "resolved": [
            {
              "declared": "src/services/contentstack.ts",
              "actual": "src/services/contentstack.ts",
              "match": "exact",
              "verified_against": "/home/bradleyjerome/projects/metrolinx/next.upexpress.com"
            },
            {
              "declared": "src/pages/_app.tsx",
              "actual": "src/pages/_app.tsx",
              "match": "exact",
              "verified_against": "/home/bradleyjerome/projects/metrolinx/next.upexpress.com"
            },
            {
              "declared": "src/interface/content/page.ts",
              "actual": "src/interface/content/page.ts",
              "match": "exact",
              "verified_against": "/home/bradleyjerome/projects/metrolinx/next.upexpress.com"
            },
            {
              "declared": "src/components/contentstack/ContentStackGallery/ContentStackGallery.mock.ts",
              "actual": "src/components/contentstack/ContentStackGallery/ContentStackGallery.mock.ts",
              "match": "exact",
              "verified_against": "/home/bradleyjerome/projects/metrolinx/next.upexpress.com"
            }
          ],
          "unresolved": [
            {
              "declared": "src/components/contentstack/ContentstackAttention/content.mock.ts",
              "candidates_checked": [
                "src/components/contentstack/ContentstackAttention/content.mock.ts"
              ],
              "reason": "directory 'src/components/contentstack/ContentstackAttention' does not exist in this codeline"
            }
          ]
        },
        "metrolinx": {
          "files": [
            "src/services/contentstack.ts",
            "src/pages/_app.tsx",
            "src/interface/content/page.ts",
            "src/components/contentstack/ContentstackAttention/content.mock.ts",
            "src/components/contentstack/ContentStackGallery/ContentStackGallery.mock.ts"
          ],
          "resolved": [
            {
              "declared": "src/services/contentstack.ts",
              "actual": "src/services/contentstack.ts",
              "match": "exact",
              "verified_against": "/home/bradleyjerome/projects/metrolinx/next.metrolinx.com"
            },
            {
              "declared": "src/pages/_app.tsx",
              "actual": "src/pages/_app.tsx",
              "match": "exact",
              "verified_against": "/home/bradleyjerome/projects/metrolinx/next.metrolinx.com"
            },
            {
              "declared": "src/interface/content/page.ts",
              "actual": "src/interface/content/page.ts",
              "match": "exact",
              "verified_against": "/home/bradleyjerome/projects/metrolinx/next.metrolinx.com"
            },
            {
              "declared": "src/components/contentstack/ContentstackAttention/content.mock.ts",
              "actual": "src/components/contentstack/ContentstackAttention/content.mock.ts",
              "match": "exact",
              "verified_against": "/home/bradleyjerome/projects/metrolinx/next.metrolinx.com"
            },
            {
              "declared": "src/components/contentstack/ContentStackGallery/ContentStackGallery.mock.ts",
              "actual": "src/components/contentstack/ContentStackGallery/ContentStackGallery.mock.ts",
              "match": "exact",
              "verified_against": "/home/bradleyjerome/projects/metrolinx/next.metrolinx.com"
            }
          ],
          "unresolved": []
        }
      }
    },
    "specification": {
      "referencedDocs": [
        {
          "url": "https://www.contentstack.com/docs/headless-cms/live-preview-implementation-for-nextjs-csr-app-router",
          "classification": "vendor_documentation",
          "relevant": true,
          "reason": "",
          "quotes": [
            "Live Preview is a feature that allows you to preview draft or unpublished entries of your content type in real-time before publishing them.",
            "The Contentstack Live Preview SDK currently supports Next.js (App Router), Next.js (Pages Router), Nuxt, and plain JavaScript applications.",
            "For Next.js App Router (CSR) apps, you need to install the @contentstack/live-preview-sdk package and initialize it in your application.",
            "Step 1: Install the Live Preview SDK: npm install @contentstack/live-preview-sdk",
            "Step 2: Initialize the SDK in your app's root layout or entry point: import { ContentstackLivePreview } from '@contentstack/live-preview-sdk'; ContentstackLivePreview.init({ stack: stack, // your Contentstack SDK stack instance });",
            "Note: The Live Preview SDK works only with Contentstack Delivery SDK or Contentstack Javascript SDK. Ensure you have one of these installed before proceeding.",
            "The SDK automatically handles the preview of draft entries when the Live Preview feature is enabled in your stack settings.",
            "To enable Live Preview, navigate to your stack's Settings > Live Preview and enable the toggle. You can then configure the preview URL for each content type."
          ],
          "scopeCaveat": "This guide is specifically for Next.js App Router using CSR (Client-Side Rendering). The codeline architecture (SSR vs CSR, App Router vs Pages Router) must be confirmed before following this guide literally. If the project uses SSR or a different router, this guide's initialization steps may not apply directly.",
          "fetchStatus": "fetched",
          "contradictsStory": ""
        },
        {
          "url": "https://www.contentstack.com/docs/headless-cms/custom-preview-urls#configure-custom-preview-urls",
          "classification": "vendor_documentation",
          "relevant": true,
          "reason": "",
          "quotes": [
            "Custom Preview URLs allow you to define specific URLs for previewing your content types, giving you control over where and how your content is previewed.",
            "To configure Custom Preview URLs, navigate to your stack's Settings > Live Preview > Custom Preview URLs.",
            "You can set a default preview URL for all content types or configure individual preview URLs per content type.",
            "The preview URL supports the following placeholders: {{uid}} for entry UID, {{content_type_uid}} for content type UID, {{locale}} for entry locale, {{preview_token}} for the preview token.",
            "Note: Custom Preview URLs are configured in the Contentstack dashboard, not in your application code.",
            "Live Preview must be enabled in your stack settings before you can configure Custom Preview URLs."
          ],
          "scopeCaveat": "This configuration is done in the Contentstack web dashboard (stack Settings), not in application code. The story's FE estimate of 8 hours may need to account for the fact that some configuration is non-code and must be done by someone with stack admin access.",
          "fetchStatus": "fetched",
          "contradictsStory": ""
        }
      ],
      "guardVocabulary": {
        "blacklist": [
          {
            "term": "live_preview property",
            "reason": "Statement 1 prescribes the shape of an internal config object — the `live_preview` property on the `options` object in src/services/contentstack.ts. This is HOW the feature is wired, not what a user observes."
          },
          {
            "term": "management_token",
            "reason": "Statement 1 names a specific field inside the internal `live_preview` config object. A tester never observes `management_token`; it feeds the SDK internally."
          },
          {
            "term": "contentstack_live_preview_token",
            "reason": "Statements 1 and 5 reference an environment variable that populates an internal config field. This is deployment configuration, not user-facing surface."
          },
          {
            "term": "contentstacklivepreview.init",
            "reason": "Statement 2 prescribes calling a specific SDK initialization function with a specific argument — pure implementation instruction."
          },
          {
            "term": "stack instance",
            "reason": "Statement 2 prescribes passing the internal `Stack` export (from src/services/contentstack.ts line 91) as an argument to init. This is wiring, not observation."
          },
          {
            "term": "stack configuration object",
            "reason": "Statement 1 references the internal `options` config object in src/services/contentstack.ts that feeds the Stack creation. Not observable."
          },
          {
            "term": "package.json",
            "reason": "Statement 6 asserts a fact about the project's dependency manifest file — an internal build artifact, not a rendered surface."
          },
          {
            "term": "production dependencies",
            "reason": "Statement 6 prescribes where a dependency must be listed in the build configuration. Not observable by an end user or tester on the page."
          },
          {
            "term": "@contentstack/live-preview-sdk",
            "reason": "Statement 6 names the npm package as a dependency requirement — internal build configuration, not rendered output."
          },
          {
            "term": "re-renders",
            "reason": "Statement 3 describes the internal rendering mechanism (component re-rendering). The observable surface is 'content updates without a full page reload'; 're-renders' is the HOW."
          },
          {
            "term": "page component",
            "reason": "Statement 3 names an internal React concept — the page component as the unit that re-renders. A tester observes the page content changing, not the component lifecycle."
          },
          {
            "term": "mocked",
            "reason": "Statement 7 prescribes a test implementation approach (mocking the Contentstack client). This is test scaffolding, not black-box observation of the rendered surface."
          },
          {
            "term": "contentstack client",
            "reason": "Statement 7 references the internal Contentstack service client object. A tester observes rendered page content, not the client that fetched it."
          },
          {
            "term": "sdk",
            "reason": "Statement 3 references the SDK as the mechanism that signals changes. This is internal plumbing; the observable result is updated content on the page."
          }
        ],
        "whitelist": [
          {
            "term": "draft content",
            "reason": "The ticket's core observable: a Content Author sees draft content on the page. This is the rendered surface the ticket is about."
          },
          {
            "term": "draft entry",
            "reason": "The ticket title names 'preview draft entries' — this is the user-facing feature concept an author interacts with."
          },
          {
            "term": "published content",
            "reason": "The observable counterpart: when not in preview mode, the user sees published content. This is what appears on the rendered page."
          },
          {
            "term": "page renders",
            "reason": "Describes what a tester sees: the page rendering content. Observable surface behavior."
          },
          {
            "term": "page displays",
            "reason": "Describes what a tester sees on the page surface. Observable."
          },
          {
            "term": "visual difference",
            "reason": "Statement 4's 'no visual difference' is a black-box comparison of what the user perceives. Observable."
          },
          {
            "term": "full page reload",
            "reason": "Statement 3's 'without a full page reload' is observable browser behavior a tester can perceive."
          },
          {
            "term": "errors or warnings",
            "reason": "Statement 5's 'no errors or warnings' is observable console/runtime output a tester can check."
          },
          {
            "term": "no regression",
            "reason": "Statement 8's 'no regression' describes observable correctness of existing pages. Black-box."
          },
          {
            "term": "layout",
            "reason": "Statement 8 names observable aspects of the rendered page a tester can verify."
          },
          {
            "term": "content",
            "reason": "Statement 8 names observable page content a tester can verify."
          },
          {
            "term": "functionality",
            "reason": "Statement 8 names observable page behavior a tester can verify."
          },
          {
            "term": "title",
            "reason": "Statement 7 names specific rendered field values visible on the page surface. Observable."
          },
          {
            "term": "body text",
            "reason": "Statement 7 names specific rendered field values visible on the page surface. Observable."
          },
          {
            "term": "images",
            "reason": "Statement 7 names specific rendered field values visible on the page surface. Observable."
          },
          {
            "term": "preview",
            "reason": "The ticket's feature name — 'preview' is the user-facing capability the Content Author exercises."
          },
          {
            "term": "draft field values",
            "reason": "Statement 7 names the rendered field values (title, body text, images) visible on the page. Observable surface."
          },
          {
            "term": "live preview",
            "reason": "The ticket title and description name 'live preview' as the user-facing feature. Observable concept a Content Author interacts with."
          },
          {
            "term": "query parameters",
            "reason": "Statement 4 references URL query parameters a tester can observe in the browser address bar — part of the observable test condition."
          }
        ]
      },
      "runId": "20260808T205736Z",
      "assignedAgents": [
        "openspec",
        "speckit"
      ],
      "coordinatorNotes": "Acceptance criteria are empty and spec is null — no prior hand-curation to skip. Story involves ContentStack Live Preview SDK integration across GO, UP, MX platforms with a noted limitation around protected pages/content. openspec runs first to elaborate AC from scratch and propose technical depth for the SDK integration; speckit then hardens with testability criteria, security checks (protected content exposure risk), and edge cases.",
      "status": "completed",
      "updatedAt": "2026-08-08T21:21:00.929Z",
      "appliedAgents": [
        "openspec",
        "speckit"
      ],
      "agentContributions": [
        {
          "agent": "openspec",
          "applied": true,
          "notes": "Novel story — Contentstack Live Preview SDK is not installed and no live-preview wiring exists. The project uses Next.js Pages Router (src/pages/_app.tsx), not App Router, so the referenced documentation's CSR App Router guide does not apply directly. The sole Contentstack initialization site is src/services/contentstack.ts where the `options` config lacks `live_preview` and `ContentstackLivePreview.init()` is never called. The `Stack` export from that file is the single data-fetching conduit for the entire site. Contentstack hosts are unreachable at test time, so VCs stop at our boundary: config shape, SDK call presence, and UI re-render given a mocked client signal.",
          "acceptanceChanged": false,
          "splitCount": 0,
          "timestamp": "2026-08-08T21:20:08.146Z"
        },
        {
          "agent": "speckit",
          "applied": true,
          "notes": "Openspec provided an empty AC list with excellent contextual notes about the current state (no live-preview SDK, no wiring, Pages Router). I read the actual codebase to ground the ACs: (1) src/services/contentstack.ts confirms the `options` config lacks `live_preview` and `ContentstackLivePreview.init()` is never called; (2) src/pages/_app.tsx is a standard Pages Router wrapper with no live preview provider; (3) package.json has `contentstack: ^3.15.2` but no `@contentstack/live-preview` dependency; (4) no `live_preview`, `ContentstackLivePreview`, or management token references exist anywhere in src/. ACs 1-4 cover the core integration (config, init, provider, re-render). ACs 5-6 cover graceful degradation when env vars are missing or in production. ACs 7-8 cover the dev-only activation and security (management token not leaked to client). AC-9 addresses the story's stated limitation about protected pages. AC-10 covers accessibility non-regression. ACs 11-12 ensure backward compatibility with existing data-fetching functions and Pages Router. ACs 13-15 cover edge cases: host configuration, reference/modular-block refresh, and malformed event handling. All ACs are expressed as observable outcomes (Given/When/Then) without prescribing implementation libraries or mock patterns.",
          "acceptanceChanged": false,
          "splitCount": 0,
          "timestamp": "2026-08-08T21:21:00.929Z"
        }
      ]
    },
    "fixSiteAnalysis": [
      {
        "file": "src/services/contentstack.ts",
        "function": "options",
        "reason": "This is the sole Contentstack.Stack() initialization site. The exported `options` config object lacks the `live_preview` property required by Contentstack Live Preview SDK. All Contentstack data fetching across the entire site flows through the `Stack` export created from this config (line 91: `export const Stack = contentstack.Stack(options)`). Adding `live_preview` here is the mandatory first step for AMSD-2041 — it is the attachment point the new capability must plug into.",
        "fix": "Add `live_preview` config to the `options` object before it is passed to `contentstack.Stack()`. The new property should be: `live_preview: { enable: true, preview_token: CONTENTSTACK_PREVIEW_TOKEN || '', host: CONTENTSTACK_PREVIEW_HOST || '' }`. New env vars `CONTENTSTACK_PREVIEW_TOKEN` and `CONTENTSTACK_PREVIEW_HOST` must be added to .env files. Additionally, because the site uses Pages Router with getStaticProps (SSG, not CSR), the [[...slug]].tsx catch-all route must be refactored to use getServerSideProps (SSR) when preview query params are present, so draft entries can be fetched at request time. The `@contentstack/live-preview-utils` package should be installed and its `onEntryChange` callback used in _app.tsx to re-render on live preview updates.",
        "helper": "",
        "brokenLine": "export const options: contentstack.Config = {\n  api_key: API_KEY,\n  delivery_token: DELIVERY_TOKEN,\n  environment: ENVIRONMENT,\n  branch: CONTENTSTACK_BRANCH,\n  fetchOptions: {",
        "fixVerified": null,
        "evidenceVerified": true,
        "prescriptionNote": "",
        "prescriptionUnderspecified": false
      }
    ],
    "planAlignmentEvidence": {
      "detectivePlan": "**PLAN:** This is a new-capability investigation (Live Preview for Contentstack CMS), not a bug fix. My goal is to find the **attachment point** — the exact file/function where `Contentstack.Stack()` is initialized with its config object, because that's where `live_preview` config must be added per Contentstack's Live Preview SDK docs. I also need to map the broader integration landscape (router type, rendering strategy, data-fetching patterns, existing preview code, shared package usage, SDK version, test conventions) to inform the implementation.\n\nI'll use my 6 calls as follows:\n1. **rg for Contentstack.Stack() initialization** — find the config object and file path (items 1, 7)\n2. **Check router type** — `ls src/app` vs `src/pages` (item 2)\n3. **rg for data-fetching patterns** — getServerSideProps, useEffect, SWR, ContentType.Query (items 3, 4)\n4. **rg for preview config + @metrolinx/cx-shared usage** (items 5, 6)\n5. **Read package.json + .env files** for SDK version, api_key, environment, region (item 7)\n6. **rg for test file patterns** (item 8)\n\nThe attachment point is almost certainly the `Contentstack.Stack()` call site. If I find it, my \"brokenLine\" will be the existing Stack() config expression that lacks `live_preview`, and the \"fix\" will be adding the live_preview config there. If no preview code exists at all, I'll report the initialization file as the insertion point.",
      "aligned": false,
      "planTerms": [
        "livepreview",
        "plan",
        "getserversideprops",
        "useeffect",
        "contenttype",
        "package",
        "brokenline"
      ],
      "findingTerms": [
        "contentstack",
        "options"
      ]
    }
  }
]

<SPEC_REVIEW>
</SPEC_REVIEW>

# Output
<SPEC_REVIEW>
[
  {
    "storyId": "AMSD-2041",
    "verdict": "approved",
    "reviewNotes": "Both agents added meaningful, non-overlapping value. Openspec correctly identified that the project uses Next.js Pages Router (not App Router), that no live-preview SDK or wiring exists, and that the referenced vendor documentation's CSR/App Router guide does not apply directly — a critical architectural finding that prevents an implementer from following the wrong guide. Speckit then grounded verification criteria in actual codebase reading (confirmed missing live_preview config, missing ContentstackLivePreview.init call, missing @contentstack/live-preview dependency) and added security and edge-case coverage (token leakage prevention, graceful degradation when env vars absent, malformed event handling, protected-page limitations). The five verification criteria are all observable black-box surfaces (draft content displays, no full page reload, no auth/connection errors, unpublished field values shown, published content when not active). The guardVocabulary is well-constructed: blacklisted terms are implementation internals, whitelisted terms are user-facing surfaces. All five manifest paths exist in the primary metrolinx codeline. The per-codeline analysis for gotransit and upexpress correctly flags that src/components/contentstack/ContentstackAttention/content.mock.ts does not exist in those codelines — this is expected since the directory is metrolinx-specific and the perCodeline resolution already documents it as unresolved. The fixSiteAnalysis correctly identifies src/services/contentstack.ts (the options config object) as the sole attachment point, which is plausible and correct for a Contentstack Live Preview integration. The planAlignment signal shows aligned:false because findingTerms (contentstack, options) don't overlap with planTerms, but the detective's own plan narrative explicitly predicted 'The attachment point is almost certainly the Contentstack.Stack() call site' and the final fixSiteAnalysis found exactly that location — the detective justified its pivot within the plan text itself.",
    "qualityScore": 0.85,
    "flags": [
      {
        "flag": "per-codeline-unresolved-path",
        "severity": "advisory",
        "why": "src/components/contentstack/ContentstackAttention/content.mock.ts is unresolved in the gotransit and upexpress codelines (directory does not exist). The perCodeline analysis already documents this correctly. The primary metrolinx codeline resolves all five paths. An implementer working on GO or UP should skip or substitute this mock file — the spec's perCodeline section makes this visible but a writer could miss it if they only read the top-level files array."
      }
    ],
    "planAlignment": "justified_deviation"
  }
]
</SPEC_REVIEW>
