# Prompt
You are the code-graph-detective agent for the epam-cli brownfield pipeline. Your single job: given a ticket — whether it reports a DEFECT (existing behavior is wrong) or asks for NOVEL work (a capability that does not exist in this codebase yet) — find the EXACT existing source file and function most relevant before any code is written: for a defect, the CAUSE of the wrong behavior, not the symptom; for novel work, the ATTACHMENT POINT this new capability must plug into. You run early (during the specification pass) and your output grounds every downstream agent. Each call tells you which kind this ticket is (a hint derived from Jira's own issue type) — trust it unless the ticket's own text clearly says otherwise.

CORE PRINCIPLE — DEFECT vs NOVEL, DIFFERENT QUESTIONS.

  DEFECT — SYMPTOM vs CAUSE. A bug ticket almost always describes a SYMPTOM in user/presentation language ("the promo amount is NOT displayed in the email confirmation"). The fix almost never lives in the code that matches those words. It lives in the code that COMPUTES the wrong value — a service/mapper whose source says nothing about "display" or "email". Searching a codebase with the ticket's own symptom words reliably surfaces the presentation layer and buries the real fix site. Proven live: on a real defect the raw ticket title ranked the true fix site past #20, while a domain-noun query ranked it #1.

  NOVEL — there is no bug and no wrong value to trace. Inventing a "cause" for a capability that does not exist yet produces a confident wrong answer — the same failure mode as fabricating a symbol name. Instead find the ATTACHMENT POINT: the existing file/function/provider/hook/route/component this new capability must plug into, plus anything already present the implementation should REUSE rather than rewrite. You cannot reuse what you have not found.

SKILL — DOMAIN-NOUN EXTRACTION. From the ticket, extract only the DOMAIN NOUNS and entities: the business concepts (promo code, discount, amount, return trip, dispatch, report, line item), the data fields named (report.price.discount), and the domain/integration (Mozio). DROP every symptom/presentation word: displayed, shown, rendered, appears, visible, email, confirmation, screen, page, expected, correctly, wrong, value, field, output, message. These describe how a DEFECT looks, never where it is caused — and for novel work they rarely appear at all, so extract whatever domain nouns the ticket does name.

TOOL — codegraph-agent-query.sh (orchestrations/scripts/codegraph-agent-query.sh). Query the codebase's CodeGraph static index. It is deterministic (a static FTS5 symbol index), so identical queries give identical results. Subcommands:
  - explore <domain nouns…>  START HERE. Ranked symbols + blast radius (callers) for a free-form domain-noun query.
  - query <symbol>           Exact symbol definition site.
  - callers <symbol>         Who calls this symbol — trace a defect's data BACKWARD to its source, or find who would call a new integration point.
  - callees <symbol>         What this symbol calls — trace FORWARD.
  - impact <symbol>          Blast radius of changing a symbol.

METHOD — ITERATE, don't one-shot. Call the tool 5-10 times, refining each query from the previous output, until you converge:
  1. `explore` with your extracted domain nouns. Read the top-ranked symbols and their files.
  2. DEFECT: if the top hit is a PRESENTATION/mapper file that only READS the wrong field, run `callers`/`callees` (or explore a more specific noun set) to trace back to where the field is WRITTEN/COMPUTED. NOVEL: if the top hit is unrelated to where new capability would integrate, refine toward the provider/hook/route/component most likely to own it.
  3. DEFECT: prefer a symbol whose body actually assigns/derives the wrong field over one that merely passes it through. NOVEL: prefer the symbol the new capability will most directly extend, call, or subscribe to.
  4. Stop when the same file surfaces at rank 1 across two consecutive refined queries.

OUTPUT — a JSON array of locationHint objects, most-likely first: [{"file":"<repo-relative path>","function":"<symbol>","reason":"<why this location — the fix site for a defect, or the attachment point for novel work>"}]. Include only files you actually surfaced via the tool — never a file you did not confirm exists in the index. If the tool is unavailable, say so explicitly and return []; do not guess plausible-sounding paths.

CRITICAL: Never invent a module or symbol name. Every path and function you output must have come from a real tool result. A plausible-sounding name is not a real one.

PRESCRIBE THE MINIMAL FIX (mandatory `fix` field). Name the exact broken line/expression for a defect, or the exact insertion point for novel work, the smallest change that satisfies it, and — critically — any EXISTING helper/util/parser already in the repo that does the needed transform (find it with your tool: explore/callers/callees), giving its exact symbol and import path to reuse. Never propose new logic when an existing helper already does the job; never describe a re-architecture when a minimal, targeted change suffices. Fewer lines of code is always better.

You are investigating this ticket. The repository is at: /home/bradleyjerome/projects/metrolinx/next.metrolinx.com

JIRA DOES NOT CLASSIFY THIS AS A BUG (issue type: Story). This is a HINT, not a certainty — if the ticket's own text below clearly describes existing behavior that is wrong, trust the ticket over this hint. Assuming novel: there is likely NO existing bug and no wrong value to trace. Inventing a "cause" for a capability that does not exist yet produces a confident wrong answer. Your job is the ATTACHMENT POINT — the existing file/function/provider/hook/route/component this new capability must plug into, and anything already present the implementation should REUSE — not a fix site.

TICKET (read it, then decide for YOURSELF which few domain nouns matter — do not treat every word as a search term):
Title: [GO, UP, MX] Live Preview of Content in CMS
Description: [GO, UP, MX] Live Preview of Content in CMS
Acceptance criteria:


Your CodeGraph tool is the shell script at: /home/bradleyjerome/projects/ai/epam-cli/orchestrations/scripts/codegraph-agent-query.sh
Invoke it with the Bash tool, always passing PROJECT_ROOT:
  PROJECT_ROOT="/home/bradleyjerome/projects/metrolinx/next.metrolinx.com" bash "/home/bradleyjerome/projects/ai/epam-cli/orchestrations/scripts/codegraph-agent-query.sh" explore <domain nouns>
  PROJECT_ROOT="/home/bradleyjerome/projects/metrolinx/next.metrolinx.com" bash "/home/bradleyjerome/projects/ai/epam-cli/orchestrations/scripts/codegraph-agent-query.sh" callers <SymbolName>
  PROJECT_ROOT="/home/bradleyjerome/projects/metrolinx/next.metrolinx.com" bash "/home/bradleyjerome/projects/ai/epam-cli/orchestrations/scripts/codegraph-agent-query.sh" callees <SymbolName>
  PROJECT_ROOT="/home/bradleyjerome/projects/metrolinx/next.metrolinx.com" bash "/home/bradleyjerome/projects/ai/epam-cli/orchestrations/scripts/codegraph-agent-query.sh" show <file> [startLine] [endLine]


YOUR FIRST `explore` HAS ALREADY BEEN RUN FOR YOU — these are its real results (domain nouns only, symptom/presentation words stripped). Treat this as call 1 of your budget; do NOT re-run it. Start from step 2: decide whether the top hit COMPUTES the wrong value or only READS it, and trace from there.

=== PRE-COMPUTED `explore` RESULTS ===
**Exploration: go up mx live preview content cms**

Found 28 symbols across 6 files.

**Blast radius — what depends on these (update/verify before editing)**

- `content` (src/components/contentstack/ContentstackAttention/content.mock.ts:1) — 1 caller; tests: `src/components/contentstack/ContentstackAttention/ContentstackAttention.spec.tsx`
- `content` (src/components/contentstack/ContentStackGallery/ContentStackGallery.mock.ts:110) — 1 caller; tests: `src/components/contentstack/ContentStackGallery/ContentStackGallery.spec.tsx`
- `IContentCard` (src/interface/content/contentCard.ts:7) — 6 callers in `src/components/contentstack/ContentstackContentCards/utils.ts`, `src/interface/content/mixedCard.ts`, `src/interface/content/contentCard.ts`; ⚠️ no covering tests found
- `IContentCardProps` (src/components/contentstack/ContentstackMixedCards/ContentstackMixedCards.tsx:23) — 1 caller in `src/components/contentstack/ContentstackMixedCards/ContentstackMixedCards.tsx`; ⚠️ no covering tests found

**Relationships**

**references:**
- content → galleryItems
- content → IImageGallery
- IImageGallery → IGalleryItem
- invalidContent → IImageGallery
- renderContentStackGallery → IImageGallery
- PageComponent → IImageGallery
- IContentstackPage → IImageGallery
- invalidContent → invalidGalleryItems
- PageComponent → IVideo
- PageComponent → IContentstackImage
- ... and 54 more

**calls:**
- renderContentStackGallery → render
- useContent → getValue
- CookiesBanner → useContent
- DynamicEventsListContainer → useContent
- FeatureListing → useContent
- Footer → useContent
- MobileNav → useContent
- NavigationBar → useContent
- QuickMenu → useContent
- TopBar → useContent
- ... and 28 more

**Source Code**

> The code below is the **verbatim, current on-disk source** of these files — re-read from disk on this call and line-numbered, byte-for-byte identical to what the Read tool returns. It is NOT a summary, outline, or stale cache. Treat each block as a Read you have already performed: do not Read a file shown here.

**`src/components/contentstack/ContentstackText/ContentstackText.tsx`** — IContentstackText(interface), ContentstackText(function), ContentstackText.tsx(file)

```tsx
1	import { FC } from "react";
2	import { useContent } from "hooks/useContent";
3	
4	export interface IContentstackText {
5	  contentKey: string;
6	}
7	
8	export const ContentstackText: FC<IContentstackText> = ({ contentKey }) => {
9	  const { getContentByKey } = useContent();
10	
11	  return <>{getContentByKey<string>(contentKey, "")}</>;
12	};
```

**`src/components/contentstack/ContentstackAttention/content.mock.ts`** — content(constant)

```typescript
1	export const content = {
2	  page: [
3	    {
4	      _version: 45,
5	      locale: "en-ca",
6	      uid: "bltf6d0508381eee7d8",
7	      ACL: {},
8	      _in_progress: false,
9	      content_base: {
10	        promotional_description:
11	          "Metrolinx is undertaking the largest transportation investment in Ontario's history",
12	      },
13	      created_at: "2022-04-06T19:30:53.056Z",
14	      created_by: "bltc09223c5ca0e7543",
15	      page_components: [
16	        {
17	          Attention_Block: {
18	            attention_block_type: "Notice",
19	            attention_block_heading: "Notice",
20	            _metadata: {
21	              uid: "cs8833f7b30db5c6ce",
22	            },
23	            attention_block_copy: {
24	              uid: "2f739b0522d04041b30c922fb60159c8",
25	              attrs: {},
26	              children: [
27	                {
28	                  uid: "48053903dd164bedb5707546ea7cf916",
29	                  type: "p",
30	                  attrs: {},
31	                  children: [
32	                    {
33	                      text: "We’re growing by leaps and bounds every year, and transit needs to grow along with us. Metrolinx and our partners are delivering a bold plan backed by the single largest transit infrastructure investment in Canadian history. You can already see the difference it’s starting to make.",
34	                    },
35	                  ],
36	                },
37	                {
38	                  uid: "cabd460bc43644b893e173f7b8f27d5b",
39	                  type: "p",
40	                  attrs: {},
41	                  children: [
42	                    {
43	                      text: "",
44	                    },
45	                  ],
46	                },
47	              ],
48	              type: "doc",
49	              _version: 45,
50	            },
51	            attention_block_link: {
52	              title: "View Details",
53	              href: "https://www.metrolinx.com/en/greaterregion/default.aspx",
54	            },
55	          },
56	        },
57	      ],
58	      seo: {
59	        seo_title: "Welcome to Metrolinx",
60	        seo_meta_description:
61	          "Metrolinx, an agency of the Government of Ontario, works to get you where you need to go better, faster, easier.",
62	        seo_keywords: "transportation investment community ontario transit",
63	        canonical_url: "",
64	      },
65	      site_architecture: [
66	        {
67	          uid: "bltde0c737e571c0520",
68	          _content_type_uid: "site_architecture",
69	        },
70	      ],
71	      subtitle: "We’re undertaking the largest transportation investment in Ontario’s history",
72	      tags: [],
73	      title: "About Metrolinx",
74	      updated_at: "2022-04-16T10:01:14.854Z",
75	      updated_by: "blt8ab502e9e42526e5",
76	      url: "/about",
77	      publish_details: {
78	        environment: "blt31cd81aa028a947d",
79	        locale: "en-ca",
80	        time: "2022-04-16T10:01:19.626Z",
81	        user: "blt8ab502e9e42526e5",
82	      },
83	      _owner: {
84	        uid: "bltc09223c5ca0e7543",
85	        created_at: "2022-03-22T21:29:24.736Z",
86	        updated_at: "2022-04-18T12:59:34.217Z",
87	        email: "v-epam-gillian.rosheuvel@metrolinx.com",
88	        username: "v-epam-gillian_blt9c68cb9d",
89	        first_name: "Gillian",
90	        last_name: "Rosheuvel",
91	        org_uid: [],
92	        shared_org_uid: ["blt63cb7dd69809ef75"],
93	        active: true,
94	        profile_type: "business",
95	        failed_attempts: 0,
96	        settings: {
97	          preferences: {
98	            global: [],
99	            stack: [],
100	          },
101	        },
102	        last_login_at: "Mon Apr 18 2022 12:59:34 GMT+0000 (Coordinated Universal Time)",
103	      },
104	    },
105	  ],
106	};
```

**`src/components/ContentCard/ContentCard.tsx`** — IContentCardProps(interface)

```tsx
1	import { FC, useState, ReactNode } from "react";
2	import { useTranslation } from "next-i18next";
3	import { twTheme } from "@metrolinx/cx-shared/build/src/constants/tailwind";
4	import { cn } from "@metrolinx/cx-shared/build/src/utils/cn";
5	import CustomLink from "components/CustomLink/CustomLink";
6	import { Image } from "components/Image";
7	import { useNextLocale } from "hooks/useNextLocale";
8	import { IContentCard } from "interface/content/news";
9	import { getMetaDataInfoBasedOnLocale } from "utils/common";
10	import { getLocaleByNextLocale } from "utils/locale";
11	
12	export interface IContentCardProps extends IContentCard {
13	  children?: ReactNode;
14	  linkContentType?: string;
15	}
16	
17	export const ContentCard: FC<IContentCardProps> = ({
18	  url,
19	  image,
20	  title,
21	  description,
22	  linkContentType,
23	  withStroke = false,
24	  shadow = "dark",
25	  children,
26	  type,
27	  tags,
28	}) => {
29	  const locale = useNextLocale();
30	  const { t } = useTranslation();
31	
32	  const [hasError, setHasError] = useState(false);
33	
34	  const currentLocale = getLocaleByNextLocale(locale);
35	  const { description: altText } = getMetaDataInfoBasedOnLocale(image?.metadata, currentLocale);
36	
37	  const imageFallback =
38	    !image?.public_id || hasError
39	      ? `url(/images/image-placeholder.svg) 
… (truncated — re-run explore yourself if you need the rest)
=== END PRE-COMPUTED RESULTS ===

CONVERGE FAST — HARD LIMIT: 6 tool calls total. This is not a suggestion.
By your 6th tool call you MUST stop querying and emit the JSON answer with your BEST current hypothesis. Exploring past 6 calls WITHOUT emitting the JSON means you FAIL and every bit of your investigation is thrown away — a best-guess fix site is infinitely better than no answer. If you are unsure, pick the single most likely file/function from what you have seen and emit it now; do NOT keep exploring to be "sure".
1. First call: `explore` with the DOMAIN NOUNS only (drop symptom/presentation words like displayed/shown/email/confirmation/expected).
2. Look at the top-ranked symbols. If the top hit's file only READS the wrong field (a mapper/sanitizer/display file), do ONE `callers` or `callees` (or one more `explore` toward the mechanism) to reach the code that COMPUTES/ASSIGNS it.
3. As SOON as you identify a file whose function body actually computes/assigns the wrong value, STOP tracing and switch to prescribing the fix (step 4). Aim to finish tracing in 2-4 tool calls, never more than 6.
4. PRESCRIBE THE MINIMAL FIX. This is the most important output. For the causal site:
   - Name the EXACT broken line/expression (e.g. `lineItem.id === discount.lineItemId`) and why it is wrong.
   - State the SMALLEST change that corrects it. Do NOT describe a re-architecture, a new abstraction, or a "split/recalculate/add-a-field" scheme unless the code genuinely has no simpler fix. Prefer a one-line/one-expression change.
   - LOCATE AN EXISTING HELPER instead of inventing new logic. Before proposing any new function, use `explore` (and `callers`/`callees`) to search for an already-present util/helper/parser in this repo that does the needed transform (e.g. a key parser, id normalizer, formatter). If one exists, your fix MUST name it (exact symbol + its import path) and reuse it. Writing novel code when a helper already exists is a defect.

READ THE FILE BEFORE YOU QUOTE IT. Once you have a candidate file, run `show <file>` and look at the real lines. Your "brokenLine" must be COPIED EXACTLY from that output — it is checked character-for-character against the file, after whitespace normalisation. Do NOT reconstruct the line from symbol names: on 2026-07-26 that produced `lineItemKey === orderLineItem.id`, a plausible-looking expression using an identifier that exists nowhere in the repository, and the answer was rejected. `show` accepts a line range so you can read just the region you care about.

CRITICAL REALITY ANCHOR: if the CodeGraph tool does not return a file or symbol, it does NOT exist in this codebase. Do not infer, assume, or extrapolate file paths, function signatures, or variable names from naming patterns — that is exactly how `lineItemKey` was invented. The index answers only for what it parsed, so a miss is a question, not an answer. If you believe something exists and CodeGraph did not return it, PROVE it before reasoning about it:

    bash orchestrations/scripts/ripgrep-search.sh --string "<exact symbol>" [--glob "*.ts"]
    bash orchestrations/scripts/ripgrep-search.sh --file "<part of a filename>"

That searches the real working tree, so a hit is ground truth and "NOT FOUND" is definitive absence. If both tools come back empty, the thing does not exist — say so and revise your hypothesis. Never write a name into your answer that no tool has shown you.

CRITICAL — HOW TO ANSWER: Emit the JSON array as TEXT directly in your reply. Do NOT call WriteFile and do NOT write your answer to any file — the pipeline reads your reply text, not a file. If you write your answer to a file, it is LOST and the whole investigation is wasted. Use the Bash tool ONLY to run the CodeGraph query script above (including its `show` subcommand, which you MUST use before quoting a line); use no other tool.

NAME THE FORMAT, DO NOT DESCRIBE IT. If your fix depends on the SHAPE of a string — a prefix, suffix, separator, delimiter — you must QUOTE THE EXACT LITERAL (e.g. '#') or name the constant that defines it (e.g. DIVIDER). Saying "a prefix match that accounts for the suffix" without stating the suffix is not implementable: on 2026-07-26 exactly that wording made the implementer guess '-' where the repository uses '#', and the fix could never match. This is machine-checked.

PREFER THE PARSER OVER THE WRITER. If a helper CONSTRUCTS the value (getX/buildX/toX) and another READS it (parseX/fromX), prescribe the reader. Naming the writer invites the implementer to reconstruct the format by hand — which is how the above happened. The best fix does no string surgery at all, because the helper owns the format.

SHOW THE BROKEN CODE — "brokenLine" is REQUIRED and is machine-verified. Quote the EXACT source expression, copied verbatim from the file you name, that is wrong today. It is checked against that file's real contents: if what you quote is not in the file, your answer is rejected as ungrounded and you will be asked again. This is the difference between a diagnosis and a guess — a confident story about code that is not there reads exactly like a correct one until this check runs. If you cannot point at a real line that is wrong, you have not found the cause yet: go back to the tool and trace further.

DECLARE ANY PACKAGE YOUR FIX NEEDS — "requiredPackages" is REQUIRED and is machine-verified. List the BARE package names, exactly as they appear in this project's manifest (e.g. "some-sdk", "@scope/pkg"), for every third-party package your fix imports or configures. Use [] when the fix needs none — that is the common case and is not a failure. Each name is checked against what this codeline actually declares and installs: a package that is not there means your fix CANNOT be implemented as written, and prescribing it produces a change that type-checks, passes tests, and fails for a real user. Prefer a fix built on what is already installed; if the work genuinely requires a package this project does not have, still declare it — that is the honest answer and the pipeline needs to see it, whereas an approach invented to avoid naming it is the failure this field exists to prevent.

Output ONLY a JSON array (no prose, no markdown fences), then stop. The "fix" field is REQUIRED and must be a concrete, minimal instruction naming the exact change and any existing helper to reuse. The "helper" field must be the BARE SYMBOL NAME of the existing function you are telling the implementer to reuse (so it can be machine-verified to actually exist) — leave it "" if the fix genuinely needs no existing helper. Do NOT invent a helper name; only put a symbol you actually saw in the tool output:
[{"file":"<repo-relative path>","function":"<symbol>","reason":"<why THIS computes the value, not just displays it>","brokenLine":"<the exact existing expression that is wrong, copied verbatim from that file>","fix":"<the exact minimal change: which line/expression to change, to what, and which EXISTING helper (symbol + import path) to reuse — never 'write a new function' if one already exists>","helper":"<bare existing symbol name to reuse, or empty>","requiredPackages":["<bare package name this fix needs>"]}]

# Output
[{"file":"src/pages/[[...slug]].tsx","function":"Page","reason":"Attachment point for Live Preview: this is where ContentstackContext.Provider wraps the entire page (line 39) and where getStaticProps fetches CMS data (line 74). Live Preview must intercept/update the content value passed to the provider when the CMS emits real-time edits. The 147 consumers via useContent will automatically re-render when the context value changes.","brokenLine":"<ContentstackContext.Provider value={content}>","fix":"Make the content passed to ContentstackContext.Provider reactive to live preview updates. In the Page component, add state for content initialized from props, subscribe to Contentstack's onEntryChange callback (from @contentstack/live-preview-utils), and on each callback merge the incoming live-preview entry into the existing content state (reusing the same shape: { page: [entry], header, footer, directories, ... }). Replace line 39's static `value={content}` with `value={liveContent}` where liveContent is the state updated by onEntryChange. Also initialize the live preview SDK (livePreviewInit) at app entry or in getStaticProps. The refineClientData util (already imported on line 16) should be reused to transform the live-preview entry the same way static entries are refined.","helper":"refineClientData","requiredPackages":["@contentstack/live-preview-utils"]}]
