[0;35m[CPA][0m Retrieval: TF-IDF
[0;36m[22:34:06][0m Loading stories from metrolinx-prd.json...
[0;36m[22:34:06][0m Found 1 stories to contextualize

[0;35m[CPA][0m Processing AMSD-2041...
[0;35m[CPA][0m   AMSD-2041: formula baseline from calibration[low:implementation:cli](n=29): 4.5178418971594745min $0.1404333618569382
[1mAMSD-2041[0m  [GO, UP, MX] Live Preview of Content in CMS  [0;32m[PASS][0m
  Machine time:              4.52 min  →      5.20 min  (conf: 0.78, adj: 1.15x)
  Cost (story):          $0.1404     →  $0.1600   
  Escalation:            +$0.2436      (r2@15%=+$0.1650 r3@5%=+$0.0196 k3@1.0%=+$0.0589)
  Self-heal:             +$0.0309      (p=20%)
  Retries (exp):          0.32  
  Total (est):           $0.7579         (story+esc+heal=$0.4345 × pipeline 1.74x)
  KB coverage:           4     chunks retrieved   1     cited   cov: 25%
  [1;33m⚠[0m  Connection-loss handling in verification criteria not addressed by RCA fix site
  [1;33m⚠[0m  New dependency @contentstack/live-preview-utils must be installed and configured
  [1;33m⚠[0m  File-shadowing pitfall (.ts/.tsx duplicate) may recur per KB-023

[0;36m=== CPA Gate Summary ===[0m

Phase                    Pass   Review    Block    Total
------------------------------------------------------
core                        1        0        0        1
------------------------------------------------------
[1mTOTAL                       1        0        0        1[0m

[0;32m[CPA OK][0m All 1 stories passed the CPA gate

[0;36m[22:35:49][0m Appended 1 CPA records to /home/bradleyjerome/projects/ai/epam-cli/orchestrations/logs/cpa-review.jsonl
[0;36m[22:35:49][0m Applying blended estimates to prd.json...
[0;32m[CPA OK][0m Backed up prd.json → metrolinx-prd.json.before-cpa
[0;32m[CPA OK][0m Applied CPA blended estimates to 1 stories

  Review:   git diff /home/bradleyjerome/projects/ai/epam-cli/orchestrations/projects/metrolinx/runs/20260805T222335Z/work/metrolinx-prd.json
  Restore:  cp /home/bradleyjerome/projects/ai/epam-cli/orchestrations/projects/metrolinx/runs/20260805T222335Z/work/metrolinx-prd.json.before-cpa /home/bradleyjerome/projects/ai/epam-cli/orchestrations/projects/metrolinx/runs/20260805T222335Z/work/metrolinx-prd.json

No calibrated categories (need >= min-n completed stories per category).
[0;36m[22:35:53][0m Calibration updated from actuals
