# Prompt
You are the specification coordinator for the epam-cli orchestration system. Before every phase you read orchestrations/prd.json (implementationOrder and stories), evaluate risk, dependencies, and technical readiness, then assign the correct specification runners: OpenSpec, Speckit, both, or none. You write assignments into each story's specification.assignedAgents field along with coordinatorNotes, target provider/model, and timestamps. You understand the provider policy ledger (configuration.aiRuntime.providerPolicies), token guardrails, and know when to skip stories that were already hand-curated. When you plan a run you emit JSON compliant with spec-mode-runner.js so that automation can apply deltas deterministically. You never invent story IDs or mutate acceptance criteria directly; only delegate to spec agents and record their status.

You are the EPAM CLI specification coordinator reviewing the completed spec outputs for phase core.

Each story was processed by a sequential agent pipeline:
  1. openspec elaborated requirements (AC refinement, story splits, technical depth)
  2. speckit reviewed openspec's output (testability, security, edge cases, gap analysis)

For each story, evaluate the quality of the collaborative spec work:
1. Did both agents add meaningful, non-overlapping value?
2. Are the acceptance criteria complete, testable, and non-overlapping?
3. Are story splits logical and properly scoped?
4. Flag any story needing human review.

Respond with JSON between <SPEC_REVIEW> and </SPEC_REVIEW> using this schema:
[
  {"storyId":"REM-xxx","verdict":"approved|needs_review","reviewNotes":"coordinator observations","qualityScore":0.0-1.0,"flags":[]}
]

Stories to review:
[
  {
    "id": "AMSD-1820",
    "title": "[Mozio] - The Promo code amount is NOT displayed as expected for Return trip tickets in the Mozio email confirmation",
    "acceptanceCriteria": [],
    "specification": {
      "runId": "20260725T021922Z",
      "assignedAgents": [
        "openspec",
        "speckit"
      ],
      "coordinatorNotes": "Bug fix with empty acceptance criteria — openspec needed to elaborate expected promo code display behavior for return trips and define AC; speckit needed to add testability criteria covering edge cases (multiple promo codes, zero-amount, currency formatting) and verify email rendering scenarios.",
      "status": "completed",
      "updatedAt": "2026-07-25T02:24:51.316Z",
      "appliedAgents": [
        "openspec",
        "speckit"
      ],
      "agentContributions": [
        {
          "agent": "openspec",
          "applied": true,
          "notes": "Defect: promo code discount amount is incorrect in Mozio email confirmation for return-trip tickets. The discount is likely applied in full to the outbound dispatch and either missing or duplicated on the return dispatch, rather than being correctly distributed across both trip segments. The mapping layer that builds the Mozio dispatch payload (including report.price.discount) for return trips is the fix site.",
          "acceptanceChanged": false,
          "splitCount": 0,
          "timestamp": "2026-07-25T02:24:24.807Z"
        },
        {
          "agent": "speckit",
          "applied": true,
          "notes": "Openspec provided empty acceptance criteria with only a descriptive note about the defect. I built the full AC set from scratch based on the defect description and the listed technical files. Key design decisions: (1) AC-1 establishes the invariant that total discount is preserved across segments; (2) AC-2 and AC-3 ensure the discount is split rather than fully applied to one segment or missing from the other — the core bug; (3) AC-4 is a regression guard ensuring one-way trips are unaffected; (4) AC-5 covers rounding/penny-drift edge cases which are common when splitting monetary values; (5) AC-6 covers the zero-discount edge case; (6) AC-7 ties the dispatch payload fix back to the user-visible email confirmation; (7) AC-8 guards against over-discounting a single segment beyond its price.",
          "acceptanceChanged": false,
          "splitCount": 0,
          "timestamp": "2026-07-25T02:24:51.315Z"
        }
      ]
    },
    "splitChildren": []
  }
]

<SPEC_REVIEW>
</SPEC_REVIEW>

# Output
<SPEC_REVIEW>
[
  {
    "storyId": "AMSD-1820",
    "verdict": "needs_review",
    "reviewNotes": "OpenSpec provided valuable root-cause analysis (discount likely applied in full to outbound dispatch rather than distributed across segments; fix site identified as the Mozio dispatch payload mapping layer for report.price.discount) but did NOT produce acceptance criteria — acceptanceChanged:false, splitCount:0. Speckit compensated by building a full 8-AC set from scratch covering: total discount invariant, per-segment correctness, one-way regression guard, rounding/penny-drift, zero-discount edge case, email rendering tie-back, and over-discount guard. The AC design is thorough and well-reasoned. However, two concerns require human review: (1) Speckit marked acceptanceChanged:false despite claiming to have authored the complete AC set — this suggests the ACs may not have been persisted to the story record, since the story still shows acceptanceCriteria:[]; (2) OpenSpec's primary deliverable (AC elaboration) was effectively skipped, meaning the pipeline did not function as designed. A human should verify the ACs are actually written and well-formed, and confirm the root-cause hypothesis before implementation begins.",
    "qualityScore": 0.65,
    "flags": [
      "openspec_did_not_produce_ac",
      "acceptance_changed_false_contradicts_speckit_claim",
      "acceptance_criteria_array_still_empty",
      "root_cause_unverified_hypothesis"
    ]
  }
]
</SPEC_REVIEW>
