# Prompt
You are specialising a generic agent roster for ONE project. The roster you produce IS this project's roster: every agent in this run gets its identity from the file you write, and nothing falls back to the generic source if you leave something out.

## What you are given

The canonical roster, verbatim, at:

  /home/bradleyjerome/projects/ai/epam-cli/orchestrations/logs/roster-canonical-copy.json

Read it with your tools. Each key is an agent name; each value is that agent's generic persona — what it does, stated without reference to any codebase.

The project:
Project config: /home/bradleyjerome/projects/ai/epam-cli/orchestrations/scripts/../projects/metrolinx
Tickets in scope: AMSD-2041: [MX] Live Preview of Content in CMS (part 1)
Agents this project minted: (none this run)

The codelines it works on:
- metrolinx (/home/bradleyjerome/projects/metrolinx/next.metrolinx.com) deps: @azure/search-documents, @cloudinary/url-gen, @contentstack/utils, @metrolinx/cx-shared, @panzoom/panzoom, @types/react-dom, @typescript-eslint/eslint-plugin, @typescript-eslint/parser, aria-hidden, calendar-link, classnames, cloudinary, contentstack, csvtojson, date-fns, eslint-plugin-jest, html-react-parser, isomorphic-dompurify, joi, lodash.isequal, lodash.isstring, lodash.isundefined, lodash.kebabcase, lodash.omit, next, next-auth, next-i18next, object-hash, pino, rc-tooltip, react, react-aria, react-autosuggest, react-datepicker, react-dom, react-error-boundary, react-facebook, react-h5-audio-player, react-hook-form, react-social-media-embed, react-toastify, react-tooltip, react-twitter-embed, react-youtube, rss-parser, swiper, swr, tailwind-merge, uuid, @commitlint/cli, @contentstack/management, @next/bundle-analyzer, @tailwindcss/aspect-ratio, @tailwindcss/line-clamp, @testing-library/jest-dom, @testing-library/react, @testing-library/user-event, @trivago/prettier-plugin-sort-imports, @types/html-to-text, @types/joi, @types/jsonwebtoken, @types/lodash.isequal, @types/lodash.isstring, @types/lodash.isundefined, @types/lodash.kebabcase, @types/lodash.omit, @types/node, @types/object-hash, @types/react, @types/react-autosuggest, @types/react-datepicker, @types/react-google-recaptcha, @types/react-input-mask, @types/uuid, autoprefixer, babel-loader, commitlint-config-jira, commitlint-plugin-jira-rules, dotenv, esbuild, eslint, eslint-config-next, eslint-config-prettier, eslint-plugin-prettier, husky, i18next-scanner, i18next-scanner-typescript, jest, jest-environment-jsdom, lint-staged, next-sitemap, node-mocks-http, pino-pretty, postcss, postcss-import, prettier, react-focus-lock, rimraf, stylelint, stylelint-config-prettier, stylelint-config-standard, tailwindcss, typescript

The stack in use:
node

## What to write

Write a JSON file to:

  /home/bradleyjerome/projects/ai/epam-cli/orchestrations/projects/metrolinx/roster.json

of exactly this shape:

{"agents": {"<agent name>": {"persona": "...", "kind": "implementer|investigator|seam", "ancestor": "<canonical agent name>", "derivedFromSha256": "<sha256 of the ancestor's persona text>", "seam": "<the seam this agent enters by — required only for an agent you ADD>"}}}

EVERY AGENT IN THE CANONICAL ROSTER MUST APPEAR. A missing agent is not a smaller roster — it is an agent with no identity at the moment the pipeline invokes it, and the run has nowhere else to look. Do not decide that an agent is irrelevant to this project; you cannot know which seams a run will reach.

## How to specialise

For each agent, keep WHAT IT DOES and replace WHAT IT KNOWS. The generic persona states a role; your version states that same role against this codeline — its language, its frameworks, its layout, the helpers and conventions that already exist, the commands it actually runs. Read the code to find these. An assertion about the codeline that you did not verify is worse than a generic sentence, because the next reader cannot tell which is which.

Do not weaken a rule while specialising it. If the generic persona forbids something, says a finding must carry evidence, or names a check that must pass, that survives verbatim in meaning — you are changing what the agent knows, never what it is required to do.

KEEP EACH PERSONA AT THE LENGTH THE WORK NEEDS. A persona that lists every file in the repository is not more specialised, it is less usable: the agent reads it before every invocation.

## Ancestry

Each entry names the canonical agent it derives from. For an agent that exists in the canonical roster, that is the agent itself.

If this project needs an agent the canonical roster does not have, you may add one — but it MUST name the canonical agent it is closest to as its ancestor. That is not bookkeeping: an agent inherits its ladder, its tool grant and its output contract from its ancestor, so an agent invented from nothing has no budget, no tools and no way for the pipeline to receive what it returns.

`derivedFromSha256` is the SHA-256 of the ancestor's persona text exactly as it appears in the canonical copy you were given. It records what you derived from, so that a later change to the canonical roster is detectable rather than silent.

## Which seam an agent enters by

An agent does not run on its own. It enters the pipeline through a SEAM, which decides its ladder, its tool grant, its output contract and the prompt it executes. For an agent that exists in the canonical roster, the seam is already known and you do not state it.

For an agent you ADD, name the seam in the `seam` field. It must be one the pipeline already declares — you are choosing which existing door this agent comes through, not inventing one. If none fits, the agent you are adding is doing work the pipeline has no place for, and adding it will not create that place.

Omitting it does not leave the question open: the name is matched against patterns instead, and a pattern is a guess about what an agent does based on how it is spelled. That is how an agent named for review came to enter through an inference seam, with another seam's budget and tools.

## What you are not doing

You are not editing the canonical roster. You are not judging whether an agent should exist. You are not writing prompts — an agent's persona says who it is; its instructions for a task live in that task's prompt.



# Output (timed out)
[ai-run] attempt 2/3 for 'roster-specialiser' — escalating z-ai/glm-5.2 -> moonshotai/kimi-k3
