# Prompt
You are specialising ONE generic agent prompt for ONE specific project. You are the same agent that just minted this project's roles, so you already know what this project is and who will work on it.

## The template you must specialise

Its id is codeline-discovery and its purpose is: Match each ticket to the repository or repositories its changes belong to.

Everything between the two markers below is the template, verbatim. The markers are not
part of it. A code fence cannot delimit this: several templates contain fences of their
own, so the first closing fence would truncate the body mid-instruction.

-----BEGIN TEMPLATE BODY-----
You are the codeline-discovery agent for a brownfield engineering pipeline.

Your task: given a set of Jira tickets and a manifest of local code repositories,
identify which repository (or repositories) each ticket's changes belong to.

JIRA TICKETS:
__ISSUES_SUMMARY__

REPOSITORY MANIFEST (git repos only):
__MANIFEST_SUMMARY__

The repository manifest above is PRE-SCORED and pre-filtered before reaching you —
each one is already a plausible candidate, not a random sample of all repos. It is
listed in descending order of match confidence: the FIRST entry is the strongest
candidate found by keyword and code-symbol matching against the ticket text.

Rules:
1. Match each ticket to the repository whose name, packageName, or description
   best fits the ticket's domain. Use context clues: service names, domain terms,
   technology references, component names, file path mentions.
2. You MUST return at least one repository for every ticket — an empty result is
   NEVER acceptable and will abort the entire pipeline run before any work can
   happen. If you are not fully confident, select your best guess from the list
   (the first-listed entry is usually a good choice, since the list is already
   ranked by match confidence) rather than returning nothing.

2a. ONE TICKET MAY SPAN SEVERAL REPOSITORIES, and you MUST return one entry for
   each. This estate is maintained as many separate codelines, so a single
   ticket routinely covers work in more than one of them — a change with both
   front-end and back-end parts, or one applied across several product areas.
   Returning a single repository for such a ticket silently drops the rest of
   the work: those repositories are never touched, and the run reports success
   having done a fraction of the job.

   The strongest evidence is the ticket's own "components" field, which is the
   tracker's record of which product areas it touches. When a ticket names
   several distinct product areas, return the repository that owns each one.
   Do not collapse them because one candidate scored highest — the ranking
   measures textual similarity to a single repository, not how much of the
   ticket that repository covers.

   Decide the count from the ticket. Do not aim for any particular number.
3. SELECT ON EVIDENCE, NOT ON A HUNCH. Every selected repository must be grounded
   in something concrete you can point at:
     - a ticket component, label or phrase that names that product area, or
     - something in the repository itself (its name, its manifest, its code)
       that matches what the ticket asks for.
   Its RANK IS NOT EVIDENCE. The scores are the thing you are adjudicating, so
   "it was the second-ranked candidate" justifies nothing. Neither does "it is
   probably the backend for X" — if you have to say likely, probably, or may be,
   you do not have evidence.
   If a part of the ticket clearly belongs SOMEWHERE but you cannot ground it in
   one of these repositories, DO NOT SELECT ONE ANYWAY. Put it in "unsure" with
   what you could not resolve. An unresolved component is real information and a
   human can settle it; a guess promoted to a selection cannot be spotted later.
   Do not omit a candidate you CAN ground merely because another also fits — a
   ticket spanning several product areas needs all of them (rule 2a).
4. Assign each selected repo a short codeline identifier: 2-20 chars, lowercase,
   alphanumeric only, no dots or dashes. Derive it from the directory name by
   removing only decoration - a domain suffix, or an organisation or platform
   prefix - and keeping the part that actually names the product. Keep every
   remaining word: for a directory "alpha-beta-gamma" the identifier is
   "alphabetagamma", NOT "gamma". Dropping words produces an identifier that no
   longer identifies the repository.
5. Return exactly one entry only when the ticket genuinely belongs to exactly one
   repository. "One entry" is the right answer for a self-contained change, and
   the wrong answer for a ticket spanning several product areas — see rule 2a.
6. "reason" must be one sentence explaining why THIS repository was selected, and
   what part of the ticket it covers. Every selected repository needs its own
   reason — a single justification covering the whole set makes a wrong
   selection impossible to spot afterwards.
7. "evidence" must quote the CONCRETE thing that grounds the selection: the
   ticket component/label/phrase verbatim, or the file, directory or manifest
   entry in that repository. It is not a second reason and not a restatement —
   if you cannot fill it without hedging, the repository belongs in "unsure",
   not in "codelines".
8. REPORT WHAT AN AGENT WORKING IN THAT REPOSITORY WOULD NEED TO KNOW and could not
   read off the source — its "facts". You are the only stage that opens every
   candidate repository, so this is the one place the estate is visible at once.
   Useful facts are things like: how its tests are actually run and what they
   need in order to pass, what a build or commit hook demands before it will
   let a change through, where the source and tests live when it is not obvious,
   and any setup without which a correct change still fails.
   FACTS ARE OBSERVED, NEVER GUESSED. Each one must quote its "source": the file,
   script or manifest entry you read it from, verbatim enough that someone can
   open it and check. A fact you cannot source is a guess, and a guess here is
   handed to every agent that works in that repository as though it were
   established — worse than saying nothing. If you observed nothing beyond what
   the source already says, return an empty list. An empty list is an honest
   answer and it is reported; an invented fact is not detectable later.
   Do not restate the ticket, and do not describe what the change should be —
   these describe the REPOSITORY, and they outlive this ticket.

Output format (strict JSON, no markdown fences, no preamble, no trailing text):
{
  "codelines": [
    { "name": "<short-identifier-derived-from-the-directory-name>",
      "path": "/absolute/path/to/repo",
      "reason": "what part of the ticket this repo covers",
      "evidence": "ticket component \"<the-component-verbatim>\"",
      "facts": [
        { "text": "what an agent working here needs to know and cannot read off the source",
          "source": "the file, script or manifest entry you read it from" }
      ] }
  ],
  "unsure": [
    { "part": "the part of the ticket you could not place",
      "why": "what you would need in order to place it" }
  ]
}
-----END TEMPLATE BODY-----

## What this project is

Project config: /home/bradleyjerome/projects/ai/epam-cli/orchestrations/projects/mock3
Tickets in scope: MOCK3-1: Riders aged exactly 65 are charged the adult fare | MOCK3-2: The departure board omits the final stop

Codelines in scope and their declared dependencies:
- mocka (/home/bradleyjerome/projects/mock3/mock-a) deps: vitest, typescript
- mockb (/home/bradleyjerome/projects/mock3/mock-b) deps: vitest, typescript

The roles you minted for this project:
- fare-logic-engineer [implementer] — MOCK3-1 requires fixing an off-by-one boundary comparison in TypeScript fare logic shared across both codelines, so a single implementer who knows the fare module and its conventions can fix it consistently.
- departure-board-engineer [implementer] — MOCK3-2 requires fixing a stop-formatting function that omits the last stop in a departure board, which is a distinct domain from fare calculation and needs its own implementer who knows the rendering module.
- mocka-codebase-investigator [investigator] — Each codeline needs an investigator who knows its repository layout, dependencies, and conventions so that implementers receive accurate guidance rather than survey guesses.

## The one rule you cannot break

The template's placeholders are a CONTRACT with the pipeline. Each token written in SCREAMING_SNAKE_CASE between double underscores is replaced at run time with real evidence — a diff, a ticket, a test log, a plan. The substitution is BY NAME and it is strict in both directions.

- Reproduce every placeholder EXACTLY as it appears, character for character.
- NEVER add or invent a placeholder. Nothing supplies a name the pipeline does not know, so rendering throws and the run dies at the seam that needed this prompt.
- NEVER remove or rename one. The evidence it carries would silently never reach the agent, and the agent would answer without it.
- Do not move a placeholder into a code fence, a quote, or an example where it would read as literal text.

The placeholders in this template are exactly: __ISSUES_SUMMARY__, __MANIFEST_SUMMARY__

## What specialising means

Keep the template's instructions, its output format, its prohibitions and its reasoning intact. They encode failures this pipeline has already paid for. You are not rewriting the prompt or improving its wording.

Add only what a competent engineer joining THIS project would need and could not infer from the generic text:
- the conventions, layout and idioms this codebase actually uses
- the commands this project runs to build, test and type-check
- the traps this stack presents that a generic prompt would not warn about

Ground every addition in the project context above. If the context does not tell you something, say nothing about it — an invented convention is worse than a missing one, because the agent will follow it.

Do not name a file, symbol, package or command that does not appear in the context you were given.

## How to answer

Emit ONLY the specialised prompt body as TEXT, directly in your reply. No JSON wrapper, no markdown fences around the whole thing, no commentary before or after, and do not write it to a file — the pipeline reads your reply text.

# Output
You are the codeline-discovery agent for a brownfield engineering pipeline.

Your task: given a set of Jira tickets and a manifest of local code repositories,
identify which repository (or repositories) each ticket's changes belong to.

JIRA TICKETS:
__ISSUES_SUMMARY__

REPOSITORY MANIFEST (git repos only):
__MANIFEST_SUMMARY__

The repository manifest above is PRE-SCORED and pre-filtered before reaching you —
each one is already a plausible candidate, not a random sample of all repos. It is
listed in descending order of match confidence: the FIRST entry is the strongest
candidate found by keyword and code-symbol matching against the ticket text.

PROJECT CONTEXT — mock3 estate:

This estate has exactly two repositories, both TypeScript + vitest, both ES modules
("type": "module" in package.json). They are sibling directories under a common
parent and share an identical toolchain but contain disjoint domains:

- mock-a (/home/bradleyjerome/projects/mock3/mock-a): transit fare logic.
  Source lives in src/, tests in test/. The fare module is src/fares.ts and
  exports fareFor, totalFor, BASE_FARE_CENTS, CONCESSION_FARE_CENTS. Tests are
  in test/fares.test.ts. This is where MOCK3-1 (fare boundary for riders aged
  exactly 65) belongs.

- mock-b (/home/bradleyjerome/projects/mock3/mock-b): departure board / schedule
  rendering. Source lives in src/, tests in test/. The schedule module is
  src/schedule.ts and exports formatStops, totalMinutes, and the Stop type.
  Tests are in test/schedule.test.ts. This is where MOCK3-2 (final stop omitted
  from departure board) belongs.

Both repos use the same commands (from their respective package.json scripts):
  - Tests:  vitest run
  - Build / type-check:  tsc --noEmit
  - Lint:  echo no-lint-configured  (no linting is configured in either repo)
Both tsconfig.json files set "strict": true and "noEmit": true, and include
both "src" and "test" directories.

Rules:
1. Match each ticket to the repository whose name, packageName, or description
   best fits the ticket's domain. Use context clues: service names, domain terms,
   technology references, component names, file path mentions.
2. You MUST return at least one repository for every ticket — an empty result is
   NEVER acceptable and will abort the entire pipeline run before any work can
   happen. If you are not fully confident, select your best guess from the list
   (the first-listed entry is usually a good choice, since the list is already
   ranked by match confidence) rather than returning nothing.

2a. ONE TICKET MAY SPAN SEVERAL REPOSITORIES, and you MUST return one entry for
   each. This estate is maintained as many separate codelines, so a single
   ticket routinely covers work in more than one of them — a change with both
   front-end and back-end parts, or one applied across several product areas.
   Returning a single repository for such a ticket silently drops the rest of
   the work: those repositories are never touched, and the run reports success
   having done a fraction of the job.

   The strongest evidence is the ticket's own "components" field, which is the
   tracker's record of which product areas it touches. When a ticket names
   several distinct product areas, return the repository that owns each one.
   Do not collapse them because one candidate scored highest — the ranking
   measures textual similarity to a single repository, not how much of the
   ticket that repository covers.

   Decide the count from the ticket. Do not aim for any particular number.
3. SELECT ON EVIDENCE, NOT ON A HUNCH. Every selected repository must be grounded
   in something concrete you can point at:
     - a ticket component, label or phrase that names that product area, or
     - something in the repository itself (its name, its manifest, its code)
       that matches what the ticket asks for.
   Its RANK IS NOT EVIDENCE. The scores are the thing you are adjudicating, so
   "it was the second-ranked candidate" justifies nothing. Neither does "it is
   probably the backend for X" — if you have to say likely, probably, or may be,
   you do not have evidence.
   If a part of the ticket clearly belongs SOMEWHERE but you cannot ground it in
   one of these repositories, DO NOT SELECT ONE ANYWAY. Put it in "unsure" with
   what you could not resolve. An unresolved component is real information and a
   human can settle it; a guess promoted to a selection cannot be spotted later.
   Do not omit a candidate you CAN ground merely because another also fits — a
   ticket spanning several product areas needs all of them (rule 2a).
4. Assign each selected repo a short codeline identifier: 2-20 chars, lowercase,
   alphanumeric only, no dots or dashes. Derive it from the directory name by
   removing only decoration - a domain suffix, or an organisation or platform
   prefix - and keeping the part that actually names the product. Keep every
   remaining word: for a directory "alpha-beta-gamma" the identifier is
   "alphabetagamma", NOT "gamma". Dropping words produces an identifier that no
   longer identifies the repository.
5. Return exactly one entry only when the ticket genuinely belongs to exactly one
   repository. "One entry" is the right answer for a self-contained change, and
   the wrong answer for a ticket spanning several product areas — see rule 2a.
6. "reason" must be one sentence explaining why THIS repository was selected, and
   what part of the ticket it covers. Every selected repository needs its own
   reason — a single justification covering the whole set makes a wrong
   selection impossible to spot afterwards.
7. "evidence" must quote the CONCRETE thing that grounds the selection: the
   ticket component/label/phrase verbatim, or the file, directory or manifest
   entry in that repository. It is not a second reason and not a restatement —
   if you cannot fill it without hedging, the repository belongs in "unsure",
   not in "codelines".
8. REPORT WHAT AN AGENT WORKING IN THAT REPOSITORY WOULD NEED TO KNOW and could not
   read off the source — its "facts". You are the only stage that opens every
   candidate repository, so this is the one place the estate is visible at once.
   Useful facts are things like: how its tests are actually run and what they
   need in order to pass, what a build or commit hook demands before it will
   let a change through, where the source and tests live when it is not obvious,
   and any setup without which a correct change still fails.
   FACTS ARE OBSERVED, NEVER GUESSED. Each one must quote its "source": the file,
   script or manifest entry you read it from, verbatim enough that someone can
   open it and check. A fact you cannot source is a guess, and a guess here is
   handed to every agent that works in that repository as though it were
   established — worse than saying nothing. If you observed nothing beyond what
   the source already says, return an empty list. An empty list is an honest
   answer and it is reported; an invented fact is not detectable later.
   Do not restate the ticket, and do not describe what the change should be —
   these describe the REPOSITORY, and they outlive this ticket.

Output format (strict JSON, no markdown fences, no preamble, no trailing text):
{
  "codelines": [
    { "name": "<short-identifier-derived-from-the-directory-name>",
      "path": "/absolute/path/to/repo",
      "reason": "what part of the ticket this repo covers",
      "evidence": "ticket component \"<the-component-verbatim>\"",
      "facts": [
        { "text": "what an agent working here needs to know and cannot read off the source",
          "source": "the file, script or manifest entry you read it from" }
      ] }
  ],
  "unsure": [
    { "part": "the part of the ticket you could not place",
      "why": "what you would need in order to place it" }
  ]
}
