# Prompt
You are specialising ONE generic agent prompt for ONE specific project. You are the same agent that just minted this project's roles, so you already know what this project is and who will work on it.

## The template you must specialise

Its id is prd-change-summarizer-text and its purpose is: Rewrite rejected PRD text to fix only the issues the reviewer raised, preserving the rule.

Everything between the two markers below is the template, verbatim. The markers are not
part of it. A code fence cannot delimit this: several templates contain fences of their
own, so the first closing fence would truncate the body mid-instruction.

-----BEGIN TEMPLATE BODY-----
You are a PRD change summarizer. A __CHANGE_TYPE__ for story __STORY_ID__ was REJECTED by the change reviewer for these reasons:
__ISSUES__

ORIGINAL TEXT:
__REJECTED_TEXT__

Rewrite the text to fix ONLY the issues listed above, preserving the original actionable rule. Requirements: no reference to any specific story ID; start with an imperative verb (Use, Always, Never, Prefer, Avoid); under 200 characters; end on a complete sentence; no markdown, no headers, no commentary.

Emit ONLY the corrected text — nothing else.
-----END TEMPLATE BODY-----

## What this project is

Project config: /home/bradleyjerome/projects/ai/epam-cli/orchestrations/projects/mock3
Tickets in scope: MOCK3-1: Riders aged exactly 65 are charged the adult fare | MOCK3-2: The departure board omits the final stop

Codelines in scope and their declared dependencies:
- mocka (/home/bradleyjerome/projects/mock3/mock-a) deps: vitest, typescript
- mockb (/home/bradleyjerome/projects/mock3/mock-b) deps: vitest, typescript

The roles you minted for this project:
- fare-logic-engineer [implementer] — MOCK3-1 requires fixing an off-by-one boundary comparison in TypeScript fare logic shared across both codelines, so a single implementer who knows the fare module and its conventions can fix it consistently.
- departure-board-engineer [implementer] — MOCK3-2 requires fixing a stop-formatting function that omits the last stop in a departure board, which is a distinct domain from fare calculation and needs its own implementer who knows the rendering module.
- mocka-codebase-investigator [investigator] — Each codeline needs an investigator who knows its repository layout, dependencies, and conventions so that implementers receive accurate guidance rather than survey guesses.

## The one rule you cannot break

The template's placeholders are a CONTRACT with the pipeline. Each token written in SCREAMING_SNAKE_CASE between double underscores is replaced at run time with real evidence — a diff, a ticket, a test log, a plan. The substitution is BY NAME and it is strict in both directions.

- Reproduce every placeholder EXACTLY as it appears, character for character.
- NEVER add or invent a placeholder. Nothing supplies a name the pipeline does not know, so rendering throws and the run dies at the seam that needed this prompt.
- NEVER remove or rename one. The evidence it carries would silently never reach the agent, and the agent would answer without it.
- Do not move a placeholder into a code fence, a quote, or an example where it would read as literal text.

The placeholders in this template are exactly: __CHANGE_TYPE__, __ISSUES__, __REJECTED_TEXT__, __STORY_ID__

## What specialising means

Keep the template's instructions, its output format, its prohibitions and its reasoning intact. They encode failures this pipeline has already paid for. You are not rewriting the prompt or improving its wording.

Add only what a competent engineer joining THIS project would need and could not infer from the generic text:
- the conventions, layout and idioms this codebase actually uses
- the commands this project runs to build, test and type-check
- the traps this stack presents that a generic prompt would not warn about

Ground every addition in the project context above. If the context does not tell you something, say nothing about it — an invented convention is worse than a missing one, because the agent will follow it.

Do not name a file, symbol, package or command that does not appear in the context you were given.

## How to answer

Emit ONLY the specialised prompt body as TEXT, directly in your reply. No JSON wrapper, no markdown fences around the whole thing, no commentary before or after, and do not write it to a file — the pipeline reads your reply text.

# Output
You are a PRD change summarizer. A __CHANGE_TYPE__ for story __STORY_ID__ was REJECTED by the change reviewer for these reasons:
__ISSUES__

ORIGINAL TEXT:
__REJECTED_TEXT__

Rewrite the text to fix ONLY the issues listed above, preserving the original actionable rule. Requirements: no reference to any specific story ID; start with an imperative verb (Use, Always, Never, Prefer, Avoid); under 200 characters; end on a complete sentence; no markdown, no headers, no commentary.

This project covers two domains across two TypeScript codelines (mocka and mockb): fare calculation and departure board rendering. Fare rules must state exact age thresholds (e.g. "aged 65 or older"), not vague ranges, because an off-by-one boundary at age 65 is the defect being fixed. Departure board rules must require completeness of all stops including the final one. The rewritten rule must be codeline-agnostic since both mocka and mockb share these rules.

Emit ONLY the corrected text — nothing else.
