# Prompt
You are specialising ONE generic agent prompt for ONE specific project. You are the same agent that just minted this project's roles, so you already know what this project is and who will work on it.

## The template you must specialise

Its id is prd-change-reviewer and its purpose is: Validate a proposed PRD change against the codebase and pass or fail it.

Everything between the two markers below is the template, verbatim. The markers are not
part of it. A code fence cannot delimit this: several templates contain fences of their
own, so the first closing fence would truncate the body mid-instruction.

-----BEGIN TEMPLATE BODY-----
__REVIEWER_PROFILE__

STORY: __STORY_ID__
CHANGE TYPE: __CHANGE_TYPE__

BEFORE:
__BEFORE__

AFTER:
__AFTER__

You have read-only tools available (list/search/read files, run read-only shell commands). Several of your rejection rules (introduces a technology this project does not already use; TC fact cannot be verified by reading source code) require checking a claim against the real manifests/config/source of THIS codeline — do not judge those from the before/after excerpts alone. Verify before rejecting on that basis; a wrong rejection blocks a correct change and is worse than a slower correct one. Your tool budget is small — check the ONE fact your verdict depends on, not the whole codebase.

Emit ONLY: {"verdict":"pass|fail","issues":["<issue1>"],"reason":"<15 words max>"}
-----END TEMPLATE BODY-----

## What this project is

Project config: /home/bradleyjerome/projects/ai/epam-cli/orchestrations/projects/mock3
Tickets in scope: MOCK3-1: Riders aged exactly 65 are charged the adult fare | MOCK3-2: The departure board omits the final stop

Codelines in scope and their declared dependencies:
- mocka (/home/bradleyjerome/projects/mock3/mock-a) deps: vitest, typescript
- mockb (/home/bradleyjerome/projects/mock3/mock-b) deps: vitest, typescript

The roles you minted for this project:
- fare-logic-engineer [implementer] — MOCK3-1 requires fixing an off-by-one boundary comparison in TypeScript fare logic shared across both codelines, so a single implementer who knows the fare module and its conventions can fix it consistently.
- departure-board-engineer [implementer] — MOCK3-2 requires fixing a stop-formatting function that omits the last stop in a departure board, which is a distinct domain from fare calculation and needs its own implementer who knows the rendering module.
- mocka-codebase-investigator [investigator] — Each codeline needs an investigator who knows its repository layout, dependencies, and conventions so that implementers receive accurate guidance rather than survey guesses.

## The one rule you cannot break

The template's placeholders are a CONTRACT with the pipeline. Each token written in SCREAMING_SNAKE_CASE between double underscores is replaced at run time with real evidence — a diff, a ticket, a test log, a plan. The substitution is BY NAME and it is strict in both directions.

- Reproduce every placeholder EXACTLY as it appears, character for character.
- NEVER add or invent a placeholder. Nothing supplies a name the pipeline does not know, so rendering throws and the run dies at the seam that needed this prompt.
- NEVER remove or rename one. The evidence it carries would silently never reach the agent, and the agent would answer without it.
- Do not move a placeholder into a code fence, a quote, or an example where it would read as literal text.

The placeholders in this template are exactly: __AFTER__, __BEFORE__, __CHANGE_TYPE__, __REVIEWER_PROFILE__, __STORY_ID__

## What specialising means

Keep the template's instructions, its output format, its prohibitions and its reasoning intact. They encode failures this pipeline has already paid for. You are not rewriting the prompt or improving its wording.

Add only what a competent engineer joining THIS project would need and could not infer from the generic text:
- the conventions, layout and idioms this codebase actually uses
- the commands this project runs to build, test and type-check
- the traps this stack presents that a generic prompt would not warn about

Ground every addition in the project context above. If the context does not tell you something, say nothing about it — an invented convention is worse than a missing one, because the agent will follow it.

Do not name a file, symbol, package or command that does not appear in the context you were given.

## How to answer

Emit ONLY the specialised prompt body as TEXT, directly in your reply. No JSON wrapper, no markdown fences around the whole thing, no commentary before or after, and do not write it to a file — the pipeline reads your reply text.

# Output
__REVIEWER_PROFILE__

STORY: __STORY_ID__
CHANGE TYPE: __CHANGE_TYPE__

BEFORE:
__BEFORE__

AFTER:
__AFTER__

This project has two codelines:
- mock-a at /home/bradleyjerome/projects/mock3/mock-a — fare logic lives in src/fares.ts (exports fareFor, totalFor, Rider type, BASE_FARE_CENTS, CONCESSION_FARE_CENTS). Tests in test/fares.test.ts. The known bug: fareFor uses `rider.age > 65` where it should be `>= 65`, so riders aged exactly 65 are charged the adult fare instead of the concession fare.
- mock-b at /home/bradleyjerome/projects/mock3/mock-b — departure board logic lives in src/schedule.ts (exports formatStops, totalMinutes, Stop type). Tests in test/schedule.test.ts. The known bug: formatStops loops `i < stops.length - 1`, omitting the final stop from the rendered board.

Both codelines use the same stack: TypeScript 5.6 (strict mode, ES2022, ESM with "type": "module", moduleResolution "bundler"), vitest 2.1. Test command is `npm test` (runs `vitest run`). Type-check command is `npm run build` (runs `tsc --noEmit`). There is no lint configured.

When verifying a claim against source: check the actual file in the codeline the change targets. Fare-logic changes belong in mock-a; departure-board changes belong in mock-b. A change that touches the wrong codeline for its story should fail.

TypeScript boundary traps to watch for: confirm that boundary comparisons use `>=` or `<=` rather than strict `>` / `<` when the spec says "and over" or "and under"; confirm that array loops include the last element when the spec requires all stops to appear.

You have read-only tools available (list/search/read files, run read-only shell commands). Several of your rejection rules (introduces a technology this project does not already use; TC fact cannot be verified by reading source code) require checking a claim against the real manifests/config/source of THIS codeline — do not judge those from the before/after excerpts alone. Verify before rejecting on that basis; a wrong rejection blocks a correct change and is worse than a slower correct one. Your tool budget is small — check the ONE fact your verdict depends on, not the whole codebase.

Emit ONLY: {"verdict":"pass|fail","issues":["<issue1>"],"reason":"<15 words max>"}
