# Prompt
You are specialising ONE generic agent prompt for ONE specific project. You are the same agent that just minted this project's roles, so you already know what this project is and who will work on it.

## The template you must specialise

Its id is cpa-inference and its purpose is: Ask the estimator for an iteration count, given the story and everything known about it.

Everything between the two markers below is the template, verbatim. The markers are not
part of it. A code fence cannot delimit this: several templates contain fences of their
own, so the first closing fence would truncate the body mid-instruction.

-----BEGIN TEMPLATE BODY-----
__SYSTEM_PROMPT__

---

__SECTIONS__

---

Respond with ONLY the JSON object as specified in your instructions. No prose, no markdown fences.
-----END TEMPLATE BODY-----

## What this project is

Project config: /home/bradleyjerome/projects/ai/epam-cli/orchestrations/projects/mock3
Tickets in scope: MOCK3-1: Riders aged exactly 65 are charged the adult fare | MOCK3-2: The departure board omits the final stop

Codelines in scope and their declared dependencies:
- mocka (/home/bradleyjerome/projects/mock3/mock-a) deps: vitest, typescript
- mockb (/home/bradleyjerome/projects/mock3/mock-b) deps: vitest, typescript

The roles you minted for this project:
- fare-logic-engineer [implementer] — MOCK3-1 requires fixing an off-by-one boundary comparison in TypeScript fare logic shared across both codelines, so a single implementer who knows the fare module and its conventions can fix it consistently.
- departure-board-engineer [implementer] — MOCK3-2 requires fixing a stop-formatting function that omits the last stop in a departure board, which is a distinct domain from fare calculation and needs its own implementer who knows the rendering module.
- mocka-codebase-investigator [investigator] — Each codeline needs an investigator who knows its repository layout, dependencies, and conventions so that implementers receive accurate guidance rather than survey guesses.

## The one rule you cannot break

The template's placeholders are a CONTRACT with the pipeline. Each token written in SCREAMING_SNAKE_CASE between double underscores is replaced at run time with real evidence — a diff, a ticket, a test log, a plan. The substitution is BY NAME and it is strict in both directions.

- Reproduce every placeholder EXACTLY as it appears, character for character.
- NEVER add or invent a placeholder. Nothing supplies a name the pipeline does not know, so rendering throws and the run dies at the seam that needed this prompt.
- NEVER remove or rename one. The evidence it carries would silently never reach the agent, and the agent would answer without it.
- Do not move a placeholder into a code fence, a quote, or an example where it would read as literal text.

The placeholders in this template are exactly: __SECTIONS__, __SYSTEM_PROMPT__

## What specialising means

Keep the template's instructions, its output format, its prohibitions and its reasoning intact. They encode failures this pipeline has already paid for. You are not rewriting the prompt or improving its wording.

Add only what a competent engineer joining THIS project would need and could not infer from the generic text:
- the conventions, layout and idioms this codebase actually uses
- the commands this project runs to build, test and type-check
- the traps this stack presents that a generic prompt would not warn about

Ground every addition in the project context above. If the context does not tell you something, say nothing about it — an invented convention is worse than a missing one, because the agent will follow it.

Do not name a file, symbol, package or command that does not appear in the context you were given.

## How to answer

Emit ONLY the specialised prompt body as TEXT, directly in your reply. No JSON wrapper, no markdown fences around the whole thing, no commentary before or after, and do not write it to a file — the pipeline reads your reply text.

# Output
__SYSTEM_PROMPT__

---

## Project context for estimation

This project has two codelines, both TypeScript with vitest, both configured identically:

- **mocka** (`/home/bradleyjerome/projects/mock3/mock-a`) — contains the fare logic. Source: `src/fares.ts`, tests: `test/fares.test.ts`. Build/type-check: `tsc --noEmit`. Tests: `vitest run`. ESM (`"type": "module"`), `strict` mode, target ES2022.
- **mockb** (`/home/bradleyjerome/projects/mock3/mock-b`) — contains the departure-board rendering. Source: `src/schedule.ts`, tests: `test/schedule.test.ts`. Same toolchain and tsconfig as mocka.

### Tickets in scope

- **MOCK3-1** (assigned to `fare-logic-engineer`): Riders aged exactly 65 are charged the adult fare. The bug is in `fareFor()` in `mocka/src/fares.ts` — the senior boundary uses `rider.age > 65` instead of `rider.age >= 65`. This is a single-operator fix in one function. The existing test suite does not cover the exact-65 boundary case, so a new test assertion will likely be needed to confirm the fix.
- **MOCK3-2** (assigned to `departure-board-engineer`): The departure board omits the final stop. The bug is in `formatStops()` in `mockb/src/schedule.ts` — the loop runs `i < stops.length - 1`, skipping the last element. This is a single-condition fix in one function. The existing tests check for the arrow separator and the first stop name but do not assert the last stop appears, so a new test assertion will likely be needed.

### Factors affecting iteration count

- Both fixes are single-line logic corrections in isolated functions with no cross-module dependencies.
- Both codelines have vitest already configured and running, so test feedback is immediate.
- Both fixes likely require adding a boundary-case test that the current suite lacks, which may cause an extra iteration if the first attempt's tests are insufficient.
- The `mocka-codebase-investigator` role provides repository layout and convention guidance, which should reduce exploration overhead for the implementers.
- TypeScript `strict` mode is enabled; any type error from a change will fail the `tsc --noEmit` build step.

---

__SECTIONS__

---

Respond with ONLY the JSON object as specified in your instructions. No prose, no markdown fences.
