[0;35m[CPA][0m Retrieval: TF-IDF
[0;36m[20:17:27][0m Loading stories from mockb-prd.json...
[0;36m[20:17:27][0m Found 1 stories to contextualize

[0;35m[CPA][0m Processing MOCK3-2...
[0;35m[CPA][0m   MOCK3-2: formula baseline from calibration[low:implementation:cli](n=29): 4.5178418971594745min $0.1404333618569382
[1mMOCK3-2[0m  The departure board omits the final stop  [0;32m[PASS][0m
  Machine time:              4.52 min  →      6.00 min  (conf: 0.85, adj: 1.00x)
  Cost (story):          $0.1404     →  $0.1875   
  Escalation:            +$0.1993      (r2@15%=+$0.1650 r3@5%=+$0.0196 k3@1.0%=+$0.0147)
  Self-heal:             +$0.0309      (p=20%)
  Retries (exp):          0.32  
  Total (est):           $0.5554         (story+esc+heal=$0.4177 × pipeline 1.33x)
  KB coverage:           5     chunks retrieved   5     cited   cov: 100%
  [1;33m⚠[0m  Test coverage gap: existing tests do not verify the final stop is rendered, nor do they test empty line handling.
  [1;33m⚠[0m  Implementation fix is simple but requires careful validation that all acceptance criteria are met.

[0;36m=== CPA Gate Summary ===[0m

Phase                    Pass   Review    Block    Total
------------------------------------------------------
core                        1        0        0        1
------------------------------------------------------
[1mTOTAL                       1        0        0        1[0m

[0;32m[CPA OK][0m All 1 stories passed the CPA gate

[0;36m[20:17:35][0m Appended 1 CPA records to /home/bradleyjerome/projects/ai/epam-cli/orchestrations/logs/cpa-review.jsonl
[0;36m[20:17:35][0m Applying blended estimates to prd.json...
[0;32m[CPA OK][0m Backed up prd.json → mockb-prd.json.before-cpa
[0;32m[CPA OK][0m Applied CPA blended estimates to 1 stories

  Review:   git diff /home/bradleyjerome/projects/ai/epam-cli/orchestrations/projects/mock3/runs/20260817T231306Z/work/mockb-prd.json
  Restore:  cp /home/bradleyjerome/projects/ai/epam-cli/orchestrations/projects/mock3/runs/20260817T231306Z/work/mockb-prd.json.before-cpa /home/bradleyjerome/projects/ai/epam-cli/orchestrations/projects/mock3/runs/20260817T231306Z/work/mockb-prd.json

No calibrated categories (need >= min-n completed stories per category).
[0;36m[20:17:49][0m Calibration updated from actuals
