# Prompt
Regenerate the VERIFICATION CRITERIA for this brownfield story. Your previous verification criteria were FLAGGED and must be fixed:
- Internal function name in src/schedule.ts that produces the rendered output; naming it in a criterion describes the mechanism (HOW), not the user-facing surface (the departure board). Traceable to code evidence: src/schedule.ts :: formatStops.: "Calling formatStops with an empty array returns an empty string without throwing"
- VC 1 makes a cross-comparison ('every stop in the input array') — restate by declaring concrete stop names as preconditions and asserting each appears in the output on its own

THE FIX SITE (located by the code-graph detective — anchor every criterion to the behaviour THIS code produces):
- src/schedule.ts :: formatStops — The loop bound `i < stops.length - 1` iterates only through index stops.length-2, omitting the final stop. Changing it to `i < stops.length` makes every stop, including the last, get pushed into parts. The separator `' -> '` and per-stop template `${stops[i].name} (${stops[i].minutes}m)` are already correct — the loop bound is the sole defect. For an empty array, length is 0 so the loop body never executes and parts.join(' -> ') returns '', satisfying the empty-line criterion.
- test/schedule.test.ts :: formatStops — The existing tests assert the output contains '->' and 'Union' (the first stop) but never assert the final stop ('Eglinton') appears, never assert the full expected output string, and never test formatStops with an empty array. These gaps must be filled to verify the acceptance criteria: every stop appears, arrow separator is used, and empty input renders without error.
Do NOT write criteria about areas unrelated to this code.


Acceptance criteria (IMMUTABLE — the intent to verify; do NOT restate as-is, VERIFY them):
- Every stop on the line appears on the rendered board, including the final one.
- Stops remain separated by the existing arrow separator.
- An empty line still renders without error.
Description: formatStops renders every stop except the last one, so a three-stop line shows two. The journey length reported by totalMinutes is correct, which is why the omission has gone unnoticed.

A verification criterion states WHAT AN END USER OR TESTER OBSERVES on the user-facing surface THE TICKET IS ABOUT — the rendered output for an output ticket, the displayed screen for a UI ticket, the response a CLIENT receives for an API ticket. It is a BLACK-BOX check on that surface. It NEVER describes HOW the value is produced.
A verification criterion is FORBIDDEN if it:
- prescribes HOW to implement — any algorithm, mechanism, approach, or the addition/reading of any new field, flag or service;
- references an INTERNAL structure that merely FEEDS the ticket's surface — an intermediate payload, a data-transfer object, or a specific response field used to BUILD the output. Verify the surface the ticket names, NOT the data structure behind it;
- makes a CROSS-COMPARISON that presumes a mechanism — never assert one value "must equal" / "matches" / "is the same as" another; that presumes a shared derivation. Assert the required value is present and correct ON ITS OWN.
Every verification criterion must be observable, testable, and tied to the ticket's stated symptom/intent.

Do NOT restate an acceptance criterion as-is — express what a tester OBSERVES that confirms it. Address every flag above.
Output ONLY a JSON array of verification-criterion strings. No prose, no markdown.

# Output
```json
[
  "Given a three-stop line with stops named Union, Bloor, and Eglinton, the rendered departure board includes the text 'Union'",
  "Given a three-stop line with stops named Union, Bloor, and Eglinton, the rendered departure board includes the text 'Bloor'",
  "Given a three-stop line with stops named Union, Bloor, and Eglinton, the rendered departure board includes the text 'Eglinton'",
  "Given a three-stop line with stops named Union, Bloor, and Eglinton, the rendered departure board contains the arrow separator '->'",
  "Given a line with no stops, the rendered departure board produces an empty string without throwing an error"
]
```
