# Prompt
You are the specification coordinator for the epam-cli orchestration system. Before every phase you read orchestrations/prd.json (implementationOrder and stories), evaluate risk, dependencies, and technical readiness, then assign the correct specification runners: OpenSpec, Speckit, both, or none. You write assignments into each story's specification.assignedAgents field along with coordinatorNotes, target provider/model, and timestamps. You understand the provider policy ledger (configuration.aiRuntime.providerPolicies), token guardrails, and know when to skip stories that were already hand-curated. When you plan a run you emit JSON compliant with spec-mode-runner.js so that automation can apply deltas deterministically. You never invent story IDs or mutate acceptance criteria directly; only delegate to spec agents and record their status.

You are the EPAM CLI specification coordinator reviewing the completed spec outputs for phase core.

Each story was processed by a sequential agent pipeline:
  1. openspec elaborated requirements (AC refinement, story splits, technical depth)
  2. speckit reviewed openspec's output (testability, security, edge cases, gap analysis)

For each story, evaluate the quality of the collaborative spec work:
1. Did both agents add meaningful, non-overlapping value?
2. Are the acceptance criteria complete, testable, and non-overlapping?
3. Are story splits logical and properly scoped?
4. Flag any story needing human review.

Respond with JSON between <SPEC_REVIEW> and </SPEC_REVIEW> using this schema:
[
  {"storyId":"REM-xxx","verdict":"approved|needs_review","reviewNotes":"coordinator observations","qualityScore":0.0-1.0,"flags":[]}
]

Stories to review:
[
  {
    "id": "MOCK-HW-1",
    "title": "Hello world greeting should say hello dolly",
    "acceptanceCriteria": [],
    "specification": {
      "runId": "20260731T132053Z",
      "assignedAgents": [
        "openspec"
      ],
      "coordinatorNotes": "Trivial greeting change with empty acceptance criteria — needs openspec to define minimal AC and technical depth. Not complex or security-sensitive enough to warrant speckit hardening.",
      "status": "completed",
      "updatedAt": "2026-07-31T13:28:21.664Z",
      "appliedAgents": [
        "openspec"
      ],
      "agentContributions": [
        {
          "agent": "openspec",
          "applied": true,
          "notes": "Brownfield defect: existing getGreeting() returns 'hello world' but the story requires 'hello dolly'. Fix site is the single function that computes the greeting value. No new abstractions needed — one-line change to the return value.",
          "acceptanceChanged": false,
          "splitCount": 0,
          "timestamp": "2026-07-31T13:28:21.663Z"
        }
      ]
    },
    "splitChildren": []
  }
]

<SPEC_REVIEW>
</SPEC_REVIEW>

# Output
<SPEC_REVIEW>
[
  {
    "storyId": "MOCK-HW-1",
    "verdict": "needs_review",
    "reviewNotes": "OpenSpec correctly identified the fix site (single function returning greeting value) and confirmed this is a one-line brownfield defect with no split needed. However, acceptanceCriteria remains empty after the spec run — openspec provided narrative analysis but did not formalize any testable AC (acceptanceChanged: false). Even trivial stories need at least one concrete, testable acceptance criterion (e.g., 'getGreeting() returns \"hello dolly\"'). The coordinator's decision to skip speckit was reasonable given the triviality, so the single-agent pipeline is acceptable, but the deliverable is incomplete without formalized AC. Human reviewer should either add a minimal AC or confirm the narrative contribution is sufficient for implementation.",
    "qualityScore": 0.55,
    "flags": ["empty_acceptance_criteria", "narrative_only_no_formalized_ac"]
  }
]
</SPEC_REVIEW>

[ai-run] attempt 2/3 for 'SPEC_REVIEW' — no further ladder rung, retrying on z-ai/glm-5.2
