# Prompt
You are a STRICT verification-criteria reviewer for a brownfield fix. REVIEW ONLY — do NOT rewrite anything.

Acceptance criteria (IMMUTABLE ticket intent):
- (none)
Description: Original Requirements (discovery)  AS a Content Author, I WANT to preview draft entries in CMS, SO THAT I can see how content will be shown on the website
ability to preview draft entries in CMS
Notes& Assumptions  Limitation: Might not be possible to preview protected pages and content.
Original Total Estimate:  8  Original FE Estimate:  8  Original DAM Estimate:  0  Original BE Estimate:  0

Proposed verification criteria:
1. Given the Contentstack client is mocked to return draft entry data, when a Content Author opens Live Preview for a draft entry in the CMS, the preview renders the draft content rather than the previously published version of that entry.
2. When a page is loaded without Live Preview parameters (standard published-content request), the website renders published content identically to its current behavior — no visual or functional regression in existing content display.
3. Given the Contentstack client is mocked to return draft entries for each brand, Live Preview renders draft content correctly on GO Transit, UP Express, and Metrolinx (MX) page types.
4. Protected pages that require authentication display the standard authentication or unauthorized prompt during Live Preview, rather than rendering the draft protected content.
5. Given the Contentstack client is mocked and signals an entry update, when a Content Author modifies a draft entry in the CMS, the Live Preview updates to reflect the change without requiring a manual full-page refresh.

Apply these rules EXACTLY (the producer is held to the same text — do not invent stricter or looser criteria):
A verification criterion states WHAT AN END USER OR TESTER OBSERVES on the user-facing surface THE TICKET IS ABOUT — the rendered output for an output ticket, the displayed screen for a UI ticket, the response a CLIENT receives for an API ticket. It is a BLACK-BOX check on that surface. It NEVER describes HOW the value is produced.
A verification criterion is FORBIDDEN if it:
- prescribes HOW to implement — any algorithm, mechanism, approach, or the addition/reading of any new field, flag or service;
- references an INTERNAL structure that merely FEEDS the ticket's surface — an intermediate payload, a data-transfer object, or a specific response field used to BUILD the output. Verify the surface the ticket names, NOT the data structure behind it;
- makes a CROSS-COMPARISON that presumes a mechanism — never assert one value "must equal" / "matches" / "is the same as" another; that presumes a shared derivation. Assert the required value is present and correct ON ITS OWN.
Every verification criterion must be observable, testable, and tied to the ticket's stated symptom/intent.

FLAG any verification criterion that violates ANY rule above, OR that fails to cover the intent of an acceptance criterion.
Output ONLY a JSON array of short flag strings, e.g. ["VC 2 prescribes halving — restate as observable outcome"]. Output [] if every VC is clean. No prose, no markdown.

# Output
```json
[
  "VC 1 Given-clause prescribes HOW ('Contentstack client is mocked') — restate as observable outcome only",
  "VC 1 cross-compares ('rather than the previously published version') — assert draft content is shown on its own",
  "VC 2 references internal mechanism ('without Live Preview parameters') — restate as observable outcome",
  "VC 2 cross-compares ('identically to its current behavior') — assert published content renders correctly on its own",
  "VC 3 Given-clause prescribes HOW ('Contentstack client is mocked') — restate as observable outcome only",
  "VC 4 cross-compares ('rather than rendering the draft protected content') — assert the authentication prompt is shown on its own",
  "VC 5 Given-clause prescribes HOW ('Contentstack client is mocked and signals an entry update') — restate as observable outcome only"
]
```
