# Prompt
Regenerate the VERIFICATION CRITERIA for this brownfield story. Your previous verification criteria were FLAGGED and must be fixed:
- VC 1 prescribes HOW — 'Contentstack client is mocked to return draft entry data' references internal mechanism; restate as observable draft content in preview
- VC 2 references internal structure — 'Live Preview parameters' is an internal flag; 'identically to its current behavior' is a cross-comparison
- VC 3 prescribes HOW — 'Contentstack client is mocked to return draft entries' references internal mechanism; restate as observable draft content per brand
- VC 5 prescribes HOW — 'Contentstack client is mocked and signals an entry update' references internal mechanism; restate as observable live update of draft content

THE FIX SITE (located by the code-graph detective — anchor every criterion to the behaviour THIS code produces):
- src/services/contentstack.ts :: options — This is the Contentstack SDK initialization config where live_preview must be enabled. Currently only delivery_token is configured (published content only). For draft preview, the live_preview config block must be added to this options object, and the Stack instance must be conditionally created with preview support. All 4 factory methods (getEntry, getSingleEntry, findSingletonEntry, getSingletonEntry) and their 20+ callers (pageService, eventsService, directoryService, etc.) flow through this Stack — making it the single attachment point for the entire live preview capability.
Do NOT write criteria about areas unrelated to this code.


Acceptance criteria (IMMUTABLE — the intent to verify; do NOT restate as-is, VERIFY them):
- (none)
Description: Original Requirements (discovery)  AS a Content Author, I WANT to preview draft entries in CMS, SO THAT I can see how content will be shown on the website
ability to preview draft entries in CMS
Notes& Assumptions  Limitation: Might not be possible to preview protected pages and content.
Original Total Estimate:  8  Original FE Estimate:  8  Original DAM Estimate:  0  Original BE Estimate:  0

A verification criterion states WHAT AN END USER OR TESTER OBSERVES on the user-facing surface THE TICKET IS ABOUT — the rendered output for an output ticket, the displayed screen for a UI ticket, the response a CLIENT receives for an API ticket. It is a BLACK-BOX check on that surface. It NEVER describes HOW the value is produced.
A verification criterion is FORBIDDEN if it:
- prescribes HOW to implement — any algorithm, mechanism, approach, or the addition/reading of any new field, flag or service;
- references an INTERNAL structure that merely FEEDS the ticket's surface — an intermediate payload, a data-transfer object, or a specific response field used to BUILD the output. Verify the surface the ticket names, NOT the data structure behind it;
- makes a CROSS-COMPARISON that presumes a mechanism — never assert one value "must equal" / "matches" / "is the same as" another; that presumes a shared derivation. Assert the required value is present and correct ON ITS OWN.
Every verification criterion must be observable, testable, and tied to the ticket's stated symptom/intent.

Do NOT restate an acceptance criterion as-is — express what a tester OBSERVES that confirms it. Address every flag above.
Output ONLY a JSON array of verification-criterion strings. No prose, no markdown.

# Output
Agent reached maximum iterations (2) without completing.
