# Prompt
You are specialising ONE generic agent prompt for ONE specific project. You are the same agent that just minted this project's roles, so you already know what this project is and who will work on it.

## The template you must specialise

Its id is roster-review and its purpose is: Review every brief in a freshly minted roster and report evidenced defects.

Everything between the two markers below is the template, verbatim. The markers are not
part of it. A code fence cannot delimit this: several templates contain fences of their
own, so the first closing fence would truncate the body mid-instruction.

-----BEGIN TEMPLATE BODY-----
__PERSONA__

THE ROSTER JUST MINTED FOR THIS PROJECT — review it, both as individual briefs and AS A TEAM.

WHAT THIS RUN NEEDS THE TEAM TO PRODUCE, and who in this roster can produce it:
__COVERAGE_BLOCK__

A roster can be made entirely of well-formed agents and still be unable to do the work. Where a
line above says NOBODY, no one in this roster can produce something the run requires — that is a
defect of the ROSTER, and it is invisible to reading briefs one at a time, because an absent role
has no brief to find fault with. Report it as a blocking finding naming what cannot be produced
and what kind of role would produce it.

Now review every brief below:

__BRIEF_BLOCK__

THE CODELINES THESE BRIEFS DESCRIBE, and what each one declares:
__CODELINE_BLOCK__

THE WORK THE PROJECT WAS ASKED TO DO:
__TICKET_BLOCK__

__DOC_SECTION__

__TOOL_LINE__

Return every defect you can evidence, and nothing you cannot.

Where a finding turns on whether a named dependency or path is present in a codeline, fill in
the verification field as well as writing the prose. The pipeline re-runs that exact check
against the repository and DISCARDS any finding the check refutes — so a careless reading
costs nothing, and a correct one is confirmed independently of how convincingly you argued it.
-----END TEMPLATE BODY-----

## What this project is

Project config: /home/bradleyjerome/projects/ai/epam-cli/orchestrations/projects/mock3
Tickets in scope: MOCK3-1: Riders aged exactly 65 are charged the adult fare | MOCK3-2: The departure board omits the final stop

Codelines in scope and their declared dependencies:
- mocka (/home/bradleyjerome/projects/mock3/mock-a) deps: vitest, typescript
- mockb (/home/bradleyjerome/projects/mock3/mock-b) deps: vitest, typescript

The roles you minted for this project:
- typescript-logic-fixer [implementer] — Both tickets are off-by-one / boundary bugs in pure TypeScript modules with no external dependencies, so one implementer who knows the two source files and the shared vitest+typescript stack can fix both.
- fares-investigator [investigator] — The fare bug is a one-line boundary comparison, but the implementer needs to know exactly where the age check lives, what the fare constants are, and what the existing test already covers before touching it.
- schedule-investigator [investigator] — The omitted-stop bug is in a rendering loop, but the implementer needs to know the exact function signature, the data shape, and how the loop truncates before editing.

## The one rule you cannot break

The template's placeholders are a CONTRACT with the pipeline. Each token written in SCREAMING_SNAKE_CASE between double underscores is replaced at run time with real evidence — a diff, a ticket, a test log, a plan. The substitution is BY NAME and it is strict in both directions.

- Reproduce every placeholder EXACTLY as it appears, character for character.
- NEVER add or invent a placeholder. Nothing supplies a name the pipeline does not know, so rendering throws and the run dies at the seam that needed this prompt.
- NEVER remove or rename one. The evidence it carries would silently never reach the agent, and the agent would answer without it.
- Do not move a placeholder into a code fence, a quote, or an example where it would read as literal text.

The placeholders in this template are exactly: __BRIEF_BLOCK__, __CODELINE_BLOCK__, __COVERAGE_BLOCK__, __DOC_SECTION__, __PERSONA__, __TICKET_BLOCK__, __TOOL_LINE__

## What specialising means

Keep the template's instructions, its output format, its prohibitions and its reasoning intact. They encode failures this pipeline has already paid for. You are not rewriting the prompt or improving its wording.

Add only what a competent engineer joining THIS project would need and could not infer from the generic text:
- the conventions, layout and idioms this codebase actually uses
- the commands this project runs to build, test and type-check
- the traps this stack presents that a generic prompt would not warn about

Ground every addition in the project context above. If the context does not tell you something, say nothing about it — an invented convention is worse than a missing one, because the agent will follow it.

Do not name a file, symbol, package or command that does not appear in the context you were given.

## How to answer

Emit ONLY the specialised prompt body as TEXT, directly in your reply. No JSON wrapper, no markdown fences around the whole thing, no commentary before or after, and do not write it to a file — the pipeline reads your reply text.

# Output
__PERSONA__

THE ROSTER JUST MINTED FOR THIS PROJECT — review it, both as individual briefs and AS A TEAM.

This project has two codelines in scope: mocka and mockb, both declaring only vitest and typescript as dependencies. Two tickets are in scope: MOCK3-1 (riders aged exactly 65 are charged the adult fare — a boundary comparison bug) and MOCK3-2 (the departure board omits the final stop — a loop truncation bug). The roster has three roles: typescript-logic-fixer (implementer) who is expected to fix both tickets, fares-investigator (investigator) who scopes the fare bug for the implementer, and schedule-investigator (investigator) who scopes the omitted-stop bug for the implementer. Both bugs are described as one-line boundary fixes in pure TypeScript modules with no external dependencies.

WHAT THIS RUN NEEDS THE TEAM TO PRODUCE, and who in this roster can produce it:
__COVERAGE_BLOCK__

A roster can be made entirely of well-formed agents and still be unable to do the work. Where a
line above says NOBODY, no one in this roster can produce something the run requires — that is a
defect of the ROSTER, and it is invisible to reading briefs one at a time, because an absent role
has no brief to find fault with. Report it as a blocking finding naming what cannot be produced
and what kind of role would produce it.

Now review every brief below:

__BRIEF_BLOCK__

THE CODELINES THESE BRIEFS DESCRIBE, and what each one declares:
__CODELINE_BLOCK__

Both codelines (mocka and mockb) declare only vitest and typescript as dependencies. Any brief that names a different test runner, build tool, linter, or framework as a project dependency is making an unsupported claim — flag it and fill in the verification field so the pipeline can confirm or refute it against the repository.

THE WORK THE PROJECT WAS ASKED TO DO:
__TICKET_BLOCK__

Both tickets are one-line boundary fixes: MOCK3-1 is an off-by-one in an age comparison, and MOCK3-2 is a loop truncation in a rendering loop. A brief that over-scopes either ticket into a broader logic redesign, a refactor, or a multi-file change is itself a defect — the ticket asks for a boundary correction, not an architectural change.

__DOC_SECTION__

__TOOL_LINE__

Return every defect you can evidence, and nothing you cannot.

Where a finding turns on whether a named dependency or path is present in a codeline, fill in
the verification field as well as writing the prose. The pipeline re-runs that exact check
against the repository and DISCARDS any finding the check refutes — so a careless reading
costs nothing, and a correct one is confirmed independently of how convincingly you argued it.
