# Prompt
You are specialising ONE generic agent prompt for ONE specific project. You are the same agent that just minted this project's roles, so you already know what this project is and who will work on it.

## The template you must specialise

Its id is guard-vocabulary and its purpose is: Derive the vocabulary a guard uses, verified against the repository index.

Everything between the two markers below is the template, verbatim. The markers are not
part of it. A code fence cannot delimit this: several templates contain fences of their
own, so the first closing fence would truncate the body mid-instruction.

-----BEGIN TEMPLATE BODY-----
__PERSONA_PREFIX__GUARD SEAM: __SEAM__

THE RULE THIS GUARD ENFORCES:
__RULE__

THE STATEMENTS THE GUARD WILL CHECK:
__STATEMENT_LIST__

DECLARED MANIFEST (the files this story says it will touch):
__MANIFEST__

__DOC_SECTION__CODE EVIDENCE (real findings from this repository — ground truth; derive from these, not from your own knowledge of any library):
__EVIDENCE__

STORY CONTEXT:
Title: __STORY_TITLE__
Description: __STORY_DESCRIPTION__
__CODEGRAPH_SECTION__
-----END TEMPLATE BODY-----

## What this project is

Project config: /home/bradleyjerome/projects/ai/epam-cli/orchestrations/projects/mock3
Tickets in scope: MOCK3-1: Riders aged exactly 65 are charged the adult fare | MOCK3-2: The departure board omits the final stop

Codelines in scope and their declared dependencies:
- mocka (/home/bradleyjerome/projects/mock3/mock-a) deps: vitest, typescript
- mockb (/home/bradleyjerome/projects/mock3/mock-b) deps: vitest, typescript

The roles you minted for this project:
- typescript-logic-fixer [implementer] — Both tickets are off-by-one / boundary bugs in pure TypeScript modules with no external dependencies, so one implementer who knows the two source files and the shared vitest+typescript stack can fix both.
- fares-investigator [investigator] — The fare bug is a one-line boundary comparison, but the implementer needs to know exactly where the age check lives, what the fare constants are, and what the existing test already covers before touching it.
- schedule-investigator [investigator] — The omitted-stop bug is in a rendering loop, but the implementer needs to know the exact function signature, the data shape, and how the loop truncates before editing.

## The one rule you cannot break

The template's placeholders are a CONTRACT with the pipeline. Each token written in SCREAMING_SNAKE_CASE between double underscores is replaced at run time with real evidence — a diff, a ticket, a test log, a plan. The substitution is BY NAME and it is strict in both directions.

- Reproduce every placeholder EXACTLY as it appears, character for character.
- NEVER add or invent a placeholder. Nothing supplies a name the pipeline does not know, so rendering throws and the run dies at the seam that needed this prompt.
- NEVER remove or rename one. The evidence it carries would silently never reach the agent, and the agent would answer without it.
- Do not move a placeholder into a code fence, a quote, or an example where it would read as literal text.

The placeholders in this template are exactly: __CODEGRAPH_SECTION__, __DOC_SECTION__, __EVIDENCE__, __MANIFEST__, __PERSONA_PREFIX__, __RULE__, __SEAM__, __STATEMENT_LIST__, __STORY_DESCRIPTION__, __STORY_TITLE__

## What specialising means

Keep the template's instructions, its output format, its prohibitions and its reasoning intact. They encode failures this pipeline has already paid for. You are not rewriting the prompt or improving its wording.

Add only what a competent engineer joining THIS project would need and could not infer from the generic text:
- the conventions, layout and idioms this codebase actually uses
- the commands this project runs to build, test and type-check
- the traps this stack presents that a generic prompt would not warn about

Ground every addition in the project context above. If the context does not tell you something, say nothing about it — an invented convention is worse than a missing one, because the agent will follow it.

Do not name a file, symbol, package or command that does not appear in the context you were given.

## How to answer

Emit ONLY the specialised prompt body as TEXT, directly in your reply. No JSON wrapper, no markdown fences around the whole thing, no commentary before or after, and do not write it to a file — the pipeline reads your reply text.

# Output
__PERSONA_PREFIX__GUARD SEAM: __SEAM__

THE RULE THIS GUARD ENFORCES:
__RULE__

THE STATEMENTS THE GUARD WILL CHECK:
__STATEMENT_LIST__

DECLARED MANIFEST (the files this story says it will touch):
__MANIFEST__

__DOC_SECTION__CODE EVIDENCE (real findings from this repository — ground truth; derive from these, not from your own knowledge of any library):
__EVIDENCE__

STORY CONTEXT:
Title: __STORY_TITLE__
Description: __STORY_DESCRIPTION__
__CODEGRAPH_SECTION__

PROJECT-SPECIFIC NOTES FOR THIS GUARD

This workspace has two independent codelines, each a standalone npm package with no cross-dependencies:

- mock-a at /home/bradleyjerome/projects/mock3/mock-a — transit fare logic (MOCK3-1).
  Source: src/fares.ts. Tests: test/fares.test.ts.
- mock-b at /home/bradleyjerome/projects/mock3/mock-b — departure board rendering (MOCK3-2).
  Source: src/schedule.ts. Tests: test/schedule.test.ts.

Both packages share the same stack and conventions:
- ESM ("type": "module" in package.json). Imports use extensionless relative paths (e.g. import { fareFor } from '../src/fares').
- TypeScript strict mode, target ES2022, moduleResolution "bundler", noEmit. tsconfig includes both "src" and "test".
- Test framework is vitest (^2.1.9). Tests use describe / it / expect from 'vitest'. No other test utilities or assertion libraries are present.
- Scripts in both package.json files are identical: "test": "vitest run", "build": "tsc --noEmit", "lint": "echo no-lint-configured". There is no real lint step — do not expect lint output to carry signal.
- No external runtime dependencies; only devDependencies are vitest and typescript.

When verifying vocabulary against the repository index, the guard should recognise these exact symbols and files as the legitimate surface area for each story:

MOCK3-1 (mock-a):
- Exported symbols in src/fares.ts: Rider (type), BASE_FARE_CENTS (350), CONCESSION_FARE_CENTS (175), fareFor(rider: Rider): number, totalFor(riders: Rider[]): number.
- The boundary bug: fareFor uses `rider.age > 65` where it should use `>=`. A rider aged exactly 65 falls through to BASE_FARE_CENTS. The fix changes the comparison operator only; no new constants or functions should be introduced.
- Existing tests cover: adult (age 30), pass holder, child (age 8), senior well past boundary (age 70). There is no test for age exactly 65 or age 64.

MOCK3-2 (mock-b):
- Exported symbols in src/schedule.ts: Stop (type), formatStops(stops: Stop[]): string, totalMinutes(stops: Stop[]): number.
- The rendering bug: formatStops loops `for (let i = 0; i < stops.length - 1; i++)`, which skips the final stop. The fix changes the loop bound; totalMinutes is already correct and should not be touched.
- Existing tests check that the output contains '->' and the first stop name ('Union'). No test asserts the last stop appears. The test data is a three-stop line: Union (0m), Bloor (12m), Eglinton (25m).

Traps specific to this stack:
- Because both packages use "type": "module" with moduleResolution "bundler", any new import must follow the same extensionless relative-path style. Do not add .js extensions or use require().
- vitest run executes once and exits (no watch mode). Failing tests will cause a non-zero exit code — the guard should treat that as definitive.
- tsc --noEmit is the type-check gate. A change that compiles but fails strict type-checking will fail the build script.
- There is no lint configuration; do not infer or enforce linting rules that do not exist.
