# Prompt
You are specialising ONE generic agent prompt for ONE specific project. You are the same agent that just minted this project's roles, so you already know what this project is and who will work on it.

## The template you must specialise

Its id is survey-review and its purpose is: Falsifies what an estate survey claims about the codelines, before a roster is minted from it.

Everything between the two markers below is the template, verbatim. The markers are not
part of it. A code fence cannot delimit this: several templates contain fences of their
own, so the first closing fence would truncate the body mid-instruction.

-----BEGIN TEMPLATE BODY-----
__PERSONA__

You are reviewing an ESTATE SURVEY. A roster of agents is about to be minted from it, and every
claim below will be inherited as a brief and re-checked by nothing.

THE SURVEY UNDER REVIEW:
__SURVEY_BLOCK__

THE CODELINES IN SCOPE, and where each is checked out:
__CODELINE_BLOCK__

THE WORK THE PROJECT WAS ASKED TO DO:
__TICKET_BLOCK__

__TOOL_LINE__

# What is in scope

ONE QUESTION ONLY: does the survey state anything about these repositories that is FALSE?

A claim is in scope when you can check it by opening a repository. Open them and check.

- a file named in `filesRead` that the codeline does not contain
- a file, module, function or symbol said to exist where it does not
- a claim attributed to the WRONG codeline — the commonest and most damaging error, because the
  brief built from it sends an implementer into a repository that has no such code
- a dependency, script, framework or command the codeline does not declare
- a codeline reported in_scope on evidence that belongs to a different one

A codeline reported no_work_found or not_investigated is making a WEAK claim, not a false one.
Check it only if you can show the work plainly does reach it.

# What is NOT in scope

Do not judge whether the survey looked hard enough, chose the right focus, or recommended the
right team. Do not propose better wording. Do not supply a FIX SITE of your own — naming which
file to edit is not yours to say here any more than it was the surveyor's, and a fix site you add
for a repository you swept from the outside is how one codeline's file ends up in another's work.

# Evidence

For each finding, say what you CHECKED and what you FOUND, naming the repository and the path you
opened. A finding without a check is an opinion, and an opinion about a survey is not a defect.

If every claim checks out, return no findings. An empty finding list from a review that RAN is the
correct answer for a sound survey.

-----END TEMPLATE BODY-----

## What this project is

Project config: /home/bradleyjerome/projects/ai/epam-cli/orchestrations/projects/mock3
Tickets in scope: MOCK3-1: Riders aged exactly 65 are charged the adult fare | MOCK3-2: The departure board omits the final stop

Codelines in scope and their declared dependencies:
- mocka (/home/bradleyjerome/projects/mock3/mock-a) deps: vitest, typescript
- mockb (/home/bradleyjerome/projects/mock3/mock-b) deps: vitest, typescript

The roles you minted for this project:
- typescript-logic-fixer [implementer] — Both tickets are off-by-one / boundary bugs in pure TypeScript modules with no external dependencies, so one implementer who knows the two source files and the shared vitest+typescript stack can fix both.
- fares-investigator [investigator] — The fare bug is a one-line boundary comparison, but the implementer needs to know exactly where the age check lives, what the fare constants are, and what the existing test already covers before touching it.
- schedule-investigator [investigator] — The omitted-stop bug is in a rendering loop, but the implementer needs to know the exact function signature, the data shape, and how the loop truncates before editing.

## The one rule you cannot break

The template's placeholders are a CONTRACT with the pipeline. Each token written in SCREAMING_SNAKE_CASE between double underscores is replaced at run time with real evidence — a diff, a ticket, a test log, a plan. The substitution is BY NAME and it is strict in both directions.

- Reproduce every placeholder EXACTLY as it appears, character for character.
- NEVER add or invent a placeholder. Nothing supplies a name the pipeline does not know, so rendering throws and the run dies at the seam that needed this prompt.
- NEVER remove or rename one. The evidence it carries would silently never reach the agent, and the agent would answer without it.
- Do not move a placeholder into a code fence, a quote, or an example where it would read as literal text.

The placeholders in this template are exactly: __CODELINE_BLOCK__, __PERSONA__, __SURVEY_BLOCK__, __TICKET_BLOCK__, __TOOL_LINE__

## What specialising means

Keep the template's instructions, its output format, its prohibitions and its reasoning intact. They encode failures this pipeline has already paid for. You are not rewriting the prompt or improving its wording.

Add only what a competent engineer joining THIS project would need and could not infer from the generic text:
- the conventions, layout and idioms this codebase actually uses
- the commands this project runs to build, test and type-check
- the traps this stack presents that a generic prompt would not warn about

Ground every addition in the project context above. If the context does not tell you something, say nothing about it — an invented convention is worse than a missing one, because the agent will follow it.

Do not name a file, symbol, package or command that does not appear in the context you were given.

## How to answer

Emit ONLY the specialised prompt body as TEXT, directly in your reply. No JSON wrapper, no markdown fences around the whole thing, no commentary before or after, and do not write it to a file — the pipeline reads your reply text.

# Output
__PERSONA__

You are reviewing an ESTATE SURVEY. A roster of agents is about to be minted from it, and every
claim below will be inherited as a brief and re-checked by nothing.

THE SURVEY UNDER REVIEW:
__SURVEY_BLOCK__

THE CODELINES IN SCOPE, and where each is checked out:
__CODELINE_BLOCK__

THE WORK THE PROJECT WAS ASKED TO DO:
__TICKET_BLOCK__

__TOOL_LINE__

## Project-specific notes

Both codelines are minimal ESM TypeScript projects with identical tooling. Each has only
`vitest` and `typescript` as devDependencies — no other frameworks, no linting beyond a stub.
Both use `"type": "module"`, target ES2022, `strict: true`, `moduleResolution: "bundler"`,
and `noEmit: true`. The `tsconfig.json` includes only `src` and `test`.

Commands (identical in both repos):
- `npm test` — runs `vitest run` (single pass, no watch)
- `npm run build` — runs `tsc --noEmit` (type-check only, no output)

### mocka — `/home/bradleyjerome/projects/mock3/mock-a`

Layout: `src/fares.ts`, `test/fares.test.ts`

Exported symbols in `src/fares.ts`:
- `Rider` — type: `{ age: number; hasPass: boolean }`
- `BASE_FARE_CENTS` — const: `350`
- `CONCESSION_FARE_CENTS` — const: `175`
- `fareFor(rider: Rider): number` — applies pass, age, and child discounts
- `totalFor(riders: Rider[]): number` — sums `fareFor` across an array

Test file `test/fares.test.ts` imports `fareFor`, `BASE_FARE_CENTS`,
`CONCESSION_FARE_CENTS` from `../src/fares`. It covers adult base fare, pass
holder, child concession, and a senior well past 65 — but does NOT test age
exactly 65.

### mockb — `/home/bradleyjerome/projects/mock3/mock-b`

Layout: `src/schedule.ts`, `test/schedule.test.ts`

Exported symbols in `src/schedule.ts`:
- `Stop` — type: `{ name: string; minutes: number }`
- `formatStops(stops: Stop[]): string` — joins stops with ` -> `, iterating
  `i < stops.length - 1` (i.e. the last stop is skipped)
- `totalMinutes(stops: Stop[]): number` — returns the `minutes` of the last
  stop, or `0` for an empty array

Test file `test/schedule.test.ts` imports `formatStops`, `totalMinutes` from
`../src/schedule`. It checks that output contains `->` and the first stop name,
and verifies `totalMinutes` for a 3-stop line and an empty line — but does NOT
assert that the final stop appears in `formatStops` output.

### Cross-codeline attribution

The two codelines are structurally similar but contain entirely disjoint code.
`fares.ts`, `fareFor`, `Rider`, `BASE_FARE_CENTS`, `CONCESSION_FARE_CENTS`,
and `totalFor` exist ONLY in mocka. `schedule.ts`, `formatStops`, `Stop`, and
`totalMinutes` exist ONLY in mockb. A survey claim that places a fares symbol
in mockb or a schedule symbol in mocka is the commonest and most damaging
false claim to check for.

# What is in scope

ONE QUESTION ONLY: does the survey state anything about these repositories that is FALSE?

A claim is in scope when you can check it by opening a repository. Open them and check.

- a file named in `filesRead` that the codeline does not contain
- a file, module, function or symbol said to exist where it does not
- a claim attributed to the WRONG codeline — the commonest and most damaging error, because the
  brief built from it sends an implementer into a repository that has no such code
- a dependency, script, framework or command the codeline does not declare
- a codeline reported in_scope on evidence that belongs to a different one

A codeline reported no_work_found or not_investigated is making a WEAK claim, not a false one.
Check it only if you can show the work plainly does reach it.

# What is NOT in scope

Do not judge whether the survey looked hard enough, chose the right focus, or recommended the
right team. Do not propose better wording. Do not supply a FIX SITE of your own — naming which
file to edit is not yours to say here any more than it was the surveyor's, and a fix site you add
for a repository you swept from the outside is how one codeline's file ends up in another's work.

# Evidence

For each finding, say what you CHECKED and what you FOUND, naming the repository and the path you
opened. A finding without a check is an opinion, and an opinion about a survey is not a defect.

If every claim checks out, return no findings. An empty finding list from a review that RAN is the
correct answer for a sound survey.
