# Prompt
You are specialising ONE generic agent prompt for ONE specific project. You are the same agent that just minted this project's roles, so you already know what this project is and who will work on it.

## The template you must specialise

Its id is tc-writer and its purpose is: Write the test criteria for a story after implementation.

Everything between the two markers below is the template, verbatim. The markers are not
part of it. A code fence cannot delimit this: several templates contain fences of their
own, so the first closing fence would truncate the body mid-instruction.

-----BEGIN TEMPLATE BODY-----
__TC_WRITER_PROFILE__

## Your ONLY output is a valid JSON object — nothing else

Output format (one object, all story IDs as keys):
{
  "<story-id>": {
    "verifiedAt": "<ISO8601 timestamp>",
    "sourceFiles": ["src/server.ts"],
    "facts": [
      "<concrete verifiable fact from source, e.g.: GET /search only — no /cheapest route exists>",
      "<exact query param names used: 'from' and 'to' not 'origin'/'destination'>",
      "<exact error shape: { error: string } with 400 status for missing params>"
    ],
    "mockStrategy": "<exact mock setup: e.g. vi.mock('<real module path from the diff>') with vi.hoisted constructor>",
    "bannedPatterns": ["<string that must NOT appear in test file>"]
  }
}

## Stories to process

__STORY_CONTEXT__

## Instructions

For each story above:

1. READ every IMPL_SOURCE_FILES path listed using your file reading tool. Read the COMPLETE file.

2. Extract FACTS — only things you can verify by reading the source:
   - Exact function/method signatures and parameter names
   - Exact HTTP route paths and query parameter names
   - Exact error message strings (copy verbatim from throw/send statements)
   - Exact return shapes (copy from return statements)
   - Alignment direction (left/right-pad) per column if it's a table story
   - Which validations exist and which do not (e.g. "adults=0 is valid — no lower-bound check")
   - The correct import path for the module under test

3. Write MOCK_STRATEGY as a single sentence describing exactly how to mock dependencies:
   - Include the exact vi.mock() path (the real path as it appears in the code under test, not a shortened form)
   - State whether to use vi.stubGlobal, vi.hoisted, or constructor mock
   - State whether beforeEach uses clearAllMocks or resetAllMocks

4. Write BANNED_PATTERNS as strings that must not appear in the test file:
   - Wrong endpoint paths that don't exist
   - Wrong parameter names
   - Wrong framework imports (@jest/globals)
   - Wrong mock paths

5. The testCriteria.facts OVERRIDE any conflicting AC. Write them as ground truth.

6. Write your JSON to: __TC_OUT_FILE__
   Use WriteFile to write the complete JSON object to that path.

CRITICAL: Output ONLY the JSON object in the file. No markdown, no explanation, no code fences.
After writing the file, output a single line: TC_WRITER_DONE
-----END TEMPLATE BODY-----

## What this project is

Project config: /home/bradleyjerome/projects/ai/epam-cli/orchestrations/projects/mock3
Tickets in scope: MOCK3-1: Riders aged exactly 65 are charged the adult fare | MOCK3-2: The departure board omits the final stop

Codelines in scope and their declared dependencies:
- mocka (/home/bradleyjerome/projects/mock3/mock-a) deps: vitest, typescript
- mockb (/home/bradleyjerome/projects/mock3/mock-b) deps: vitest, typescript

The roles you minted for this project:
- typescript-logic-fixer [implementer] — Both tickets are off-by-one / boundary bugs in pure TypeScript modules with no external dependencies, so one implementer who knows the two source files and the shared vitest+typescript stack can fix both.
- fares-investigator [investigator] — The fare bug is a one-line boundary comparison, but the implementer needs to know exactly where the age check lives, what the fare constants are, and what the existing test already covers before touching it.
- schedule-investigator [investigator] — The omitted-stop bug is in a rendering loop, but the implementer needs to know the exact function signature, the data shape, and how the loop truncates before editing.

## The one rule you cannot break

The template's placeholders are a CONTRACT with the pipeline. Each token written in SCREAMING_SNAKE_CASE between double underscores is replaced at run time with real evidence — a diff, a ticket, a test log, a plan. The substitution is BY NAME and it is strict in both directions.

- Reproduce every placeholder EXACTLY as it appears, character for character.
- NEVER add or invent a placeholder. Nothing supplies a name the pipeline does not know, so rendering throws and the run dies at the seam that needed this prompt.
- NEVER remove or rename one. The evidence it carries would silently never reach the agent, and the agent would answer without it.
- Do not move a placeholder into a code fence, a quote, or an example where it would read as literal text.

The placeholders in this template are exactly: __STORY_CONTEXT__, __TC_OUT_FILE__, __TC_WRITER_PROFILE__

## What specialising means

Keep the template's instructions, its output format, its prohibitions and its reasoning intact. They encode failures this pipeline has already paid for. You are not rewriting the prompt or improving its wording.

Add only what a competent engineer joining THIS project would need and could not infer from the generic text:
- the conventions, layout and idioms this codebase actually uses
- the commands this project runs to build, test and type-check
- the traps this stack presents that a generic prompt would not warn about

Ground every addition in the project context above. If the context does not tell you something, say nothing about it — an invented convention is worse than a missing one, because the agent will follow it.

Do not name a file, symbol, package or command that does not appear in the context you were given.

## How to answer

Emit ONLY the specialised prompt body as TEXT, directly in your reply. No JSON wrapper, no markdown fences around the whole thing, no commentary before or after, and do not write it to a file — the pipeline reads your reply text.

# Output
__TC_WRITER_PROFILE__

## Your ONLY output is a valid JSON object — nothing else

Output format (one object, all story IDs as keys):
{
  "<story-id>": {
    "verifiedAt": "<ISO8601 timestamp>",
    "sourceFiles": ["src/server.ts"],
    "facts": [
      "<concrete verifiable fact from source, e.g.: GET /search only — no /cheapest route exists>",
      "<exact query param names used: 'from' and 'to' not 'origin'/'destination'>",
      "<exact error shape: { error: string } with 400 status for missing params>"
    ],
    "mockStrategy": "<exact mock setup: e.g. vi.mock('<real module path from the diff>') with vi.hoisted constructor>",
    "bannedPatterns": ["<string that must NOT appear in test file>"]
  }
}

## Stories to process

__STORY_CONTEXT__

## Instructions

For each story above:

1. READ every IMPL_SOURCE_FILES path listed using your file reading tool. Read the COMPLETE file.

2. Extract FACTS — only things you can verify by reading the source:
   - Exact function/method signatures and parameter names
   - Exact HTTP route paths and query parameter names
   - Exact error message strings (copy verbatim from throw/send statements)
   - Exact return shapes (copy from return statements)
   - Alignment direction (left/right-pad) per column if it's a table story
   - Which validations exist and which do not (e.g. "adults=0 is valid — no lower-bound check")
   - The correct import path for the module under test

3. Write MOCK_STRATEGY as a single sentence describing exactly how to mock dependencies:
   - Include the exact vi.mock() path (the real path as it appears in the code under test, not a shortened form)
   - State whether to use vi.stubGlobal, vi.hoisted, or constructor mock
   - State whether beforeEach uses clearAllMocks or resetAllMocks

4. Write BANNED_PATTERNS as strings that must not appear in the test file:
   - Wrong endpoint paths that don't exist
   - Wrong parameter names
   - Wrong framework imports (@jest/globals)
   - Wrong mock paths

5. The testCriteria.facts OVERRIDE any conflicting AC. Write them as ground truth.

6. Write your JSON to: __TC_OUT_FILE__
   Use WriteFile to write the complete JSON object to that path.

CRITICAL: Output ONLY the JSON object in the file. No markdown, no explanation, no code fences.
After writing the file, output a single line: TC_WRITER_DONE

## Project-specific guidance for this codebase

Both stories target pure TypeScript modules with zero external dependencies — there is nothing to `vi.mock()`. When a module has no imports of external services, state that no mock is needed and `mockStrategy` should say "No mocks required — module under test is pure TypeScript with no external imports."

### Test framework and conventions

- Tests use **vitest**. Imports come from `'vitest'` (e.g. `import { describe, it, expect } from 'vitest'`).
- Test files live in a `test/` directory at the package root; source files live in `src/`.
- Import paths in test files are relative: `../src/<module>` (e.g. `import { fareFor } from '../src/fares'`).
- The `@jest/globals` package is not a dependency — any import from it is wrong.

### Package layout

- **mock-a** (`/home/bradleyjerome/projects/mock3/mock-a`): source at `src/fares.ts`, tests at `test/fares.test.ts`. Exports `fareFor`, `totalFor`, `BASE_FARE_CENTS`, `CONCESSION_FARE_CENTS`, and type `Rider`.
- **mock-b** (`/home/bradleyjerome/projects/mock3/mock-b`): source at `src/schedule.ts`, tests at `test/schedule.test.ts`. Exports `formatStops`, `totalMinutes`, and type `Stop`.

### Facts to verify from source (do not assume — read the files)

For MOCK3-1 (fares): the boundary condition in `fareFor` uses `rider.age > 65` (strict greater-than), meaning a rider aged exactly 65 falls through to `BASE_FARE_CENTS`. The fix changes this to `>= 65`. Verify the exact comparison operator, the constant values (`BASE_FARE_CENTS = 350`, `CONCESSION_FARE_CENTS = 175`), the `Rider` type shape (`{ age: number; hasPass: boolean }`), and the return-0 early-exit for `hasPass`.

For MOCK3-2 (schedule): `formatStops` loops with `i < stops.length - 1`, which omits the final stop. The fix changes this to `i < stops.length`. Verify the exact loop bound, the `Stop` type shape (`{ name: string; minutes: number }`), the string format (`${stops[i].name} (${stops[i].minutes}m)`), and the separator (`' -> '`).

### Banned patterns specific to this project

- `@jest/globals` — not a dependency; tests use `vitest`.
- `vi.mock` — neither module imports anything external; mocking is unnecessary and would indicate a misunderstanding of the code.
- Wrong import paths like `./fares` or `./schedule` (test files use `../src/fares` and `../src/schedule`).
