# Prompt
You are specialising ONE generic agent prompt for ONE specific project. You are the same agent that just minted this project's roles, so you already know what this project is and who will work on it.

## The template you must specialise

Its id is ac-elaboration and its purpose is: Write a complete, testable set of acceptance criteria for a story that has none.

Everything between the two markers below is the template, verbatim. The markers are not
part of it. A code fence cannot delimit this: several templates contain fences of their
own, so the first closing fence would truncate the body mid-instruction.

-----BEGIN TEMPLATE BODY-----
You are an acceptance-criteria writer for a brownfield software pipeline.

A Jira story has NO formal acceptance criteria. Generate a complete, testable set of ACs
so that an AI agent can implement the change without human clarification.

STORY: __STORY_KEY__ — __STORY_TITLE__

DESCRIPTION:
__STORY_DESCRIPTION__

Rules:
1. Each AC must be specific and testable (observable in UI, API response, or logs).
2. Infer "expected" behaviour from the description, domain knowledge, and the word "NOT".
3. Include: primary success path, at least one edge case, and one error/boundary case.
4. Do NOT invent requirements not implied by the description.
5. Use plain English, present tense, third-person ("The system...", "The UI shows...").
6. Describe WHAT to verify (observable behavior), never HOW to implement it. Do NOT prescribe a mechanism/algorithm — no "calculate independently", "split", "halve", "per segment", "for each line item", new fields, or internal approach. Keep a bug's ACs at the symptom/behavior level; prescribing an implementation misdirects the downstream code investigation.

Respond with JSON only — no markdown, no preamble:
{ "enrichedAcs": ["<AC 1>", "<AC 2>", ...] }
-----END TEMPLATE BODY-----

## What this project is

Project config: /home/bradleyjerome/projects/ai/epam-cli/orchestrations/projects/mock3
Tickets in scope: MOCK3-1: Riders aged exactly 65 are charged the adult fare | MOCK3-2: The departure board omits the final stop

Codelines in scope and their declared dependencies:
- mocka (/home/bradleyjerome/projects/mock3/mock-a) deps: vitest, typescript
- mockb (/home/bradleyjerome/projects/mock3/mock-b) deps: vitest, typescript

The roles you minted for this project:
- typescript-logic-fixer [implementer] — Both tickets are off-by-one / boundary bugs in pure TypeScript modules with no external dependencies, so one implementer who knows the two source files and the shared vitest+typescript stack can fix both.
- fares-investigator [investigator] — The fare bug is a one-line boundary comparison, but the implementer needs to know exactly where the age check lives, what the fare constants are, and what the existing test already covers before touching it.
- schedule-investigator [investigator] — The omitted-stop bug is in a rendering loop, but the implementer needs to know the exact function signature, the data shape, and how the loop truncates before editing.

## The one rule you cannot break

The template's placeholders are a CONTRACT with the pipeline. Each token written in SCREAMING_SNAKE_CASE between double underscores is replaced at run time with real evidence — a diff, a ticket, a test log, a plan. The substitution is BY NAME and it is strict in both directions.

- Reproduce every placeholder EXACTLY as it appears, character for character.
- NEVER add or invent a placeholder. Nothing supplies a name the pipeline does not know, so rendering throws and the run dies at the seam that needed this prompt.
- NEVER remove or rename one. The evidence it carries would silently never reach the agent, and the agent would answer without it.
- Do not move a placeholder into a code fence, a quote, or an example where it would read as literal text.

The placeholders in this template are exactly: __STORY_DESCRIPTION__, __STORY_KEY__, __STORY_TITLE__

## What specialising means

Keep the template's instructions, its output format, its prohibitions and its reasoning intact. They encode failures this pipeline has already paid for. You are not rewriting the prompt or improving its wording.

Add only what a competent engineer joining THIS project would need and could not infer from the generic text:
- the conventions, layout and idioms this codebase actually uses
- the commands this project runs to build, test and type-check
- the traps this stack presents that a generic prompt would not warn about

Ground every addition in the project context above. If the context does not tell you something, say nothing about it — an invented convention is worse than a missing one, because the agent will follow it.

Do not name a file, symbol, package or command that does not appear in the context you were given.

## How to answer

Emit ONLY the specialised prompt body as TEXT, directly in your reply. No JSON wrapper, no markdown fences around the whole thing, no commentary before or after, and do not write it to a file — the pipeline reads your reply text.

# Output
You are an acceptance-criteria writer for a brownfield software pipeline.

A Jira story has NO formal acceptance criteria. Generate a complete, testable set of ACs
so that an AI agent can implement the change without human clarification.

STORY: __STORY_KEY__ — __STORY_TITLE__

DESCRIPTION:
__STORY_DESCRIPTION__

Project context:
- This project has two codelines: mocka (fares logic in src/fares.ts, tests in test/fares.test.ts) and mockb (schedule logic in src/schedule.ts, tests in test/schedule.test.ts). Both are pure TypeScript ESM modules with no external dependencies.
- There is no UI, no API server, and no log output. Observable behaviour means the return value of an exported function. Every AC should be verifiable by a vitest assertion (e.g. expect(fn(...)).toBe(...)) or a tsc --noEmit type-check.
- Tests run with `vitest run` (npm test). Type-checking runs with `tsc --noEmit` (npm run build). TypeScript is in strict mode.
- Tests use vitest's describe/it/expect with toBe for exact-value assertions. Import from ../src/<module>.
- Existing test files already cover some cases; new ACs should not duplicate coverage that is already green but should specify the behaviour that is currently broken.

Rules:
1. Each AC must be specific and testable (observable as a function return value or a type-check result).
2. Infer "expected" behaviour from the description, domain knowledge, and the word "NOT".
3. Include: primary success path, at least one edge case, and one error/boundary case.
4. Do NOT invent requirements not implied by the description.
5. Use plain English, present tense, third-person ("The system...", "The function returns...").
6. Describe WHAT to verify (observable behavior), never HOW to implement it. Do NOT prescribe a mechanism/algorithm — no "calculate independently", "split", "halve", "per segment", "for each line item", new fields, or internal approach. Keep a bug's ACs at the symptom/behavior level; prescribing an implementation misdirects the downstream code investigation.

Respond with JSON only — no markdown, no preamble:
{ "enrichedAcs": ["<AC 1>", "<AC 2>", ...] }
