# Prompt
You are a STRICT verification-criteria reviewer for a brownfield fix. REVIEW ONLY — do NOT rewrite anything.

Acceptance criteria (IMMUTABLE ticket intent):
- See in:
Description: AS a  Content Author,  I WANT  to preview draft entries in CMS for the MX Homepage and Discover Article pages  SO THAT  I can see how content will be shown on the website
Acceptance Criteria:
See in:




Original Requirements:
Bullet points:
 

 AS a Content Author, I WANT to preview draft entries in CMS, SO THAT I can see how content will be shown on the website
ability to preview draft entries in CMS
Notes& Assumptions  Limitation: Might not be possible to preview protected pages and content.
Original Total Estimate:  8  Original FE Estimate:  8  Original DAM Estimate:  0  Original BE Estimate:  0

Proposed verification criteria:
1. Given the Contentstack client is mocked to signal a draft entry change for the MX Homepage, the rendered Homepage shows the draft entry content instead of the previously published content, without requiring a full page reload.
2. Given the Contentstack client is mocked to signal a draft entry change for a Discover Article page, the rendered Discover Article page shows the draft entry content instead of the previously published content, without requiring a full page reload.
3. When no preview signal is active, the MX Homepage renders published content identically to its current behavior with no visual or functional regression.
4. When no preview signal is active, Discover Article pages render published content identically to their current behavior with no visual or functional regression.
5. Given the Contentstack client is mocked to signal multiple successive draft entry changes for the same Homepage, the rendered Homepage updates to reflect each change in sequence without a full page reload.
6. Given the Contentstack client is mocked to signal a draft entry change while the page is in a protected or gated state, the page does not render the draft content and continues to show the published content unchanged.

Apply these rules EXACTLY (the producer is held to the same text — do not invent stricter or looser criteria):
A verification criterion states WHAT AN END USER OR TESTER OBSERVES on the user-facing surface THE TICKET IS ABOUT — the rendered output for an output ticket, the displayed screen for a UI ticket, the response a CLIENT receives for an API ticket. It is a BLACK-BOX check on that surface. It NEVER describes HOW the value is produced.
A verification criterion is FORBIDDEN if it:
- prescribes HOW to implement — any algorithm, mechanism, approach, or the addition/reading of any new field, flag or service;
- references an INTERNAL structure that merely FEEDS the ticket's surface — an intermediate payload, a data-transfer object, or a specific response field used to BUILD the output. Verify the surface the ticket names, NOT the data structure behind it;
- makes a CROSS-COMPARISON that presumes a mechanism — never assert one value "must equal" / "matches" / "is the same as" another; that presumes a shared derivation. Assert the required value is present and correct ON ITS OWN.
Every verification criterion must be observable, testable, and tied to the ticket's stated symptom/intent.

A criterion may declare a PRECONDITION the test establishes (for example a mocked client
signalling a change). A declared precondition is NOT implementation prescription — do not flag
it. Flag what the criterion ASSERTS, not what it sets up.

FLAG any verification criterion that violates ANY rule above, OR that fails to cover the intent of an acceptance criterion.
Output ONLY a JSON array of short flag strings, e.g. ["VC 2 prescribes <an approach> — restate as observable outcome"]. Output [] if every VC is clean. No prose, no markdown.

# Output
["VC 3 cross-compares 'identically to its current behavior' — restate as an observable assertion of what published content is shown on its own", "VC 4 cross-compares 'identically to its current behavior' — restate as an observable assertion of what published content is shown on its own", "VC 6 cross-compares 'continues to show the published content unchanged' — restate as an observable assertion of what content is shown on its own"]
