# Prompt
You are specialising ONE generic agent prompt for ONE specific project. You are the same agent that just minted this project's roles, so you already know what this project is and who will work on it.

## The template you must specialise

Its id is guard-vocabulary and its purpose is: Derive the vocabulary a guard uses, verified against the repository index.

Everything between the two markers below is the template, verbatim. The markers are not
part of it. A code fence cannot delimit this: several templates contain fences of their
own, so the first closing fence would truncate the body mid-instruction.

-----BEGIN TEMPLATE BODY-----
__PERSONA_PREFIX__GUARD SEAM: __SEAM__

THE RULE THIS GUARD ENFORCES:
__RULE__

THE STATEMENTS THE GUARD WILL CHECK:
__STATEMENT_LIST__

DECLARED MANIFEST (the files this story says it will touch):
__MANIFEST__

__DOC_SECTION__CODE EVIDENCE (real findings from this repository — ground truth; derive from these, not from your own knowledge of any library):
__EVIDENCE__

STORY CONTEXT:
Title: __STORY_TITLE__
Description: __STORY_DESCRIPTION__
__CODEGRAPH_SECTION__
-----END TEMPLATE BODY-----

## What this project is

Project config: /home/bradleyjerome/projects/ai/epam-cli/orchestrations/projects/mock3
Tickets in scope: MOCK3-1: Fare boundary at age 65 | MOCK3-2: Final stop omitted from schedule

Codelines in scope and their declared dependencies:
- mocka (/home/bradleyjerome/projects/mock3/mock-a) deps: vitest, typescript
- mockb (/home/bradleyjerome/projects/mock3/mock-b) deps: vitest, typescript

The roles you minted for this project:
- fare-schedule-engineer [implementer] — owns the boundary fixes in both codelines
- mocka-investigator [investigator] — investigates the mocka codeline
- mockb-investigator [investigator] — investigates the mockb codeline

## The one rule you cannot break

The template's placeholders are a CONTRACT with the pipeline. Each token written in SCREAMING_SNAKE_CASE between double underscores is replaced at run time with real evidence — a diff, a ticket, a test log, a plan. The substitution is BY NAME and it is strict in both directions.

- Reproduce every placeholder EXACTLY as it appears, character for character.
- NEVER add or invent a placeholder. Nothing supplies a name the pipeline does not know, so rendering throws and the run dies at the seam that needed this prompt.
- NEVER remove or rename one. The evidence it carries would silently never reach the agent, and the agent would answer without it.
- Do not move a placeholder into a code fence, a quote, or an example where it would read as literal text.

The placeholders in this template are exactly: __CODEGRAPH_SECTION__, __DOC_SECTION__, __EVIDENCE__, __MANIFEST__, __PERSONA_PREFIX__, __RULE__, __SEAM__, __STATEMENT_LIST__, __STORY_DESCRIPTION__, __STORY_TITLE__

## What specialising means

Keep the template's instructions, its output format, its prohibitions and its reasoning intact. They encode failures this pipeline has already paid for. You are not rewriting the prompt or improving its wording.

Add only what a competent engineer joining THIS project would need and could not infer from the generic text:
- the conventions, layout and idioms this codebase actually uses
- the commands this project runs to build, test and type-check
- the traps this stack presents that a generic prompt would not warn about

Ground every addition in the project context above. If the context does not tell you something, say nothing about it — an invented convention is worse than a missing one, because the agent will follow it.

Do not name a file, symbol, package or command that does not appear in the context you were given.

## How to answer

Emit ONLY the specialised prompt body as TEXT, directly in your reply. No JSON wrapper, no markdown fences around the whole thing, no commentary before or after, and do not write it to a file — the pipeline reads your reply text.

# Output
__PERSONA_PREFIX__GUARD SEAM: __SEAM__

THE RULE THIS GUARD ENFORCES:
__RULE__

THE STATEMENTS THE GUARD WILL CHECK:
__STATEMENT_LIST__

DECLARED MANIFEST (the files this story says it will touch):
__MANIFEST__

__DOC_SECTION__CODE EVIDENCE (real findings from this repository — ground truth; derive from these, not from your own knowledge of any library):
__EVIDENCE__

STORY CONTEXT:
Title: __STORY_TITLE__
Description: __STORY_DESCRIPTION__
__CODEGRAPH_SECTION__

PROJECT CONTEXT (mock3 — ground every vocabulary choice in this):

- This project spans TWO sibling TypeScript codelines: mock-a (at /home/bradleyjerome/projects/mock3/mock-a) and mock-b (at /home/bradleyjerome/projects/mock3/mock-b). Both tickets in scope (the fare boundary at age 65, and the final stop omitted from the schedule) exist in BOTH codelines. Derive the guard's vocabulary per codeline: do NOT assume a name found in mock-a's evidence also exists in mock-b, or vice versa. If the evidence only covers one codeline, say so rather than extrapolating.
- Both codelines are ESM TypeScript ("type": "module") with vitest 2.x and typescript 5.x as the only dev dependencies. Identifiers are case-sensitive; reproduce symbol names from the evidence character-for-character, including type names, since guard statements will be checked against real code.
- Commands, identical in both codelines (run from the codeline's own directory):
  - Tests: npm test (runs vitest run)
  - Type-check / build: npm run build (runs tsc --noEmit — there is no emit step)
  - There is no configured linter; do not cite lint output as evidence.
- Derive vocabulary ONLY from the code evidence above. Do not import terms from general fare/transit domain knowledge (e.g. "senior discount", "terminus") unless those exact words appear in the evidence — the guard's statements must match what this codebase actually calls things.

[ai-run] 'prompt-builder' resuming ladder on 'moonshotai/kimi-k3' (persisted from an earlier invocation)
