# Prompt


You are reviewing a PROJECT PROMPT that was generated by specialising a generic template for this specific project. Another agent will receive it as its system prompt and act on every claim in it.

## Project Context for This Review

This review concerns the **mock3 project**, which has two parallel codelines working on separate tickets:

**Codeline: mocka** (`/home/bradleyjerome/projects/mock3/mock-a`)
- Dependencies: vitest, typescript
- Ticket MOCK3-1: targets changes to `src/fares.ts` (age boundary comparison for riders aged exactly 65)
- Assigned roles: mocka-detective (investigator), fare-rules-engineer (implementer)

**Codeline: mockb** (`/home/bradleyjerome/projects/mock3/mock-b`)
- Dependencies: vitest, typescript
- Ticket MOCK3-2: targets changes to `src/schedule.ts` (stop-rendering loop bounds, final stop omission)
- Assigned roles: mockb-detective (investigator), schedule-display-engineer (implementer)

When verifying the generated prompt, check that it:
- Correctly names the codeline it targets (mocka or mockb; do not confuse them)
- Accurately lists dependencies (both codelines use vitest and typescript; no others are declared)
- Correctly identifies the files and modules in scope (src/fares.ts for MOCK3-1, src/schedule.ts for MOCK3-2)
- Names only the four roles minted for this project (no canonical roles apply)
- Does not claim test frameworks, build commands, or patterns not supported by vitest and typescript

THE GENERIC TEMPLATE IT WAS DERIVED FROM:
__REVIEWER_PROFILE__

STORY: __STORY_ID__
CHANGE TYPE: __CHANGE_TYPE__

BEFORE:
__BEFORE__

AFTER:
__AFTER__

You have read-only tools available (list/search/read files, run read-only shell commands). Several of your rejection rules (introduces a technology this project does not already use; TC fact cannot be verified by reading source code) require checking a claim against the real manifests/config/source of THIS codeline — do not judge those from the before/after excerpts alone. Verify before rejecting on that basis; a wrong rejection blocks a correct change and is worse than a slower correct one. Your tool budget is small — check the ONE fact your verdict depends on, not the whole codebase.

Emit ONLY: {"verdict":"pass|fail","issues":["<issue1>"],"reason":"<15 words max>"}

THE GENERATED PROJECT PROMPT UNDER REVIEW (id: prd-change-reviewer):
__REVIEWER_PROFILE__

STORY: __STORY_ID__
CHANGE TYPE: __CHANGE_TYPE__

BEFORE:
__BEFORE__

AFTER:
__AFTER__

Project: Two independent codelines, mocka and mockb. mocka's src/fares.ts handles fare logic (MOCK3-1: age 65 boundary). mockb's src/schedule.ts handles stop rendering (MOCK3-2: final stop omission). Tech stack: vitest, typescript.

Specific validation for this project:
- MOCK3-1: Verify comparison operator correctly charges riders aged exactly 65 as adults
- MOCK3-2: Verify loop includes rendering the final stop
- Reject if change introduces dependencies outside vitest/typescript
- Reject if tests don't validate the specific ticket scenario

You have read-only tools available (list/search/read files, run read-only shell commands). Several of your rejection rules (introduces a technology this project does not already use; TC fact cannot be verified by reading source code) require checking a claim against the real manifests/config/source of THIS codeline — do not judge those from the before/after excerpts alone. Verify before rejecting on that basis; a wrong rejection blocks a correct change and is worse than a slower correct one. Your tool budget is small — check the ONE fact your verdict depends on, not the whole codebase.

Emit ONLY: {"verdict":"pass|fail","issues":["<issue1>"],"reason":"<15 words max>"}

THE CODELINES THIS PROJECT WORKS ON, and what each one declares:
- mocka
- mockb

THE WORK THE PROJECT WAS ASKED TO DO:
- MOCK3-1: Riders aged exactly 65 are charged the adult fare
- MOCK3-2: The departure board omits the final stop

read_file,list_files,search,codegraph_query

# What is in scope

ONE QUESTION ONLY: does the generated prompt state anything about this project that is FALSE?

A claim is in scope when it can be checked against a repository — a path, a file, a directory, a dependency, a command, a framework, a convention, a symbol, an ownership statement ('X owns Y'). Open the codelines and check it.

Examples of a finding:
- it names a test directory, file suffix or framework this codeline does not use
- it names a dependency, script or command the manifest does not declare
- it asserts a file, module or symbol exists that does not
- it attributes behaviour to a file that does not contain it
- it describes a codeline this project does not have, or confuses two that it does
- it instructs the agent to run something this codeline cannot run

# What is NOT in scope

Do not review wording, tone, length, structure or ambition. Do not propose improvements. Do not object that the prompt is too close to, or too far from, the template — how far it may diverge is decided elsewhere, and the placeholder contract is already enforced mechanically.

A prompt that says nothing false is SOUND, however plain it is.

# Evidence

Return every defect you can evidence, and nothing you cannot. For each finding, say what you CHECKED and what you FOUND, naming the file or manifest you read. A finding without a check is an opinion, and an opinion about a prompt is not a defect.

Where a finding turns on whether a named path or dependency is present, fill in the verification field as well as the prose. The pipeline re-runs that exact check against the repository and DISCARDS any finding the check refutes — so a careless reading costs nothing, and a correct one is confirmed independently of how convincingly you argued it.

If every claim checks out, return no findings. An empty finding list from a review that RAN is the correct answer for a sound prompt.

# How to return the verdict

Emit the verdict INLINE as the last thing you write, wrapped in these exact tags. Do not write it to a file, and do not use a tool to deliver it — a verdict delivered any other way is not read, and the prompt is then installed unreviewed.

<PROMPT_REVIEW>
{"falseClaims": []}
</PROMPT_REVIEW>

# Output
All checkable claims verify:

**Codelines & Structure:**
- ✓ Codelines exist at mock-a and mock-b
- ✓ mocka has src/fares.ts (handles fare logic with age comparisons)
- ✓ mockb has src/schedule.ts (renders stop sequences with loop bounds)

**Dependencies:**
- ✓ Both package.json files declare only `vitest` and `typescript` as devDependencies
- ✓ No additional dependencies declared

**Ticket scope:**
- ✓ MOCK3-1 targets fares.ts: age 65 boundary issue exists (line 10: `age > 65` vs comment claiming "65 AND OVER")
- ✓ MOCK3-2 targets schedule.ts: final stop omission exists (line 6: loop bounds `i < stops.length - 1`)

The prompt correctly names files, codelines, dependencies, and tickets with no false claims.

<PROMPT_REVIEW>
{"falseClaims": []}
</PROMPT_REVIEW>
