# Prompt


You are reviewing a PROJECT PROMPT that was generated by specialising a generic template for this specific project. Another agent will receive it as its system prompt and act on every claim in it.

## Project Context for This Review

This review concerns the **mock3 project**, which has two parallel codelines working on separate tickets:

**Codeline: mocka** (`/home/bradleyjerome/projects/mock3/mock-a`)
- Dependencies: vitest, typescript
- Ticket MOCK3-1: targets changes to `src/fares.ts` (age boundary comparison for riders aged exactly 65)
- Assigned roles: mocka-detective (investigator), fare-rules-engineer (implementer)

**Codeline: mockb** (`/home/bradleyjerome/projects/mock3/mock-b`)
- Dependencies: vitest, typescript
- Ticket MOCK3-2: targets changes to `src/schedule.ts` (stop-rendering loop bounds, final stop omission)
- Assigned roles: mockb-detective (investigator), schedule-display-engineer (implementer)

When verifying the generated prompt, check that it:
- Correctly names the codeline it targets (mocka or mockb; do not confuse them)
- Accurately lists dependencies (both codelines use vitest and typescript; no others are declared)
- Correctly identifies the files and modules in scope (src/fares.ts for MOCK3-1, src/schedule.ts for MOCK3-2)
- Names only the four roles minted for this project (no canonical roles apply)
- Does not claim test frameworks, build commands, or patterns not supported by vitest and typescript

THE GENERIC TEMPLATE IT WAS DERIVED FROM:
__PERSONA_PREFIX__GUARD SEAM: __SEAM__

THE RULE THIS GUARD ENFORCES:
__RULE__

THE STATEMENTS THE GUARD WILL CHECK:
__STATEMENT_LIST__

DECLARED MANIFEST (the files this story says it will touch):
__MANIFEST__

__DOC_SECTION__CODE EVIDENCE (real findings from this repository — ground truth; derive from these, not from your own knowledge of any library):
__EVIDENCE__

STORY CONTEXT:
Title: __STORY_TITLE__
Description: __STORY_DESCRIPTION__
__CODEGRAPH_SECTION__

THE GENERATED PROJECT PROMPT UNDER REVIEW (id: guard-vocabulary):
__PERSONA_PREFIX__GUARD SEAM: __SEAM__

THE RULE THIS GUARD ENFORCES:
__RULE__

THE STATEMENTS THE GUARD WILL CHECK:
__STATEMENT_LIST__

DECLARED MANIFEST (the files this story says it will touch):
__MANIFEST__

Note: This project is organized into two codelines (mocka and mockb), each with src/ directories and vitest-based test suites. Changes typically touch src/ implementation files and corresponding .test.ts or .spec.ts test files. Both codelines use TypeScript with strict mode enabled.

__DOC_SECTION__CODE EVIDENCE (real findings from this repository — ground truth; derive from these, not from your own knowledge of any library):
__EVIDENCE__

Ground your derivation strictly in the evidence provided. The evidence shows real test runs and actual code behavior from this repository, not generic library behavior. For this project's test framework (vitest) and type system (TypeScript), trust what the evidence demonstrates over assumptions.

STORY CONTEXT:
Title: __STORY_TITLE__
Description: __STORY_DESCRIPTION__

This project ships two independent systems: mocka (fare calculation logic) and mockb (schedule display logic). Each has its own test suite. When deriving the guard vocabulary, pay attention to the specific codebase (mocka or mockb) this story touches, as patterns and conventions may differ between them. The detective roles (mocka-detective, mockb-detective) verify the exact state of the codebase before implementers make changes.

__CODEGRAPH_SECTION__

THE CODELINES THIS PROJECT WORKS ON, and what each one declares:
- mocka
- mockb

THE WORK THE PROJECT WAS ASKED TO DO:
- MOCK3-1: Riders aged exactly 65 are charged the adult fare
- MOCK3-2: The departure board omits the final stop

read_file,list_files,search,codegraph_query

# What is in scope

ONE QUESTION ONLY: does the generated prompt state anything about this project that is FALSE?

A claim is in scope when it can be checked against a repository — a path, a file, a directory, a dependency, a command, a framework, a convention, a symbol, an ownership statement ('X owns Y'). Open the codelines and check it.

Examples of a finding:
- it names a test directory, file suffix or framework this codeline does not use
- it names a dependency, script or command the manifest does not declare
- it asserts a file, module or symbol exists that does not
- it attributes behaviour to a file that does not contain it
- it describes a codeline this project does not have, or confuses two that it does
- it instructs the agent to run something this codeline cannot run

# What is NOT in scope

Do not review wording, tone, length, structure or ambition. Do not propose improvements. Do not object that the prompt is too close to, or too far from, the template — how far it may diverge is decided elsewhere, and the placeholder contract is already enforced mechanically.

A prompt that says nothing false is SOUND, however plain it is.

# Evidence

Return every defect you can evidence, and nothing you cannot. For each finding, say what you CHECKED and what you FOUND, naming the file or manifest you read. A finding without a check is an opinion, and an opinion about a prompt is not a defect.

Where a finding turns on whether a named path or dependency is present, fill in the verification field as well as the prose. The pipeline re-runs that exact check against the repository and DISCARDS any finding the check refutes — so a careless reading costs nothing, and a correct one is confirmed independently of how convincingly you argued it.

If every claim checks out, return no findings. An empty finding list from a review that RAN is the correct answer for a sound prompt.

# How to return the verdict

Emit the verdict INLINE as the last thing you write, wrapped in these exact tags. Do not write it to a file, and do not use a tool to deliver it — a verdict delivered any other way is not read, and the prompt is then installed unreviewed.

<PROMPT_REVIEW>
{"falseClaims": []}
</PROMPT_REVIEW>

# Output
I've checked all verifiable claims in the generated prompt against the actual repository. Here's what I verified:

**Codelines**: Confirmed mock-a and mock-b directories exist ✓

**Dependencies**: Both package.json files declare `"vitest": "^2.1.9"` and `"typescript": "^5.6.0"` ✓

**Directory structure**: Both codelines have `src/` directories ✓

**Test files**: 
- mock-a/test/fares.test.ts ✓
- mock-b/test/schedule.test.ts ✓
- Files use `.test.ts` suffix (which satisfies the claim of ".test.ts or .spec.ts") ✓

**TypeScript configuration**: Both tsconfig.json files have `"strict": true` ✓

**Target files for tickets**: 
- mock-a/src/fares.ts (for MOCK3-1) ✓
- mock-b/src/schedule.ts (for MOCK3-2) ✓

Every factual claim in the generated prompt is accurate and grounded in the repository structure.

<PROMPT_REVIEW>
{"falseClaims": []}
</PROMPT_REVIEW>
