# Prompt


You are reviewing a PROJECT PROMPT that was generated by specialising a generic template for this specific project. Another agent will receive it as its system prompt and act on every claim in it.

## Project Context for This Review

This review concerns the **mock3 project**, which has two parallel codelines working on separate tickets:

**Codeline: mocka** (`/home/bradleyjerome/projects/mock3/mock-a`)
- Dependencies: vitest, typescript
- Ticket MOCK3-1: targets changes to `src/fares.ts` (age boundary comparison for riders aged exactly 65)
- Assigned roles: mocka-detective (investigator), fare-rules-engineer (implementer)

**Codeline: mockb** (`/home/bradleyjerome/projects/mock3/mock-b`)
- Dependencies: vitest, typescript
- Ticket MOCK3-2: targets changes to `src/schedule.ts` (stop-rendering loop bounds, final stop omission)
- Assigned roles: mockb-detective (investigator), schedule-display-engineer (implementer)

When verifying the generated prompt, check that it:
- Correctly names the codeline it targets (mocka or mockb; do not confuse them)
- Accurately lists dependencies (both codelines use vitest and typescript; no others are declared)
- Correctly identifies the files and modules in scope (src/fares.ts for MOCK3-1, src/schedule.ts for MOCK3-2)
- Names only the four roles minted for this project (no canonical roles apply)
- Does not claim test frameworks, build commands, or patterns not supported by vitest and typescript

THE GENERIC TEMPLATE IT WAS DERIVED FROM:
You are an acceptance-criteria writer for a brownfield software pipeline.

A Jira story has NO formal acceptance criteria. Generate a complete, testable set of ACs
so that an AI agent can implement the change without human clarification.

STORY: __STORY_KEY__ — __STORY_TITLE__

DESCRIPTION:
__STORY_DESCRIPTION__

Rules:
1. Each AC must be specific and testable (observable in UI, API response, or logs).
2. Infer "expected" behaviour from the description, domain knowledge, and the word "NOT".
3. Include: primary success path, at least one edge case, and one error/boundary case.
4. Do NOT invent requirements not implied by the description.
5. Use plain English, present tense, third-person ("The system...", "The UI shows...").
6. Describe WHAT to verify (observable behavior), never HOW to implement it. Do NOT prescribe a mechanism/algorithm — no "calculate independently", "split", "halve", "per segment", "for each line item", new fields, or internal approach. Keep a bug's ACs at the symptom/behavior level; prescribing an implementation misdirects the downstream code investigation.

Respond with JSON only — no markdown, no preamble:
{ "enrichedAcs": ["<AC 1>", "<AC 2>", ...] }

THE GENERATED PROJECT PROMPT UNDER REVIEW (id: ac-elaboration):
You are an acceptance-criteria writer for a brownfield software pipeline working on mock3.

The mock3 project comprises two independent TypeScript codelines, each tested with vitest:
- mocka: fare logic
- mockb: schedule display logic

A Jira story has NO formal acceptance criteria. Generate a complete, testable set of ACs
so that an AI agent can implement the change without human clarification.

STORY: __STORY_KEY__ — __STORY_TITLE__

DESCRIPTION:
__STORY_DESCRIPTION__

Rules:
1. Each AC must be specific and testable (observable in UI, API response, or logs).
2. Infer "expected" behaviour from the description, domain knowledge, and the word "NOT".
3. Include: primary success path, at least one edge case, and one error/boundary case.
4. Do NOT invent requirements not implied by the description.
5. Use plain English, present tense, third-person ("The system...", "The UI shows...").
6. Describe WHAT to verify (observable behavior), never HOW to implement it. Do NOT prescribe a mechanism/algorithm — no "calculate independently", "split", "halve", "per segment", "for each line item", new fields, or internal approach. Keep a bug's ACs at the symptom/behavior level; prescribing an implementation misdirects the downstream code investigation.

Respond with JSON only — no markdown, no preamble:
{ "enrichedAcs": ["<AC 1>", "<AC 2>", ...] }

THE CODELINES THIS PROJECT WORKS ON, and what each one declares:
- mocka
- mockb

THE WORK THE PROJECT WAS ASKED TO DO:
- MOCK3-1: Riders aged exactly 65 are charged the adult fare
- MOCK3-2: The departure board omits the final stop

read_file,list_files,search,codegraph_query

# What is in scope

ONE QUESTION ONLY: does the generated prompt state anything about this project that is FALSE?

A claim is in scope when it can be checked against a repository — a path, a file, a directory, a dependency, a command, a framework, a convention, a symbol, an ownership statement ('X owns Y'). Open the codelines and check it.

Examples of a finding:
- it names a test directory, file suffix or framework this codeline does not use
- it names a dependency, script or command the manifest does not declare
- it asserts a file, module or symbol exists that does not
- it attributes behaviour to a file that does not contain it
- it describes a codeline this project does not have, or confuses two that it does
- it instructs the agent to run something this codeline cannot run

# What is NOT in scope

Do not review wording, tone, length, structure or ambition. Do not propose improvements. Do not object that the prompt is too close to, or too far from, the template — how far it may diverge is decided elsewhere, and the placeholder contract is already enforced mechanically.

A prompt that says nothing false is SOUND, however plain it is.

# Evidence

Return every defect you can evidence, and nothing you cannot. For each finding, say what you CHECKED and what you FOUND, naming the file or manifest you read. A finding without a check is an opinion, and an opinion about a prompt is not a defect.

Where a finding turns on whether a named path or dependency is present, fill in the verification field as well as the prose. The pipeline re-runs that exact check against the repository and DISCARDS any finding the check refutes — so a careless reading costs nothing, and a correct one is confirmed independently of how convincingly you argued it.

If every claim checks out, return no findings. An empty finding list from a review that RAN is the correct answer for a sound prompt.

# How to return the verdict

Emit the verdict INLINE as the last thing you write, wrapped in these exact tags. Do not write it to a file, and do not use a tool to deliver it — a verdict delivered any other way is not read, and the prompt is then installed unreviewed.

<PROMPT_REVIEW>
{"falseClaims": []}
</PROMPT_REVIEW>

# Output
Based on my review of the mock3 repository, I've verified all factual claims in the generated project prompt:

**Verification Summary:**

| Claim | Source Checked | Status |
|-------|---|---|
| Two independent TypeScript codelines (mocka, mockb) | prd.json lines 9-14, package.json files | ✓ Correct |
| Both tested with vitest | mock-a/package.json, mock-b/package.json | ✓ Correct (vitest ^2.1.9 in both) |
| Both use TypeScript | mock-a/package.json, mock-b/package.json | ✓ Correct (typescript ^5.6.0 in both) |
| mocka: fare logic | prd.json outputDirs, bridge-contract.json line 64 (domain: "transit fare rules") | ✓ Correct |
| mockb: schedule display logic | prd.json outputDirs, bridge-contract.json line 176 (domain: "departure board rendering") | ✓ Correct |
| No other dependencies claimed | Complete review of both package.json files | ✓ Correct (only vitest and typescript declared) |
| Codeline names "mocka" and "mockb" | prd.json explicitly uses these as official codeline identifiers | ✓ Correct |

The generated prompt accurately reflects the project structure, dependencies, and codeline responsibilities. All project-specific claims made in the prompt are factually correct and verifiable against the repository.

<PROMPT_REVIEW>
{"falseClaims": []}
</PROMPT_REVIEW>
