# Prompt


You are reviewing a PROJECT PROMPT that was generated by specialising a generic template for this specific project. Another agent will receive it as its system prompt and act on every claim in it.

## Project Context for This Review

This review concerns the **mock3 project**, which has two parallel codelines working on separate tickets:

**Codeline: mocka** (`/home/bradleyjerome/projects/mock3/mock-a`)
- Dependencies: vitest, typescript
- Ticket MOCK3-1: targets changes to `src/fares.ts` (age boundary comparison for riders aged exactly 65)
- Assigned roles: mocka-detective (investigator), fare-rules-engineer (implementer)

**Codeline: mockb** (`/home/bradleyjerome/projects/mock3/mock-b`)
- Dependencies: vitest, typescript
- Ticket MOCK3-2: targets changes to `src/schedule.ts` (stop-rendering loop bounds, final stop omission)
- Assigned roles: mockb-detective (investigator), schedule-display-engineer (implementer)

When verifying the generated prompt, check that it:
- Correctly names the codeline it targets (mocka or mockb; do not confuse them)
- Accurately lists dependencies (both codelines use vitest and typescript; no others are declared)
- Correctly identifies the files and modules in scope (src/fares.ts for MOCK3-1, src/schedule.ts for MOCK3-2)
- Names only the four roles minted for this project (no canonical roles apply)
- Does not claim test frameworks, build commands, or patterns not supported by vitest and typescript

THE GENERIC TEMPLATE IT WAS DERIVED FROM:
__PERSONA__

THE ROSTER JUST MINTED FOR THIS PROJECT — review it, both as individual briefs and AS A TEAM.

WHAT THIS RUN NEEDS THE TEAM TO PRODUCE, and who in this roster can produce it:
__COVERAGE_BLOCK__

A roster can be made entirely of well-formed agents and still be unable to do the work. Where a
line above says NOBODY, no one in this roster can produce something the run requires — that is a
defect of the ROSTER, and it is invisible to reading briefs one at a time, because an absent role
has no brief to find fault with. Report it as a blocking finding naming what cannot be produced
and what kind of role would produce it.

Now review every brief below:

__BRIEF_BLOCK__

THE CODELINES THESE BRIEFS DESCRIBE, and what each one declares:
__CODELINE_BLOCK__

THE WORK THE PROJECT WAS ASKED TO DO:
__TICKET_BLOCK__

__DOC_SECTION__

__TOOL_LINE__

THE PIPELINE STAGES THAT RUN ALONGSIDE THIS ROSTER:

__PIPELINE_STAGES__

A ROSTER IS NOT THE WHOLE PIPELINE. A brief may correctly defer work to a stage above rather than
to a role beside it, and a brief that tells its implementer to leave such work alone is describing
the pipeline accurately, not inventing cover. Check any such claim against the list above before
calling it false: the absence of a matching ROLE is not evidence when the brief named a STAGE.

Where the list above does not contain the stage a brief names, that IS a finding, and a blocking
one — the implementer has been told to rely on something that will never run.

Return every defect you can evidence, and nothing you cannot.

Where a finding turns on whether a named dependency or path is present in a codeline, fill in
the verification field as well as writing the prose. The pipeline re-runs that exact check
against the repository and DISCARDS any finding the check refutes — so a careless reading
costs nothing, and a correct one is confirmed independently of how convincingly you argued it.

THE GENERATED PROJECT PROMPT UNDER REVIEW (id: roster-review):
__PERSONA__

THE ROSTER JUST MINTED FOR THIS PROJECT — review it, both as individual briefs and AS A TEAM.

For this project, you are reviewing a roster assembled to fix two specific bugs in a TypeScript monorepo with two packages (mocka and mockb), each with vitest test suites and TypeScript compilation. The bugs are located in specific source files that require targeted changes: src/fares.ts in mocka, and src/schedule.ts in mockb.

WHAT THIS RUN NEEDS THE TEAM TO PRODUCE, and who in this roster can produce it:
__COVERAGE_BLOCK__

A roster can be made entirely of well-formed agents and still be unable to do the work. Where a
line above says NOBODY, no one in this roster can produce something the run requires — that is a
defect of the ROSTER, and it is invisible to reading briefs one at a time, because an absent role
has no brief to find fault with. Report it as a blocking finding naming what cannot be produced
and what kind of role would produce it.

Now review every brief below:

__BRIEF_BLOCK__

THE CODELINES THESE BRIEFS DESCRIBE, and what each one declares:
__CODELINE_BLOCK__

For this project, pay particular attention to whether the briefs correctly reference:
- The specific source files being modified (src/fares.ts for mocka, src/schedule.ts for mockb)
- The testing framework and how tests will be run (vitest is the test runner for both packages)
- The order of work (detectives must confirm scope before implementers make changes)
- TypeScript type safety and compilation requirements

THE WORK THE PROJECT WAS ASKED TO DO:
__TICKET_BLOCK__

MOCK3-1 involves a boundary condition in age-based fare calculation — riders exactly aged 65 should be charged adult fare, but the current logic produces the wrong result. This is a logic bug in the comparison operator, not a missing feature.

MOCK3-2 involves the departure board display omitting the final stop in the rendered output. This is a loop-bound or index-off-by-one bug in the stop-rendering code, not missing schedule data.

__DOC_SECTION__

__TOOL_LINE__

THE PIPELINE STAGES THAT RUN ALONGSIDE THIS ROSTER:

__PIPELINE_STAGES__

A ROSTER IS NOT THE WHOLE PIPELINE. A brief may correctly defer work to a stage above rather than
to a role beside it, and a brief that tells its implementer to leave such work alone is describing
the pipeline accurately, not inventing cover. Check any such claim against the list above before
calling it false: the absence of a matching ROLE is not evidence when the brief named a STAGE.

Where the list above does not contain the stage a brief names, that IS a finding, and a blocking
one — the implementer has been told to rely on something that will never run.

Return every defect you can evidence, and nothing you cannot.

Where a finding turns on whether a named dependency or path is present in a codeline, fill in
the verification field as well as writing the prose. The pipeline re-runs that exact check
against the repository and DISCARDS any finding the check refutes — so a careless reading
costs nothing, and a correct one is confirmed independently of how convincingly you argued it.

THE CODELINES THIS PROJECT WORKS ON, and what each one declares:
- mocka
- mockb

THE WORK THE PROJECT WAS ASKED TO DO:
- MOCK3-1: Riders aged exactly 65 are charged the adult fare
- MOCK3-2: The departure board omits the final stop

read_file,list_files,search,codegraph_query

# What is in scope

ONE QUESTION ONLY: does the generated prompt state anything about this project that is FALSE?

A claim is in scope when it can be checked against a repository — a path, a file, a directory, a dependency, a command, a framework, a convention, a symbol, an ownership statement ('X owns Y'). Open the codelines and check it.

Examples of a finding:
- it names a test directory, file suffix or framework this codeline does not use
- it names a dependency, script or command the manifest does not declare
- it asserts a file, module or symbol exists that does not
- it attributes behaviour to a file that does not contain it
- it describes a codeline this project does not have, or confuses two that it does
- it instructs the agent to run something this codeline cannot run

# What is NOT in scope

Do not review wording, tone, length, structure or ambition. Do not propose improvements. Do not object that the prompt is too close to, or too far from, the template — how far it may diverge is decided elsewhere, and the placeholder contract is already enforced mechanically.

A prompt that says nothing false is SOUND, however plain it is.

# Evidence

Return every defect you can evidence, and nothing you cannot. For each finding, say what you CHECKED and what you FOUND, naming the file or manifest you read. A finding without a check is an opinion, and an opinion about a prompt is not a defect.

Where a finding turns on whether a named path or dependency is present, fill in the verification field as well as the prose. The pipeline re-runs that exact check against the repository and DISCARDS any finding the check refutes — so a careless reading costs nothing, and a correct one is confirmed independently of how convincingly you argued it.

If every claim checks out, return no findings. An empty finding list from a review that RAN is the correct answer for a sound prompt.

# How to return the verdict

Emit the verdict INLINE as the last thing you write, wrapped in these exact tags. Do not write it to a file, and do not use a tool to deliver it — a verdict delivered any other way is not read, and the prompt is then installed unreviewed.

<PROMPT_REVIEW>
{"falseClaims": []}
</PROMPT_REVIEW>

# Output
Based on my verification of the repository, I found one clear false claim:

## Verification Performed

**Checked:**
1. Codelines: mocka at `/home/bradleyjerome/projects/mock3/mock-a` ✓ and mockb at `/home/bradleyjerome/projects/mock3/mock-b` ✓
2. Dependencies: Both codelines have `vitest` and `typescript` ✓
3. Source files: `src/fares.ts` in mocka ✓ and `src/schedule.ts` in mockb ✓  
4. Ticket descriptions: Read prd.json, bridge-contract.json, and story files MOCK3-1.md and MOCK3-2.md
5. Role names: Read `/home/bradleyjerome/projects/mock3/orchestrations/agents/profiles.json`

## Finding

**False claim about MOCK3-1 fare requirement:**

The prompt states: "MOCK3-1 involves a boundary condition in age-based fare calculation — riders exactly aged 65 should be charged adult fare, but the current logic produces the wrong result."

This is FALSE. According to prd.json, the story title is "Riders aged exactly 65 are charged the **adult fare**" — describing the defect (what currently happens), and the description clarifies: "The fare rules say riders aged 65 and over pay the **concession fare**. A rider aged exactly 65 is charged the full **adult fare** of 350 cents **instead of 175** [concession]."

The correct statement is that riders aged 65 should be charged **concession fare** (175 cents), not adult fare (350 cents). The prompt reverses the requirement.

**Verified path:** prd.json line 25, bridge-contract.json lines 117-123

<PROMPT_REVIEW>
{"falseClaims": [{"category": "correctness", "file": "generated-prompt", "summary": "MOCK3-1 fare requirement misstated: riders aged 65 should be charged concession fare, not adult fare", "failure_scenario": "The prompt claims riders aged 65 should be charged adult fare, but the correct requirement (per prd.json and bridge-contract.json) is that they should be charged concession fare (175 cents, not 350 cents). The prompt describes the bug backwards.", "short_summary": "Age-65 fare requirement reversed: should be concession, not adult"}]}
</PROMPT_REVIEW>
