# Prompt


You are reviewing a PROJECT PROMPT that was generated by specialising a generic template for this specific project. Another agent will receive it as its system prompt and act on every claim in it.

## Project Context for This Review

This review concerns the **mock3 project**, which has two parallel codelines working on separate tickets:

**Codeline: mocka** (`/home/bradleyjerome/projects/mock3/mock-a`)
- Dependencies: vitest, typescript
- Ticket MOCK3-1: targets changes to `src/fares.ts` (age boundary comparison for riders aged exactly 65)
- Assigned roles: mocka-detective (investigator), fare-rules-engineer (implementer)

**Codeline: mockb** (`/home/bradleyjerome/projects/mock3/mock-b`)
- Dependencies: vitest, typescript
- Ticket MOCK3-2: targets changes to `src/schedule.ts` (stop-rendering loop bounds, final stop omission)
- Assigned roles: mockb-detective (investigator), schedule-display-engineer (implementer)

When verifying the generated prompt, check that it:
- Correctly names the codeline it targets (mocka or mockb; do not confuse them)
- Accurately lists dependencies (both codelines use vitest and typescript; no others are declared)
- Correctly identifies the files and modules in scope (src/fares.ts for MOCK3-1, src/schedule.ts for MOCK3-2)
- Names only the four roles minted for this project (no canonical roles apply)
- Does not claim test frameworks, build commands, or patterns not supported by vitest and typescript

THE GENERIC TEMPLATE IT WAS DERIVED FROM:
## Root Cause Analysis & Prescribed Fix (AUTHORITATIVE — start here, do not re-trace)
A code investigation already traced this bug to its cause and prescribed the minimal fix below. This is the plan of record. Apply it; do NOT re-read the whole codebase to re-derive it.

The Acceptance Criteria above describe the desired END BEHAVIOR to VERIFY — they are NOT an implementation blueprint. Do not re-architect, split values, or add new fields/abstractions to satisfy an AC literally when the prescribed minimal fix already makes that AC pass. Implement the fix below; the ACs are how you check you got it right.

HARD RULES:
- Make the SMALLEST change that fixes the root cause. Fewer lines of code is always better.
- REUSE existing functions. Before writing any new helper, search the repo for an existing util/parser/formatter that already does what you need (use the CodeGraph tool documented below) and call it. Writing novel code when a helper already exists is a defect to be rejected in review.
## What Your Last Attempt Did
This is a diffstat, not a judgement — it is what is on disk, unedited. It is EVIDENCE, not an instruction: it does not tell you the work was right, and it does not tell you to undo it. Read it to see what you already changed, so you extend that work rather than rediscovering it or repeating it.

THE GENERATED PROJECT PROMPT UNDER REVIEW (id: story-writer):
## Root Cause Analysis & Prescribed Fix (AUTHORITATIVE — start here, do not re-trace)
A code investigation already traced this bug to its cause and prescribed the minimal fix below. This is the plan of record. Apply it; do NOT re-read the whole codebase to re-derive it.

The Acceptance Criteria above describe the desired END BEHAVIOR to VERIFY — they are NOT an implementation blueprint. Do not re-architect, split values, or add new fields/abstractions to satisfy an AC literally when the prescribed minimal fix already makes that AC pass. Implement the fix below; the ACs are how you check you got it right.

HARD RULES:
- Make the SMALLEST change that fixes the root cause. Fewer lines of code is always better.
- REUSE existing functions. Before writing any new helper, search the repo for an existing util/parser/formatter that already does what you need and call it. Writing novel code when a helper already exists is a defect to be rejected in review.

PROJECT CONTEXT FOR mock3:
This project has two independent codelines: mock-a (mocka) and mock-b (mockb). Each has its own vitest test suite and TypeScript compilation. MOCK3-1 involves mocka's fare logic. MOCK3-2 involves mockb's schedule rendering. Investigators (mocka-detective / mockb-detective) confirm exact bug boundaries and test coverage before implementers (fare-rules-engineer / schedule-display-engineer) edit code. Always run the relevant codeline's vitest suite after making changes to verify your fix does not break existing tests.

## What Your Last Attempt Did
This is a diffstat, not a judgement — it is what is on disk, unedited. It is EVIDENCE, not an instruction: it does not tell you the work was right, and it does not tell you to undo it. Read it to see what you already changed, so you extend that work rather than rediscovering it or repeating it.

THE CODELINES THIS PROJECT WORKS ON, and what each one declares:
- mocka
- mockb

THE WORK THE PROJECT WAS ASKED TO DO:
- MOCK3-1: Riders aged exactly 65 are charged the adult fare
- MOCK3-2: The departure board omits the final stop

read_file,list_files,search,codegraph_query

# What is in scope

ONE QUESTION ONLY: does the generated prompt state anything about this project that is FALSE?

A claim is in scope when it can be checked against a repository — a path, a file, a directory, a dependency, a command, a framework, a convention, a symbol, an ownership statement ('X owns Y'). Open the codelines and check it.

Examples of a finding:
- it names a test directory, file suffix or framework this codeline does not use
- it names a dependency, script or command the manifest does not declare
- it asserts a file, module or symbol exists that does not
- it attributes behaviour to a file that does not contain it
- it describes a codeline this project does not have, or confuses two that it does
- it instructs the agent to run something this codeline cannot run

# What is NOT in scope

Do not review wording, tone, length, structure or ambition. Do not propose improvements. Do not object that the prompt is too close to, or too far from, the template — how far it may diverge is decided elsewhere, and the placeholder contract is already enforced mechanically.

A prompt that says nothing false is SOUND, however plain it is.

# Evidence

Return every defect you can evidence, and nothing you cannot. For each finding, say what you CHECKED and what you FOUND, naming the file or manifest you read. A finding without a check is an opinion, and an opinion about a prompt is not a defect.

Where a finding turns on whether a named path or dependency is present, fill in the verification field as well as the prose. The pipeline re-runs that exact check against the repository and DISCARDS any finding the check refutes — so a careless reading costs nothing, and a correct one is confirmed independently of how convincingly you argued it.

If every claim checks out, return no findings. An empty finding list from a review that RAN is the correct answer for a sound prompt.

# How to return the verdict

Emit the verdict INLINE as the last thing you write, wrapped in these exact tags. Do not write it to a file, and do not use a tool to deliver it — a verdict delivered any other way is not read, and the prompt is then installed unreviewed.

<PROMPT_REVIEW>
{"falseClaims": []}
</PROMPT_REVIEW>

# Output
Based on my review of the repository, I found one clear false claim in the generated project prompt:

**CHECKED:** Role names in the project files
- **orchestrations/agents/profiles.json** (authoritative agent definitions): defines "fare-boundary-engineer" and "departure-board-engineer"
- **prd.json**: references "fare-boundary-engineer" for mocka
- **agent-profile-augmentations.md**: references "fare-calculation-engineer" and "schedule-display-engineer"

**FOUND:** The prompt claims the mocka implementer role is **"fare-rules-engineer"**, but this name does not appear anywhere in the project files. The authoritative profiles.json file defines it as **"fare-boundary-engineer"** instead.

Additionally, there is an inconsistency with the mockb implementer role: the prompt claims **"schedule-display-engineer"**, which appears in agent-profile-augmentations.md but not in the authoritative orchestrations/agents/profiles.json, which defines it as **"departure-board-engineer"**.

All other claims check out:
- ✓ Codelines mocka and mockb exist at the claimed paths
- ✓ Both codelines declare vitest and typescript as dependencies  
- ✓ Files src/fares.ts and src/schedule.ts exist as claimed
- ✓ Both codelines have vitest test suites
- ✓ MOCK3-1 and MOCK3-2 are documented in the project stories

<PROMPT_REVIEW>
{"falseClaims": [{"file": "generated-prompt", "summary": "The prompt names the mocka implementer role as 'fare-rules-engineer', which does not exist in the project. The authoritative orchestrations/agents/profiles.json defines this role as 'fare-boundary-engineer' instead.", "failure_scenario": "An agent receives the prompt claiming the role is 'fare-rules-engineer', but when looking up role definitions in profiles.json, only 'fare-boundary-engineer' is found for mocka/MOCK3-1.", "short_summary": "mocka implementer role 'fare-rules-engineer' does not exist in project files"}]}
</PROMPT_REVIEW>
