# Prompt


You are reviewing a PROJECT PROMPT that was generated by specialising a generic template for this specific project. Another agent will receive it as its system prompt and act on every claim in it.

## Project Context for This Review

This review concerns the **mock3 project**, which has two parallel codelines working on separate tickets:

**Codeline: mocka** (`/home/bradleyjerome/projects/mock3/mock-a`)
- Dependencies: vitest, typescript
- Ticket MOCK3-1: targets changes to `src/fares.ts` (age boundary comparison for riders aged exactly 65)
- Assigned roles: mocka-detective (investigator), fare-rules-engineer (implementer)

**Codeline: mockb** (`/home/bradleyjerome/projects/mock3/mock-b`)
- Dependencies: vitest, typescript
- Ticket MOCK3-2: targets changes to `src/schedule.ts` (stop-rendering loop bounds, final stop omission)
- Assigned roles: mockb-detective (investigator), schedule-display-engineer (implementer)

When verifying the generated prompt, check that it:
- Correctly names the codeline it targets (mocka or mockb; do not confuse them)
- Accurately lists dependencies (both codelines use vitest and typescript; no others are declared)
- Correctly identifies the files and modules in scope (src/fares.ts for MOCK3-1, src/schedule.ts for MOCK3-2)
- Names only the four roles minted for this project (no canonical roles apply)
- Does not claim test frameworks, build commands, or patterns not supported by vitest and typescript

THE GENERIC TEMPLATE IT WAS DERIVED FROM:
__ANALYST_PROFILE__

STORY: __STORY_ID__
AGENT ROLE: __STORY_ROLE__

CURRENT TEST CRITERIA (TC facts when available, ACs as fallback):
__STORY_ACS__

AGENT SKILL ADDENDUM (instructions in the agent's system prompt):
__SKILL_ADDENDUM__

DEPENDENCY CONTRACTS (ground truth — auto-generated from actual source, not
model-transcribed; trust this over any assumption you'd otherwise make about
what a dependency exports, including its exact class/function names and
casing):
__DEPENDENCY_CONTRACTS__

TEST FAILURE OUTPUT:
__VERIFICATION_FAILURE__

You have read-only tools available (list/search/read files, run read-only
shell commands). If the failure claims something about the filesystem or an
installed package — "not installed," "missing," "does not exist," a wrong
path — VERIFY it with your tools before stating it as your diagnosis. Do not
assume; a confident wrong diagnosis is worse than a slower correct one,
because every retry after it repeats the same mistake unchanged. Your tool
budget is small — check the ONE fact your diagnosis depends on, not the
whole codebase.

Output ONLY a single JSON object. No markdown fences, no prose outside the JSON:
{"diagnosis":"<one sentence: what specifically went wrong in the code>","target":"prd|tc|skill|kb|tool|none","ac_patches":[{"index":<0-based AC index>,"new_text":"<exact replacement text for that AC>"}],"tc_patches":[{"index":<0-based TC fact index>,"new_text":"<exact replacement text for that TC fact>"}],"skill_note":"<if target=skill or target=kb: concrete coding instruction>","tool_spec":{"name":"<kebab-case tool name, e.g. add-dependency>","purpose":"<one sentence: what repeated mechanical step this automates>","recipe":"<the exact shell commands the tool script should run, using $1 $2 ... for its arguments>"},"reason":"<why this change prevents the same failure on retry>"}

Decision rules:
- target=prd: the AC wording was ambiguous or contradictory, causing the agent to write wrong code. Fix the AC.
- target=tc: the testCriteria facts are wrong or incomplete — the test agent followed them but they described incorrect behavior. Fix the TC facts.
- target=skill: the agent used a bad coding pattern that should be injected into this retry's prompt only. This INCLUDES any diagnosis that names a specific, checkable fact about a type, property, field, or signature (e.g. "missing required X field", "Config doesn't match Y's type", "wrong argument count for Z") — that fact will not change no matter how many times or how strong a model you retry with, so it must be told, not re-guessed.
- target=kb: the failure reveals a reusable coding rule that ALL future agents with this agent role should know — append to the role-specific KB.
- target=tool: the failure is a repeated MECHANICAL step (not a knowledge gap) that a small shell script can perform reliably every time — e.g. "add a dependency to this codeline's manifest (__MANIFEST_FILE__) and install it before importing it". Only use target=tool when a KB rule alone has already failed to prevent the same class of failure, or the fix is a multi-step shell recipe error-prone to repeat by hand. Provide tool_spec.
- target=none: reserved for a genuinely non-reproducible mistake — a stray typo, a one-off slip with no identifiable pattern — where your own diagnosis does not name a specific, checkable, nameable fact (a property, type, field, or signature) that a future attempt could look up and get right. If your diagnosis DOES name such a fact, that is deterministic, not transient, and target=none is the wrong answer even if you are uncertain what the exact correct value should be — use target=skill and describe the fact you found, even incompletely, rather than defaulting to a retry that cannot discover it on its own.
- Only include ac_patches when target=prd, tc_patches when target=tc; use [] for other targets. Only include tool_spec when target=tool; omit otherwise.
- skill_note must be AT MOST __SKILL_NOTE_MAX__ characters. It is injected into a retry prompt and may persist into the agent's profile, so a note past that length is rejected and has to be rewritten before the retry can use it — write within it the first time.
- skill_note must be a concrete "do/don't" instruction, written so it can be ACTED ON without further interpretation:
  * OPEN WITH AN IMPERATIVE VERB (Use, Always, Never, Prefer, Avoid). A note opening with a subordinate clause ("When integrating X, ...") is reformatted before storage, which costs a round trip and risks losing detail.
  * STATE THE RULE COMPLETELY. A note that stops mid-sentence is worse than no note, because the reader cannot tell it is incomplete and will act on the fragment.
  * CARRY ANY LITERAL VERBATIM AND UNABBREVIATED — a regex, a path, a command, a flag, a config value. Never elide one with "..." or "e.g.", and never shorten it to save space. THE LITERAL IS THE FIX; the prose around it is not actionable without it.
  * If the complete literal will not fit alongside the explanation, KEEP THE LITERAL AND SHORTEN THE EXPLANATION. Never the reverse.
  * Example: "Never use backtick template literals in test files — use single-quoted strings only."
- tool_spec.recipe must be idempotent shell — safe to run more than once (e.g. check before installing).
- Keep diagnosis under 20 words, reason under 15 words.

## What The Failed Attempt Actually Did

__ATTEMPT_CHANGES__

This is a diffstat, not a judgement. It is the evidence you were previously asked to diagnose
without: an attempt that changed nothing and an attempt that rewrote four files produce the same
error text, and they are not the same failure. If the summary says NO files were changed, the
question is why the implementer produced nothing — not what is wrong with code that does not
exist. You have tools: open the files named here before concluding anything about them.


THE GENERATED PROJECT PROMPT UNDER REVIEW (id: failure-analyst):
__ANALYST_PROFILE__

STORY: __STORY_ID__
AGENT ROLE: __STORY_ROLE__

PROJECT CONTEXT: This project (mock3) has two codelines, mocka (/home/bradleyjerome/projects/mock3/mock-a) and mockb (/home/bradleyjerome/projects/mock3/mock-b), each depending only on vitest and typescript. MOCK3-1 is an age-boundary bug in mocka's fare logic (src/fares.ts, owned by fare-rules-engineer, investigated by mocka-detective). MOCK3-2 is a missing-final-stop bug in mockb's schedule module (src/schedule.ts, owned by schedule-display-engineer, investigated by mockb-detective). Do not assume a test file's location or naming from this list — verify it with your read-only tools before citing it in a diagnosis, since only vitest and typescript are declared dependencies and no test file path is established fact.

CURRENT TEST CRITERIA (TC facts when available, ACs as fallback):
__STORY_ACS__

AGENT SKILL ADDENDUM (instructions in the agent's system prompt):
__SKILL_ADDENDUM__

DEPENDENCY CONTRACTS (ground truth — auto-generated from actual source, not
model-transcribed; trust this over any assumption you'd otherwise make about
what a dependency exports, including its exact class/function names and
casing):
__DEPENDENCY_CONTRACTS__

TEST FAILURE OUTPUT:
__VERIFICATION_FAILURE__

You have read-only tools available (list/search/read files, run read-only
shell commands). If the failure claims something about the filesystem or an
installed package — "not installed," "missing," "does not exist," a wrong
path — VERIFY it with your tools before stating it as your diagnosis. Do not
assume; a confident wrong diagnosis is worse than a slower correct one,
because every retry after it repeats the same mistake unchanged. Your tool
budget is small — check the ONE fact your diagnosis depends on, not the
whole codebase.

Output ONLY a single JSON object. No markdown fences, no prose outside the JSON:
{"diagnosis":"<one sentence: what specifically went wrong in the code>","target":"prd|tc|skill|kb|tool|none","ac_patches":[{"index":<0-based AC index>,"new_text":"<exact replacement text for that AC>"}],"tc_patches":[{"index":<0-based TC fact index>,"new_text":"<exact replacement text for that TC fact>"}],"skill_note":"<if target=skill or target=kb: concrete coding instruction>","tool_spec":{"name":"<kebab-case tool name, e.g. add-dependency>","purpose":"<one sentence: what repeated mechanical step this automates>","recipe":"<the exact shell commands the tool script should run, using $1 $2 ... for its arguments>"},"reason":"<why this change prevents the same failure on retry>"}

Decision rules:
- target=prd: the AC wording was ambiguous or contradictory, causing the agent to write wrong code. Fix the AC.
- target=tc: the testCriteria facts are wrong or incomplete — the test agent followed them but they described incorrect behavior. Fix the TC facts.
- target=skill: the agent used a bad coding pattern that should be injected into this retry's prompt only. This INCLUDES any diagnosis that names a specific, checkable fact about a type, property, field, or signature (e.g. "missing required X field", "Config doesn't match Y's type", "wrong argument count for Z") — that fact will not change no matter how many times or how strong a model you retry with, so it must be told, not re-guessed.
- target=kb: the failure reveals a reusable coding rule that ALL future agents with this agent role should know — append to the role-specific KB.
- target=tool: the failure is a repeated MECHANICAL step (not a knowledge gap) that a small shell script can perform reliably every time — e.g. "add a dependency to this codeline's manifest (__MANIFEST_FILE__) and install it before importing it". Only use target=tool when a KB rule alone has already failed to prevent the same class of failure, or the fix is a multi-step shell recipe error-prone to repeat by hand. Provide tool_spec.
- target=none: reserved for a genuinely non-reproducible mistake — a stray typo, a one-off slip with no identifiable pattern — where your own diagnosis does not name a specific, checkable, nameable fact (a property, type, field, or signature) that a future attempt could look up and get right. If your diagnosis DOES name such a fact, that is deterministic, not transient, and target=none is the wrong answer even if you are uncertain what the exact correct value should be — use target=skill and describe the fact you found, even incompletely, rather than defaulting to a retry that cannot discover it on its own.
- Only include ac_patches when target=prd, tc_patches when target=tc; use [] for other targets. Only include tool_spec when target=tool; omit otherwise.
- skill_note must be AT MOST __SKILL_NOTE_MAX__ characters. It is injected into a retry prompt and may persist into the agent's profile, so a note past that length is rejected and has to be rewritten before the retry can use it — write within it the first time.
- skill_note must be a concrete "do/don't" instruction, written so it can be ACTED ON without further interpretation:
  * OPEN WITH AN IMPERATIVE VERB (Use, Always, Never, Prefer, Avoid). A note opening with a subordinate clause ("When integrating X, ...") is reformatted before storage, which costs a round trip and risks losing detail.
  * STATE THE RULE COMPLETELY. A note that stops mid-sentence is worse than no note, because the reader cannot tell it is incomplete and will act on the fragment.
  * CARRY ANY LITERAL VERBATIM AND UNABBREVIATED — a regex, a path, a command, a flag, a config value. Never elide one with "..." or "e.g.", and never shorten it to save space. THE LITERAL IS THE FIX; the prose around it is not actionable without it.
  * If the complete literal will not fit alongside the explanation, KEEP THE LITERAL AND SHORTEN THE EXPLANATION. Never the reverse.
  * Example: "Never use backtick template literals in test files — use single-quoted strings only."
- tool_spec.recipe must be idempotent shell — safe to run more than once (e.g. check before installing).
- Keep diagnosis under 20 words, reason under 15 words.

## What The Failed Attempt Actually Did

__ATTEMPT_CHANGES__

This is a diffstat, not a judgement. It is the evidence you were previously asked to diagnose
without: an attempt that changed nothing and an attempt that rewrote four files produce the same
error text, and they are not the same failure. If the summary says NO files were changed, the
question is why the implementer produced nothing — not what is wrong with code that does not
exist. You have tools: open the files named here before concluding anything about them.

THE CODELINES THIS PROJECT WORKS ON, and what each one declares:
- mocka
- mockb

THE WORK THE PROJECT WAS ASKED TO DO:
- MOCK3-1: Riders aged exactly 65 are charged the adult fare
- MOCK3-2: The departure board omits the final stop

read_file,list_files,search,codegraph_query

# What is in scope

ONE QUESTION ONLY: does the generated prompt state anything about this project that is FALSE?

A claim is in scope when it can be checked against a repository — a path, a file, a directory, a dependency, a command, a framework, a convention, a symbol, an ownership statement ('X owns Y'). Open the codelines and check it.

Examples of a finding:
- it names a test directory, file suffix or framework this codeline does not use
- it names a dependency, script or command the manifest does not declare
- it asserts a file, module or symbol exists that does not
- it attributes behaviour to a file that does not contain it
- it describes a codeline this project does not have, or confuses two that it does
- it instructs the agent to run something this codeline cannot run

# What is NOT in scope

Do not review wording, tone, length, structure or ambition. Do not propose improvements. Do not object that the prompt is too close to, or too far from, the template — how far it may diverge is decided elsewhere, and the placeholder contract is already enforced mechanically.

A prompt that says nothing false is SOUND, however plain it is.

# Evidence

Return every defect you can evidence, and nothing you cannot. For each finding, say what you CHECKED and what you FOUND, naming the file or manifest you read. A finding without a check is an opinion, and an opinion about a prompt is not a defect.

Where a finding turns on whether a named path or dependency is present, fill in the verification field as well as the prose. The pipeline re-runs that exact check against the repository and DISCARDS any finding the check refutes — so a careless reading costs nothing, and a correct one is confirmed independently of how convincingly you argued it.

If every claim checks out, return no findings. An empty finding list from a review that RAN is the correct answer for a sound prompt.

# How to return the verdict

Emit the verdict INLINE as the last thing you write, wrapped in these exact tags. Do not write it to a file, and do not use a tool to deliver it — a verdict delivered any other way is not read, and the prompt is then installed unreviewed.

<PROMPT_REVIEW>
{"falseClaims": []}
</PROMPT_REVIEW>

# Output
All concrete claims check out: mocka lives at `/home/bradleyjerome/projects/mock3/mock-a` with `src/fares.ts`, mockb at `/home/bradleyjerome/projects/mock3/mock-b` with `src/schedule.ts`, and both `package.json` files declare only `vitest` and `typescript` as dependencies, matching the prompt exactly. The prompt also correctly hedges on ownership/role attributions and test-file locations by explicitly instructing the agent to verify them rather than asserting them as fact.

**Checked:**
- `mock-a/package.json` → devDependencies: vitest ^2.1.9, typescript ^5.6.0 only — matches
- `mock-b/package.json` → devDependencies: vitest ^2.1.9, typescript ^5.6.0 only — matches
- `mock-a/src/` → contains `fares.ts` — matches MOCK3-1 claim
- `mock-b/src/` → contains `schedule.ts` — matches MOCK3-2 claim
- Directory paths for both codelines — exist exactly as stated

No false claims found.

<PROMPT_REVIEW>
{"falseClaims": []}
</PROMPT_REVIEW>
