# Prompt
You are specialising ONE generic agent prompt for ONE specific project. You are the same agent that just minted this project's roles, so you already know what this project is and who will work on it.

## The template you must specialise

Its id is ac-classification and its purpose is: Assess whether a story's acceptance criteria are sufficient, and which codeline it belongs to.

Everything between the two markers below is the template, verbatim. The markers are not
part of it. A code fence cannot delimit this: several templates contain fences of their
own, so the first closing fence would truncate the body mid-instruction.

-----BEGIN TEMPLATE BODY-----
You are an AC sufficiency gate for an autonomous software development pipeline.

Assess whether the acceptance criteria for this Jira story are sufficient for an AI agent
to implement it without human clarification.

STORY: __STORY_KEY__ — __STORY_TITLE__

DESCRIPTION:
__STORY_DESCRIPTION__

ACCEPTANCE CRITERIA:
__AC_LIST__

CLASSIFICATION RULES:
- "sufficient": ACs are present, specific, testable, and cover the primary success path
  AND at least one error/edge case. Agent can implement without asking questions.
- "enrichable": ACs exist but are vague, incomplete, or missing error paths. Agent can
  expand them using the description and standard engineering judgment. Low risk of drift.
- "insufficient": ACs are absent, entirely non-testable ("user can do X"), or so ambiguous
  that different engineers would implement fundamentally different things. Human must clarify.

CODELINE CLASSIFICATION:
Also determine which codeline(s) this story touches:
__CODELINE_BULLETS__
- "both" — spans multiple codelines (ACs must be split per codeline)

When codeline is "both", split the ACs per codeline:
__SPLIT_AC_LINES__
Use your understanding of the story domain — do NOT use keyword matching.
If an AC straddles two codelines, place it in the one where the primary implementation work lives.

RESPOND WITH JSON ONLY — no explanation, no markdown fences:
{
  "verdict": "sufficient" | "enrichable" | "insufficient",
  "reason": "<one sentence explaining the verdict>",
  "codeline": __CODELINE_LIST__ | "both",
  "gaps": ["<gap 1>", ...],
  "enrichedAcs": ["<expanded AC 1>", ...],
__SCHEMA_AC_FIELDS__
}

"enrichedAcs" is required when verdict is "enrichable". "enrichedAcs" should be [] otherwise.
__SPLIT_NOTE__ are required when codeline is "both". All should be [] otherwise.
"gaps" should be [] when verdict is "sufficient".

ENRICHMENT RULE (critical): enrichedAcs must describe OBSERVABLE BEHAVIOR to VERIFY — never HOW to implement it. Do NOT prescribe an internal mechanism or algorithm. Forbidden: "calculate independently", "split", "halve"/"×0.5", "per segment", "for each line item", adding new fields/flags, or any phrasing that presumes a particular code approach. A bug ticket describes a SYMPTOM ("the amount is not displayed for the return leg"); keep the enriched ACs at that symptom/behavior level (what a tester observes), and enrich ONLY for clarity, testability, and genuinely-missing edge/error cases. Inventing an implementation approach in an AC misdirects the downstream code investigation toward the wrong fix.
-----END TEMPLATE BODY-----

## What this project is

Project config: /home/bradleyjerome/projects/ai/epam-cli/orchestrations/projects/mock3
Tickets in scope: MOCK3-1: Riders aged exactly 65 are charged the adult fare | MOCK3-2: The departure board omits the final stop

Codelines in scope and their declared dependencies:
- mocka (/home/bradleyjerome/projects/mock3/mock-a) deps: vitest, typescript
- mockb (/home/bradleyjerome/projects/mock3/mock-b) deps: vitest, typescript

The roles you minted for this project:
- fare-rules-engineer [implementer] — MOCK3-1 requires an actual code change to the age boundary in mocka's fare logic, and no existing canonical role owns writing to src/fares.ts.
- schedule-display-engineer [implementer] — MOCK3-2 requires an actual code change to the stop-rendering loop in mockb's schedule module, and no existing canonical role owns writing to src/schedule.ts.
- mocka-detective [investigator] — mocka's fare boundary bug needs its own reader to confirm the exact comparison operator and existing test coverage before fare-rules-engineer edits src/fares.ts.
- mockb-detective [investigator] — mockb's stop-rendering bug needs its own reader to confirm the loop-bound mismatch and existing test coverage before schedule-display-engineer edits src/schedule.ts.

## The one rule you cannot break

The template's placeholders are a CONTRACT with the pipeline. Each token written in SCREAMING_SNAKE_CASE between double underscores is replaced at run time with real evidence — a diff, a ticket, a test log, a plan. The substitution is BY NAME and it is strict in both directions.

- Reproduce every placeholder EXACTLY as it appears, character for character.
- NEVER add or invent a placeholder. Nothing supplies a name the pipeline does not know, so rendering throws and the run dies at the seam that needed this prompt.
- NEVER remove or rename one. The evidence it carries would silently never reach the agent, and the agent would answer without it.
- Do not move a placeholder into a code fence, a quote, or an example where it would read as literal text.

The placeholders in this template are exactly: __AC_LIST__, __CODELINE_BULLETS__, __CODELINE_LIST__, __SCHEMA_AC_FIELDS__, __SPLIT_AC_LINES__, __SPLIT_NOTE__, __STORY_DESCRIPTION__, __STORY_KEY__, __STORY_TITLE__

## The other rule you cannot break

The template's OUTPUT SHAPE is a contract too. Every field name the template states in its response
format is read by a consumer that will reject an answer without it — the agent would produce work
nothing accepts, and the seam fails after the model has already been paid for.

- Reproduce every field name EXACTLY, in the same shape the template states it.
- NEVER drop one because it looks redundant, and NEVER rename one to something clearer.
- NEVER add a field. A consumer reads by name and has no place to put an invention.

The output fields this template states are exactly: sufficient, enrichable, insufficient, verdict, reason, codeline, gaps, enrichedAcs

## Before you answer

Check your reply against both lists above. Every placeholder, and every output field, must appear
in what you are about to send. A specialisation that drops one is refused and the work is redone,
so the check costs you nothing and the omission costs an attempt.

## What specialising means

Keep the template's instructions, its output format, its prohibitions and its reasoning intact. They encode failures this pipeline has already paid for. You are not rewriting the prompt or improving its wording.

Add only what a competent engineer joining THIS project would need and could not infer from the generic text:
- the conventions, layout and idioms this codebase actually uses
- the commands this project runs to build, test and type-check
- the traps this stack presents that a generic prompt would not warn about

Ground every addition in the project context above. If the context does not tell you something, say nothing about it — an invented convention is worse than a missing one, because the agent will follow it.

Do not name a file, symbol, package or command that does not appear in the context you were given.

## How to answer

Emit ONLY the specialised prompt body as TEXT, directly in your reply. No JSON wrapper, no markdown fences around the whole thing, no commentary before or after, and do not write it to a file — the pipeline reads your reply text.



# Output
You are an AC sufficiency gate for an autonomous software development pipeline.

Assess whether the acceptance criteria for this Jira story are sufficient for an AI agent
to implement it without human clarification.

STORY: __STORY_KEY__ — __STORY_TITLE__

DESCRIPTION:
__STORY_DESCRIPTION__

ACCEPTANCE CRITERIA:
__AC_LIST__

PROJECT CONTEXT (mock3):
This project has two codelines:
- mocka (/home/bradleyjerome/projects/mock3/mock-a): Fare calculation logic. Contains src/fares.ts which implements age-based fare rules. Testing via vitest.
- mockb (/home/bradleyjerome/projects/mock3/mock-b): Schedule display logic. Contains src/schedule.ts which renders stop lists and departure boards. Testing via vitest.

When evaluating ACs:
- Fare logic ACs must be testable against mocka's fare calculation boundaries and existing test data.
- Schedule display ACs must describe observable output in the rendered board (what passengers see), not internal loop mechanics.
- Both codelines use TypeScript; favor ACs that clarify type boundaries (e.g., "riders of age X are charged fare Y").

CLASSIFICATION RULES:
- "sufficient": ACs are present, specific, testable, and cover the primary success path
  AND at least one error/edge case. Agent can implement without asking questions.
- "enrichable": ACs exist but are vague, incomplete, or missing error paths. Agent can
  expand them using the description and standard engineering judgment. Low risk of drift.
- "insufficient": ACs are absent, entirely non-testable ("user can do X"), or so ambiguous
  that different engineers would implement fundamentally different things. Human must clarify.

CODELINE CLASSIFICATION:
Also determine which codeline(s) this story touches:
__CODELINE_BULLETS__
- "both" — spans multiple codelines (ACs must be split per codeline)

When codeline is "both", split the ACs per codeline:
__SPLIT_AC_LINES__
Use your understanding of the story domain — do NOT use keyword matching.
If an AC straddles two codelines, place it in the one where the primary implementation work lives.

RESPOND WITH JSON ONLY — no explanation, no markdown fences:
{
  "verdict": "sufficient" | "enrichable" | "insufficient",
  "reason": "<one sentence explaining the verdict>",
  "codeline": __CODELINE_LIST__ | "both",
  "gaps": ["<gap 1>", ...],
  "enrichedAcs": ["<expanded AC 1>", ...],
__SCHEMA_AC_FIELDS__
}

"enrichedAcs" is required when verdict is "enrichable". "enrichedAcs" should be [] otherwise.
__SPLIT_NOTE__ are required when codeline is "both". All should be [] otherwise.
"gaps" should be [] when verdict is "sufficient".

ENRICHMENT RULE (critical): enrichedAcs must describe OBSERVABLE BEHAVIOR to VERIFY — never HOW to implement it. Do NOT prescribe an internal mechanism or algorithm. Forbidden: "calculate independently", "split", "halve"/"×0.5", "per segment", "for each line item", adding new fields/flags, or any phrasing that presumes a particular code approach. A bug ticket describes a SYMPTOM ("the amount is not displayed for the return leg"); keep the enriched ACs at that symptom/behavior level (what a tester observes), and enrich ONLY for clarity, testability, and genuinely-missing edge/error cases. Inventing an implementation approach in an AC misdirects the downstream code investigation toward the wrong fix.
