# Prompt


You are reviewing a PROJECT PROMPT that was generated by specialising a generic template for this specific project. Another agent will receive it as its system prompt and act on every claim in it.

## Project Context for This Review

This review concerns the **mock3 project**, which has two parallel codelines working on separate tickets:

**Codeline: mocka** (`/home/bradleyjerome/projects/mock3/mock-a`)
- Dependencies: vitest, typescript
- Ticket MOCK3-1: targets changes to `src/fares.ts` (age boundary comparison for riders aged exactly 65)
- Assigned roles: mocka-detective (investigator), fare-rules-engineer (implementer)

**Codeline: mockb** (`/home/bradleyjerome/projects/mock3/mock-b`)
- Dependencies: vitest, typescript
- Ticket MOCK3-2: targets changes to `src/schedule.ts` (stop-rendering loop bounds, final stop omission)
- Assigned roles: mockb-detective (investigator), schedule-display-engineer (implementer)

When verifying the generated prompt, check that it:
- Correctly names the codeline it targets (mocka or mockb; do not confuse them)
- Accurately lists dependencies (both codelines use vitest and typescript; no others are declared)
- Correctly identifies the files and modules in scope (src/fares.ts for MOCK3-1, src/schedule.ts for MOCK3-2)
- Names only the four roles minted for this project (no canonical roles apply)
- Does not claim test frameworks, build commands, or patterns not supported by vitest and typescript

THE GENERIC TEMPLATE IT WAS DERIVED FROM:
You are the codeline-discovery agent for a brownfield engineering pipeline.

Your task: given a set of Jira tickets and a manifest of local code repositories,
identify which repository (or repositories) each ticket's changes belong to.

JIRA TICKETS:
__ISSUES_SUMMARY__

REPOSITORY MANIFEST (git repos only):
__MANIFEST_SUMMARY__

THE MANIFEST ABOVE IS EVERY REPOSITORY IN THE ESTATE, in no particular order. It is
not ranked, not filtered and not scored: nothing has judged relevance before you, so
position carries no information and the first entry is not a hint.

YOU HAVE TOOLS, AND THE ANSWER IS USUALLY IN THE CODE RATHER THAN IN THIS LISTING.
Names and READMEs describe what a repository calls itself; the code shows what it
actually implements, and two sibling repositories in the same estate routinely
describe themselves almost identically.

  codegraph_query   search indexed symbols. Pass codeline=<name from the manifest>
                    to choose which repository to search; without it, a query is
                    ambiguous when several are in scope.
  search            find text across a repository.
  read_file         open a specific file.
  list_files        see how a repository is laid out.

SEARCH BEFORE YOU DECIDE. Look for the thing the ticket actually asks about — the
symbol, the component, the configuration it names — and see which repository
contains it. A repository that mentions the domain in prose and a repository that
implements it are indistinguishable from this listing alone, and only one of them
is the place the work belongs.

Rules:
1. Match each ticket to the repository whose name, packageName, or description
   best fits the ticket's domain. Use context clues: service names, domain terms,
   technology references, component names, file path mentions.
2. RETURN THE REPOSITORIES THE EVIDENCE SUPPORTS. An empty result stops the run,
   which is the correct outcome when the work genuinely cannot be placed — but it
   is almost never the honest answer, because you have tools and the estate is in
   front of you. Search first. If you still cannot ground a part of the ticket,
   put that part in "unsure" rather than selecting a repository to fill the slot:
   a guess promoted to a selection cannot be spotted afterwards, and the run will
   modify whatever you name.

2a. ONE TICKET MAY SPAN SEVERAL REPOSITORIES, and you MUST return one entry for
   each. This estate is maintained as many separate codelines, so a single
   ticket routinely covers work in more than one of them — a change with both
   front-end and back-end parts, or one applied across several product areas.
   Returning a single repository for such a ticket silently drops the rest of
   the work: those repositories are never touched, and the run reports success
   having done a fraction of the job.

   The strongest evidence is the ticket's own "components" field, which is the
   tracker's record of which product areas it touches. When a ticket names
   several distinct product areas, return the repository that owns each one.
   Do not collapse them because one candidate scored highest — the ranking
   measures textual similarity to a single repository, not how much of the
   ticket that repository covers.

   Decide the count from the ticket. Do not aim for any particular number.
3. SELECT ON EVIDENCE, NOT ON A HUNCH. Every selected repository must be grounded
   in something concrete you can point at:
     - a ticket component, label or phrase that names that product area, or
     - something in the repository itself (its name, its manifest, its code)
       that matches what the ticket asks for.
   POSITION IN THE LIST IS NOT EVIDENCE — there is no ranking to appeal to. Nor is
   "it is probably the backend for X": if you have to say likely, probably, or may
   be, you do not have evidence, you have a hunch. What you found with a tool is
   evidence, and it is the strongest kind available here.
   If a part of the ticket clearly belongs SOMEWHERE but you cannot ground it in
   one of these repositories, DO NOT SELECT ONE ANYWAY. Put it in "unsure" with
   what you could not resolve. An unresolved component is real information and a
   human can settle it; a guess promoted to a selection cannot be spotted later.
   Do not omit a candidate you CAN ground merely because another also fits — a
   ticket spanning several product areas needs all of them (rule 2a).
4. Assign each selected repo a short codeline identifier: 2-20 chars, lowercase,
   alphanumeric only, no dots or dashes. Derive it from the directory name by
   removing only decoration - a domain suffix, or an organisation or platform
   prefix - and keeping the part that actually names the product. Keep every
   remaining word: for a directory "alpha-beta-gamma" the identifier is
   "alphabetagamma", NOT "gamma". Dropping words produces an identifier that no
   longer identifies the repository.
5. Return exactly one entry only when the ticket genuinely belongs to exactly one
   repository. "One entry" is the right answer for a self-contained change, and
   the wrong answer for a ticket spanning several product areas — see rule 2a.
6. "reason" must be one sentence explaining why THIS repository was selected, and
   what part of the ticket it covers. Every selected repository needs its own
   reason — a single justification covering the whole set makes a wrong
   selection impossible to spot afterwards.
7. "evidence" must quote the CONCRETE thing that grounds the selection: the
   ticket component/label/phrase verbatim, or the file, directory, symbol or
   manifest entry you found in that repository — including what a tool returned. It is not a second reason and not a restatement —
   if you cannot fill it without hedging, the repository belongs in "unsure",
   not in "codelines".
8. REPORT WHAT AN AGENT WORKING IN THAT REPOSITORY WOULD NEED TO KNOW and could not
   read off the source — its "facts". You are the only stage that opens every
   candidate repository, so this is the one place the estate is visible at once.
   Useful facts are things like: how its tests are actually run and what they
   need in order to pass, what a build or commit hook demands before it will
   let a change through, where the source and tests live when it is not obvious,
   and any setup without which a correct change still fails.
   FACTS ARE OBSERVED, NEVER GUESSED. Each one must quote its "source": the file,
   script or manifest entry you read it from, verbatim enough that someone can
   open it and check. A fact you cannot source is a guess, and a guess here is
   handed to every agent that works in that repository as though it were
   established — worse than saying nothing. If you observed nothing beyond what
   the source already says, return an empty list. An empty list is an honest
   answer and it is reported; an invented fact is not detectable later.
   Do not restate the ticket, and do not describe what the change should be —
   these describe the REPOSITORY, and they outlive this ticket.

Output format (strict JSON, no markdown fences, no preamble, no trailing text):
{
  "codelines": [
    { "name": "<short-identifier-derived-from-the-directory-name>",
      "path": "/absolute/path/to/repo",
      "reason": "what part of the ticket this repo covers",
      "evidence": "ticket component \"<the-component-verbatim>\"",
      "facts": [
        { "text": "what an agent working here needs to know and cannot read off the source",
          "source": "the file, script or manifest entry you read it from" }
      ] }
  ],
  "unsure": [
    { "part": "the part of the ticket you could not place",
      "why": "what you would need in order to place it" }
  ]
}

THE GENERATED PROJECT PROMPT UNDER REVIEW (id: codeline-discovery):
You are the codeline-discovery agent for a brownfield engineering pipeline.

Your task: given a set of Jira tickets and a manifest of local code repositories,
identify which repository (or repositories) each ticket's changes belong to.

JIRA TICKETS:
__ISSUES_SUMMARY__

REPOSITORY MANIFEST (git repos only):
__MANIFEST_SUMMARY__

THE MANIFEST ABOVE IS EVERY REPOSITORY IN THE ESTATE, in no particular order. It is
not ranked, not filtered and not scored: nothing has judged relevance before you, so
position carries no information and the first entry is not a hint.

YOU HAVE TOOLS, AND THE ANSWER IS USUALLY IN THE CODE RATHER THAN IN THIS LISTING.
Names and READMEs describe what a repository calls itself; the code shows what it
actually implements, and two sibling repositories in the same estate routinely
describe themselves almost identically.

  codegraph_query   search indexed symbols. Pass codeline=<name from the manifest>
                    to choose which repository to search; without it, a query is
                    ambiguous when several are in scope.
  search            find text across a repository.
  read_file         open a specific file.
  list_files        see how a repository is laid out.

SEARCH BEFORE YOU DECIDE. Look for the thing the ticket actually asks about — the
symbol, the component, the configuration it names — and see which repository
contains it. A repository that mentions the domain in prose and a repository that
implements it are indistinguishable from this listing alone, and only one of them
is the place the work belongs.

PROJECT CONTEXT FOR THIS ESTATE:
- TypeScript + Vitest project
- Two codelines in scope: mocka and mockb
- Fare calculation logic is implemented in mocka's src/fares.ts; schedule display logic is in mockb's src/schedule.ts

Rules:
1. Match each ticket to the repository whose name, packageName, or description
   best fits the ticket's domain. Use context clues: service names, domain terms,
   technology references, component names, file path mentions.
2. RETURN THE REPOSITORIES THE EVIDENCE SUPPORTS. An empty result stops the run,
   which is the correct outcome when the work genuinely cannot be placed — but it
   is almost never the honest answer, because you have tools and the estate is in
   front of you. Search first. If you still cannot ground a part of the ticket,
   put that part in "unsure" rather than selecting a repository to fill the slot:
   a guess promoted to a selection cannot be spotted afterwards, and the run will
   modify whatever you name.

2a. ONE TICKET MAY SPAN SEVERAL REPOSITORIES, and you MUST return one entry for
   each. This estate is maintained as many separate codelines, so a single
   ticket routinely covers work in more than one of them — a change with both
   front-end and back-end parts, or one applied across several product areas.
   Returning a single repository for such a ticket silently drops the rest of
   the work: those repositories are never touched, and the run reports success
   having done a fraction of the job.

   The strongest evidence is the ticket's own "components" field, which is the
   tracker's record of which product areas it touches. When a ticket names
   several distinct product areas, return the repository that owns each one.
   Do not collapse them because one candidate scored highest — the ranking
   measures textual similarity to a single repository, not how much of the
   ticket that repository covers.

   Decide the count from the ticket. Do not aim for any particular number.
3. SELECT ON EVIDENCE, NOT ON A HUNCH. Every selected repository must be grounded
   in something concrete you can point at:
     - a ticket component, label or phrase that names that product area, or
     - something in the repository itself (its name, its manifest, its code)
       that matches what the ticket asks for.
   POSITION IN THE LIST IS NOT EVIDENCE — there is no ranking to appeal to. Nor is
   "it is probably the backend for X": if you have to say likely, probably, or may
   be, you do not have evidence, you have a hunch. What you found with a tool is
   evidence, and it is the strongest kind available here.
   If a part of the ticket clearly belongs SOMEWHERE but you cannot ground it in
   one of these repositories, DO NOT SELECT ONE ANYWAY. Put it in "unsure" with
   what you could not resolve. An unresolved component is real information and a
   human can settle it; a guess promoted to a selection cannot be spotted later.
   Do not omit a candidate you CAN ground merely because another also fits — a
   ticket spanning several product areas needs all of them (rule 2a).
4. Assign each selected repo a short codeline identifier: 2-20 chars, lowercase,
   alphanumeric only, no dots or dashes. Derive it from the directory name by
   removing only decoration - a domain suffix, or an organisation or platform
   prefix - and keeping the part that actually names the product. Keep every
   remaining word: for a directory "alpha-beta-gamma" the identifier is
   "alphabetagamma", NOT "gamma". Dropping words produces an identifier that no
   longer identifies the repository.
5. Return exactly one entry only when the ticket genuinely belongs to exactly one
   repository. "One entry" is the right answer for a self-contained change, and
   the wrong answer for a ticket spanning several product areas — see rule 2a.
6. "reason" must be one sentence explaining why THIS repository was selected, and
   what part of the ticket it covers. Every selected repository needs its own
   reason — a single justification covering the whole set makes a wrong
   selection impossible to spot afterwards.
7. "evidence" must quote the CONCRETE thing that grounds the selection: the
   ticket component/label/phrase verbatim, or the file, directory, symbol or
   manifest entry you found in that repository — including what a tool returned. It is not a second reason and not a restatement —
   if you cannot fill it without hedging, the repository belongs in "unsure",
   not in "codelines".
8. REPORT WHAT AN AGENT WORKING IN THAT REPOSITORY WOULD NEED TO KNOW and could not
   read off the source — its "facts". You are the only stage that opens every
   candidate repository, so this is the one place the estate is visible at once.
   Useful facts are things like: how its tests are actually run and what they
   need in order to pass, what a build or commit hook demands before it will
   let a change through, where the source and tests live when it is not obvious,
   and any setup without which a correct change still fails.
   FACTS ARE OBSERVED, NEVER GUESSED. Each one must quote its "source": the file,
   script or manifest entry you read it from, verbatim enough that someone can
   open it and check. A fact you cannot source is a guess, and a guess here is
   handed to every agent that works in that repository as though it were
   established — worse than saying nothing. If you observed nothing beyond what
   the source already says, return an empty list. An empty list is an honest
   answer and it is reported; an invented fact is not detectable later.
   Do not restate the ticket, and do not describe what the change should be —
   these describe the REPOSITORY, and they outlive this ticket.

Output format (strict JSON, no markdown fences, no preamble, no trailing text):
{
  "codelines": [
    { "name": "<short-identifier-derived-from-the-directory-name>",
      "path": "/absolute/path/to/repo",
      "reason": "what part of the ticket this repo covers",
      "evidence": "ticket component \"<the-component-verbatim>\"",
      "facts": [
        { "text": "what an agent working here needs to know and cannot read off the source",
          "source": "the file, script or manifest entry you read it from" }
      ] }
  ],
  "unsure": [
    { "part": "the part of the ticket you could not place",
      "why": "what you would need in order to place it" }
  ]
}

THE CODELINES THIS PROJECT WORKS ON, and what each one declares:
- mocka
- mockb

THE WORK THE PROJECT WAS ASKED TO DO:
- MOCK3-1: Riders aged exactly 65 are charged the adult fare
- MOCK3-2: The departure board omits the final stop

read_file,list_files,search,codegraph_query

# What is in scope

ONE QUESTION ONLY: does the generated prompt state anything about this project that is FALSE?

A claim is in scope when it can be checked against a repository — a path, a file, a directory, a dependency, a command, a framework, a convention, a symbol, an ownership statement ('X owns Y'). Open the codelines and check it.

Examples of a finding:
- it names a test directory, file suffix or framework this codeline does not use
- it names a dependency, script or command the manifest does not declare
- it asserts a file, module or symbol exists that does not
- it attributes behaviour to a file that does not contain it
- it describes a codeline this project does not have, or confuses two that it does
- it instructs the agent to run something this codeline cannot run

# What is NOT in scope

Do not review wording, tone, length, structure or ambition. Do not propose improvements. Do not object that the prompt is too close to, or too far from, the template — how far it may diverge is decided elsewhere, and the placeholder contract is already enforced mechanically.

A prompt that says nothing false is SOUND, however plain it is.

# Evidence

Return every defect you can evidence, and nothing you cannot. For each finding, say what you CHECKED and what you FOUND, naming the file or manifest you read. A finding without a check is an opinion, and an opinion about a prompt is not a defect.

Where a finding turns on whether a named path or dependency is present, fill in the verification field as well as the prose. The pipeline re-runs that exact check against the repository and DISCARDS any finding the check refutes — so a careless reading costs nothing, and a correct one is confirmed independently of how convincingly you argued it.

If every claim checks out, return no findings. An empty finding list from a review that RAN is the correct answer for a sound prompt.

# How to return the verdict

Emit the verdict INLINE as the last thing you write, wrapped in these exact tags. Do not write it to a file, and do not use a tool to deliver it — a verdict delivered any other way is not read, and the prompt is then installed unreviewed.

<PROMPT_REVIEW>
{"falseClaims": []}
</PROMPT_REVIEW>

# Output
Verification complete. I've checked all verifiable claims in the generated prompt against the actual project:

**Checked:**
- ✓ Codelines exist: mock-a and mock-b directories present (mocka/mockb are derived identifiers)
- ✓ Dependencies: Both mock-a and mock-b list `vitest` and `typescript` in devDependencies
- ✓ Files exist: src/fares.ts in mock-a, src/schedule.ts in mock-b
- ✓ Test framework: Both run tests via `vitest run` and pass successfully
- ✓ Project type: Accurately described as TypeScript + Vitest

The prompt's "PROJECT CONTEXT FOR THIS ESTATE" section accurately describes the codebase structure and files in scope. The "WORK THE PROJECT WAS ASKED TO DO" section describes the ticket requirements, not claims about current state. No dependencies, frameworks, commands, or file paths are misnamed.

<PROMPT_REVIEW>
{"falseClaims": []}
</PROMPT_REVIEW>
