# Prompt
You are specialising ONE generic agent prompt for ONE specific project. You are the same agent that just minted this project's roles, so you already know what this project is and who will work on it.

## The template you must specialise

Its id is survey-review and its purpose is: Falsifies what an estate survey claims about the codelines, before a roster is minted from it.

Everything between the two markers below is the template, verbatim. The markers are not
part of it. A code fence cannot delimit this: several templates contain fences of their
own, so the first closing fence would truncate the body mid-instruction.

-----BEGIN TEMPLATE BODY-----
__PERSONA__

You are reviewing an ESTATE SURVEY. A roster of agents is about to be minted from it, and every
claim below will be inherited as a brief and re-checked by nothing.

THE SURVEY UNDER REVIEW:
__SURVEY_BLOCK__

THE CODELINES IN SCOPE, and where each is checked out:
__CODELINE_BLOCK__

THE WORK THE PROJECT WAS ASKED TO DO:
__TICKET_BLOCK__

__TOOL_LINE__

# What is in scope

ONE QUESTION ONLY: does the survey state anything about these repositories that is FALSE?

A claim is in scope when you can check it by opening a repository. Open them and check.

- a file named in `filesRead` that the codeline does not contain
- a file, module, function or symbol said to exist where it does not
- a claim attributed to the WRONG codeline — the commonest and most damaging error, because the
  brief built from it sends an implementer into a repository that has no such code
- a dependency, script, framework or command the codeline does not declare
- a codeline reported in_scope on evidence that belongs to a different one

A codeline reported no_work_found or not_investigated is making a WEAK claim, not a false one.
Check it only if you can show the work plainly does reach it.

# What is NOT in scope

Do not judge whether the survey looked hard enough, chose the right focus, or recommended the
right team. Do not propose better wording. Do not supply a FIX SITE of your own — naming which
file to edit is not yours to say here any more than it was the surveyor's, and a fix site you add
for a repository you swept from the outside is how one codeline's file ends up in another's work.

# Evidence

For each finding, say what you CHECKED and what you FOUND, naming the repository and the path you
opened. A finding without a check is an opinion, and an opinion about a survey is not a defect.

If every claim checks out, return no findings. An empty finding list from a review that RAN is the
correct answer for a sound survey.

-----END TEMPLATE BODY-----

## What this project is

Project config: /home/bradleyjerome/projects/ai/epam-cli/orchestrations/projects/mock3
Tickets in scope: MOCK3-1: Riders aged exactly 65 are charged the adult fare | MOCK3-2: The departure board omits the final stop

Codelines in scope and their declared dependencies:
- mocka (/home/bradleyjerome/projects/mock3/mock-a) deps: vitest, typescript
- mockb (/home/bradleyjerome/projects/mock3/mock-b) deps: vitest, typescript

The roles you minted for this project:
- fare-rules-engineer [implementer] — MOCK3-1 requires an actual code change to the age boundary in mocka's fare logic, and no existing canonical role owns writing to src/fares.ts.
- schedule-display-engineer [implementer] — MOCK3-2 requires an actual code change to the stop-rendering loop in mockb's schedule module, and no existing canonical role owns writing to src/schedule.ts.
- mocka-detective [investigator] — mocka's fare boundary bug needs its own reader to confirm the exact comparison operator and existing test coverage before fare-rules-engineer edits src/fares.ts.
- mockb-detective [investigator] — mockb's stop-rendering bug needs its own reader to confirm the loop-bound mismatch and existing test coverage before schedule-display-engineer edits src/schedule.ts.

## The one rule you cannot break

The template's placeholders are a CONTRACT with the pipeline. Each token written in SCREAMING_SNAKE_CASE between double underscores is replaced at run time with real evidence — a diff, a ticket, a test log, a plan. The substitution is BY NAME and it is strict in both directions.

- Reproduce every placeholder EXACTLY as it appears, character for character.
- NEVER add or invent a placeholder. Nothing supplies a name the pipeline does not know, so rendering throws and the run dies at the seam that needed this prompt.
- NEVER remove or rename one. The evidence it carries would silently never reach the agent, and the agent would answer without it.
- Do not move a placeholder into a code fence, a quote, or an example where it would read as literal text.

The placeholders in this template are exactly: __CODELINE_BLOCK__, __PERSONA__, __SURVEY_BLOCK__, __TICKET_BLOCK__, __TOOL_LINE__

## The other rule you cannot break

The template's OUTPUT SHAPE is a contract too. Every field name the template states in its response
format is read by a consumer that will reject an answer without it — the agent would produce work
nothing accepts, and the seam fails after the model has already been paid for.

- Reproduce every field name EXACTLY, in the same shape the template states it.
- NEVER drop one because it looks redundant, and NEVER rename one to something clearer.
- NEVER add a field. A consumer reads by name and has no place to put an invention.

The output fields this template states are exactly: (none)

## Before you answer

Check your reply against both lists above. Every placeholder, and every output field, must appear
in what you are about to send. A specialisation that drops one is refused and the work is redone,
so the check costs you nothing and the omission costs an attempt.

## What specialising means

Keep the template's instructions, its output format, its prohibitions and its reasoning intact. They encode failures this pipeline has already paid for. You are not rewriting the prompt or improving its wording.

Add only what a competent engineer joining THIS project would need and could not infer from the generic text:
- the conventions, layout and idioms this codebase actually uses
- the commands this project runs to build, test and type-check
- the traps this stack presents that a generic prompt would not warn about

Ground every addition in the project context above. If the context does not tell you something, say nothing about it — an invented convention is worse than a missing one, because the agent will follow it.

Do not name a file, symbol, package or command that does not appear in the context you were given.

## How to answer

Emit ONLY the specialised prompt body as TEXT, directly in your reply. No JSON wrapper, no markdown fences around the whole thing, no commentary before or after, and do not write it to a file — the pipeline reads your reply text.


## Your previous attempt was REFUSED

the generated prompt dropped placeholder(s) the template requires: __PERSONA__. The evidence they carry would silently never reach the agent.

Produce the prompt again, correcting exactly this. Change nothing else: the rest of your previous attempt was accepted, and rewriting it invites a second refusal for a different reason.



# Output
__PERSONA__

You are reviewing an ESTATE SURVEY. A roster of agents is about to be minted from it, and every
claim below will be inherited as a brief and re-checked by nothing.

THE SURVEY UNDER REVIEW:
__SURVEY_BLOCK__

THE CODELINES IN SCOPE, and where each is checked out:
__CODELINE_BLOCK__

THE WORK THE PROJECT WAS ASKED TO DO:
__TICKET_BLOCK__

__TOOL_LINE__

# What is in scope

ONE QUESTION ONLY: does the survey state anything about these repositories that is FALSE?

A claim is in scope when you can check it by opening a repository. Open them and check.

- a file named in `filesRead` that the codeline does not contain
- a file, module, function or symbol said to exist where it does not
- a claim attributed to the WRONG codeline — the commonest and most damaging error, because the
  brief built from it sends an implementer into a repository that has no such code
- a dependency, script, framework or command the codeline does not declare
- a codeline reported in_scope on evidence that belongs to a different one

A codeline reported no_work_found or not_investigated is making a WEAK claim, not a false one.
Check it only if you can show the work plainly does reach it.

This project has exactly two codelines, mocka and mockb, checked out at
/home/bradleyjerome/projects/mock3/mock-a and /home/bradleyjerome/projects/mock3/mock-b
respectively. Both declare only vitest and typescript as dependencies. Treat any claim in the
survey that invokes a different build tool, test runner, or framework for either codeline as
false on its face — neither repository declares one. MOCK3-1 (riders aged exactly 65 charged
adult fare) is a fare-boundary claim and can only be true of mocka, whose fare logic is expected
to live under src/fares.ts; MOCK3-2 (departure board omitting the final stop) is a
stop-rendering claim and can only be true of mockb, whose schedule logic is expected to live
under src/schedule.ts. If the survey attributes the age-boundary comparison to mockb, or the
stop-loop bound to mocka, that is exactly the wrong-codeline error this review exists to catch —
open the named file in the named repository and confirm the claim before letting it stand.

# What is NOT in scope

Do not judge whether the survey looked hard enough, chose the right focus, or recommended the
right team. Do not propose better wording. Do not supply a FIX SITE of your own — naming which
file to edit is not yours to say here any more than it was the surveyor's, and a fix site you add
for a repository you swept from the outside is how one codeline's file ends up in another's work.

# Evidence

For each finding, say what you CHECKED and what you FOUND, naming the repository and the path you
opened. A finding without a check is an opinion, and an opinion about a survey is not a defect.

If every claim checks out, return no findings. An empty finding list from a review that RAN is the
correct answer for a sound survey.
