# Prompt


You are reviewing a PROJECT PROMPT that was generated by specialising a generic template for this specific project. Another agent will receive it as its system prompt and act on every claim in it.

## Project Context for This Review

This review concerns the **mock3 project**, which has two parallel codelines working on separate tickets:

**Codeline: mocka** (`/home/bradleyjerome/projects/mock3/mock-a`)
- Dependencies: vitest, typescript
- Ticket MOCK3-1: targets changes to `src/fares.ts` (age boundary comparison for riders aged exactly 65)
- Assigned roles: mocka-detective (investigator), fare-rules-engineer (implementer)

**Codeline: mockb** (`/home/bradleyjerome/projects/mock3/mock-b`)
- Dependencies: vitest, typescript
- Ticket MOCK3-2: targets changes to `src/schedule.ts` (stop-rendering loop bounds, final stop omission)
- Assigned roles: mockb-detective (investigator), schedule-display-engineer (implementer)

When verifying the generated prompt, check that it:
- Correctly names the codeline it targets (mocka or mockb; do not confuse them)
- Accurately lists dependencies (both codelines use vitest and typescript; no others are declared)
- Correctly identifies the files and modules in scope (src/fares.ts for MOCK3-1, src/schedule.ts for MOCK3-2)
- Names only the four roles minted for this project (no canonical roles apply)
- Does not claim test frameworks, build commands, or patterns not supported by vitest and typescript

THE GENERIC TEMPLATE IT WAS DERIVED FROM:
__AGENT_PROFILE__

You are running as __ROUTE__ inside Step 4.6 Browser E2E routing checks.
Phase: __PHASE_ID__
Story: __STORY_ID__
Story title: __STORY_TITLE__
Route reason: __ROUTE_REASON__
Complexity score: __ROUTE_SCORE__

Return strict JSON only:
{
  "agent": "__ROUTE__",
  "storyId": "__STORY_ID__",
  "phase": "__PHASE_ID__",
  "verdict": "pass|warn|fail",
  "findings": [{"severity": "blocker|major|minor", "message": "...", "file": "...", "line": 0}],
  "summary": "..."
}

THE GENERATED PROJECT PROMPT UNDER REVIEW (id: e2e-route-check):
__AGENT_PROFILE__

You are running as __ROUTE__ inside Step 4.6 Browser E2E routing checks.
Phase: __PHASE_ID__
Story: __STORY_ID__
Story title: __STORY_TITLE__
Route reason: __ROUTE_REASON__
Complexity score: __ROUTE_SCORE__

Project context: this is the mock3 project, spanning two independent codelines — mocka (/home/bradleyjerome/projects/mock3/mock-a) and mockb (/home/bradleyjerome/projects/mock3/mock-b) — each using vitest and typescript. Two tickets are in scope:
- MOCK3-1: Riders aged exactly 65 are charged the adult fare (mocka, src/fares.ts — an age-boundary comparison in the fare logic)
- MOCK3-2: The departure board omits the final stop (mockb, src/schedule.ts — a stop-rendering loop reported to stop short of the last stop)

Route your E2E pass to the codeline and story that match __STORY_ID__: if this is MOCK3-1, exercise mocka's fare flow in the browser with a rider whose age is exactly 65 and confirm the fare charged is the correct (non-adult) fare, not just that the page renders. If this is MOCK3-2, exercise mockb's departure/schedule board in the browser and confirm the final stop in the list is actually rendered on screen — do not assume the loop-bound mismatch described in the ticket is confirmed; verify what the rendered DOM actually shows for the last stop before deciding pass/warn/fail. Treat the ticket title and any investigator/implementer notes as the hypothesis under test, not as ground truth — your job is to observe actual rendered behavior.

Return strict JSON only:
{
  "agent": "__ROUTE__",
  "storyId": "__STORY_ID__",
  "phase": "__PHASE_ID__",
  "verdict": "pass|warn|fail",
  "findings": [{"severity": "blocker|major|minor", "message": "...", "file": "...", "line": 0}],
  "summary": "..."
}

THE CODELINES THIS PROJECT WORKS ON, and what each one declares:
- mocka
- mockb

THE WORK THE PROJECT WAS ASKED TO DO:
- MOCK3-1: Riders aged exactly 65 are charged the adult fare
- MOCK3-2: The departure board omits the final stop

read_file,list_files,search,codegraph_query

# What is in scope

ONE QUESTION ONLY: does the generated prompt state anything about this project that is FALSE?

A claim is in scope when it can be checked against a repository — a path, a file, a directory, a dependency, a command, a framework, a convention, a symbol, an ownership statement ('X owns Y'). Open the codelines and check it.

Examples of a finding:
- it names a test directory, file suffix or framework this codeline does not use
- it names a dependency, script or command the manifest does not declare
- it asserts a file, module or symbol exists that does not
- it attributes behaviour to a file that does not contain it
- it describes a codeline this project does not have, or confuses two that it does
- it instructs the agent to run something this codeline cannot run

# What is NOT in scope

Do not review wording, tone, length, structure or ambition. Do not propose improvements. Do not object that the prompt is too close to, or too far from, the template — how far it may diverge is decided elsewhere, and the placeholder contract is already enforced mechanically.

A prompt that says nothing false is SOUND, however plain it is.

# Evidence

Return every defect you can evidence, and nothing you cannot. For each finding, say what you CHECKED and what you FOUND, naming the file or manifest you read. A finding without a check is an opinion, and an opinion about a prompt is not a defect.

Where a finding turns on whether a named path or dependency is present, fill in the verification field as well as the prose. The pipeline re-runs that exact check against the repository and DISCARDS any finding the check refutes — so a careless reading costs nothing, and a correct one is confirmed independently of how convincingly you argued it.

If every claim checks out, return no findings. An empty finding list from a review that RAN is the correct answer for a sound prompt.

# How to return the verdict

Emit the verdict INLINE as the last thing you write, wrapped in these exact tags. Do not write it to a file, and do not use a tool to deliver it — a verdict delivered any other way is not read, and the prompt is then installed unreviewed.

<PROMPT_REVIEW>
{"falseClaims": []}
</PROMPT_REVIEW>

# Output
All checks pass:

- **Codelines**: `mocka` at `/home/bradleyjerome/projects/mock3/mock-a`, `mockb` at `/home/bradleyjerome/projects/mock3/mock-b` — confirmed to exist, correctly attributed.
- **Dependencies**: both `package.json` files declare only `vitest` and `typescript` as devDependencies — matches.
- **Files in scope**: `mock-a/src/fares.ts` and `mock-b/src/schedule.ts` both exist — confirmed.
- **MOCK3-1 description**: `fares.ts:10` (`if (rider.age > 65) return CONCESSION_FARE_CENTS;`) — an age-boundary comparison; age exactly 65 falls through to `BASE_FARE_CENTS` (adult fare). Accurately described as an age-boundary comparison in the fare logic.
- **MOCK3-2 description**: `schedule.ts:6` (`for (let i = 0; i < stops.length - 1; i++)`) — a stop-rendering loop that stops one short of the last stop, omitting the final stop from `formatStops`. Accurately described.
- The prompt correctly frames these ticket descriptions as hypotheses to verify via rendered DOM, not asserted ground truth, which matches the actual code (the bugs are real but the prompt doesn't overclaim).
- No roles, frameworks, commands, or codelines are named beyond what's declared (this prompt doesn't even name the four roles, and doesn't invoke test frameworks/build commands beyond vitest/typescript already in scope).

No false claims found.

<PROMPT_REVIEW>
{"falseClaims": []}
</PROMPT_REVIEW>
