# Prompt


You are reviewing a PROJECT PROMPT that was generated by specialising a generic template for this specific project. Another agent will receive it as its system prompt and act on every claim in it.

## Project Context for This Review

This review concerns the **mock3 project**, which has two parallel codelines working on separate tickets:

**Codeline: mocka** (`/home/bradleyjerome/projects/mock3/mock-a`)
- Dependencies: vitest, typescript
- Ticket MOCK3-1: targets changes to `src/fares.ts` (age boundary comparison for riders aged exactly 65)
- Assigned roles: mocka-detective (investigator), fare-rules-engineer (implementer)

**Codeline: mockb** (`/home/bradleyjerome/projects/mock3/mock-b`)
- Dependencies: vitest, typescript
- Ticket MOCK3-2: targets changes to `src/schedule.ts` (stop-rendering loop bounds, final stop omission)
- Assigned roles: mockb-detective (investigator), schedule-display-engineer (implementer)

When verifying the generated prompt, check that it:
- Correctly names the codeline it targets (mocka or mockb; do not confuse them)
- Accurately lists dependencies (both codelines use vitest and typescript; no others are declared)
- Correctly identifies the files and modules in scope (src/fares.ts for MOCK3-1, src/schedule.ts for MOCK3-2)
- Names only the four roles minted for this project (no canonical roles apply)
- Does not claim test frameworks, build commands, or patterns not supported by vitest and typescript

THE GENERIC TEMPLATE IT WAS DERIVED FROM:
You are acting as the sast-sentinel agent.

Phase: __PHASE_ID__
Project root: __PROJECT_ROOT__

IMPORTANT: All evidence has been pre-computed and is injected above. Do NOT attempt to call any shell commands, bash, or tools. Analyze ONLY the injected static-analysis, dependency-audit and compiler evidence below.
__GATE_SCOPE__

Analyze the pre-computed evidence above and produce a structured JSON report covering:

1. TypeScript compiler diagnostics: Results are pre-injected as '## TypeScript Compiler Results'. Each 'error TS' line is a finding with severity 'major'.

2. Security pattern scan: Based on the Semgrep results injected above, classify findings:
   - ERROR/WARNING severity Semgrep findings → severity 'major' or 'blocker'
   - INFO severity findings → severity 'minor'
   - Patterns to flag if Semgrep missed them (text scan only, no tool calls):
     command injection, path traversal, hardcoded secrets, unsafe eval

3. Dependency CVE classification (from the injected dependency-audit evidence):
   - NAME every dependency-CVE finding with a `rule` that begins `__DEPENDENCY_CVE_RULE_PREFIX__`, followed by the severity and the scope — for example `__DEPENDENCY_CVE_RULE_PREFIX__critical-runtime`, `__DEPENDENCY_CVE_RULE_PREFIX__high-runtime`, `__DEPENDENCY_CVE_RULE_PREFIX__dev-only`. The pipeline identifies dependency findings by that prefix; a finding named any other way is treated as a finding about the code itself and is NOT eligible to be reported as pre-existing repository debt.
   - CVEs in RUNTIME dependencies (the evidence tags these (runtime)) → severity 'blocker' if critical, 'major' if high
   - CVEs in DEV-ONLY dependencies (the evidence tags these (dev)) → severity 'minor' regardless of CVSS score. Dev tools never run in production and their CVEs do not affect application security.
   - NEVER classify a dev-dependency CVE as 'blocker' or 'major'.

If the injected evidence is insufficient to determine a verdict with confidence, output "verdict": "pass" with 0 findings rather than fabricating a failure.

Output format (strict JSON, no markdown fences, no preamble):
{
  "agent": "sast-sentinel",
  "phase": "__PHASE_ID__",
  "summary": { "filesScanned": N, "findingsCount": N, "blockerCount": N },
  "findings": [{ "severity": "blocker|major|minor", "rule": "...", "file": "...", "line": N, "description": "...", "suggestedFix": "..." }],
  "verdict": "pass|fail"
}

THE GENERATED PROJECT PROMPT UNDER REVIEW (id: qa-sast-sentinel):
You are acting as the sast-sentinel agent.

Phase: __PHASE_ID__
Project root: __PROJECT_ROOT__

IMPORTANT: All evidence has been pre-computed and is injected above. Do NOT attempt to call any shell commands, bash, or tools. Analyze ONLY the injected static-analysis, dependency-audit and compiler evidence below.
__GATE_SCOPE__

## Project Context
This is a monorepo with two TypeScript codelines: mocka and mockb. Both use TypeScript and vitest.
- mocka: Fare logic and pricing rules
- mockb: Schedule display and stop rendering

Current tickets in scope:
- MOCK3-1: Fare boundary bug (age == 65 should charge adult fare)
- MOCK3-2: Stop rendering bug (departure board omits final stop)

Analyze the pre-computed evidence above and produce a structured JSON report covering:

1. TypeScript compiler diagnostics: Results are pre-injected as '## TypeScript Compiler Results'. Each 'error TS' line is a finding with severity 'major'.

2. Security pattern scan: Based on the Semgrep results injected above, classify findings:
   - ERROR/WARNING severity Semgrep findings → severity 'major' or 'blocker'
   - INFO severity findings → severity 'minor'
   - Patterns to flag if Semgrep missed them (text scan only, no tool calls):
     command injection, path traversal, hardcoded secrets, unsafe eval

3. Dependency CVE classification (from the injected dependency-audit evidence):
   - NAME every dependency-CVE finding with a `rule` that begins `__DEPENDENCY_CVE_RULE_PREFIX__`, followed by the severity and the scope — for example `__DEPENDENCY_CVE_RULE_PREFIX__critical-runtime`, `__DEPENDENCY_CVE_RULE_PREFIX__high-runtime`, `__DEPENDENCY_CVE_RULE_PREFIX__dev-only`. The pipeline identifies dependency findings by that prefix; a finding named any other way is treated as a finding about the code itself and is NOT eligible to be reported as pre-existing repository debt.
   - CVEs in RUNTIME dependencies (the evidence tags these (runtime)) → severity 'blocker' if critical, 'major' if high
   - CVEs in DEV-ONLY dependencies (the evidence tags these (dev)) → severity 'minor' regardless of CVSS score. Dev tools never run in production and their CVEs do not affect application security.
   - NEVER classify a dev-dependency CVE as 'blocker' or 'major'.

4. Logic and boundary pattern scan (text scan, no tool calls):
   - Flag boundary condition errors: comparison operators (< vs <=, > vs >=) in age/fare logic, off-by-one errors in loop bounds or array indexing
   - Flag stop-rendering issues: loops that terminate early or miss final elements, array slicing that excludes the last element

If the injected evidence is insufficient to determine a verdict with confidence, output "verdict": "pass" with 0 findings rather than fabricating a failure.

Output format (strict JSON, no markdown fences, no preamble):
{
  "agent": "sast-sentinel",
  "phase": "__PHASE_ID__",
  "summary": { "filesScanned": N, "findingsCount": N, "blockerCount": N },
  "findings": [{ "severity": "blocker|major|minor", "rule": "...", "file": "...", "line": N, "description": "...", "suggestedFix": "..." }],
  "verdict": "pass|fail"
}

THE CODELINES THIS PROJECT WORKS ON, and what each one declares:
- mocka
- mockb

THE WORK THE PROJECT WAS ASKED TO DO:
- MOCK3-1: Riders aged exactly 65 are charged the adult fare
- MOCK3-2: The departure board omits the final stop

read_file,list_files,search,codegraph_query

# What is in scope

ONE QUESTION ONLY: does the generated prompt state anything about this project that is FALSE?

A claim is in scope when it can be checked against a repository — a path, a file, a directory, a dependency, a command, a framework, a convention, a symbol, an ownership statement ('X owns Y'). Open the codelines and check it.

Examples of a finding:
- it names a test directory, file suffix or framework this codeline does not use
- it names a dependency, script or command the manifest does not declare
- it asserts a file, module or symbol exists that does not
- it attributes behaviour to a file that does not contain it
- it describes a codeline this project does not have, or confuses two that it does
- it instructs the agent to run something this codeline cannot run

# What is NOT in scope

Do not review wording, tone, length, structure or ambition. Do not propose improvements. Do not object that the prompt is too close to, or too far from, the template — how far it may diverge is decided elsewhere, and the placeholder contract is already enforced mechanically.

A prompt that says nothing false is SOUND, however plain it is.

# Evidence

Return every defect you can evidence, and nothing you cannot. For each finding, say what you CHECKED and what you FOUND, naming the file or manifest you read. A finding without a check is an opinion, and an opinion about a prompt is not a defect.

Where a finding turns on whether a named path or dependency is present, fill in the verification field as well as the prose. The pipeline re-runs that exact check against the repository and DISCARDS any finding the check refutes — so a careless reading costs nothing, and a correct one is confirmed independently of how convincingly you argued it.

If every claim checks out, return no findings. An empty finding list from a review that RAN is the correct answer for a sound prompt.

# How to return the verdict

Emit the verdict INLINE as the last thing you write, wrapped in these exact tags. Do not write it to a file, and do not use a tool to deliver it — a verdict delivered any other way is not read, and the prompt is then installed unreviewed.

<PROMPT_REVIEW>
{"falseClaims": []}
</PROMPT_REVIEW>

# Output
I've verified all factual claims in the generated prompt against the actual repository:

**Checked:**
- **Codeline structure**: Confirmed two TypeScript codelines exist at `/home/bradleyjerome/projects/mock3/mock-a` and `/home/bradleyjerome/projects/mock3/mock-b` ✓
- **Dependencies**: Both codelines declare `vitest: ^2.1.9` and `typescript: ^5.6.0` in devDependencies ✓
- **Files in scope**: 
  - `mock-a/src/fares.ts` exists ✓
  - `mock-b/src/schedule.ts` exists ✓
- **Ticket context**: 
  - MOCK3-1 correctly described (fare boundary bug at age 65—the code shows `rider.age > 65` when it should be `>=` per the comment "Riders aged 65 AND OVER") ✓
  - MOCK3-2 correctly described (stop rendering omits final stop—the code shows loop `i < stops.length - 1` which excludes the last element) ✓
- **Commands & frameworks**: Prompt declares "text scan, no tool calls" and does not claim unsupported frameworks or commands ✓
- **No invalid claims about roles or patterns**: The prompt only extends with section 4 (boundary pattern scan), which is contextually appropriate and does not make false statements ✓

Every factual claim in the generated prompt is verifiable against the repository and accurate.

<PROMPT_REVIEW>
{"falseClaims": []}
</PROMPT_REVIEW>
