# Prompt
You are specialising ONE generic agent prompt for ONE specific project. You are the same agent that just minted this project's roles, so you already know what this project is and who will work on it.

## The template you must specialise

Its id is code-review-cycle and its purpose is: Review an implementation and return a verdict with issues.

Everything between the two markers below is the template, verbatim. The markers are not
part of it. A code fence cannot delimit this: several templates contain fences of their
own, so the first closing fence would truncate the body mid-instruction.

-----BEGIN TEMPLATE BODY-----
__REVIEW_PROFILE__

---
REVIEW TASK (Iteration __ITERATION__): Story __STORY_ID__ — __STORY_TITLE__
AGENT: __STORY_AGENT__

DESCRIPTION: __STORY_DESCRIPTION__

ACCEPTANCE CRITERIA:
__STORY_ACS__

RELEVANT FILES: __STORY_FILES__

GIT DIFF:
```diff
__STORY_DIFF__
```
__PRIOR_CONTEXT__
PROJECT ROOT: __PROJECT_ROOT__

Review the implementation against each acceptance criterion.
Check: TypeScript strict compliance, test coverage, error handling, security.

Respond with ONLY a JSON object:
{"verdict":"approved","issues":[],"summary":"..."}
  OR
{"verdict":"changes_requested","issues":[{"severity":"blocker|major|minor","file":"...","line":0,"description":"...","evidence":"<path>:<line> you read, or the command you ran and its result","suggestedFix":"..."}],"summary":"..."}

Every issue MUST carry an `evidence` field: the exact thing you READ that establishes it — `<path>:<line>` you opened, or the command you ran and what it returned. Not a restatement of the claim, not a plan reference: what you looked at. An issue without evidence is DISCARDED before it reaches anyone, so an unsupported finding is worse than no finding — it costs you the issue. If a claim is about a library's API, the evidence is that library's installed types or source in this repository, and the installed contract beats the plan.

-----END TEMPLATE BODY-----

## What this project is

Project config: /home/bradleyjerome/projects/ai/epam-cli/orchestrations/projects/mock3
Tickets in scope: MOCK3-1: Riders aged exactly 65 are charged the adult fare | MOCK3-2: The departure board omits the final stop

Codelines in scope and their declared dependencies:
- mocka (/home/bradleyjerome/projects/mock3/mock-a) deps: vitest, typescript
- mockb (/home/bradleyjerome/projects/mock3/mock-b) deps: vitest, typescript

The roles you minted for this project:
- fare-rules-engineer [implementer] — MOCK3-1 requires an actual code change to the age boundary in mocka's fare logic, and no existing canonical role owns writing to src/fares.ts.
- schedule-display-engineer [implementer] — MOCK3-2 requires an actual code change to the stop-rendering loop in mockb's schedule module, and no existing canonical role owns writing to src/schedule.ts.
- mocka-detective [investigator] — mocka's fare boundary bug needs its own reader to confirm the exact comparison operator and existing test coverage before fare-rules-engineer edits src/fares.ts.
- mockb-detective [investigator] — mockb's stop-rendering bug needs its own reader to confirm the loop-bound mismatch and existing test coverage before schedule-display-engineer edits src/schedule.ts.

## The one rule you cannot break

The template's placeholders are a CONTRACT with the pipeline. Each token written in SCREAMING_SNAKE_CASE between double underscores is replaced at run time with real evidence — a diff, a ticket, a test log, a plan. The substitution is BY NAME and it is strict in both directions.

- Reproduce every placeholder EXACTLY as it appears, character for character.
- NEVER add or invent a placeholder. Nothing supplies a name the pipeline does not know, so rendering throws and the run dies at the seam that needed this prompt.
- NEVER remove or rename one. The evidence it carries would silently never reach the agent, and the agent would answer without it.
- Do not move a placeholder into a code fence, a quote, or an example where it would read as literal text.

The placeholders in this template are exactly: __ITERATION__, __PRIOR_CONTEXT__, __PROJECT_ROOT__, __REVIEW_PROFILE__, __STORY_ACS__, __STORY_AGENT__, __STORY_DESCRIPTION__, __STORY_DIFF__, __STORY_FILES__, __STORY_ID__, __STORY_TITLE__

## The other rule you cannot break

The template's OUTPUT SHAPE is a contract too. Every field name the template states in its response
format is read by a consumer that will reject an answer without it — the agent would produce work
nothing accepts, and the seam fails after the model has already been paid for.

- Reproduce every field name EXACTLY, in the same shape the template states it.
- NEVER drop one because it looks redundant, and NEVER rename one to something clearer.
- NEVER add a field. A consumer reads by name and has no place to put an invention.

The output fields this template states are exactly: verdict, issues, summary, severity, file, line, description, evidence, suggestedFix

## Before you answer

Check your reply against both lists above. Every placeholder, and every output field, must appear
in what you are about to send. A specialisation that drops one is refused and the work is redone,
so the check costs you nothing and the omission costs an attempt.

## What specialising means

Keep the template's instructions, its output format, its prohibitions and its reasoning intact. They encode failures this pipeline has already paid for. You are not rewriting the prompt or improving its wording.

Add only what a competent engineer joining THIS project would need and could not infer from the generic text:
- the conventions, layout and idioms this codebase actually uses
- the commands this project runs to build, test and type-check
- the traps this stack presents that a generic prompt would not warn about

Ground every addition in the project context above. If the context does not tell you something, say nothing about it — an invented convention is worse than a missing one, because the agent will follow it.

Do not name a file, symbol, package or command that does not appear in the context you were given.

## How to answer

Emit ONLY the specialised prompt body as TEXT, directly in your reply. No JSON wrapper, no markdown fences around the whole thing, no commentary before or after, and do not write it to a file — the pipeline reads your reply text.


## Your previous attempt was REFUSED

the generated prompt dropped placeholder(s) the template requires: __REVIEW_PROFILE__. The evidence they carry would silently never reach the agent.

Produce the prompt again, correcting exactly this. Change nothing else: the rest of your previous attempt was accepted, and rewriting it invites a second refusal for a different reason.



# Output
__REVIEW_PROFILE__

---
REVIEW TASK (Iteration __ITERATION__): Story __STORY_ID__ — __STORY_TITLE__
AGENT: __STORY_AGENT__

DESCRIPTION: __STORY_DESCRIPTION__

ACCEPTANCE CRITERIA:
__STORY_ACS__

RELEVANT FILES: __STORY_FILES__

GIT DIFF:
```diff
__STORY_DIFF__
```
__PRIOR_CONTEXT__
PROJECT ROOT: __PROJECT_ROOT__

This project has two independent codelines, each with its own vitest + TypeScript toolchain: `mock-a` (fare logic, `src/fares.ts`) and `mock-b` (schedule/departure-board rendering, `src/schedule.ts`). Run each codeline's own `vitest` and `tsc` from its own directory — do not assume a shared root config or a single combined test run covers both.

For MOCK3-1 (mock-a / src/fares.ts): the bug is riders aged exactly 65 being charged the adult fare. Read the actual comparison operator used against the age boundary (e.g. `>` vs `>=`) — do not trust the story description's phrasing of the boundary, verify it against the code and any existing tests that assert behavior at age 65 itself, not just ages clearly above or below it.

For MOCK3-2 (mock-b / src/schedule.ts): the bug is the departure board omitting the final stop. Read the loop bounds in the stop-rendering code (e.g. `<` vs `<=`, or a slice/length off-by-one) and check whether existing tests assert on the *last* element of the rendered stop list, not just count or ordering of earlier stops.

Review the implementation against each acceptance criterion.
Check: TypeScript strict compliance, test coverage, error handling, security.

Respond with ONLY a JSON object:
{"verdict":"approved","issues":[],"summary":"..."}
  OR
{"verdict":"changes_requested","issues":[{"severity":"blocker|major|minor","file":"...","line":0,"description":"...","evidence":"<path>:<line> you read, or the command you ran and its result","suggestedFix":"..."}],"summary":"..."}

Every issue MUST carry an `evidence` field: the exact thing you READ that establishes it — `<path>:<line>` you opened, or the command you ran and what it returned. Not a restatement of the claim, not a plan reference: what you looked at. An issue without evidence is DISCARDED before it reaches anyone, so an unsupported finding is worse than no finding — it costs you the issue. If a claim is about a library's API, the evidence is that library's installed types or source in this repository, and the installed contract beats the plan.
