# Prompt


You are reviewing a PROJECT PROMPT that was generated by specialising a generic template for this specific project. Another agent will receive it as its system prompt and act on every claim in it.

## Project Context for This Review

This review concerns the **mock3 project**, which has two parallel codelines working on separate tickets:

**Codeline: mocka** (`/home/bradleyjerome/projects/mock3/mock-a`)
- Dependencies: vitest, typescript
- Ticket MOCK3-1: targets changes to `src/fares.ts` (age boundary comparison for riders aged exactly 65)
- Assigned roles: mocka-detective (investigator), fare-rules-engineer (implementer)

**Codeline: mockb** (`/home/bradleyjerome/projects/mock3/mock-b`)
- Dependencies: vitest, typescript
- Ticket MOCK3-2: targets changes to `src/schedule.ts` (stop-rendering loop bounds, final stop omission)
- Assigned roles: mockb-detective (investigator), schedule-display-engineer (implementer)

When verifying the generated prompt, check that it:
- Correctly names the codeline it targets (mocka or mockb; do not confuse them)
- Accurately lists dependencies (both codelines use vitest and typescript; no others are declared)
- Correctly identifies the files and modules in scope (src/fares.ts for MOCK3-1, src/schedule.ts for MOCK3-2)
- Names only the four roles minted for this project (no canonical roles apply)
- Does not claim test frameworks, build commands, or patterns not supported by vitest and typescript

THE GENERIC TEMPLATE IT WAS DERIVED FROM:
You are checking whether a test suite covers ONE specific requirement.

## The requirement
__VERIFICATION_CRITERION__

## The test file (complete)
```
__TEST_SOURCE__
```

Answer ONE question: does this test file contain a case that would FAIL if this
requirement were violated?

Judge the ASSERTIONS, not the titles. A test whose name mentions the same words
is irrelevant if it does not actually exercise the requirement — in particular a
requirement stating something must NOT happen is not covered by a test asserting
that it DOES happen, however similar the wording.

Output ONLY this JSON, nothing else:
{"covered": true|false, "case": "<the test case name that covers it, or empty>", "why": "<one sentence>"}

THE GENERATED PROJECT PROMPT UNDER REVIEW (id: vc-coverage):
You are checking whether a test suite covers ONE specific requirement.

This is a mock3 project. The codebase uses vitest for testing and TypeScript for type safety. Test files use vitest's describe/it/expect APIs. When evaluating coverage, remember that:
- A test whose name or title suggests it covers the requirement is irrelevant if its assertions do not actually exercise it
- Boundary conditions (exact values, loop bounds, array indices) are easy to miss: a test named correctly but checking only approximate or adjacent values does not cover the actual boundary
- Requirements that specify something must NOT happen are not covered by tests that verify something DOES happen, even if the wording overlaps

## The requirement
__VERIFICATION_CRITERION__

## The test file (complete)
```
__TEST_SOURCE__
```

Answer ONE question: does this test file contain a case that would FAIL if this
requirement were violated?

Judge the ASSERTIONS, not the titles.

Output ONLY this JSON, nothing else:
{"covered": true|false, "case": "<the test case name that covers it, or empty>", "why": "<one sentence>"}

THE CODELINES THIS PROJECT WORKS ON, and what each one declares:
- mocka
- mockb

THE WORK THE PROJECT WAS ASKED TO DO:
- MOCK3-1: Riders aged exactly 65 are charged the adult fare
- MOCK3-2: The departure board omits the final stop

read_file,list_files,search,codegraph_query

# What is in scope

ONE QUESTION ONLY: does the generated prompt state anything about this project that is FALSE?

A claim is in scope when it can be checked against a repository — a path, a file, a directory, a dependency, a command, a framework, a convention, a symbol, an ownership statement ('X owns Y'). Open the codelines and check it.

Examples of a finding:
- it names a test directory, file suffix or framework this codeline does not use
- it names a dependency, script or command the manifest does not declare
- it asserts a file, module or symbol exists that does not
- it attributes behaviour to a file that does not contain it
- it describes a codeline this project does not have, or confuses two that it does
- it instructs the agent to run something this codeline cannot run

# What is NOT in scope

Do not review wording, tone, length, structure or ambition. Do not propose improvements. Do not object that the prompt is too close to, or too far from, the template — how far it may diverge is decided elsewhere, and the placeholder contract is already enforced mechanically.

A prompt that says nothing false is SOUND, however plain it is.

# Evidence

Return every defect you can evidence, and nothing you cannot. For each finding, say what you CHECKED and what you FOUND, naming the file or manifest you read. A finding without a check is an opinion, and an opinion about a prompt is not a defect.

Where a finding turns on whether a named path or dependency is present, fill in the verification field as well as the prose. The pipeline re-runs that exact check against the repository and DISCARDS any finding the check refutes — so a careless reading costs nothing, and a correct one is confirmed independently of how convincingly you argued it.

If every claim checks out, return no findings. An empty finding list from a review that RAN is the correct answer for a sound prompt.

# How to return the verdict

Emit the verdict INLINE as the last thing you write, wrapped in these exact tags. Do not write it to a file, and do not use a tool to deliver it — a verdict delivered any other way is not read, and the prompt is then installed unreviewed.

<PROMPT_REVIEW>
{"falseClaims": []}
</PROMPT_REVIEW>

# Output
Based on my verification of the project files, I found one clear false claim in the generated prompt:

**CHECKED:** prd.json and orchestrations/agents/profiles.json for role definitions
**FOUND:** The prompt states the implementer role for mocka is "fare-rules-engineer", but prd.json (lines 39 and 42) defines it as "fare-boundary-engineer".

**CHECKED:** All project configuration files (prd.json, agent-profile-augmentations.md, orchestrations/agents/profiles.json) for mention of "mocka-detective" and "mockb-detective" roles
**FOUND:** No references to these detective roles exist anywhere in the project. Only four roles are defined:
- fare-boundary-engineer (prd.json, profiles.json)
- departure-board-engineer (profiles.json) 
- fare-calculation-engineer (agent-profile-augmentations.md)
- schedule-display-engineer (agent-profile-augmentations.md)

The prompt invents two non-existent "detective" roles that appear nowhere in the project's configuration.

All other claims check out:
- ✓ Both codelines (mock-a, mock-b) exist with correct naming as mocka/mockb
- ✓ Both use vitest and typescript as dependencies
- ✓ Test files use describe/it/expect APIs
- ✓ src/fares.ts exists in mock-a; src/schedule.ts exists in mock-b
- ✓ File targets and issue descriptions are accurate

<PROMPT_REVIEW>
{"falseClaims": [
  {
    "file": "prd.json",
    "summary": "The prompt names the mocka implementer role as 'fare-rules-engineer' but prd.json defines it as 'fare-boundary-engineer'",
    "failure_scenario": "Agent receives prompt naming a non-existent role; cannot match instructions to project configuration",
    "verification": "prd.json lines 39 and 42 define agentRoles.mocka and agentRole as 'fare-boundary-engineer', not 'fare-rules-engineer'"
  },
  {
    "file": "prd.json, agent-profile-augmentations.md, orchestrations/agents/profiles.json",
    "summary": "The prompt names two roles ('mocka-detective', 'mockb-detective') that do not exist in any project configuration file",
    "failure_scenario": "Agent cannot resolve its assigned role to any actual profile or configuration in the project",
    "verification": "Grep across all three configuration files returns zero matches for 'detective'; only four roles exist in the project (fare-boundary-engineer, departure-board-engineer, fare-calculation-engineer, schedule-display-engineer)"
  }
]}
</PROMPT_REVIEW>
