# Prompt


You are reviewing a PROJECT PROMPT that was generated by specialising a generic template for this specific project. Another agent will receive it as its system prompt and act on every claim in it.

## Project Context for This Review

This review concerns the **mock3 project**, which has two parallel codelines working on separate tickets:

**Codeline: mocka** (`/home/bradleyjerome/projects/mock3/mock-a`)
- Dependencies: vitest, typescript
- Ticket MOCK3-1: targets changes to `src/fares.ts` (age boundary comparison for riders aged exactly 65)
- Assigned roles: mocka-detective (investigator), fare-rules-engineer (implementer)

**Codeline: mockb** (`/home/bradleyjerome/projects/mock3/mock-b`)
- Dependencies: vitest, typescript
- Ticket MOCK3-2: targets changes to `src/schedule.ts` (stop-rendering loop bounds, final stop omission)
- Assigned roles: mockb-detective (investigator), schedule-display-engineer (implementer)

When verifying the generated prompt, check that it:
- Correctly names the codeline it targets (mocka or mockb; do not confuse them)
- Accurately lists dependencies (both codelines use vitest and typescript; no others are declared)
- Correctly identifies the files and modules in scope (src/fares.ts for MOCK3-1, src/schedule.ts for MOCK3-2)
- Names only the four roles minted for this project (no canonical roles apply)
- Does not claim test frameworks, build commands, or patterns not supported by vitest and typescript

THE GENERIC TEMPLATE IT WAS DERIVED FROM:
You are acting as the perf-sentinel agent.
__GATE_SCOPE__

Phase: __PHASE_ID__
Project root: __PROJECT_ROOT__
E2E routing override context:
- FORCE_LIGHTPANDA=__FORCE_LIGHTPANDA__
- FORCE_PLAYWRIGHT=__FORCE_PLAYWRIGHT__
- routingDecision=__ROUTING_DECISION__

Perform performance analysis on files changed in this phase.
Use git diff to identify changed source files, then analyse:
1. Algorithmic complexity (flag O(n²)+ on unbounded inputs)
2. Memory allocation hotspots (object creation in loops, unbounded caches)
3. Async performance (sequential awaits → Promise.all, missing timeouts, stream backpressure)
4. Startup time impact (heavy imports, sync I/O at module load)
5. Provider-specific (unnecessary Message[] copies, redundant token counting)

Output format (strict JSON, no markdown fences, no preamble — emit directly as your final message, do NOT write to a file):
{
  "agent": "perf-sentinel",
  "phase": "__PHASE_ID__",
  "summary": { "filesAnalysed": N, "findingsCount": N, "blockerCount": N, "estimatedStartupImpactMs": N },
  "findings": [{ "severity": "blocker|major|minor", "category": "complexity|memory|async|startup|provider", "file": "...", "line": N, "codeSnippet": "<the EXACT line(s) from the file that show the problem, copied verbatim — required for any blocker-severity finding, or it will be treated as unverified>", "description": "...", "estimatedImpact": "high|medium|low", "suggestedFix": "..." }],
  "verdict": "pass|warn|fail"
}

THE GENERATED PROJECT PROMPT UNDER REVIEW (id: qa-perf-sentinel):
You are acting as the perf-sentinel agent.
__GATE_SCOPE__

Phase: __PHASE_ID__
Project root: __PROJECT_ROOT__
E2E routing override context:
- FORCE_LIGHTPANDA=__FORCE_LIGHTPANDA__
- FORCE_PLAYWRIGHT=__FORCE_PLAYWRIGHT__
- routingDecision=__ROUTING_DECISION__

This project (mock3) contains two TypeScript modules with vitest:
- mocka (/home/bradleyjerome/projects/mock3/mock-a): contains src/fares.ts with fare logic (ticket MOCK3-1)
- mockb (/home/bradleyjerome/projects/mock3/mock-b): contains src/schedule.ts with stop-rendering logic (ticket MOCK3-2)

Use git diff to identify changed source files, then analyse:
1. Algorithmic complexity (flag O(n²)+ on unbounded inputs, especially in fare-boundary comparisons and loop iterations over stops)
2. Memory allocation hotspots (object creation in loops, unbounded caches, array operations in loop-based rendering)
3. Async performance (sequential awaits → Promise.all, missing timeouts, stream backpressure)
4. Startup time impact (heavy imports, sync I/O at module load, TypeScript-specific type instantiation)
5. Provider-specific (unnecessary Message[] copies, redundant token counting)

TypeScript-specific traps: watch for type assertion overhead in hot paths, and for loop-bound calculations that depend on array length checks.

Output format (strict JSON, no markdown fences, no preamble — emit directly as your final message, do NOT write to a file):
{
  "agent": "perf-sentinel",
  "phase": "__PHASE_ID__",
  "summary": { "filesAnalysed": N, "findingsCount": N, "blockerCount": N, "estimatedStartupImpactMs": N },
  "findings": [{ "severity": "blocker|major|minor", "category": "complexity|memory|async|startup|provider", "file": "...", "line": N, "codeSnippet": "<the EXACT line(s) from the file that show the problem, copied verbatim — required for any blocker-severity finding, or it will be treated as unverified>", "description": "...", "estimatedImpact": "high|medium|low", "suggestedFix": "..." }],
  "verdict": "pass|warn|fail"
}

THE CODELINES THIS PROJECT WORKS ON, and what each one declares:
- mocka
- mockb

THE WORK THE PROJECT WAS ASKED TO DO:
- MOCK3-1: Riders aged exactly 65 are charged the adult fare
- MOCK3-2: The departure board omits the final stop

read_file,list_files,search,codegraph_query

# What is in scope

ONE QUESTION ONLY: does the generated prompt state anything about this project that is FALSE?

A claim is in scope when it can be checked against a repository — a path, a file, a directory, a dependency, a command, a framework, a convention, a symbol, an ownership statement ('X owns Y'). Open the codelines and check it.

Examples of a finding:
- it names a test directory, file suffix or framework this codeline does not use
- it names a dependency, script or command the manifest does not declare
- it asserts a file, module or symbol exists that does not
- it attributes behaviour to a file that does not contain it
- it describes a codeline this project does not have, or confuses two that it does
- it instructs the agent to run something this codeline cannot run

# What is NOT in scope

Do not review wording, tone, length, structure or ambition. Do not propose improvements. Do not object that the prompt is too close to, or too far from, the template — how far it may diverge is decided elsewhere, and the placeholder contract is already enforced mechanically.

A prompt that says nothing false is SOUND, however plain it is.

# Evidence

Return every defect you can evidence, and nothing you cannot. For each finding, say what you CHECKED and what you FOUND, naming the file or manifest you read. A finding without a check is an opinion, and an opinion about a prompt is not a defect.

Where a finding turns on whether a named path or dependency is present, fill in the verification field as well as the prose. The pipeline re-runs that exact check against the repository and DISCARDS any finding the check refutes — so a careless reading costs nothing, and a correct one is confirmed independently of how convincingly you argued it.

If every claim checks out, return no findings. An empty finding list from a review that RAN is the correct answer for a sound prompt.

# How to return the verdict

Emit the verdict INLINE as the last thing you write, wrapped in these exact tags. Do not write it to a file, and do not use a tool to deliver it — a verdict delivered any other way is not read, and the prompt is then installed unreviewed.

<PROMPT_REVIEW>
{"falseClaims": []}
</PROMPT_REVIEW>

# Output
**Verification complete.** I have checked the following claims against the repository:

| Claim | Checked | Result |
|-------|---------|--------|
| mock3 project contains two codelines: mocka and mockb | Listed `/home/bradleyjerome/projects/mock3/` | ✓ Both directories exist |
| mocka at `/home/bradleyjerome/projects/mock3/mock-a` | Listed mock-a directory | ✓ Correct path |
| mockb at `/home/bradleyjerome/projects/mock3/mock-b` | Listed mock-b directory | ✓ Correct path |
| mock-a contains `src/fares.ts` | Listed `/home/bradleyjerome/projects/mock3/mock-a/src/` | ✓ File exists, contains fare logic |
| mock-b contains `src/schedule.ts` | Listed `/home/bradleyjerome/projects/mock3/mock-b/src/` | ✓ File exists, contains stop-rendering logic |
| Both use vitest | Read package.json files | ✓ Both declare `vitest: ^2.1.9` |
| Both use typescript | Read package.json files | ✓ Both declare `typescript: ^5.6.0` |
| No other dependencies claimed | Read package.json files | ✓ Only vitest and typescript in devDependencies |

All factual claims in the prompt have been verified against the actual repository structure and manifests. The prompt correctly names the codelines, paths, files, and dependencies. It makes no false assertions about frameworks, commands, or symbols.

<PROMPT_REVIEW>
{"falseClaims": []}
</PROMPT_REVIEW>
