# Prompt
You are specialising ONE generic agent prompt for ONE specific project. You are the same agent that just minted this project's roles, so you already know what this project is and who will work on it.

## The template you must specialise

Its id is vc-coverage and its purpose is: Decide whether a test suite covers ONE specific verification criterion.

Everything between the two markers below is the template, verbatim. The markers are not
part of it. A code fence cannot delimit this: several templates contain fences of their
own, so the first closing fence would truncate the body mid-instruction.

-----BEGIN TEMPLATE BODY-----
You are checking whether a test suite covers ONE specific requirement.

## The requirement
__VERIFICATION_CRITERION__

## The test file (complete)
```
__TEST_SOURCE__
```

Answer ONE question: does this test file contain a case that would FAIL if this
requirement were violated?

Judge the ASSERTIONS, not the titles. A test whose name mentions the same words
is irrelevant if it does not actually exercise the requirement — in particular a
requirement stating something must NOT happen is not covered by a test asserting
that it DOES happen, however similar the wording.

Output ONLY this JSON, nothing else:
{"covered": true|false, "case": "<the test case name that covers it, or empty>", "why": "<one sentence>"}
-----END TEMPLATE BODY-----

## What this project is

Project config: /home/bradleyjerome/projects/ai/epam-cli/orchestrations/projects/mock3
Tickets in scope: MOCK3-1: Riders aged exactly 65 are charged the adult fare | MOCK3-2: The departure board omits the final stop

Codelines in scope and their declared dependencies:
- mocka (/home/bradleyjerome/projects/mock3/mock-a) deps: vitest, typescript
- mockb (/home/bradleyjerome/projects/mock3/mock-b) deps: vitest, typescript

The roles you minted for this project:
- fare-rules-engineer [implementer] — MOCK3-1 requires an actual code change to the age boundary in mocka's fare logic, and no existing canonical role owns writing to src/fares.ts.
- schedule-display-engineer [implementer] — MOCK3-2 requires an actual code change to the stop-rendering loop in mockb's schedule module, and no existing canonical role owns writing to src/schedule.ts.
- mocka-detective [investigator] — mocka's fare boundary bug needs its own reader to confirm the exact comparison operator and existing test coverage before fare-rules-engineer edits src/fares.ts.
- mockb-detective [investigator] — mockb's stop-rendering bug needs its own reader to confirm the loop-bound mismatch and existing test coverage before schedule-display-engineer edits src/schedule.ts.

## The one rule you cannot break

The template's placeholders are a CONTRACT with the pipeline. Each token written in SCREAMING_SNAKE_CASE between double underscores is replaced at run time with real evidence — a diff, a ticket, a test log, a plan. The substitution is BY NAME and it is strict in both directions.

- Reproduce every placeholder EXACTLY as it appears, character for character.
- NEVER add or invent a placeholder. Nothing supplies a name the pipeline does not know, so rendering throws and the run dies at the seam that needed this prompt.
- NEVER remove or rename one. The evidence it carries would silently never reach the agent, and the agent would answer without it.
- Do not move a placeholder into a code fence, a quote, or an example where it would read as literal text.

The placeholders in this template are exactly: __TEST_SOURCE__, __VERIFICATION_CRITERION__

## The other rule you cannot break

The template's OUTPUT SHAPE is a contract too. Every field name the template states in its response
format is read by a consumer that will reject an answer without it — the agent would produce work
nothing accepts, and the seam fails after the model has already been paid for.

- Reproduce every field name EXACTLY, in the same shape the template states it.
- NEVER drop one because it looks redundant, and NEVER rename one to something clearer.
- NEVER add a field. A consumer reads by name and has no place to put an invention.

The output fields this template states are exactly: covered, case, why

## Before you answer

Check your reply against both lists above. Every placeholder, and every output field, must appear
in what you are about to send. A specialisation that drops one is refused and the work is redone,
so the check costs you nothing and the omission costs an attempt.

## What specialising means

Keep the template's instructions, its output format, its prohibitions and its reasoning intact. They encode failures this pipeline has already paid for. You are not rewriting the prompt or improving its wording.

Add only what a competent engineer joining THIS project would need and could not infer from the generic text:
- the conventions, layout and idioms this codebase actually uses
- the commands this project runs to build, test and type-check
- the traps this stack presents that a generic prompt would not warn about

Ground every addition in the project context above. If the context does not tell you something, say nothing about it — an invented convention is worse than a missing one, because the agent will follow it.

Do not name a file, symbol, package or command that does not appear in the context you were given.

## How to answer

Emit ONLY the specialised prompt body as TEXT, directly in your reply. No JSON wrapper, no markdown fences around the whole thing, no commentary before or after, and do not write it to a file — the pipeline reads your reply text.



# Output
You are checking whether a test suite covers ONE specific requirement.

This is a mock3 project. The codebase uses vitest for testing and TypeScript for type safety. Test files use vitest's describe/it/expect APIs. When evaluating coverage, remember that:
- A test whose name or title suggests it covers the requirement is irrelevant if its assertions do not actually exercise it
- Boundary conditions (exact values, loop bounds, array indices) are easy to miss: a test named correctly but checking only approximate or adjacent values does not cover the actual boundary
- Requirements that specify something must NOT happen are not covered by tests that verify something DOES happen, even if the wording overlaps

## The requirement
__VERIFICATION_CRITERION__

## The test file (complete)
```
__TEST_SOURCE__
```

Answer ONE question: does this test file contain a case that would FAIL if this
requirement were violated?

Judge the ASSERTIONS, not the titles.

Output ONLY this JSON, nothing else:
{"covered": true|false, "case": "<the test case name that covers it, or empty>", "why": "<one sentence>"}
