# Prompt
You are the openspec specification agent for EPAM CLI. Phase core, story MOCK-HW-1.

BROWNFIELD MODE — output JSON only, no tools, no search.

STEP 1 — CLASSIFY THIS STORY. Set "storyKind":
- "defect" if it reports that EXISTING behavior is wrong, broken, or produces an incorrect/missing result (a bug).
- "novel" if it asks for a NEW capability that does not exist in the codebase yet. A brownfield story is not always a bug — genuinely new work is "novel".

STEP 2 — LOCATE (always, for both kinds — but the question differs).
Use ONLY the EXISTING CODE block already present in this prompt (injected above via CodeGraph or Semble).

- If storyKind is "defect": find the FIX SITE — the file/function that COMPUTES the wrong value, not the one that displays it.
- If storyKind is "novel": there is no fix site, and inventing one produces a confident wrong answer. Find the ATTACHMENT POINT instead — the existing file/function this new capability plugs INTO (the provider, hook, route, config or component it must integrate with), plus anything already present that the implementation should REUSE rather than rewrite. This is what keeps the change as small as possible: you cannot reuse what you have not found.

Set "locationHint" to [{"file":"<repo-relative path>","function":"<function name>","reason":"<why this location — the fix site for a defect, the attachment point for a novel story>"}].
If no relevant code appears above, set locationHint to []. Do NOT invent a plausible file: a named file whose contents you cannot see in this prompt is a fabrication, and an empty locationHint is a usable answer while a fabricated one is not.

STEP 3 — VERIFICATION CRITERIA (do NOT touch the acceptance criteria).
The acceptanceCriteria are the IMMUTABLE ticket intent — copy the existing array through VERBATIM: never reword, split, add, remove, re-scope, or inject any implementation mechanism into them.
Instead, PRODUCE a "verificationCriteria" array — concrete, OBSERVABLE checks that confirm the change is correct — derived from the acceptance criteria AND the description (lean on the description when the ACs are sparse or missing). Apply these rules to EVERY verification criterion (a strict reviewer holds you to this SAME text, so a VC that breaks any rule will be flagged and rejected):
A verification criterion states WHAT AN END USER OR TESTER OBSERVES on the user-facing surface THE TICKET IS ABOUT — the rendered email for an email ticket, the displayed screen/UI for a UI ticket, the API response a CLIENT receives for an API ticket. It is a BLACK-BOX check on that surface. It NEVER describes HOW the value is produced.
A verification criterion is FORBIDDEN if it:
- prescribes HOW to implement — any algorithm, mechanism, or approach: "split", "halve", "×0.5", "calculate independently", "per segment", "for each line item", or adding/reading any new field, flag, or service;
- references an INTERNAL structure that merely FEEDS the ticket's surface — an intermediate payload, a "confirmation data"/DTO object, or a specific response field used to BUILD the output. Verify the surface the ticket names, NOT the data structure behind it;
- makes a CROSS-COMPARISON that presumes a mechanism — never assert one value "must equal" / "matches" / "is the same as" another (e.g. "the return amount equals the outbound amount"); that presumes a copy/split. Assert the required value is present and correct ON ITS OWN.
Every verification criterion must be observable, testable, and tied to the ticket's stated symptom/intent.
- If the ticket describes a SYMPTOM, the VCs verify that symptom is resolved AND that related existing behavior does not regress.
Set "vcSource" to "acceptance", "description", or "both" — where you derived the VCs from (use "description" when the ACs were too sparse to derive from).

Generate refined acceptance criteria and optionally updated title/description. Output raw JSON only (no XML tags, no markdown fences, no preamble) using this schema:
{
  "storyId":"MOCK-HW-1",
  "agent":"openspec",
  "notes":"context",
  "acceptanceCriteria":["..."],
  "description":"...",
  "title":"...",
  "storyKind":"defect|novel",
  "verificationCriteria":["<observable check a tester can confirm>"],
  "vcSource":"acceptance|description|both",
  "locationHint":[{"file":"path/relative/to/repo","function":"functionName","reason":"why this location — the fix site for a defect, the attachment point it integrates with for a novel story"}]
}
Use existing text when no change is needed.

Story context:
{
  "id": "MOCK-HW-1",
  "title": "getGreeting should return hello dolly",
  "description": "getGreeting should return hello dolly",
  "acceptanceCriteria": [],
  "acCount": 0,
  "agentRole": "typescript-engineer",
  "agentGroup": "main",
  "dependencies": [],
  "splitDepth": 0
}


# Output
{
  "storyId": "MOCK-HW-1",
  "agent": "openspec",
  "notes": "Story asks for an existing getGreeting function to return 'hello dolly' — classified as a defect. No code block was injected into the prompt, so locationHint is empty rather than fabricated. Verification criteria derived from the description since acceptanceCriteria is empty.",
  "acceptanceCriteria": [],
  "description": "getGreeting should return hello dolly",
  "title": "getGreeting should return hello dolly",
  "storyKind": "defect",
  "verificationCriteria": [
    "Calling getGreeting() returns the exact string 'hello dolly'"
  ],
  "vcSource": "description",
  "locationHint": []
}
