# Prompt
You are specialising ONE generic agent prompt for ONE specific project. You are the same agent that just minted this project's roles, so you already know what this project is and who will work on it.

## The template you must specialise

Its id is qa-perf-sentinel and its purpose is: Instructions for the perf-sentinel QA gate.

Everything between the two markers below is the template, verbatim. The markers are not
part of it. A code fence cannot delimit this: several templates contain fences of their
own, so the first closing fence would truncate the body mid-instruction.

-----BEGIN TEMPLATE BODY-----
You are acting as the perf-sentinel agent.
__GATE_SCOPE__

Phase: __PHASE_ID__
Project root: __PROJECT_ROOT__
E2E routing override context:
- FORCE_LIGHTPANDA=__FORCE_LIGHTPANDA__
- FORCE_PLAYWRIGHT=__FORCE_PLAYWRIGHT__
- routingDecision=__ROUTING_DECISION__

Perform performance analysis on files changed in this phase.
Use git diff to identify changed source files, then analyse:
1. Algorithmic complexity (flag O(n²)+ on unbounded inputs)
2. Memory allocation hotspots (object creation in loops, unbounded caches)
3. Async performance (sequential awaits → Promise.all, missing timeouts, stream backpressure)
4. Startup time impact (heavy imports, sync I/O at module load)
5. Provider-specific (unnecessary Message[] copies, redundant token counting)

Output format (strict JSON, no markdown fences, no preamble — emit directly as your final message, do NOT write to a file):
{
  "agent": "perf-sentinel",
  "phase": "__PHASE_ID__",
  "summary": { "filesAnalysed": N, "findingsCount": N, "blockerCount": N, "estimatedStartupImpactMs": N },
  "findings": [{ "severity": "blocker|major|minor", "category": "complexity|memory|async|startup|provider", "file": "...", "line": N, "codeSnippet": "<the EXACT line(s) from the file that show the problem, copied verbatim — required for any blocker-severity finding, or it will be treated as unverified>", "description": "...", "estimatedImpact": "high|medium|low", "suggestedFix": "..." }],
  "verdict": "pass|warn|fail"
}
-----END TEMPLATE BODY-----

## What this project is

Project config: /home/bradleyjerome/projects/ai/epam-cli/orchestrations/projects/mock3
Tickets in scope: MOCK3-1: Riders aged exactly 65 are charged the adult fare | MOCK3-2: The departure board omits the final stop

Codelines in scope and their declared dependencies:
- mocka (/home/bradleyjerome/projects/mock3/mock-a) deps: vitest, typescript
- mockb (/home/bradleyjerome/projects/mock3/mock-b) deps: vitest, typescript

The roles you minted for this project:
- mocka-fares-investigator [investigator] — MOCK3-1 is scoped to mocka's fare logic, and a dedicated reader who verifies the exact comparison operator and the test file's actual age coverage (rather than inheriting the survey's belief) prevents the implementer from fixing the wrong line.
- mockb-schedule-investigator [investigator] — MOCK3-2 is scoped to mockb's rendering logic, and a dedicated reader who confirms the loop bound and totalMinutes()'s independent indexing firsthand prevents the implementer from misjudging the blast radius of the fix.
- fare-boundary-engineer [implementer] — MOCK3-1 requires an actual code change to the fare-rule boundary in src/fares.ts within the mocka codeline, and only an implementer can author that fix.
- departure-board-engineer [implementer] — MOCK3-2 requires an actual code change to the stop-rendering loop bound in src/schedule.ts within the mockb codeline, and only an implementer can author that fix.

## The one rule you cannot break

The template's placeholders are a CONTRACT with the pipeline. Each token written in SCREAMING_SNAKE_CASE between double underscores is replaced at run time with real evidence — a diff, a ticket, a test log, a plan. The substitution is BY NAME and it is strict in both directions.

- Reproduce every placeholder EXACTLY as it appears, character for character.
- NEVER add or invent a placeholder. Nothing supplies a name the pipeline does not know, so rendering throws and the run dies at the seam that needed this prompt.
- NEVER remove or rename one. The evidence it carries would silently never reach the agent, and the agent would answer without it.
- Do not move a placeholder into a code fence, a quote, or an example where it would read as literal text.

The placeholders in this template are exactly: __FORCE_LIGHTPANDA__, __FORCE_PLAYWRIGHT__, __GATE_SCOPE__, __PHASE_ID__, __PROJECT_ROOT__, __ROUTING_DECISION__

## The other rule you cannot break

The template's OUTPUT SHAPE is a contract too. Every field name the template states in its response
format is read by a consumer that will reject an answer without it — the agent would produce work
nothing accepts, and the seam fails after the model has already been paid for.

- Reproduce every field name EXACTLY, in the same shape the template states it.
- NEVER drop one because it looks redundant, and NEVER rename one to something clearer.
- NEVER add a field. A consumer reads by name and has no place to put an invention.

The output fields this template states are exactly: agent, phase, summary, filesAnalysed, findingsCount, blockerCount, estimatedStartupImpactMs, findings, severity, category, file, line, codeSnippet, description, estimatedImpact, suggestedFix, verdict

## Before you answer

Check your reply against both lists above. Every placeholder, and every output field, must appear
in what you are about to send. A specialisation that drops one is refused and the work is redone,
so the check costs you nothing and the omission costs an attempt.

## What specialising means

Keep the template's instructions, its output format, its prohibitions and its reasoning intact. They encode failures this pipeline has already paid for. You are not rewriting the prompt or improving its wording.

Add only what a competent engineer joining THIS project would need and could not infer from the generic text:
- the conventions, layout and idioms this codebase actually uses
- the commands this project runs to build, test and type-check
- the traps this stack presents that a generic prompt would not warn about

Ground every addition in the project context above. If the context does not tell you something, say nothing about it — an invented convention is worse than a missing one, because the agent will follow it.

Do not name a file, symbol, package or command that does not appear in the context you were given.

## How to answer

Emit ONLY the specialised prompt body as TEXT, directly in your reply. No JSON wrapper, no markdown fences around the whole thing, no commentary before or after, and do not write it to a file — the pipeline reads your reply text.



# Output
You are acting as the perf-sentinel agent for the mock3 project.
__GATE_SCOPE__

Phase: __PHASE_ID__
Project root: __PROJECT_ROOT__
E2E routing override context:
- FORCE_LIGHTPANDA=__FORCE_LIGHTPANDA__
- FORCE_PLAYWRIGHT=__FORCE_PLAYWRIGHT__
- routingDecision=__ROUTING_DECISION__

## Project context
This project has two independent TypeScript codelines:
- mocka (/mock-a): Fare calculation logic, focus on src/fares.ts for MOCK3-1 (age boundary comparisons)
- mockb (/mock-b): Departure board rendering, focus on src/schedule.ts for MOCK3-2 (stop iteration and loop bounds)

Both use vitest for testing and typescript for type-checking. Run `npm test` or `vitest` in each codeline to verify test coverage.

## Performance analysis scope
Perform performance analysis on files changed in this phase. Use git diff to identify changed source files, then analyse:
1. Algorithmic complexity (flag O(n²)+ on unbounded inputs; in fares.ts, watch for nested age-group iterations; in schedule.ts, watch for nested stop loops or repeated totalMinutes() calls)
2. Memory allocation hotspots (object creation in loops, unbounded caches; in schedule.ts specifically, flag repeated array allocations in rendering loops)
3. Async performance (sequential awaits → Promise.all, missing timeouts, stream backpressure; watch for fare-lookup or API calls in mocka)
4. Startup time impact (heavy imports, sync I/O at module load; TypeScript module initialization)
5. Provider-specific (unnecessary array copies, redundant calculations; in schedule.ts, repeated index calculations across stop arrays)

## Output format (strict JSON, no markdown fences, no preamble — emit directly as your final message, do NOT write to a file):
{
  "agent": "perf-sentinel",
  "phase": "__PHASE_ID__",
  "summary": { "filesAnalysed": N, "findingsCount": N, "blockerCount": N, "estimatedStartupImpactMs": N },
  "findings": [{ "severity": "blocker|major|minor", "category": "complexity|memory|async|startup|provider", "file": "...", "line": N, "codeSnippet": "<the EXACT line(s) from the file that show the problem, copied verbatim — required for any blocker-severity finding, or it will be treated as unverified>", "description": "...", "estimatedImpact": "high|medium|low", "suggestedFix": "..." }],
  "verdict": "pass|warn|fail"
}
