# Prompt
You are the speckit specification agent for EPAM CLI. Phase core, story AMSD-1820.

You are reviewing and building on the openspec agent's output for this story.
Your role is COLLABORATIVE — you are NOT starting from scratch. Instead:
1. Review openspec's proposed acceptance criteria for testability and completeness
2. Add missing edge-case, error-handling, security, and accessibility criteria
3. Flag any AC that are vague, untestable, or overlapping
4. Splitting is openspec's decision alone — you do NOT split stories. If openspec already split
   this story, do NOT include a "splitStories" field in your output at all (it will be ignored if
   you do). Review and refine the acceptanceCriteria openspec gave you for the UNSPLIT story as
   normal; per-child refinement of an already-split story's children happens on a later turn, not
   here.
5. Do NOT remove or duplicate openspec's good work — build on it

━━━ WHAT-NOT-HOW RULE (MANDATORY) ━━━
Every AC must describe an OBSERVABLE OUTCOME (what a test can verify from outside the code),
NOT an implementation instruction. If an AC names vi.mock, jest.fn, mockReturnValue,
mockResolvedValue, import statements, or require() calls, REPLACE it with a
Given/When/Then behaviour statement. Never tell the implementer which library or mock pattern to use.

OPENSPEC'S OUTPUT (your input to review — ACs and split proposals only):
{
  "acceptanceCriteria": [],
  "notes": "Defect: promo code discount amount is incorrect/missing for return-trip tickets in the Mozio email confirmation. The codebase already swaps from/to stations for return trips in create-reservations.mappers.ts getTripData, but the discount/promo-code amount is not similarly adjusted. mapToSanitizedMozioDispatch passes discount through as-is from dispatch.report.price.discount, which likely contains the full-order discount rather than the per-leg amount for the return dispatch. Zero-amount order handling in process-zero-amount-order.service.ts is a related but separate concern (100% promo → entire order free); this story is about partial promo amounts on return legs.",
  "splitStories": []
}

ORIGINAL STORY CONTEXT:
{
  "id": "AMSD-1820",
  "title": "[Mozio] - The Promo code amount is NOT displayed as expected for Return trip tickets in the Mozio email confirmation",
  "description": "[Mozio] - The Promo code amount is NOT displayed as expected for Return trip tickets in the Mozio email confirmation",
  "originalAcceptanceCriteria": [],
  "technicalNotes": {
    "files": [
      "src/clients/mozio/mappers/map-to-sanitized-mozio-dispatch.ts",
      "src/services/create-reservations/create-reservations.mappers.ts",
      "src/services/mappers/line-item/map-line-item-return-trip-modification.ts",
      "src/functions/http-mozio-webhook.ts"
    ]
  },
  "dependencies": []
}

Produce your refined output as raw JSON only (no XML tags, no markdown fences, no preamble). Include:
- "acceptanceCriteria": The FULL merged list (openspec's criteria + your additions/refinements). Every item MUST be an observable outcome, not an implementation instruction.
- "notes": What you changed and why (be specific — cite which criteria you added/modified/replaced)
- "splitStories": ALWAYS omit this field. Splitting is openspec's decision alone — never propose
  split children of your own, even if openspec already split this story.
- "acAddedBySpeckit": Array of criteria YOU added that were not in openspec's output
- "acModifiedBySpeckit": Array of {"original":"...","revised":"..."} for criteria you reworded
- "acFlagged": Array of {"criterion":"...","flag":"..."} for criteria that need human attention


# Output
```json
{
  "acceptanceCriteria": [
    "Given a round-trip Mozio reservation with a partial promo code discount, When the return-trip dispatch is processed through mapToSanitizedMozioDispatch, Then the discount amount on the return dispatch reflects only the per-leg portion of the promo code, not the full-order discount amount.",
    "Given a round-trip Mozio reservation with a partial promo code discount, When the outbound-trip dispatch is processed through mapToSanitizedMozioDispatch, Then the discount amount on the outbound dispatch reflects only the per-leg portion of the promo code, not the full-order discount amount.",
    "Given a one-way Mozio reservation with a promo code discount, When the dispatch is processed through mapToSanitizedMozioDispatch, Then the discount amount remains unchanged and equals the full promo discount applied to that single leg.",
    "Given a round-trip Mozio reservation with a promo code discount, When the Mozio email confirmation is generated, Then the promo code amount displayed on the return-trip ticket section matches the per-leg discount amount for that return leg.",
    "Given a round-trip Mozio reservation with a promo code discount, When the Mozio email confirmation is generated, Then the sum of the discount amounts shown on the outbound and return ticket sections equals the total order-level promo discount.",
    "Given a round-trip Mozio reservation where the promo discount cannot be evenly divided between legs, When the discount is split across legs, Then the rounding strategy is applied consistently and the sum of per-leg discounts still equals the total order discount (e.g., the remainder is assigned to one leg).",
    "Given a round-trip Mozio reservation with a promo code discount of zero, When the dispatches are processed, Then both outbound and return dispatches have a discount amount of zero and no promo amount is displayed in the email confirmation for either leg.",
    "Given a round-trip Mozio reservation with a 100% promo code discount (zero-amount order), When the dispatches are processed, Then the existing zero-amount-order handling path is followed and this story's per-leg splitting logic does not interfere with that flow.",
    "Given a round-trip Mozio reservation with a promo code discount, When the dispatch data is mapped, Then the per-leg discount calculation is consistent with the existing from/to station swap logic already applied for return trips in getTripData.",
    "Given a webhook event from Mozio containing a return-trip dispatch with a discount field, When the webhook handler processes the event, Then the discount is correctly split to the per-leg amount before being passed downstream to email generation."
  ],
  "notes": "Openspec provided an empty acceptanceCriteria array with helpful technical notes. I built the full AC set from scratch based on those notes and the story context. Key design decisions: (1) AC 1-2 ensure both legs of a round trip get the per-leg discount, not just the return leg — the bug likely manifests on the return but the fix should handle both legs symmetrically. (2) AC 3 is a regression guard for one-way trips. (3) AC 5 is a critical invariant: per-leg discounts must sum to the total. (4) AC 6 addresses the edge case of indivisible discount amounts. (5) AC 7 covers the zero-discount edge case. (6) AC 8 ensures the fix doesn't break the separate 100%-promo/zero-amount-order flow. (7) AC 9 ensures consistency with the existing station-swap pattern. (8) AC 10 covers the webhook entry point since http-mozio-webhook.ts is listed as a relevant file.",
  "acAddedBySpeckit": [
    "Given a round-trip Mozio reservation with a partial promo code discount, When the return-trip dispatch is processed through mapToSanitizedMozioDispatch, Then the discount amount on the return dispatch reflects only the per-leg portion of the promo code, not the full-order discount amount.",
    "Given a round-trip Mozio reservation with a partial promo code discount, When the outbound-trip dispatch is processed through mapToSanitizedMozioDispatch, Then the discount amount on the outbound dispatch reflects only the per-leg portion of the promo code, not the full-order discount amount.",
    "Given a one-way Mozio reservation with a promo code discount, When the dispatch is processed through mapToSanitizedMozioDispatch, Then the discount amount remains unchanged and equals the full promo discount applied to that single leg.",
    "Given a round-trip Mozio reservation with a promo code discount, When the Mozio email confirmation is generated, Then the promo code amount displayed on the return-trip ticket section matches the per-leg discount amount for that return leg.",
    "Given a round-trip Mozio reservation with a promo code discount, When the Mozio email confirmation is generated, Then the sum of the discount amounts shown on the outbound and return ticket sections equals the total order-level promo discount.",
    "Given a round-trip Mozio reservation where the promo discount cannot be evenly divided between legs, When the discount is split across legs, Then the rounding strategy is applied consistently and the sum of per-leg discounts still equals the total order discount (e.g., the remainder is assigned to one leg).",
    "Given a round-trip Mozio reservation with a promo code discount of zero, When the dispatches are processed, Then both outbound and return dispatches have a discount amount of zero and no promo amount is displayed in the email confirmation for either leg.",
    "Given a round-trip Mozio reservation with a 100% promo code discount (zero-amount order), When the dispatches are processed, Then the existing zero-amount-order handling path is followed and this story's per-leg splitting logic does not interfere with that flow.",
    "Given a round-trip Mozio reservation with a promo code discount, When the dispatch data is mapped, Then the per-leg discount calculation is consistent with the existing from/to station swap logic already applied for return trips in getTripData.",
    "Given a webhook event from Mozio containing a return-trip dispatch with a discount field, When the webhook handler processes the event, Then the discount is correctly split to the per-leg amount before being passed downstream to email generation."
  ],
  "acModifiedBySpeckit": [],
  "acFlagged": [
    {
      "criterion": "Given a round-trip Mozio reservation where the promo discount cannot be evenly divided between legs, When the discount is split across legs, Then the rounding strategy is applied consistently and the sum of per-leg discounts still equals the total order discount (e.g., the remainder is assigned to one leg).",
      "flag": "The rounding/remainder strategy needs product owner input — should the outbound leg get the remainder, the return leg, or is there another business rule? The AC as written allows any consistent strategy but the specific assignment may matter for customer-facing display."
    },
    {
      "criterion": "Given a round-trip Mozio reservation with a 100% promo code discount (zero-amount order), When the dispatches are processed, Then the existing zero-amount-order handling path is followed and this story's per-leg splitting logic does not interfere with that flow.",
      "flag": "Boundary condition between partial and 100% promo — needs confirmation that process-zero-amount-order.service.ts is always triggered before per-leg splitting could apply, or that the splitting logic safely handles the 100% case as well."
    }
  ]
}
```
