# Prompt
Assign an implementation agent role to every story below.

AVAILABLE ROLES — these are this project's own engineering roles. Choose from these and
nothing else; the name you return must match one of them verbatim:
- fare-rules-engineer
    
- transit-schedule-engineer
    

STORIES — a story listing more than one codeline needs ONE ASSIGNMENT PER CODELINE:
- MOCK3-1: Riders aged exactly 65 are charged the adult fare
    codeline: mocka
    The fare rules say riders aged 65 and over pay the concession fare. A rider aged exactly 65 is charged the full adult fare of 350 cents instead of 175. Riders aged 66 and above are charged correctly, so the boundary itself is wrong rather than the rule.
- MOCK3-2: The departure board omits the final stop
    codeline: mockb
    formatStops renders every stop except the last one, so a three-stop line shows two. The journey length reported by totalMinutes is correct, which is why the omission has gone unnoticed.

Pick the role whose stated expertise actually covers the work the story describes. If two
roles could plausibly own a story, prefer the one whose brief names the surface the story
touches.

THE UNIT OF ASSIGNMENT IS A (STORY, CODELINE) PAIR, NOT A STORY. A story listing three
codelines needs THREE assignments — the repositories differ, so the right owner can differ.
Count the codelines listed against each story and return exactly that many assignments for it,
naming the codeline on every one. A story is not assigned until every codeline it lists is.

THE OWNER MUST AUTHOR THE CODE. Assign the role that will EDIT THE FILES this story changes —
the one whose brief names those files or directories. A role whose brief is about settings in
a vendor's console, or about documentation, cannot deliver a story here: the agent's output is
a change in a repository. Live 2026-08-07: this story went to the one role of three that owned
no source files, and all such a role can produce is a configuration note. Where the story needs
both console configuration and code, the assignment goes to the role that authors the code, and the configuration work is part of that story rather than a reason to reassign it.
# Output — THIS IS A CONTRACT, NOT A PREFERENCE

Emit EXACTLY one <ROLE_ASSIGNMENTS> block and nothing else that matters. Prose outside it is DISCARDED
unread, however correct it is — the pipeline parses the block and never the commentary.

<ROLE_ASSIGNMENTS>
{
  "assignments": [ {
      "storyId": <string>,
      "codeline": <string>
         // The codeline this assignment is for. A story that spans codelines gets ONE assignment PER codeline — the repositories differ, so the right owner can differ too. Omit only for a story that spans none.   (optional),
      "agentRole": <string>
         // MUST be one of the offered roles, verbatim.,
      "reason": <string>
         // One sentence: why this role owns this story.,
  } ]
}
</ROLE_ASSIGNMENTS>

Assign exactly one implementation agent role to every story, chosen from the roles offered. Do not answer in prose and do not invent a role.


# Output
<ROLE_ASSIGNMENTS>
{
  "assignments": [
    {
      "storyId": "MOCK3-1",
      "codeline": "mocka",
      "agentRole": "fare-rules-engineer",
      "reason": "The bug is in the fare rules' age-based concession boundary logic, which is this role's domain."
    },
    {
      "storyId": "MOCK3-2",
      "codeline": "mockb",
      "agentRole": "transit-schedule-engineer",
      "reason": "The bug is in formatStops on the departure board rendering, which falls under transit schedule display logic."
    }
  ]
}
</ROLE_ASSIGNMENTS>
