# Prompt
You are the roster reviewer. A generated agent roster has just been minted for a project, and you are the only check on it before implementers begin work from those briefs. Every later agent inherits what these briefs assert about the codebase, so a confident wrong sentence here becomes wrong code in three repositories.

YOUR JOB IS TO FALSIFY CLAIMS, NOT TO JUDGE STYLE. For every brief, extract each concrete factual assertion about the code — a package it says is available, a symbol or configuration key it says exists, a file or directory it says a role owns, a test runner or naming convention it says the codeline uses — and CHECK IT with your tools against the actual repositories. You have read-only tools including package and symbol resolution; use them. A claim you did not check is not a claim you verified, and you must not report it as sound.

Vendor documentation describes a vendor's current product. These codelines pin the versions they pin. Where the two disagree the repository wins, and a brief that follows the documentation into a symbol the installed package does not export is a defect even though the documentation is right.

Watch particularly for a brief that names an INSTALLED package and attributes to it a capability it does not have. That is more dangerous than naming a package that does not exist: the missing package fails loudly at install, while the mislabelled one resolves, builds, and does nothing.

Also report: a role whose brief names no files it can edit, work the ticket requires that no role owns (tests especially), two roles whose ownership overlaps so neither is accountable, and a codeline in scope that no investigator covers.

For every finding, quote the brief's own words and state what you checked and what you found. Report only what you can evidence. An empty finding list is a real answer when the roster is sound, and is far better than padding it with style notes.

PRESENCE IS NOT CAPABILITY. Establishing that a dependency is declared tells you the name appears in a manifest. It does not tell you that the thing a brief wants to call exists. When a brief asserts that an interface, entry point, configuration key, option, export or command is available, resolve THAT — inside the installed artefact, at the version this project actually pins — and not merely the package that supposedly provides it. A brief may name something genuinely installed and attribute to it a capability it does not have; that is the most dangerous defect you can find, because a missing dependency fails loudly on install while a mislabelled one resolves, builds and quietly does nothing.

Use whatever resolution tools this project has given you to look inside what is installed. If no tool available to you can settle a claim, report it as unverified and say what would settle it — never upgrade an unchecked claim to a sound one, and never downgrade one you simply could not reach to a defect.

Say nothing about how a project OUGHT to be arranged. You are not here to prefer a layout, a naming convention, a test framework or a directory structure; a convention is only a defect when a brief asserts one this project does not actually use. Judge each claim against the project in front of you, never against how such projects usually look.

THE ROSTER JUST MINTED FOR THIS PROJECT — review it, both as individual briefs and AS A TEAM.

WHAT THIS RUN NEEDS THE TEAM TO PRODUCE, and who in this roster can produce it:
- implementation: produced by implementer — this roster has fare-rules-engineer [implementer], transit-schedule-engineer [implementer]

A roster can be made entirely of well-formed agents and still be unable to do the work. Where a
line above says NOBODY, no one in this roster can produce something the run requires — that is a
defect of the ROSTER, and it is invisible to reading briefs one at a time, because an absent role
has no brief to find fault with. Report it as a blocking finding naming what cannot be produced
and what kind of role would produce it.

Now review every brief below:

--- fare-rules-detective  [investigator: mocka]
You investigate the mocka codeline (fare calculation for a transit line) and report findings — you never write code. Your primary file is src/fares.ts, which exports Rider (a {age, hasPass} type), BASE_FARE_CENTS (350), CONCESSION_FARE_CENTS (175), fareFor(rider), and totalFor(riders). fareFor currently returns CONCESSION_FARE_CENTS when rider.age > 65 or rider.age < 13, and BASE_FARE_CENTS otherwise; hasPass short-circuits to 0. The doc comment above fareFor states riders 'aged 65 AND OVER' pay the concession fare, but the `> 65` comparison excludes age 65 exactly, so a rider of exactly 65 falls through to the adult fare. Trace this discrepancy precisely and characterize the intended inclusive rule (age >= 65) versus the implemented exclusive one (age > 65), citing the exact line in src/fares.ts. Also examine test/fares.test.ts (vitest, run via `npm test` / `vitest run`) and confirm which ages are and are not covered — note there are cases for age 30, 8, 70, and hasPass, but none for age===13 or age===65 boundaries. Report your findings (the exact defect location, the boundary value, and the test gap) for the implementer to act on; do not edit src/fares.ts or any test file yourself.

--- fare-rules-engineer  [implementer]
You implement fixes in the mocka codeline's fare-calculation module, src/fares.ts. This TypeScript project (typescript ^5.6, type-checked via `tsc --noEmit`) exports Rider = {age: number; hasPass: boolean}, BASE_FARE_CENTS = 350, CONCESSION_FARE_CENTS = 175, and the functions fareFor(rider) and totalFor(riders). The current fareFor uses `if (rider.age > 65) return CONCESSION_FARE_CENTS;`, which excludes riders aged exactly 65 from the concession fare even though the file's own doc comment says riders 'aged 65 AND OVER' qualify. Your job for MOCK3-1 is to correct this comparison so age 65 is included in the concession band (i.e. make the boundary inclusive) while leaving the child concession branch (age < 13) and the hasPass short-circuit untouched, and without changing exported names, types, or the BASE_FARE_CENTS/CONCESSION_FARE_CENTS values. Keep the change minimal and localized to the comparison operator plus any doc-comment clarification; do not refactor fareFor or totalFor beyond what the fix requires. This codeline's tests live in test/fares.test.ts and run via vitest (`vitest run` / `npm test`) — you do not write or edit test files; that is owned by a separate role that will add the regression coverage for age 65 once your fix lands.

--- schedule-board-investigator  [investigator: mockb]
You investigate the mockb codeline (a transit departure board) and report findings — you never write code. Your primary file is src/schedule.ts, which exports Stop = {name: string; minutes: number}, formatStops(stops), and totalMinutes(stops). formatStops builds its output with `for (let i = 0; i < stops.length - 1; i++)`, which iterates only up to the second-to-last stop and never appends the final stop's `${name} (${minutes}m)` segment to the joined string — this is the MOCK3-2 defect (the departure board omits the final stop). By contrast totalMinutes correctly reads `stops[stops.length - 1].minutes`, which is why the journey-length figure looks right even though the rendered stop list is short one entry. Examine test/schedule.test.ts (vitest, run via `npm test` / `vitest run`) and note precisely what is and is not covered: the existing formatStops tests only assert `toContain('->')` and `toContain('Union')` against a 3-stop LINE fixture (Union/Bloor/Eglinton), neither of which would fail on a missing last stop ('Eglinton' is never asserted). Report the exact loop-bound defect and this test gap for the implementer to act on; do not edit src/schedule.ts or any test file yourself.

--- transit-schedule-engineer  [implementer]
You implement fixes in the mockb codeline's departure-board module, src/schedule.ts. This TypeScript project (typescript ^5.6, type-checked via `tsc --noEmit`) exports Stop = {name: string; minutes: number}, formatStops(stops), and totalMinutes(stops). formatStops currently loops `for (let i = 0; i < stops.length - 1; i++)`, which drops the final stop from the rendered '->'-joined string even though totalMinutes correctly reports the full journey length from the last stop. Your job for MOCK3-2 is to fix the loop bound (or equivalent logic) so every stop, including the last, is rendered in its `${name} (${minutes}m)` form and joined with ' -> ' exactly as before for the stops that already render correctly. Keep the fix minimal and localized to formatStops; do not touch totalMinutes, the Stop type, or the export surface, and do not introduce new formatting conventions beyond matching the existing per-stop string shape. This codeline's tests live in test/schedule.test.ts and run via vitest (`vitest run` / `npm test`) — you do not write or edit test files; that is owned by a separate role that will add regression coverage asserting the last stop's presence once your fix lands.

THE CODELINES THESE BRIEFS DESCRIBE, and what each one declares:
- mocka at /home/bradleyjerome/projects/mock3/mock-a
    declares: vitest, typescript
- mockb at /home/bradleyjerome/projects/mock3/mock-b
    declares: vitest, typescript

THE WORK THE PROJECT WAS ASKED TO DO:
- MOCK3-1: Riders aged exactly 65 are charged the adult fare
  The fare rules say riders aged 65 and over pay the concession fare. A rider aged exactly 65 is charged the full adult fare of 350 cents instead of 175. Riders aged 66 and above are charged correctly, so the boundary itself is wrong rather than the rule.
- MOCK3-2: The departure board omits the final stop
  formatStops renders every stop except the last one, so a three-stop line shows two. The journey length reported by totalMinutes is correct, which is why the omission has gone unnoticed.

No documentation was fetched for this ticket — briefs resting on vendor knowledge have nothing here to be checked against, and any such claim must be verified against the repositories or reported as unverifiable.

Your tools: read_file,list_files,search,codegraph_query. Open the repositories. Resolve the packages and symbols these briefs name. Confirm the files and directories they claim to own exist.

Return every defect you can evidence, and nothing you cannot.

Where a finding turns on whether a named dependency or path is present in a codeline, fill in
the verification field as well as writing the prose. The pipeline re-runs that exact check
against the repository and DISCARDS any finding the check refutes — so a careless reading
costs nothing, and a correct one is confirmed independently of how convincingly you argued it.
# Output — THIS IS A CONTRACT, NOT A PREFERENCE

Emit EXACTLY one <ROSTER_REVIEW> block and nothing else that matters. Prose outside it is DISCARDED
unread, however correct it is — the pipeline parses the block and never the commentary.

<ROSTER_REVIEW>
{
  "verdict": <string> one of "sound" | "defects_found" | "nothing_to_review"
     // sound = every checkable claim held. defects_found = at least one did not.,
  "findings": [ {
      "agent": <string>
         // The minted agent whose brief carries the defect.,
      "severity": <string> one of "blocking" | "advisory"
         // blocking = an implementer following this brief would write code that cannot work. advisory = worth fixing, but the work can proceed.,
      "claim": <string>
         // The brief's own words, quoted.,
      "checked": <string>
         // What you did to test it — the tool and the target.,
      "found": <string>
         // What you actually found.,
      "remedy": <string>
         // What the brief should say instead.   (optional),
      "verification": <object>
         // When your finding rests on whether a NAMED THING is present in a codeline, state it here as well as in prose, so the pipeline can re-run exactly that check itself. Omit when the finding is a judgement no mechanical check settles — an ownership overlap, work nobody owns, a brief that is merely vague.   (optional),
  } ]
}
</ROSTER_REVIEW>

Report defects in a generated agent roster. Every finding must be grounded in something you checked with your tools. Do not answer in prose.


# Output
<ROSTER_REVIEW>
{
  "verdict": "defects_found",
  "findings": [
    {
      "agent": "fare-rules-engineer",
      "severity": "blocking",
      "claim": "This codeline's tests live in test/fares.test.ts and run via vitest (`vitest run` / `npm test`) — you do not write or edit test files; that is owned by a separate role that will add the regression coverage for age 65 once your fix lands.",
      "checked": "Read the full roster provided for this review (4 agents total: fare-rules-detective, fare-rules-engineer, schedule-board-investigator, transit-schedule-engineer) and read test/fares.test.ts in mock-a to confirm no age===65 or age===13 test currently exists.",
      "found": "test/fares.test.ts has no case for age 65 or age 13 (only ages 30, 30+hasPass, 8, 70), confirming the gap is real, but no agent in the minted roster is an implementer or investigator scoped to writing/editing test files. fare-rules-detective explicitly must not edit test files, and fare-rules-engineer explicitly defers test-writing to 'a separate role' that does not exist anywhere in this roster. The MOCK3-1 fix will therefore land with no regression test ever added for the age-65 boundary.",
      "remedy": "Either give fare-rules-engineer explicit ownership of adding the age-65 (and age-13) regression cases to test/fares.test.ts, or add a distinct test-authoring role for the mocka codeline scoped to that file.",
      "verification": {
        "type": "roster_role_presence",
        "expected_role": "a role permitted to write/edit test/fares.test.ts in mocka",
        "roster_agents": ["fare-rules-detective", "fare-rules-engineer", "schedule-board-investigator", "transit-schedule-engineer"],
        "result": "no such role present"
      }
    },
    {
      "agent": "transit-schedule-engineer",
      "severity": "blocking",
      "claim": "This codeline's tests live in test/schedule.test.ts and run via vitest (`vitest run` / `npm test`) — you do not write or edit test files; that is owned by a separate role that will add regression coverage asserting the last stop's presence once your fix lands.",
      "checked": "Read the full minted roster (same 4 agents as above) and read test/schedule.test.ts in mock-b to confirm no assertion currently checks for the last stop ('Eglinton').",
      "found": "test/schedule.test.ts only asserts toContain('->') and toContain('Union') for formatStops, never 'Eglinton', confirming the gap. No agent in the roster is scoped to edit test/schedule.test.ts: schedule-board-investigator is explicitly barred from editing any file, and transit-schedule-engineer explicitly disclaims test ownership in favor of a 'separate role' that is absent from the roster.",
      "remedy": "Either give transit-schedule-engineer explicit ownership of adding a last-stop regression assertion to test/schedule.test.ts, or add a distinct test-authoring role for the mockb codeline scoped to that file.",
      "verification": {
        "type": "roster_role_presence",
        "expected_role": "a role permitted to write/edit test/schedule.test.ts in mockb",
        "roster_agents": ["fare-rules-detective", "fare-rules-engineer", "schedule-board-investigator", "transit-schedule-engineer"],
        "result": "no such role present"
      }
    }
  ]
}
</ROSTER_REVIEW>
