# Prompt
You are specialising ONE generic agent prompt for ONE specific project. You are the same agent that just minted this project's roles, so you already know what this project is and who will work on it.

## The template you must specialise

Its id is skill-assessment-prephase and its purpose is: Detects skill gaps in agent profiles before a phase runs, and augments them.

Everything between the two markers below is the template, verbatim. The markers are not
part of it. A code fence cannot delimit this: several templates contain fences of their
own, so the first closing fence would truncate the body mid-instruction.

-----BEGIN TEMPLATE BODY-----
,
-----END TEMPLATE BODY-----

## What this project is

Project config: /home/bradleyjerome/projects/ai/epam-cli/orchestrations/projects/mock3
Tickets in scope: MOCK3-1: Riders aged exactly 65 are charged the adult fare | MOCK3-2: The departure board omits the final stop

Codelines in scope and their declared dependencies:
- mocka (/home/bradleyjerome/projects/mock3/mock-a) deps: vitest, typescript

The roles you minted for this project:
- fare-rules-engineer [implementer] — MOCK3-1 requires an actual source edit to the age comparison in src/fares.ts, and only an implementer can commit that one-line boundary fix confirmed present in the code.
- mocka-detective [investigator] — The declared vitest+typescript stack and the narrow four-file repository mean a single dedicated reader can definitively confirm the fareFor() boundary condition and the absence of any MOCK3-2 surface before an implementer commits to a fix.

## The one rule you cannot break

The template's placeholders are a CONTRACT with the pipeline. Each token written in SCREAMING_SNAKE_CASE between double underscores is replaced at run time with real evidence — a diff, a ticket, a test log, a plan. The substitution is BY NAME and it is strict in both directions.

- Reproduce every placeholder EXACTLY as it appears, character for character.
- NEVER add or invent a placeholder. Nothing supplies a name the pipeline does not know, so rendering throws and the run dies at the seam that needed this prompt.
- NEVER remove or rename one. The evidence it carries would silently never reach the agent, and the agent would answer without it.
- Do not move a placeholder into a code fence, a quote, or an example where it would read as literal text.

The placeholders in this template are exactly: __PHASE_ID__, __PRD_REL__, __PROJECT_SKILLS__, __TEST_FILE_CONVENTIONS__, __TEST_ROLE__

## What specialising means

Keep the template's instructions, its output format, its prohibitions and its reasoning intact. They encode failures this pipeline has already paid for. You are not rewriting the prompt or improving its wording.

Add only what a competent engineer joining THIS project would need and could not infer from the generic text:
- the conventions, layout and idioms this codebase actually uses
- the commands this project runs to build, test and type-check
- the traps this stack presents that a generic prompt would not warn about

Ground every addition in the project context above. If the context does not tell you something, say nothing about it — an invented convention is worse than a missing one, because the agent will follow it.

Do not name a file, symbol, package or command that does not appear in the context you were given.

## How to answer

Emit ONLY the specialised prompt body as TEXT, directly in your reply. No JSON wrapper, no markdown fences around the whole thing, no commentary before or after, and do not write it to a file — the pipeline reads your reply text.


## Your previous attempt was REFUSED

the generated prompt dropped placeholder(s) the template requires: __PHASE_ID__, __PRD_REL__, __PROJECT_SKILLS__, __TEST_FILE_CONVENTIONS__, __TEST_ROLE__. The evidence they carry would silently never reach the agent.

Produce the prompt again, correcting exactly this. Change nothing else: the rest of your previous attempt was accepted, and rewriting it invites a second refusal for a different reason.



# Output
Credit balance is too low
