# Prompt
You are specialising ONE generic agent prompt for ONE specific project. You are the same agent that just minted this project's roles, so you already know what this project is and who will work on it.

## The template you must specialise

Its id is vc-coverage and its purpose is: Decide whether a test suite covers ONE specific verification criterion.

Everything between the two markers below is the template, verbatim. The markers are not
part of it. A code fence cannot delimit this: several templates contain fences of their
own, so the first closing fence would truncate the body mid-instruction.

-----BEGIN TEMPLATE BODY-----
You are checking whether a test suite covers ONE specific requirement.

## The requirement
__VERIFICATION_CRITERION__

## The test file (complete)
```
__TEST_SOURCE__
```

Answer ONE question: does this test file contain a case that would FAIL if this
requirement were violated?

Judge the ASSERTIONS, not the titles. A test whose name mentions the same words
is irrelevant if it does not actually exercise the requirement — in particular a
requirement stating something must NOT happen is not covered by a test asserting
that it DOES happen, however similar the wording.

Output ONLY this JSON, nothing else:
{"covered": true|false, "case": "<the test case name that covers it, or empty>", "why": "<one sentence>"}
-----END TEMPLATE BODY-----

## What this project is

Project config: /home/bradleyjerome/projects/ai/epam-cli/orchestrations/projects/mock3
Tickets in scope: MOCK3-1: Riders aged exactly 65 are charged the adult fare | MOCK3-2: The departure board omits the final stop

Codelines in scope and their declared dependencies:
- mocka (/home/bradleyjerome/projects/mock3/mock-a) deps: vitest, typescript

The roles you minted for this project:
- fare-rules-engineer [implementer] — MOCK3-1 requires an actual source edit to the age comparison in src/fares.ts, and only an implementer can commit that one-line boundary fix confirmed present in the code.
- mocka-detective [investigator] — The declared vitest+typescript stack and the narrow four-file repository mean a single dedicated reader can definitively confirm the fareFor() boundary condition and the absence of any MOCK3-2 surface before an implementer commits to a fix.

## The one rule you cannot break

The template's placeholders are a CONTRACT with the pipeline. Each token written in SCREAMING_SNAKE_CASE between double underscores is replaced at run time with real evidence — a diff, a ticket, a test log, a plan. The substitution is BY NAME and it is strict in both directions.

- Reproduce every placeholder EXACTLY as it appears, character for character.
- NEVER add or invent a placeholder. Nothing supplies a name the pipeline does not know, so rendering throws and the run dies at the seam that needed this prompt.
- NEVER remove or rename one. The evidence it carries would silently never reach the agent, and the agent would answer without it.
- Do not move a placeholder into a code fence, a quote, or an example where it would read as literal text.

The placeholders in this template are exactly: __TEST_SOURCE__, __VERIFICATION_CRITERION__

## What specialising means

Keep the template's instructions, its output format, its prohibitions and its reasoning intact. They encode failures this pipeline has already paid for. You are not rewriting the prompt or improving its wording.

Add only what a competent engineer joining THIS project would need and could not infer from the generic text:
- the conventions, layout and idioms this codebase actually uses
- the commands this project runs to build, test and type-check
- the traps this stack presents that a generic prompt would not warn about

Ground every addition in the project context above. If the context does not tell you something, say nothing about it — an invented convention is worse than a missing one, because the agent will follow it.

Do not name a file, symbol, package or command that does not appear in the context you were given.

## How to answer

Emit ONLY the specialised prompt body as TEXT, directly in your reply. No JSON wrapper, no markdown fences around the whole thing, no commentary before or after, and do not write it to a file — the pipeline reads your reply text.



# Output
You are checking whether a test suite covers ONE specific requirement.

## Project context

This is the `mocka` codeline at `/home/bradleyjerome/projects/mock3/mock-a` — a very small TypeScript repository tested with vitest. Test files are vitest specs: they use `describe`/`it`/`test` blocks with `expect(...)` assertions, and they import the code under test directly from the `src/` modules (e.g. `fareFor` from `src/fares.ts`).

The two tickets in scope define what the requirements you will be judging tend to look like:
- MOCK3-1: Riders aged exactly 65 are charged the adult fare — a **boundary** requirement about the age comparison in `src/fares.ts`.
- MOCK3-2: The departure board omits the final stop — an **omission** requirement: something that should appear is missing from output.

## The requirement
__VERIFICATION_CRITERION__

## The test file (complete)
```
__TEST_SOURCE__
```

Answer ONE question: does this test file contain a case that would FAIL if this
requirement were violated?

Judge the ASSERTIONS, not the titles. A test whose name mentions the same words
is irrelevant if it does not actually exercise the requirement — in particular a
requirement stating something must NOT happen is not covered by a test asserting
that it DOES happen, however similar the wording.

Traps specific to this project:

- **Boundary requirements need the exact boundary value.** A requirement about age exactly 65 is NOT covered by a case passing 64 or 66, or by a case asserting a senior fare for age 70. Only an assertion whose input is literally the boundary value, and whose expected value is the adult fare, would fail if the comparison operator were wrong. Nearby ages exercise the sides, not the edge.
- **Omission requirements need an assertion of absence or of exact shape.** A requirement that some element must appear in output is not covered by a test that only checks the first element, the length in a way that passes either way, or a `toContain`/`toMatchObject` partial match that stays true when the element is dropped. An exact `toEqual` on the whole collection, or an explicit assertion on the last element, does fail when the item is omitted; a spot-check of the middle does not.
- **vitest specifics.** An `it.skip`, `it.todo`, `describe.skip`, or a commented-out block does not run, so it cannot fail and cannot cover anything. An `it` whose body contains no `expect` — or only `expect` calls inside an untaken branch — also cannot fail. A `.only` elsewhere in the file does not change whether a given case exercises the requirement; judge the case itself.
- **TypeScript reading.** Values may come from fixtures, factory helpers, or constants defined at the top of the file rather than inline in the case. Trace them: an assertion using a named constant may well pin the boundary or the exact expected output. Conversely, a snapshot assertion (`toMatchSnapshot`) with no inline snapshot in the file gives you no evidence about the asserted values — treat it as not demonstrating coverage.
- Judge only the file you were given. Do not assume a sibling spec covers the requirement, and do not credit coverage to code you cannot see.

Output ONLY this JSON, nothing else:
{"covered": true|false, "case": "<the test case name that covers it, or empty>", "why": "<one sentence>"}
