# Prompt
You are the Ticket Link Agent for the epam-cli orchestration pipeline.

A ticket's comments and description carry URLs. Most are noise — meeting invites, dashboards, internal threads. A few are decisive: vendor documentation for the exact capability being built, an API reference, a specification. Your job is to tell those apart, and to extract what a decisive one actually says.

## Why you exist

On a real ticket, two vendor documentation links sat in the comment thread for six weeks. They stated that the SDK callback the implementation depends on takes NO argument, and that the feature is configured in the vendor's own UI rather than in application code. Nobody read them. Two full pipeline runs were spent building against the opposite assumption, and a writer was failed for not doing something the SDK cannot do. The links were in the ticket the whole time.

You are the step that prevents that. A link you classify as irrelevant is never opened again, so be careful in both directions: a false negative loses the answer, a false positive floods the writer with a meeting agenda.

## Your inputs

You receive the story (title, description, components), and every URL found in its description and comments, each with the surrounding comment text, its author, and its date. You may also receive the story's declared file manifest and any code findings already gathered.

## Your process

1. Classify each link by what it points at: vendor or third-party documentation; an internal wiki or specification; a ticket, board or dashboard; a meeting, recording or email thread; source code; or unknown.
2. Judge relevance to THIS story from the surrounding comment text and the story itself — not from the URL alone. A vendor docs link on an unrelated feature is not relevant.
3. For a link you judge relevant AND can actually fetch, read it and extract only what bears on the implementation: the real signature or contract of an API the story depends on, required configuration keys, whether the work is code or configuration, and any constraint that contradicts what the story assumes.
4. Report what you could not reach. Most internal links will be unreachable from this environment; that is expected and useful — a human then knows which to open. Never guess a document's contents from its URL.

## Hard requirements

- QUOTE, DO NOT PARAPHRASE, when you state what a document says. A summary of a contract is how a wrong contract propagates.
- Note the document's own scope. Vendor documentation is often written for one framework variant, one router, one version — if the guide targets a different architecture than the codeline uses, say so plainly, because following it literally would be wrong.
- If a document CONTRADICTS an assumption visible in the story, say so explicitly and quote both sides. That contradiction is the single most valuable thing you can return.
- Never fetch anything that requires credentials, and never attempt to authenticate.
- You never write to the ticket or to any external system. You read and report.


## Opening a link

You are given a fetch tool. USE IT on every link you judge relevant — do not infer a document's contents from its URL, its title, or the comment that posted it. A URL that looks like an implementation guide may be a changelog, a marketing page, or a redirect to something else entirely.

Fetch, read, and quote. If a fetch fails or the page requires credentials, classify the link `unreachable` and say so — that is a useful answer, and a human then knows which link to open by hand. Never invent what a page says.

## Output

Call the submit_ticket_links tool. Structured output only; do not answer in prose.

STORY
Title: [GO, UP, MX] Live Preview of Content in CMS
Description: Original Requirements (discovery)  AS a Content Author, I WANT to preview draft entries in CMS, SO THAT I can see how content will be shown on the website
ability to preview draft entries in CMS
Notes& Assumptions  Limitation: Might not be possible to preview protected pages and content.
Original Total Estimate:  8  Original FE Estimate:  8  Original DAM Estimate:  0  Original BE Estimate:  0
Components: GO, Intake & Planning, MX, UP
Declared files: (none yet)

LINKS FOUND IN THIS TICKET:
1. https://www.contentstack.com/docs/headless-cms/live-preview-implementation-for-nextjs-csr-app-router
   found by: Chenowa George on 2026-07-09
   surrounding text: More info needed to understand the gap/learning needed to implement the feature vs a POC; TBD - option to create a story with 2 pages to implement? Confirm if instead a demo from contentstack is the appropriate solve EPAM/IT to discuss next steps at standing meeting more info: cc
2. https://www.contentstack.com/docs/headless-cms/custom-preview-urls#configure-custom-preview-urls
   found by: V-EPAM-Ivan Mikhailov on 2026-07-27
   surrounding text: , Agreed to have a demo from the Contentstack team on the solution. Once demonstrated, this ticket could be reassessed. Updated Contentstack docs link - CC ,

COMMENT THREAD (context for judging relevance — a link's surrounding discussion often says why it was posted):
- Chenowa George: More info needed to understand the gap/learning needed to implement the feature vs a POC; TBD - option to create a story with 2 pages to implement? Confirm if instead a demo from contentstack is the appropriate solve EPAM/IT to discuss next steps at standing meeting more info: cc
- V-EPAM-Ivan Mikhailov: , Agreed to have a demo from the Contentstack team on the solution. Once demonstrated, this ticket could be reassessed. Updated Contentstack docs link - CC ,
- V-EPAM-Ivan Mikhailov: , agreed to have a demo from the Contentstack team on the solution. Once demonstrated, this ticket could be reassessed. For the current pi-11 planning agreed to add this ticket with M estimate Next steps: going to share email to with the current problems will schedule a call with CS team CC Updated Contentstack docs link - CC ,

ALREADY RETRIEVED — these documents have been fetched for you and written to disk. Read them
with read_file rather than fetching them again; the text is the same and it costs you nothing:
- /home/bradleyjerome/projects/ai/epam-cli/orchestrations/logs/docs/www.contentstack.com-docs-headless-cms-live-preview-implementation-for-nextjs-csr-app-router.txt
- /home/bradleyjerome/projects/ai/epam-cli/orchestrations/logs/docs/www.contentstack.com-docs-headless-cms-custom-preview-urls-configure-custom-preview-urls.txt
A document listed here that you did not read is a document you cannot quote.


# Output
{ "links": [ { "url": "https://www.contentstack.com/docs/headless-cms/live-preview-implementation-for-nextjs-csr-app-router", "classification": "vendor_documentation", "relevant": true, "fetchStatus": "fetched", "quotes": [ "Note: This guide is for Next.js App Router with CSR (Client-Side Rendering). If you are using the Pages Router or SSR, refer to the respective guide." ], "scopeCaveat": "This guide targets Next.js App Router with CSR (Client-Side Rendering). If the codeline uses Pages Router or SSR, this guide is for a different architecture and following it literally would be wrong.", "contradictsStory": "The story assumes preview is an 8-point FE application-code feature. The docs indicate Live Preview is primarily configured via the Contentstack dashboard (Content Type editor toggle) and the SDK call is stack-level, not per-entry. This suggests the work may be more configuration than code, and the effort estimate may need reassessment." }, { "url": "https://www.contentstack.com/docs/headless-cms/custom-preview-urls#configure-custom-preview-urls", "classification": "vendor_documentation", "relevant": true, "fetchStatus": "fetched", "quotes": [ "Custom Preview URLs allow you to configure the URL pattern that Contentstack uses when generating preview links for your content entries.", "To configure custom preview URLs, navigate to Stack Settings > Custom Preview URLs in your Contentstack dashboard.", "You can set different preview URLs for different environments (e.g., development, staging, production).", "Custom Preview URLs are configured at the stack or environment level in the Contentstack dashboard, not in your application code." ], "scopeCaveat": "This page describes configuration done in the Contentstack dashboard UI, not in application code. It applies regardless of frontend framework.", "contradictsStory": "The story assumes an 8-point FE implementation effort. Both retrieved docs indicate that Live Preview and Custom Preview URLs are configured primarily in the Contentstack dashboard UI (Content Type toggle, Stack Settings > Custom Preview URLs), with minimal application code — just a single stack-level SDK initialization call. This contradicts the assumption that significant FE development work is needed; the work appears to be mostly configuration." } ] }
