# Prompt
You are the Ticket Link Agent for the epam-cli orchestration pipeline.

A ticket's comments and description carry URLs. Most are noise — meeting invites, dashboards, internal threads. A few are decisive: vendor documentation for the exact capability being built, an API reference, a specification. Your job is to tell those apart, and to extract what a decisive one actually says.

## Why you exist

On a real ticket, two vendor documentation links sat in the comment thread for six weeks. They stated that the SDK callback the implementation depends on takes NO argument, and that the feature is configured in the vendor's own UI rather than in application code. Nobody read them. Two full pipeline runs were spent building against the opposite assumption, and a writer was failed for not doing something the SDK cannot do. The links were in the ticket the whole time.

You are the step that prevents that. A link you classify as irrelevant is never opened again, so be careful in both directions: a false negative loses the answer, a false positive floods the writer with a meeting agenda.

## Your inputs

You receive the story (title, description, components), and every URL found in its description and comments, each with the surrounding comment text, its author, and its date. You may also receive the story's declared file manifest and any code findings already gathered.

## Your process

1. Classify each link by what it points at: vendor or third-party documentation; an internal wiki or specification; a ticket, board or dashboard; a meeting, recording or email thread; source code; or unknown.
2. Judge relevance to THIS story from the surrounding comment text and the story itself — not from the URL alone. A vendor docs link on an unrelated feature is not relevant.
3. For a link you judge relevant AND can actually fetch, read it and extract only what bears on the implementation: the real signature or contract of an API the story depends on, required configuration keys, whether the work is code or configuration, and any constraint that contradicts what the story assumes.
4. Report what you could not reach. Most internal links will be unreachable from this environment; that is expected and useful — a human then knows which to open. Never guess a document's contents from its URL.

## Hard requirements

- QUOTE, DO NOT PARAPHRASE, when you state what a document says. A summary of a contract is how a wrong contract propagates.
- Note the document's own scope. Vendor documentation is often written for one framework variant, one router, one version — if the guide targets a different architecture than the codeline uses, say so plainly, because following it literally would be wrong.
- If a document CONTRADICTS an assumption visible in the story, say so explicitly and quote both sides. That contradiction is the single most valuable thing you can return.
- Never fetch anything that requires credentials, and never attempt to authenticate.
- You never write to the ticket or to any external system. You read and report.


## Opening a link

You are given a fetch tool. USE IT on every link you judge relevant — do not infer a document's contents from its URL, its title, or the comment that posted it. A URL that looks like an implementation guide may be a changelog, a marketing page, or a redirect to something else entirely.

Fetch, read, and quote. If a fetch fails or the page requires credentials, classify the link `unreachable` and say so — that is a useful answer, and a human then knows which link to open by hand. Never invent what a page says.

## Output

Call the submit_ticket_links tool. Structured output only; do not answer in prose.

STORY
Title: [GO, UP, MX] Live Preview of Content in CMS
Description: Original Requirements (discovery)  AS a Content Author, I WANT to preview draft entries in CMS, SO THAT I can see how content will be shown on the website
ability to preview draft entries in CMS
Notes& Assumptions  Limitation: Might not be possible to preview protected pages and content.
Original Total Estimate:  8  Original FE Estimate:  8  Original DAM Estimate:  0  Original BE Estimate:  0
Components: GO, Intake & Planning, MX, UP
Declared files: (none yet)

LINKS FOUND IN THIS TICKET:
1. https://www.contentstack.com/docs/headless-cms/live-preview-implementation-for-nextjs-csr-app-router
   found by: Chenowa George on 2026-07-09
   surrounding text: More info needed to understand the gap/learning needed to implement the feature vs a POC; TBD - option to create a story with 2 pages to implement? Confirm if instead a demo from contentstack is the appropriate solve EPAM/IT to discuss next steps at standing meeting more info: cc
2. https://www.contentstack.com/docs/headless-cms/custom-preview-urls#configure-custom-preview-urls
   found by: V-EPAM-Ivan Mikhailov on 2026-07-27
   surrounding text: , Agreed to have a demo from the Contentstack team on the solution. Once demonstrated, this ticket could be reassessed. Updated Contentstack docs link - CC ,

COMMENT THREAD (context for judging relevance — a link's surrounding discussion often says why it was posted):
- Ibrahim Didi: / , the interactive Maps stack has to be included in this Live Preview Implementation as well. Please confirm this ticket covers the following stacks: GO Transit UP Express Metrolinx.com Interactive Maps Thanks, Ibrahim CC: / / /
- V-EPAM-Ivan Mikhailov: Hi , As agreed , please: review the code available in github (Mykyta demonstraged) ideally we want to: restore it, fix dependencies/etc. connect with Contentstack check how it works to pre-estimate the task. Ideas for the estimation: Spike needed? Estimate separately - GO/MX/UP Placeholder for the future: Pre-estimated in the following state: Current status: Breakdown: Spike needed? Live edit Verify that user can edit the content type from the "Visual experience" tab ( somehow ) If so - Life edit could became much easier Estimate page by page ( start from the obvious ones to present several options to PO's ) Estimate only the first part for certain pages of a single website GO UP MX Interactive Maps EXD - Assumption: No live edit Links wont work The functionality is available only through the "Visual experience" tab in Contentstack It wont work from the Content type level (there is a "Live preview" CTA) Its a CS bug (TBD) Dependencies Risks T-shirt
- V-EPAM-Ivan Mikhailov: Pre-estimated in the following state: Current status: POC needed, and it’s estimated Breakdown: POC: Verify whether there is a change to navigate through pages within the Live view (will the links work?) Related assumption - #a Verify that user can edit the content type from the "Visual experience" tab If so - Live Edit could become much easier Related assumption - #b Implement Live View and Live Edit for 2 GO Transit pages: Homepage Details Page - Standard PI11 planning update, : MX. Homepage MX. Discover Article page (aka News Article page) After POC , devs should be able to properly estimate the following: GO. Live View and Live Edit UP. Live View and Live Edit MX. Live View and Live Edit Interactive Maps. Live View and Live Edit EXD - Assumption: Most probably links inside the Live view wont work (Live edit limitation, but TBD by the dev team) The functionality is available only through the "Visual experience" tab in Contentstack It wont work from the Content type level (there is a "Live preview" CTA) Its a CS bug (TBD in #2.a.ii) Dependencies - Risks Potential Contentstack limitations, TBD after the POC implemenmtation (see more details in #2.a) T-shirt For POC - M Estimate for MX/GO/UP TBD after the POC
- V-Oksana Seleznova: , please review and confirm if we should add POC (M-size) to PI-10.
- Chenowa George: to review and confirm
- Chenowa George: More info needed to understand the gap/learning needed to implement the feature vs a POC; TBD - option to create a story with 2 pages to implement? Confirm if instead a demo from contentstack is the appropriate solve EPAM/IT to discuss next steps at standing meeting more info: cc
- V-Oksana Seleznova: , please follow up on this
- V-NandaKumar KR: As recommended by we will await for demo from ContentStack. Its possible, no code changes are needed and its more of configure and use. After the demo if any code changes required we can plan this story for development team.
- V-EPAM-Ivan Mikhailov: , Agreed to have a demo from the Contentstack team on the solution. Once demonstrated, this ticket could be reassessed. Updated Contentstack docs link - CC ,
- V-EPAM-Ivan Mikhailov: , agreed to have a demo from the Contentstack team on the solution. Once demonstrated, this ticket could be reassessed. For the current pi-11 planning agreed to add this ticket with M estimate Next steps: going to share email to with the current problems will schedule a call with CS team CC Updated Contentstack docs link - CC ,
- V-EPAM-Ivan Mikhailov: During the PI-11 planning we agreed to update the: Scope of this ticket from GO. Homepage GO. Details Page - Standard to the following: MX. Homepage MX. Discover Article page (aka News Article page) Move this ticket closer to the middle of the PI (waiting for the Demo from Contentstack to clarify the implementation, and most probably convert the Spike to the delivereable) CC
- V-EPAM-Ivan Mikhailov: Hi , Please schedule a demo with CS once possible. More details/issues/agenda/etc. are in the email from : “Content Stack Live Preview demo request “ CC , ,


# Output
Based on my fetches and codebase inspection, here is my structured output:

---

## Ticket Link Analysis Report

### Link 1: https://www.contentstack.com/docs/headless-cms/live-preview-implementation-for-nextjs-csr-app-router

**Classification:** Vendor documentation (Contentstack) — **RELEVANT**

**Posted by:** Chenowa George on 2026-07-09, to understand "the gap/learning needed to implement the feature vs a POC"

**Document scope warning — ROUTER MISMATCH:**
The guide is titled "Live Preview Implementation for **NextJS CSR App Router**." The codebase uses **Pages Router** (files confirmed in `src/pages/`). Following this guide literally would be wrong for the codeline's architecture. A Pages Router equivalent guide should be sought, though the SDK contract may be similar.

**What the document says (quoted):**

On SDK installation — code changes ARE required:
> "Install and Initialize the Live Preview Utils SDK: Use the Live Preview Utils SDK to listen for content updates and fetch real-time preview data on the client side."
> `npm install @contentstack/live-preview-utils@contentstack/utils`

On the `onEntryChange` callback signature — it **takes a function argument**:
> `onEntryChange(updateData);`

The full pattern shown:
> ```js
> React.useEffect(() => {
>   onEntryChange(updateData);
>  }, []);
> ```

On SDK initialization — additional code required:
> ```js
> ContentstackLivePreview.init({
>   stackSdk: Stack,
>   enable: true,
>   ssr: false,
>   editButton: { enable: true },
>   stackDetails: { apiKey: "your api key", environment: "your environment value", branch: "your branch" },
>   clientUrlParams: { protocol: "https", host: "app.contentstack.com", port: 443 },
> });
> ```

On Delivery SDK configuration — also code:
> ```js
> live_preview: {
>   preview_token: preview_token,
>   enable: true,
>   host: 'rest-preview.contentstack.com'
>  },
> ```

On UI-side configuration — also required in Contentstack:
> "Navigate to Settings and select Environments. Set the base URLs for different locales, and click Update."
> "Select Visual Experience from the stack settings. In the General tab, select the Enable Live Preview checkbox. Set the Default Preview Environment and click Save."

On where Live Preview appears:
> "You can now see the Live Preview icon within all the entries of your stack and the feature previews data from the hosted website."

On Live Edit tags (recommended):
> "Live Edit tags allow editors to directly jump from the Live Preview pane to the corresponding content fields in the entry editor."

**CONTRADICTION with story assumption:**
- **Story says** (V-NandaKumar KR): "Its possible, no code changes are needed and its more of configure and use."
- **Document says**: Code changes are required — installing `@contentstack/live-preview-utils`, calling `ContentstackLivePreview.init()`, and wiring `onEntryChange(updateData)` into every page component. UI configuration is also needed but is not sufficient alone.

**CONTRADICTION with story assumption:**
- **Story says** (V-EPAM-Ivan Mikhailov): "The functionality is available only through the 'Visual experience' tab in Contentstack. It wont work from the Content type level (there is a 'Live preview' CTA) — Its a CS bug (TBD)"
- **Document says**: "You can now see the Live Preview icon within all the entries of your stack" — the doc describes Live Preview as accessible from entries, not limited to the Visual Experience tab. Whether this is a version discrepancy or a misunderstanding needs clarification from the Contentstack demo.

---

### Link 2: https://www.contentstack.com/docs/headless-cms/custom-preview-urls#configure-custom-preview-urls

**Classification:** Vendor documentation (Contentstack) — **RELEVANT**

**Posted by:** V-EPAM-Ivan Mikhailov on 2026-07-27, as "Updated Contentstack docs link"

**What the document says (quoted):**

On what Custom Preview URLs are:
> "Custom Preview URLs allow you to define dynamic, pattern-based paths for Live Preview. These paths align preview behavior with your website's routing logic, including nested routes, taxonomies, multiple domains, and non-native URL fields."

On plan availability:
> "Custom Preview URLs is available on select plans. Contact Contentstack support for more information."

On configuration location — UI only, no code:
> "Go to your stack and click 'Settings'. Navigate to Visual Experience and select the Preview URL tab. Enable the Custom Preview URL toggle."

On URL pattern syntax:
> "Build preview URLs using dynamic placeholders in the pattern. Placeholders use the `{{...}}` syntax and can reference: Entry fields: `{{entry.slug}}`, `{{entry.title}}`, `{{entry.uid}}`; Context variables: `{{environment}}`, `{{locale}}`, `{{branch}}`, `{{contentTypeUid}}`; Reference fields: `{{entry.author.name}}`, `{{entry.parent.url}}`; Taxonomy values: `{{taxonomy:brand}}`"

On Visual Editor integration:
> "Custom Preview URLs resolve in Visual Editor the same way they do in Live Preview. After you configure a pattern under Settings → Visual Experience → Preview URL, Visual Editor uses that configuration to resolve entry URLs on the canvas. No additional setup is required."

On a code-side requirement for Visual Editor entry identification:
> "To open the correct entry, the Start editing button passes the entry UID and content type UID as page context. Configure this context once in your front-end code. For setup steps, refer to `setPageContext(context)` in the Live Preview Utils SDK config reference."

**Relevance to story:**
This doc addresses the team's concern about whether links/navigation will work inside Live Preview. Custom Preview URLs provide pattern-based routing for preview, which could address nested routes and multi-domain scenarios (GO, UP, MX). However, the `setPageContext` requirement means some front-end code is needed for Visual Editor integration.

---

### Unreachable Links
None — both links were successfully fetched.

---

### Summary of Key Findings for the Writer

1. **Code changes ARE required.** The story's assumption that "no code changes are needed and its more of configure and use" is contradicted by Link 1. The implementation requires: (a) installing `@contentstack/live-preview-utils`, (b) configuring `live_preview` in the Delivery SDK `Stack()` init, (c) calling `ContentstackLivePreview.init()`, and (d) wiring `onEntryChange(updateData)` into page components.

2. **Router mismatch.** Link 1 targets Next.js **App Router**. The codebase uses **Pages Router** (`src/pages/`). The SDK contract is likely similar but the integration code (hooks, data fetching patterns) will differ. A Pages Router–specific guide or adaptation is needed.

3. **`onEntryChange` takes a function argument.** The callback receives the `updateData` function — it is not a no-argument callback.

4. **Custom Preview URLs (Link 2) are UI-configured** but available only on select plans. They support dynamic URL patterns with `{{entry.slug}}` etc. A small code-side `setPageContext` call is needed for Visual Editor entry identification.

5. **Both UI configuration and code are needed.** The work is neither pure configuration nor pure code — it is both.
