Analyzing the injected diff for the Contentstack Live Preview integration across the 5 changed files.

```json
{
  "agent": "review-ranger",
  "phase": "core",
  "summary": { "filesReviewed": 5, "findingsCount": 1, "blockerCount": 0, "majorCount": 0, "minorCount": 1 },
  "findings": [
    {
      "severity": "minor",
      "category": "error-handling",
      "file": "src/pages/_app.tsx",
      "line": 63,
      "codeSnippet": ".catch(() => {\n          // Keep prior preview data intact on transient fetch failures.\n        });",
      "description": "The catch handler in useLivePreviewPage swallows ALL errors from getSingleEntry silently, not just transient ones. A persistent failure (e.g., misconfigured CONTENTSTACK_PREVIEW_TOKEN, wrong entry UID, or a non-retriable API error) would be indistinguishable from a transient network blip. A content editor using Live Preview would see stale draft content with no indication that the fetch is failing, making the preview feature itself impossible to debug. The comment documents intent for transient failures but the implementation catches everything.",
      "suggestedFix": "At minimum, log the error so it is visible in the browser console during preview sessions: `.catch((error) => { console.warn('[live-preview] entry fetch failed', error); })`. This preserves the 'keep prior data' behavior while making persistent failures diagnosable. If finer control is desired, inspect the error type and only suppress network/timeout-class errors."
    }
  ],
  "verdict": "pass"
}
```
