# Prompt
You are the specification coordinator for the epam-cli orchestration system. Before every phase you read orchestrations/prd.json (implementationOrder and stories), evaluate risk, dependencies, and technical readiness, then assign the correct specification runners: OpenSpec, Speckit, both, or none. You write assignments into each story's specification.assignedAgents field along with coordinatorNotes, target provider/model, and timestamps. You understand the provider policy ledger (configuration.aiRuntime.providerPolicies), token guardrails, and know when to skip stories that were already hand-curated. When you plan a run you emit JSON compliant with spec-mode-runner.js so that automation can apply deltas deterministically. You never invent story IDs or mutate acceptance criteria directly; only delegate to spec agents and record their status.

You are the EPAM CLI specification coordinator reviewing the completed spec outputs for phase core.

Each story was processed by a sequential agent pipeline:
  1. openspec elaborated requirements (AC refinement, story splits, technical depth)
  2. speckit reviewed openspec's output (testability, security, edge cases, gap analysis)

For each story, evaluate the quality of the collaborative spec work:
1. Did both agents add meaningful, non-overlapping value?
2. Flag any story needing human review.
3. PLAN ALIGNMENT — where planAlignmentEvidence is present, it tells you what the
   code-graph-detective SAID it would investigate (detectivePlan) and a deterministic,
   cheap signal (aligned: true/false) for whether the final fixSiteAnalysis shares any
   named symbol/file with that plan. This signal is NOT your verdict — it is evidence, the
   same as MANIFEST EVIDENCE below. A plan can legitimately turn out wrong once real
   exploration starts. Read detectivePlan and fixSiteAnalysis yourself and judge: did the
   detective explain WHY it moved from its plan to its final answer (a stated pivot,
   reasoning that connects the two), or did the answer just change with no explanation?
   The latter is a real defect (a fix has shipped that shared no term with the detective's
   own stated plan, with no explanation, more than once on the same ticket) — set
   planAlignment to justified_deviation when the detective justifies its pivot, or
   unexplained_mismatch when it does not, and say why in reviewNotes. aligned:true needs
   no action.

(Brownfield tickets never split and their acceptance criteria are immutable —
do not evaluate split quality or AC completeness; there is nothing there for
either agent to have changed.

EXPECTED, NOT A DEFECT: an agent's notes may describe acceptance criteria it
authored while the story's acceptanceCriteria array is empty, and report
acceptanceChanged=false. That is this pipeline REDACTING them on purpose: on a
brownfield ticket the ACs are the ticket's own, and a thin ticket legitimately
has none. The observable checks live in verificationCriteria — judge THOSE.
Do not report the mismatch as a hallucination, a persistence failure or a
metadata inconsistency, and do not lower qualityScore for it. An empty
acceptanceCriteria array on a brownfield story is correct by policy.)

MANIFEST EVIDENCE (checked against the repository, not asserted):
  AMSD-1919: EXISTS  src/components/componentMappers/CheckoutPageComponentMapper.tsx
  AMSD-1919: EXISTS  src/components/componentMappers/PurchaseConfirmationPageComponentMapper.tsx
  AMSD-1919: EXISTS  src/components/pages/CheckoutPage/CheckoutPage.tsx


ANSWER IN THIS RESPONSE. Your <SPEC_REVIEW> verdict must appear in THIS reply — an
empty <SPEC_REVIEW></SPEC_REVIEW>, or a promise to verify and answer later, is
discarded and the review does not happen. There is no follow-up turn to come back in.

You DO have read-only tools this turn (read_file, list_files, search). Use them for
real if something is genuinely unclear — but never narrate an imagined tool result,
and never spend the whole turn exploring and run out before writing the verdict.
Budget is small and the verdict is mandatory: gather at most what you need, then answer.

MANIFEST EVIDENCE has already been gathered from the repository for you and appears
above. Every declared path was checked with a real filesystem stat, so re-checking
paths is wasted budget — that part is done and is more reliable than a tool call.
  - A story with any MISSING path CANNOT be implemented: the writer is sent to edit a
    file that is not there, and every retry reproduces that. Mark it needs_review, name
    the exact path in reviewNotes, and add the flag "missing_manifest_path".
  - Where the evidence names a real neighbour ("the directory holds X instead"), say so
    — that is what makes the report actionable.
  - Never silently correct a path. The manifest is the artefact under review; a
    correction living only in your prose reaches nobody.

Judge what the evidence cannot: are the acceptance criteria testable, is the declared
file set plausible for this change, is anything obviously missing. If you are unsure,
lower qualityScore and add a flag — do not withhold the verdict. A missing review is
EVERY FLAG CARRIES A SEVERITY. It ranks your objections for whoever reads them; it does not
decide whether the run stops — a computed check or a project-declared flag does that. Mark
blocking when an implementer following this spec would produce work that CANNOT FUNCTION,
and advisory for uncertainty about what you could not see. Report both honestly: nothing is
gained by inflating uncertainty into a defect, and nothing is lost by naming a real one.
worse than an uncertain one: it means nothing was checked at all.

QUALITY SCORE — what the number has to mean. It is enforced: below 0.7 halts the run
before implementation, so an unanchored guess stops real work.
  0.9-1.0  the spec is ready to implement; criteria are observable and the file set fits.
  0.7-0.89 ready to implement, with ordinary open questions a competent writer resolves.
  0.5-0.69 NOT ready: something concrete is wrong or missing — criteria that cannot be
           observed, a file set that cannot deliver what is described, contradictions.
  below 0.5 the spec would send a writer somewhere useless.
Score what IS in front of you. Do NOT lower the score because an agent could not read the
source files, or because a human "might want to check" — that is true of every ticket and
is not a defect in this spec. If your notes cannot name something concretely wrong, the
score belongs at 0.7 or above.

Respond with JSON between <SPEC_REVIEW> and </SPEC_REVIEW> using this schema:
[
  {"storyId":"REM-xxx","verdict":"approved|needs_review","reviewNotes":"coordinator observations","qualityScore":<0.0-1.0>,"flags":[{"flag":"short-slug","severity":"blocking|advisory","why":"what you checked and what you found"}],"planAlignment":"aligned|justified_deviation|unexplained_mismatch|not_applicable"}
]

Stories to review:
[
  {
    "id": "AMSD-1919",
    "title": "Go-Checkout Page - Email & Confirm Email Case Sensitivity",
    "acceptanceCriteria": [],
    "verificationCriteria": [
      "Given a value typed in the Email field, when the same address is typed into Confirm Email with different letter casing, the rendered checkout form shows no validation error message for the Confirm Email field",
      "Given a value typed in the Email field, when a different address (not just a casing variant) is typed into Confirm Email, the rendered checkout form still shows the existing mismatch error message on the Confirm Email field"
    ],
    "technicalNotes": {
      "files": [
        "src/components/componentMappers/CheckoutPageComponentMapper.tsx",
        "src/components/componentMappers/PurchaseConfirmationPageComponentMapper.tsx",
        "src/components/pages/CheckoutPage/CheckoutPage.tsx"
      ],
      "perCodeline": {
        "gotransit": {
          "files": [
            "src/components/componentMappers/CheckoutPageComponentMapper.tsx",
            "src/components/componentMappers/PurchaseConfirmationPageComponentMapper.tsx",
            "src/components/pages/CheckoutPage/CheckoutPage.tsx"
          ],
          "resolved": [
            {
              "declared": "src/components/componentMappers/CheckoutPageComponentMapper.tsx",
              "actual": "src/components/componentMappers/CheckoutPageComponentMapper.tsx",
              "match": "exact",
              "verified_against": "/home/bradleyjerome/projects/metrolinx/next.gotransit.com"
            },
            {
              "declared": "src/components/componentMappers/PurchaseConfirmationPageComponentMapper.tsx",
              "actual": "src/components/componentMappers/PurchaseConfirmationPageComponentMapper.tsx",
              "match": "exact",
              "verified_against": "/home/bradleyjerome/projects/metrolinx/next.gotransit.com"
            },
            {
              "declared": "src/components/pages/CheckoutPage/CheckoutPage.tsx",
              "actual": "src/components/pages/CheckoutPage/CheckoutPage.tsx",
              "match": "exact",
              "verified_against": "/home/bradleyjerome/projects/metrolinx/next.gotransit.com"
            }
          ],
          "unresolved": []
        }
      }
    },
    "specification": {
      "guardVocabulary": {
        "blacklist": [
          {
            "term": "client-side validation",
            "reason": "names the mechanism/layer performing validation rather than the observable outcome on the checkout form surface",
            "kind": "implementation_noun"
          }
        ],
        "whitelist": [
          {
            "term": "email field",
            "reason": "observable field on the checkout page surface"
          },
          {
            "term": "confirm email field",
            "reason": "observable field on the checkout page surface"
          },
          {
            "term": "checkout form",
            "reason": "the ticket's named user-facing surface"
          },
          {
            "term": "rendered checkout form",
            "reason": "the black-box rendered output being verified"
          },
          {
            "term": "validation error message",
            "reason": "user-visible message on the surface"
          },
          {
            "term": "mismatch error message",
            "reason": "user-visible message on the surface"
          },
          {
            "term": "form submitted",
            "reason": "observable user action on the surface"
          },
          {
            "term": "letter casing",
            "reason": "describes the observable input variation named by the ticket, not an implementation mechanism"
          }
        ]
      },
      "runId": "20260901T224029Z",
      "assignedAgents": [
        "openspec",
        "speckit"
      ],
      "coordinatorNotes": "",
      "status": "completed",
      "updatedAt": "2026-09-02T01:41:59.381Z",
      "appliedAgents": [
        "openspec",
        "speckit"
      ],
      "agentContributions": [
        {
          "agent": "openspec",
          "applied": true,
          "notes": "Defect in confirmEmail validation on the checkout form: the validate function at src/components/pages/CheckoutPage/CheckoutForm.tsx (around lines 300-306) does a raw `value !== email` comparison, which is case-sensitive. Fix should normalize both values (e.g. lowercase/trim) before comparing, and the same normalization should be applied consistently at submission time so the email sent downstream is not accidentally split by casing.",
          "acceptanceChanged": false,
          "splitCount": 0,
          "timestamp": "2026-09-02T01:41:10.806Z"
        },
        {
          "agent": "speckit",
          "applied": true,
          "notes": "Openspec supplied no acceptanceCriteria (empty array) — I built the full list from the description, technicalNotes, and by reading src/components/pages/CheckoutPage/CheckoutForm.tsx directly (lines ~259-322) to confirm the defect: the `validate` rule on the `confirmEmail` field at line 306 does `value !== email` with no case normalization, and clearErrors on email onChange doesn't re-validate confirmEmail. I traced submission: CheckoutForm calls `handleSubmit(onSubmit)` (line 168) which passes raw, unmodified form values to the parent, confirming that normalization must also apply to the submitted values, not just the inline validator, per openspec's note. I did not find email-handling code in CheckoutPageComponentMapper.tsx or PurchaseConfirmationPageComponentMapper.tsx (grepped, no matches) — those files listed in technicalNotes appear unrelated to this specific validation path; only CheckoutForm.tsx is directly implicated.\n\nAdded AC covering: case-insensitive match acceptance, leading/trailing whitespace handling, mismatch still caught for genuinely different addresses, error clears/re-validates when either field changes, no visual alteration of user-typed casing in the input itself, and downstream submission normalization consistency. Flagged one AC (whitespace trimming) since it wasn't explicitly requested by openspec/description and is an assumption about scope. Flagged the \"submission normalization\" AC as needing product confirmation on exactly what normalized form (lowercase vs as-typed) should be sent downstream, since the story description says \"not accidentally split by casing\" but doesn't specify the canonical casing to persist.",
          "acceptanceChanged": false,
          "splitCount": 0,
          "timestamp": "2026-09-02T01:41:59.381Z"
        }
      ]
    },
    "fixSiteAnalysis": [],
    "planAlignmentEvidence": null
  }
]

<SPEC_REVIEW>
</SPEC_REVIEW>
# Output — THIS IS A CONTRACT, NOT A PREFERENCE

Emit EXACTLY one <SPEC_REVIEW> block and nothing else that matters. Prose outside it is DISCARDED
unread, however correct it is — the pipeline parses the block and never the commentary.

<SPEC_REVIEW>
{
  "items": [ {
      "storyId": <string>,
      "verdict": <string>,
      "reviewNotes": <string>   (optional),
      "qualityScore": <number>   (optional),
      "flags": <array>
         // Each flag is either a bare string (advisory) or an object carrying severity. Severity RANKS your objections for the human reading them; it does not decide whether the run stops. Mark blocking when an implementer following this spec would produce work that cannot function, and advisory for uncertainty about what you could not see. What halts a run is a computed check or a flag this project has declared blocking — not your assessment of your own output.   (optional),
  } ]
}
</SPEC_REVIEW>

Submit coordinator quality review results for all stories.


# Output
{"items":[{"storyId":"AMSD-1919","verdict":"needs_review","reviewNotes":"Both agents added distinct value: openspec located the defect (case-sensitive `value !== email` comparison in CheckoutForm.tsx validate rule) and speckit independently traced the submission path (handleSubmit passes raw values) and built the full verificationCriteria set, plus flagged an open scope question. However, speckit's own investigation directly contradicts the technicalNotes.files manifest: it explicitly greps CheckoutPageComponentMapper.tsx and PurchaseConfirmationPageComponentMapper.tsx and finds no email-handling code there, concluding only CheckoutForm.tsx is implicated — yet CheckoutForm.tsx is absent from technicalNotes.files entirely, while the two mapper files speckit says are unrelated remain listed. A writer following technicalNotes.files alone would edit the wrong files. speckit also raised a genuine open product question (canonical casing for downstream submission) needing a human/product decision before implementation.","qualityScore":0.55,"flags":[{"flag":"fix-site-not-in-manifest","severity":"blocking","why":"speckit's notes identify src/components/pages/CheckoutPage/CheckoutForm.tsx (lines ~259-322, validate rule at line 306, handleSubmit at line 168) as the actual and only implicated file, and states it grepped the two mapper files with no matches. Yet technicalNotes.files lists only the two mapper files plus CheckoutPage.tsx, and omits CheckoutForm.tsx entirely. An implementer following the declared file set would not find the fix site."},{"flag":"unresolved-normalization-scope","severity":"advisory","why":"speckit flagged that the canonical casing to persist downstream (lowercase vs as-typed) is not specified by the ticket description or openspec's notes, and is an open product question rather than something either agent could resolve unilaterally."}]}]}

[coverage-gate] writer: no pre-flight has gated this run — standing down
