{
  "agent": "mutant-hunter",
  "phase": "core",
  "summary": { "mutationsProposed": 3, "killed": 3, "survived": 0, "noCoverage": 0, "mutationScore": 100 },
  "mutations": [
    {
      "file": "src/hello.ts",
      "line": 2,
      "originalCode": "return 'hello dolly';",
      "mutatedCode": "return 'hello world';",
      "status": "killed",
      "relatedTest": "src/hello.test.ts → getGreeting › returns hello dolly",
      "recommendation": "No action needed — test catches this via strict toBe assertion"
    },
    {
      "file": "src/hello.ts",
      "line": 2,
      "originalCode": "return 'hello dolly';",
      "mutatedCode": "return '';",
      "status": "killed",
      "relatedTest": "src/hello.test.ts → getGreeting › returns hello dolly",
      "recommendation": "No action needed — test catches this via strict toBe assertion"
    },
    {
      "file": "src/hello.ts",
      "line": 2,
      "originalCode": "return 'hello dolly';",
      "mutatedCode": "return 'goodbye dolly';",
      "status": "killed",
      "relatedTest": "src/hello.test.ts → getGreeting › returns hello dolly",
      "recommendation": "No action needed — test catches this via strict toBe assertion"
    }
  ],
  "verdict": "pass"
}
