# Prompt
You are surveying an estate of repositories BEFORE its agent team is assembled.

THE WORK (real tickets from the tracker):
- MOCK3-1: Riders aged exactly 65 are charged the adult fare
    The fare rules say riders aged 65 and over pay the concession fare. A rider aged exactly 65 is charged the full adult fare of 350 cents instead of 175. Riders aged 66 and above are charged correctly, so the boundary itself is wrong rather than the rule.
- MOCK3-2: The departure board omits the final stop
    formatStops renders every stop except the last one, so a three-stop line shows two. The journey length reported by totalMinutes is correct, which is why the omission has gone unnoticed.


WHAT EACH CODELINE DECLARES IT DEPENDS ON (its own manifest — ground truth about
the stack, not inference from ticket text):
- vitest
- typescript

THE CODELINES IN SCOPE, and where each is checked out:
- mocka: /home/bradleyjerome/projects/mock3/mock-a
- mockb: /home/bradleyjerome/projects/mock3/mock-b

HOW TO LOOK — USE THE SYMBOL INDEX, NOT TEXT SEARCH.

Every codeline above is already indexed in CodeGraph. Use codegraph_query as your PRIMARY
instrument, and call it iteratively — 5-10 calls is normal. EVERY call takes a named `mode`
plus that mode's own named field — there is no positional form:
  EVERY call names the codeline it is about — the tool answers from THAT repository, and a
  call that names none is refused when several are in scope, because answering from the
  wrong one returns another repository's symbols as though they were this one's.
  - codegraph_query(mode="explore", codeline="<name>", terms="<domain nouns from the ticket>")  — START HERE, per codeline
  - codegraph_query(mode="query", codeline="<name>", symbol="<SymbolName>")     — where a symbol is defined
  - codegraph_query(mode="callers", codeline="<name>", symbol="<SymbolName>")   — who calls it
  - codegraph_query(mode="callees", codeline="<name>", symbol="<SymbolName>")   — what it calls
  - codegraph_query(mode="show", codeline="<name>", file="<path>")              — read the real lines before
                                                               quoting anything as evidence

If a call comes back with an error, READ IT — it names the field it wanted. Do NOT send the
same call again unchanged: the tool refuses an identical repeat, so a retry loop burns your
budget and returns nothing. If codegraph_query cannot be made to work at all, say so in your
evidence AND fall back to read_file and list_files rather than reporting a codeline you never
opened — a survey that examined nothing must never be the reason a team is assembled blind.
It returns real symbols, their definition sites, who calls them, and which have tests. That is
the question you are actually asking: where does this codeline wire the thing the ticket is
about. Text search cannot answer it and ranks a vendored copy of a package alongside the one
line that initialises it.

Reserve 'search' for what a symbol index cannot hold — a config key, an environment variable
name, a literal string. Then treat its result with suspicion:

  A SEARCH THAT RETURNS NOTHING IS NOT EVIDENCE THAT NOTHING IS THERE.

On 2026-08-08 this survey reported "searched for seven patterns, all returned zero matches, no
existing infrastructure was found, meaning this is greenfield work" about three codelines
holding 243, 102 and 158 matching source files. The search tool was silently broken and every
call returned "(no matches found)". The reasoning was sound and the premise was false. If a
search comes back empty, confirm with codegraph_query before concluding absence — and if the
two disagree, say so in your evidence rather than picking one.

YOUR JOB, and its limits:

1. For EVERY codeline above, OPEN IT and decide whether this work reaches it. The ticket's
   labels and components are a claim, not evidence — they are frequently wrong about which
   repositories are involved, which is why you exist. Report what you actually looked at.

2. "I looked and this work does not reach this codeline" is a VALUABLE answer. Report it as
   no_work_found, with the evidence. It is not the same as not having looked, and reporting
   the two as one is how an unexamined repository comes to read as a clean bill of health.

3. Recommend the TEAM this estate needs, in two separate lists.
   - recommendedInvestigators: which codelines need their own investigator to READ them, and
     what each should concentrate on.
   - recommendedWriters: which codelines need an agent that WRITES the change, and what kind of
     work it must be able to build.
   Every estate with work to do needs at least one writer. A team that can only look at code
   cannot change it, and a roster of investigators leaves every story with nobody to implement.
   Keep both OUT of your findings: findings are what you saw, recommendations are about the team.
   Neither may name a fix site. "this codeline needs someone who can write X" is a
   recommendation; "edit this file at this line" is not yours to say, and is stripped if you
   write it.

REPORT THE EXACT FILES YOU OPENED, in "filesRead". If you report a codeline as in_scope you
must name AT LEAST ONE FILE you opened in it: saying the work reaches a repository you did not
read is an assertion, and an assertion of exactly that kind produced "no existing
infrastructure, this is greenfield work" about an estate with 243 matching source files.
Looking and finding nothing is different, and is a valuable answer — report that as
no_work_found with what you read. A directory tells a later reader almost
nothing — src/context/ exists in most codelines — and a claim about it cannot be checked. A
file path can be verified, and a brief built on one is grounded. Report what you read even
where you conclude the work does not reach that codeline.

WHAT YOU MUST NOT DO. You are not fixing anything and you are not choosing files to change.
Do not say which file to edit, which function to patch, or what the change should be. Naming a
file as something you READ is evidence and is wanted; naming one as the place to fix is a
decision that is not yours. Each codeline gets its own investigator working inside that
repository, and it decides. A fix site you supply for a repository you swept from the outside
is how one codeline's file ends up in another's work — so report what you saw, state where to
look, and let the investigator look.

Respond with ONLY valid JSON (no markdown fences, no report, no commentary before or after):
{
  "codelines": [
    {
      "codeline": "<exactly as named in scope above>",
      "state": "in_scope | no_work_found | not_investigated | failed",
      "evidence": "<what you opened and what you saw>",
      "surfaces": ["<directory or module>"],
      "filesRead": ["<exact path of a file you opened>"]
    }
  ],
  "recommendedInvestigators": [
    { "codeline": "<name>", "focus": "<what it should concentrate on>", "why": "<what you saw>" }
  ],
  "recommendedWriters": [
    { "codeline": "<name>", "focus": "<the kind of work it must write>", "why": "<what you saw>" }
  ]
}

One entry in "codelines" for EVERY codeline listed in scope. Everything you want to say goes
inside these fields — a prose report outside this JSON is discarded unread, however good it is.
# Output — THIS IS A CONTRACT, NOT A PREFERENCE

Emit EXACTLY one <ESTATE_SURVEY> block and nothing else that matters. Prose outside it is DISCARDED
unread, however correct it is — the pipeline parses the block and never the commentary.

<ESTATE_SURVEY>
{
  "codelines": [ {
      "codeline": <string>
         // Exactly as named in the scope list.,
      "state": <string> one of "in_scope" | "no_work_found" | "not_investigated" | "failed"
         // in_scope = you looked and the work reaches this codeline. no_work_found = you looked and it does not — that is EVIDENCE, and it is not the same as having skipped it. not_investigated = you did not look. failed = you tried and could not. Never report no_work_found for a codeline you did not open.,
      "evidence": <string>
         // What you actually checked and what you saw — a path you listed, a symbol you searched for. Not an inference from the ticket text.,
      "surfaces": <array>
         // Areas of the repository involved: directories or modules. Breadth only. NOT a fix and NOT which file to change — deciding that is the per-codeline investigator's job, working in that repository.   (optional),
      "filesRead": <array>
         // The exact files you OPENED, as repository-relative paths. This is EVIDENCE — an observation of what is there, which a later check can verify — not a list of files to change. Report what you read even when you conclude the work does not reach this codeline.,
  } ]
  "recommendedInvestigators": [ {
      "codeline": <string>,
      "focus": <string>
         // What this investigator should concentrate on.,
      "why": <string>
         // What you saw that makes this codeline need one.,
  } ]
  "recommendedWriters": [ {
      "codeline": <string>,
      "focus": <string>
         // The kind of work this codeline needs written.,
      "why": <string>
         // What you saw that makes this codeline need one.,
  } ]
}
</ESTATE_SURVEY>

Report which codelines of this estate the described work actually touches, and which per-codeline investigators the team needs. Breadth, not depth: you are deciding where to look, not what to change. Do not answer in prose.


# Output
{"codelines":[{"codeline":"mocka","state":"in_scope","evidence":"Located MOCK3-1 fare calculation bug in src/fares.ts line 10. The fareFor() function uses `if (rider.age > 65)` instead of `>=`, causing riders aged exactly 65 to be charged adult fare (350 cents) instead of concession fare (175 cents). Rule comment at line 7 correctly states '65 AND OVER pay concession fare'. Test file exists with boundary test cases.","filesRead":["src/fares.ts","test/fares.test.ts"],"surfaces":["src"]},{"codeline":"mockb","state":"in_scope","evidence":"Located MOCK3-2 departure board bug in src/schedule.ts line 6. The formatStops() function has loop bound `for (let i = 0; i < stops.length - 1; i++)` which explicitly excludes the final stop. Test file does not validate the final stop is included. Example: three-stop line renders only two stops.","filesRead":["src/schedule.ts","test/schedule.test.ts"],"surfaces":["src"]}],"recommendedInvestigators":[{"codeline":"mocka","focus":"Examine the age boundary logic in fareFor() and verify the rule interpretation. Check if age 65+ rules are applied elsewhere.","why":"Subtle boundary condition where `>` should be `>=`. Need to verify this is the only location and check related functions like totalFor()."},{"codeline":"mockb","focus":"Examine formatStops() to understand why the final stop is excluded. Verify against journey specification and totalMinutes calculation.","why":"Loop bound explicitly subtracts 1. Need to confirm if this is intentional exclusion or off-by-one error, and verify all callers' expectations."}],"recommendedWriters":[{"codeline":"mocka","focus":"Fix the fare boundary condition operator and add test coverage for age 65 edge case.","why":"MOCK3-1 requires changing `>` to `>=` in fareFor() at line 10. Existing tests lack explicit age-65 boundary coverage."},{"codeline":"mockb","focus":"Fix the loop bound in formatStops() to include the final stop and add test assertions validating final stop renders.","why":"MOCK3-2 requires removing `- 1` from loop bound at line 6 to include all stops. Tests must verify final stop appears in output."}]}
