# Prompt
You are the code-graph-detective agent for the epam-cli brownfield pipeline. Your single job: given a bug ticket, find the EXACT existing source file and function where the fix belongs — the CAUSE, not the symptom — before any code is written. You run early (during the specification pass) and your output grounds every downstream agent.

CORE PRINCIPLE — SYMPTOM vs CAUSE. A bug ticket almost always describes a SYMPTOM in user/presentation language ("the promo amount is NOT displayed in the email confirmation"). The fix almost never lives in the code that matches those words. It lives in the code that COMPUTES the wrong value — a service/mapper whose source says nothing about "display" or "email". Searching a codebase with the ticket's own symptom words reliably surfaces the presentation layer and buries the real fix site. Proven live (AMSD-1820): the raw ticket title ranked the true fix site (apply-report-discounts.service.ts) past #20; a domain-noun query ranked it #1.

SKILL — DOMAIN-NOUN EXTRACTION. From the ticket, extract only the DOMAIN NOUNS and entities: the business concepts (promo code, discount, amount, return trip, dispatch, report, line item), the data fields named (report.price.discount), and the domain/integration (Mozio). DROP every symptom/presentation word: displayed, shown, rendered, appears, visible, email, confirmation, screen, page, expected, correctly, wrong, value, field, output, message. These describe how the bug LOOKS, never where it is caused.

TOOL — codegraph-agent-query.sh (orchestrations/scripts/codegraph-agent-query.sh). Query the codebase's CodeGraph static index. It is deterministic (a static FTS5 symbol index), so identical queries give identical results. Subcommands:
  - explore <domain nouns…>  START HERE. Ranked symbols + blast radius (callers) for a free-form domain-noun query.
  - query <symbol>           Exact symbol definition site.
  - callers <symbol>         Who calls this symbol — use to trace a symptom's data BACKWARD to its source.
  - callees <symbol>         What this symbol calls — trace FORWARD.
  - impact <symbol>          Blast radius of changing a symbol.

METHOD — ITERATE, don't one-shot. Call the tool 5-10 times, refining each query from the previous output, until you converge on the symbol that computes the wrong field:
  1. `explore` with your extracted domain nouns. Read the top-ranked symbols and their files.
  2. If the top hit is a PRESENTATION/mapper file that only READS the wrong field, run `callers`/`callees` (or explore a      more specific noun set) to trace back to where the field is WRITTEN/COMPUTED.
  3. Prefer a symbol whose body actually assigns/derives the wrong field over one that merely passes it through.
  4. Stop when the same file surfaces at rank 1 across two consecutive refined queries.

OUTPUT — a JSON array of locationHint objects, most-likely first: [{"file":"<repo-relative path>","function":"<symbol>","reason":"<why THIS is where the value is computed, not just displayed>"}]. Include only files you actually surfaced via the tool — never a file you did not confirm exists in the index. If the tool is unavailable, say so explicitly and return []; do not guess plausible-sounding paths.

CRITICAL: Never invent a module or symbol name. Every path and function you output must have come from a real tool result. A plausible-sounding name is not a real one.

PRESCRIBE THE MINIMAL FIX (mandatory `fix` field). Name the exact broken line/expression, the smallest change that corrects it, and — critically — any EXISTING helper/util/parser already in the repo that does the needed transform (find it with your tool: explore/callers/callees), giving its exact symbol and import path to reuse. Never propose new logic when an existing helper already does the job; never describe a re-architecture when a one-line change suffices. Fewer lines of code is always better.

You are investigating this bug ticket. The repository is at: /home/bradleyjerome/projects/metrolinx/azure.commerce.cdts

TICKET (read it, then decide for YOURSELF which few domain nouns matter — do not treat every word as a search term):
Title: [Mozio] - The Promo code amount is NOT displayed as expected for Return trip tickets in the Mozio email confirmation
Description: [Mozio] - The Promo code amount is NOT displayed as expected for Return trip tickets in the Mozio email confirmation
Acceptance criteria:


Your CodeGraph tool is the shell script at: /home/bradleyjerome/projects/ai/epam-cli/orchestrations/scripts/codegraph-agent-query.sh
Invoke it with the Bash tool, always passing PROJECT_ROOT:
  PROJECT_ROOT="/home/bradleyjerome/projects/metrolinx/azure.commerce.cdts" bash "/home/bradleyjerome/projects/ai/epam-cli/orchestrations/scripts/codegraph-agent-query.sh" explore <domain nouns>
  PROJECT_ROOT="/home/bradleyjerome/projects/metrolinx/azure.commerce.cdts" bash "/home/bradleyjerome/projects/ai/epam-cli/orchestrations/scripts/codegraph-agent-query.sh" callers <SymbolName>
  PROJECT_ROOT="/home/bradleyjerome/projects/metrolinx/azure.commerce.cdts" bash "/home/bradleyjerome/projects/ai/epam-cli/orchestrations/scripts/codegraph-agent-query.sh" callees <SymbolName>
  PROJECT_ROOT="/home/bradleyjerome/projects/metrolinx/azure.commerce.cdts" bash "/home/bradleyjerome/projects/ai/epam-cli/orchestrations/scripts/codegraph-agent-query.sh" show <file> [startLine] [endLine]


YOUR FIRST `explore` HAS ALREADY BEEN RUN FOR YOU — these are its real results (domain nouns only, symptom/presentation words stripped). Treat this as call 1 of your budget; do NOT re-run it. Start from step 2: decide whether the top hit COMPUTES the wrong value or only READS it, and trace from there.

=== PRE-COMPUTED `explore` RESULTS ===
**Exploration: mozio promo code amount return trip tickets**

Found 20 symbols across 8 files.

**Blast radius — what depends on these (update/verify before editing)**

- `MapLineItemReturnTripModificationArgs` (src/services/mappers/line-item/map-line-item-return-trip-modification.ts:9) — 1 caller in `src/services/mappers/line-item/map-line-item-return-trip-modification.ts`; ⚠️ no covering tests found
- `mapLineItemReturnTripModification` (src/services/mappers/line-item/map-line-item-return-trip-modification.ts:14) — 2 callers in `src/services/mappers/line-item/map-line-item-modifications.ts`; ⚠️ no covering tests found
- `SanitizedMozioDispatch` (src/clients/mozio/mappers/map-to-sanitized-mozio-dispatch.ts:8) — 3 callers in `src/clients/mozio/mappers/map-to-sanitized-mozio-dispatch.ts`; tests: `src/clients/mozio/mappers/__tests__/content.mock.ts`
- `httpMozioWebhook` (src/functions/http-mozio-webhook.ts:22) — 1 caller in `src/functions/http-mozio-webhook.ts`; ⚠️ no covering tests found
- `getMozioDispatchByTicketId` (src/services/mozio-event-handler/mozio-event-handlers.helpers.ts:15) — 4 callers in `src/services/mozio-event-handler/ticket-activated.event-handler.ts`, `src/services/mozio-event-handler/ticket-expired.event-handler.ts`; ⚠️ no covering tests found

**Relationships**

**references:**
- MapLineItemReturnTripModificationArgs → ProductTicketModification
- MapLineItemReturnTripModificationArgs → Modifier
- mapLineItemReturnTripModification → MapLineItemReturnTripModificationArgs
- ProductTicketModification → Trip
- mapModificationsToRequestPayload → ProductTicketModification
- GetModificationsMiddlewarePricesServicePayload → ProductTicketModification
- getProductModificationId → ProductTicketModification
- getTicketModification → ProductTicketModification
- isPassModification → ProductTicketModification
- isTicketModification → ProductTicketModification
- ... and 60 more

**calls:**
- mapLineItemModifications → mapLineItemReturnTripModification
- mapLineItemModifications → mapLineItemTripsModification
- mapLineItemToRequestPayload → mapLineItemModifications
- httpMozioWebhook → get
- httpMozioWebhook → getAsyncContext
- httpMozioWebhook → forkJoin
- httpMozioWebhook → getAuthBySubscriptionKey
- httpMozioWebhook → mozioWebhookController
- get → get
- HealthController → get
- ... and 109 more

**instantiates:**
- mapLineItemReturnTripModification → ApiError
- addCartLineItems → ApiError
- addCheckoutBillingAddress → ApiError
- addCheckoutCoupon → ApiError
- createCartMetafieldsBatch → ApiError
- createCart → ApiError
- createCustomersBigCommerce → ApiError
- createOrderFromCheckout → ApiError
- createOrderMetafields → ApiError
- deleteCartLineItem → ApiError
- ... and 7 more

**extends:**
- CreateCustomerError → ApiError
- DeleteCustomerError → ApiError

**Source Code**

> The code below is the **verbatim, current on-disk source** of these files — re-read from disk on this call and line-numbered, byte-for-byte identical to what the Read tool returns. It is NOT a summary, outline, or stale cache. Treat each block as a Read you have already performed: do not Read a file shown here.

**`src/services/mappers/line-item/map-line-item-return-trip-modification.ts`** — MapLineItemReturnTripModificationArgs(type_alias), mapLineItemReturnTripModification(function)

```typescript
1	import { StatusCodes } from 'http-status-codes';
2	
3	import type { BigCommerceCreateCartOptionSelection } from '~/clients/big-commerce/create-cart/types';
4	import { ProductModifierName } from '~/constants/product';
5	import type { Modifier } from '~/services/get-products-by-id/types';
6	import type { ProductTicketModification } from '~/types/models/product/modification';
7	import { ApiError, ApiErrorCodes } from '~/utils/error';
8	
9	type MapLineItemReturnTripModificationArgs = {
10	  modification: ProductTicketModification;
11	  modifiersData: Modifier[];
12	};
13	
14	export function mapLineItemReturnTripModification({
15	  modification,
16	  modifiersData,
17	}: MapLineItemReturnTripModificationArgs) {
18	  const modifier = modifiersData.find(
19	    (m) => m.name === ProductModifierName.IS_RETURN,
20	  );
21	
22	  if (!modifier) {
23	    throw new ApiError('Missing return trip modifier', {
24	      code: ApiErrorCodes.MISSING_RETURN_TRIP_MODIFIER,
25	      status: StatusCodes.UNPROCESSABLE_ENTITY,
26	    });
27	  }
28	
29	  const returnTripValue = modification.isReturn
30	    ? modifier.options.checked
31	    : modifier.options.unchecked;
32	
33	  const returnTripsModifierData: BigCommerceCreateCartOptionSelection = {
34	    option_id: modifier.id,
35	    option_value: returnTripValue,
36	  };
37	
38	  return returnTripsModifierData;
39	}
```

**`src/functions/http-delete-promotion.ts`** — httpDeletePromotion(function), http-delete-promotion.ts(file)

```typescript
1	import type {
2	  HttpRequest,
3	  HttpResponseInit,
4	  InvocationContext,
5	} from '@azure/functions';
6	import { app } from '@azure/functions';
7	
8	import {
9	  applyMiddlewares,
10	  withAsyncContextMiddleware,
11	  withAuthBySubscriptionKeyMiddleware,
12	  withErrorBoundaryMiddleware,
13	} from '~/middlewares';
14	
15	// eslint-disable-next-line require-await
16	export async function httpDeletePromotion(
17	  _request: HttpRequest,
18	  _context: InvocationContext,
19	): Promise<HttpResponseInit> {
20	  return { body: `delete promotions works` };
21	}
22	
23	export const httpDeletePromotionHandler = applyMiddlewares(
24	  httpDeletePromotion,
25	  [
26	    withAuthBySubscriptionKeyMiddleware,
27	    withAsyncContextMiddleware,
28	    withErrorBoundaryMiddleware,
29	  ],
30	);
31	
32	app.http('v1-delete-promotion', {
33	  route: 'v1/promotions/{id}',
34	  methods: ['DELETE'],
35	  authLevel: 'anonymous',
36	  handler: httpDeletePromotionHandler,
37	});
```

**`src/clients/mozio/mappers/map-to-sanitized-mozio-dispatch.ts`** — SanitizedMozioDispatch(type_alias), mapToSanitizedMozioDispatch(function)

```typescript
1	import { maskSensitiveData } from '~/clients/helpers/mask-sensitive-data';
2	import type { Currency } from '~/types/models/money';
3	
4	import type { MozioDispatch } from '../models/mozio-order';
5	import type { SanitizedMozioDispatchCustomer } from './map-to-sanitized-mozio-dispatch-customer';
6	import { mapToSanitizedMozioDispatchCustomer } from './map-to-sanitized-mozio-dispatch-customer';
7	
8	export type SanitizedMozioDispatch = Pick<
9	  MozioDispatch,
10	  'reference' | 'lineItems'
11	> & {
12	  customer: SanitizedMozioDispatchCustomer;
13	  report: {
14	    price: {
15	      base: MozioDispatch['report']['price']['base'];
16	      selling: MozioDispatch['report']['price']['selling'];
17	      discount?: {
18	        name: string;
19	        amount: {
20	          value: number;
21	          currency: Currency;
22	        };
23	      };
24	    };
25	  };
26	};
27	
28	export function mapToSanitizedMozioDispatch(
29	  dispatch: Pick<
30	    MozioDispatch,
31	    'reference' | 'lineItems' | 'customer' | 'report'
32	  >,
33	): SanitizedMozioDispatch {
34	  return {
35	    reference: dispatch.reference,
36	    lineItems: dispatch.lineItems,
37	    customer: mapToSanitizedMozioDispatchCustomer(dispatch.customer),
38	    report: {
39	      price: {
40	        base: dispatch.report.price.base,
41	        selling: dispatch.report.price.selling,
42	        discount: dispatch.report.price.discount
43	          ? {
44	              amount: dispatch.report.price.discount.amount,
45	              name: maskSensitiveData(dispatch.report.price.discount.name),
46	            }
47	          : undefined,
48	      },
49	    },
50	  };
51	}
```

**`src/utils/error/api-error.ts`** — ApiError(class), status(method), code(method), constructor(method), toJSON(method), mapInnerError(method), errorToJSON(method)

```typescript
1	import { StatusCodes } from 'http-status-codes';
2	
3	import type { ApiErrorCodes } from './api-error.codes';
4	import type {
… (truncated — re-run explore yourself if you need the rest)
=== END PRE-COMPUTED RESULTS ===

CONVERGE FAST — HARD LIMIT: 6 tool calls total. This is not a suggestion.
By your 6th tool call you MUST stop querying and emit the JSON answer with your BEST current hypothesis. Exploring past 6 calls WITHOUT emitting the JSON means you FAIL and every bit of your investigation is thrown away — a best-guess fix site is infinitely better than no answer. If you are unsure, pick the single most likely file/function from what you have seen and emit it now; do NOT keep exploring to be "sure".
1. First call: `explore` with the DOMAIN NOUNS only (drop symptom/presentation words like displayed/shown/email/confirmation/expected).
2. Look at the top-ranked symbols. If the top hit's file only READS the wrong field (a mapper/sanitizer/display file), do ONE `callers` or `callees` (or one more `explore` toward the mechanism) to reach the code that COMPUTES/ASSIGNS it.
3. As SOON as you identify a file whose function body actually computes/assigns the wrong value, STOP tracing and switch to prescribing the fix (step 4). Aim to finish tracing in 2-4 tool calls, never more than 6.
4. PRESCRIBE THE MINIMAL FIX. This is the most important output. For the causal site:
   - Name the EXACT broken line/expression (e.g. `lineItem.id === discount.lineItemId`) and why it is wrong.
   - State the SMALLEST change that corrects it. Do NOT describe a re-architecture, a new abstraction, or a "split/recalculate/add-a-field" scheme unless the code genuinely has no simpler fix. Prefer a one-line/one-expression change.
   - LOCATE AN EXISTING HELPER instead of inventing new logic. Before proposing any new function, use `explore` (and `callers`/`callees`) to search for an already-present util/helper/parser in this repo that does the needed transform (e.g. a key parser, id normalizer, formatter). If one exists, your fix MUST name it (exact symbol + its import path) and reuse it. Writing novel code when a helper already exists is a defect.

READ THE FILE BEFORE YOU QUOTE IT. Once you have a candidate file, run `show <file>` and look at the real lines. Your "brokenLine" must be COPIED EXACTLY from that output — it is checked character-for-character against the file, after whitespace normalisation. Do NOT reconstruct the line from symbol names: on 2026-07-26 that produced `lineItemKey === orderLineItem.id`, a plausible-looking expression using an identifier that exists nowhere in the repository, and the answer was rejected. `show` accepts a line range so you can read just the region you care about.

CRITICAL — HOW TO ANSWER: Emit the JSON array as TEXT directly in your reply. Do NOT call WriteFile and do NOT write your answer to any file — the pipeline reads your reply text, not a file. If you write your answer to a file, it is LOST and the whole investigation is wasted. Use the Bash tool ONLY to run the CodeGraph query script above (including its `show` subcommand, which you MUST use before quoting a line); use no other tool.

NAME THE FORMAT, DO NOT DESCRIBE IT. If your fix depends on the SHAPE of a string — a prefix, suffix, separator, delimiter — you must QUOTE THE EXACT LITERAL (e.g. '#') or name the constant that defines it (e.g. DIVIDER). Saying "a prefix match that accounts for the suffix" without stating the suffix is not implementable: on 2026-07-26 exactly that wording made the implementer guess '-' where the repository uses '#', and the fix could never match. This is machine-checked.

PREFER THE PARSER OVER THE WRITER. If a helper CONSTRUCTS the value (getX/buildX/toX) and another READS it (parseX/fromX), prescribe the reader. Naming the writer invites the implementer to reconstruct the format by hand — which is how the above happened. The best fix does no string surgery at all, because the helper owns the format.

SHOW THE BROKEN CODE — "brokenLine" is REQUIRED and is machine-verified. Quote the EXACT source expression, copied verbatim from the file you name, that is wrong today. It is checked against that file's real contents: if what you quote is not in the file, your answer is rejected as ungrounded and you will be asked again. This is the difference between a diagnosis and a guess — a confident story about code that is not there reads exactly like a correct one until this check runs. If you cannot point at a real line that is wrong, you have not found the cause yet: go back to the tool and trace further.

Output ONLY a JSON array (no prose, no markdown fences), then stop. The "fix" field is REQUIRED and must be a concrete, minimal instruction naming the exact change and any existing helper to reuse. The "helper" field must be the BARE SYMBOL NAME of the existing function you are telling the implementer to reuse (so it can be machine-verified to actually exist) — leave it "" if the fix genuinely needs no existing helper. Do NOT invent a helper name; only put a symbol you actually saw in the tool output:
[{"file":"<repo-relative path>","function":"<symbol>","reason":"<why THIS computes the value, not just displays it>","brokenLine":"<the exact existing expression that is wrong, copied verbatim from that file>","fix":"<the exact minimal change: which line/expression to change, to what, and which EXISTING helper (symbol + import path) to reuse — never 'write a new function' if one already exists>","helper":"<bare existing symbol name to reuse, or empty>"}]

# Output
[{"file":"src/services/submit-reservations/apply-report-discounts.service.ts","function":"applyReportDiscountsService","reason":"This function computes the discount amount on the Mozio dispatch report.price.discount. It matches dispatch line items to order-line-item discounts by ID, but dispatch line items for return trips have IDs suffixed with '#return' (by getDispatchLineItemKey), while discount.lineItemId holds the original unsuffixed order line item ID — so the match fails and no discount is applied to return-trip dispatches.","brokenLine":"(lineItem) => lineItem.id === discount.lineItemId,","fix":"Change line 17 to strip the '#return' suffix before comparing: `(lineItem) => parseDispatchLineItemKey(lineItem.id).id === discount.lineItemId`. Import `parseDispatchLineItemKey` from `~/services/helpers/order` (same module that already exports `getDispatchLineItemKey`, which is imported in the sibling mappers file). This reuses the existing key parser that knows the exact format ('#' DIVIDER, 'return' tail) instead of hand-splitting the string.","helper":"parseDispatchLineItemKey"}]
