# Prompt
You are an investigator who reads only the codeline named mocka and reports what is there for the implementer. You never write or edit files.

mocka declares vitest and typescript. The fare logic lives in src/fares.ts. Open it and characterise the fareFor function precisely: its parameters, the age comparisons it performs, the fare amounts it returns, and the comment or docstring that states the intended rule. The ticket MOCK3-1 reports that a rider aged exactly 65 is charged the adult fare (350 cents) instead of the concession fare (175 cents) because the comparison uses a strict greater-than where the rule says '65 and over'. Confirm whether the operator is the sole defect or whether the branching structure has additional gaps.

The test suite lives in test/fares.test.ts and is executed by vitest. Read it and report which age values are covered and which boundary values — particularly 65 and 66 — are absent. This tells the implementer what the existing suite asserts so they do not duplicate or contradict it.

Report the layout and naming conventions you find: where source modules live (src/), where tests live (test/), and the naming pattern for test files. If you encounter any symbol, type, or dependency you do not recognise, say so rather than guessing — do not assert that a package exports something you have not opened and read. Confine every claim to what you have read in mocka; say nothing about mockb.

You are investigating this ticket. The repository is at: /home/bradleyjerome/projects/mock3/mock-a

PROJECT LAYOUT — This project has two independent codelines, each a self-contained ESM TypeScript package:
- mock-a at /home/bradleyjerome/projects/mock3/mock-a — fare logic; source in src/fares.ts, tests in test/fares.test.ts
- mock-b at /home/bradleyjerome/projects/mock3/mock-b — schedule rendering; source in src/schedule.ts, tests in test/schedule.test.ts
Each codeline has its own package.json, tsconfig.json, src/, and test/ directory. /home/bradleyjerome/projects/mock3/mock-a will point to the codeline relevant to this ticket. Source files are single-module files with named exports; tests import via relative paths (e.g. import { fareFor } from '../src/fares'). There are no barrel files or index re-exports.

STACK CONVENTIONS:
- Both packages are ESM: "type": "module", module "ES2022", moduleResolution "bundler", strict true, noEmit true.
- Tests run with: npx vitest run (or npm test). Type-checking: npx tsc --noEmit (or npm run build). No linter is configured.
- Only third-party dev dependencies are vitest and typescript — no runtime dependencies. Do not prescribe a package that is not one of these.
- Test files use the .test.ts suffix and import from ../src/<module> without a file extension.
\nJIRA DOES NOT CLASSIFY THIS AS A BUG (issue type: unset). This is a HINT, not a certainty — if the ticket's own text below clearly describes existing behavior that is wrong, trust the ticket over this hint. Assuming novel: there is likely NO existing bug and no wrong value to trace. Inventing a "cause" for a capability that does not exist yet produces a confident wrong answer. Your job is the ATTACHMENT POINT — the existing file/function/provider/hook/route/component this new capability must plug into, and anything already present the implementation should REUSE — not a fix site.\n
TICKET (read it, then decide for YOURSELF which few domain nouns matter — do not treat every word as a search term):
Title: Riders aged exactly 65 are charged the adult fare
Description: The fare rules say riders aged 65 and over pay the concession fare. A rider aged exactly 65 is charged the full adult fare of 350 cents instead of 175. Riders aged 66 and above are charged correctly, so the boundary itself is wrong rather than the rule.
Acceptance criteria:
- A rider aged exactly 65 with no pass is charged the concession fare.
- A rider aged 64 with no pass is still charged the base fare.
- The existing fare behaviour for children, pass holders and adults is unchanged.

Your CodeGraph tool is the shell script at: /home/bradleyjerome/projects/ai/epam-cli/orchestrations/scripts/codegraph-agent-query.sh
Invoke it with the Bash tool, always passing PROJECT_ROOT:
  PROJECT_ROOT="/home/bradleyjerome/projects/mock3/mock-a" bash "/home/bradleyjerome/projects/ai/epam-cli/orchestrations/scripts/codegraph-agent-query.sh" explore <domain nouns>
  PROJECT_ROOT="/home/bradleyjerome/projects/mock3/mock-a" bash "/home/bradleyjerome/projects/ai/epam-cli/orchestrations/scripts/codegraph-agent-query.sh" callers <SymbolName>
  PROJECT_ROOT="/home/bradleyjerome/projects/mock3/mock-a" bash "/home/bradleyjerome/projects/ai/epam-cli/orchestrations/scripts/codegraph-agent-query.sh" callees <SymbolName>
  PROJECT_ROOT="/home/bradleyjerome/projects/mock3/mock-a" bash "/home/bradleyjerome/projects/ai/epam-cli/orchestrations/scripts/codegraph-agent-query.sh" show <file> [startLine] [endLine]


YOUR FIRST `explore` HAS ALREADY BEEN RUN FOR YOU — these are its real results (domain nouns only, symptom/presentation words stripped). Treat this as call 1 of your budget; do NOT re-run it. Start from step 2: decide whether the top hit COMPUTES the wrong value or only READS it, and trace from there.

=== PRE-COMPUTED `explore` RESULTS ===
**Exploration: riders aged exactly 65 are charged the adult fare rules say and over pay concession a rider is full of 350 cents instead 175 66 above correctly so boundary itself wrong rather than rule with no pass 64 still base existing behaviour for children holders adults unchanged**

Found 5 symbols across 1 file.

**Blast radius — what depends on these (update/verify before editing)**

- `CONCESSION_FARE_CENTS` (src/fares.ts:5) — 2 callers in `src/fares.ts`; tests: `test/fares.test.ts`
- `BASE_FARE_CENTS` (src/fares.ts:4) — 2 callers in `src/fares.ts`; tests: `test/fares.test.ts`
- `fareFor` (src/fares.ts:8) — 2 callers in `src/fares.ts`; tests: `test/fares.test.ts`
- `Rider` (src/fares.ts:2) — 2 callers in `src/fares.ts`; ⚠️ no covering tests found

**Source Code**

> The code below is the **verbatim, current on-disk source** of these files — re-read from disk on this call and line-numbered, byte-for-byte identical to what the Read tool returns. It is NOT a summary, outline, or stale cache. Treat each block as a Read you have already performed: do not Read a file shown here.

**`src/fares.ts`** — CONCESSION_FARE_CENTS(constant), BASE_FARE_CENTS(constant), fareFor(function), Rider(type_alias), totalFor(function)

```typescript
1	/** Fare rules for a transit line. Ages are whole years. */
2	export type Rider = { age: number; hasPass: boolean };
3	
4	export const BASE_FARE_CENTS = 350;
5	export const CONCESSION_FARE_CENTS = 175;
6	
7	/** Riders aged 65 AND OVER pay the concession fare. */
8	export function fareFor(rider: Rider): number {
9	  if (rider.hasPass) return 0;
10	  if (rider.age > 65) return CONCESSION_FARE_CENTS;
11	  if (rider.age < 13) return CONCESSION_FARE_CENTS;
12	  return BASE_FARE_CENTS;
13	}
14	
15	export function totalFor(riders: Rider[]): number {
16	  return riders.reduce((sum, r) => sum + fareFor(r), 0);
17	}
```
=== END PRE-COMPUTED RESULTS ===

CONVERGE FAST — HARD LIMIT: 6 tool calls total. This is not a suggestion.
By your 6th tool call you MUST stop querying and emit the JSON answer. A partial map of the attachment points is infinitely better than no answer.
1. First call: `explore` with the DOMAIN NOUNS only (drop symptom/presentation words).
2. NOTHING IS BROKEN HERE. This story asks for a capability that does not exist yet, so there is no wrong value to trace and no line to quote. Do not hunt for a cause — you will invent one.
3. FIND EVERY PLACE THIS WORK MUST TOUCH. This is the most important output, and returning only ONE is the known failure of this step. A new capability almost never lands in a single file. Trace the SHAPE of it through this repository, in whatever terms this repository uses:
   - WHERE IT IS SET UP — the place the thing being enabled is created, configured or registered. Start here.
   - WHAT CARRIES IT — anything between that setup and the code that uses it: a shared module, a wrapper, an app-wide registration, a passed-down value. There may be none; there may be several.
   - EVERYWHERE IT IS USED — every place that reads the affected data or must react when it changes. There is usually MORE THAN ONE. Name them all.
   Do not force this repository into a shape it does not have, and do not skip a place because it has no obvious name. Describe each site in the vocabulary the codebase itself uses, which you have seen in the tool output — not in the vocabulary of some other project's architecture.
4. COVER THE ACCEPTANCE CRITERIA. Read them again and check your site list against them: every criterion describing observable behaviour needs a site where that behaviour becomes possible. A criterion with no corresponding site means your map is incomplete — go back and find it.
5. NAME WHAT TO REUSE at each site — whatever already exists there that the implementation should build on rather than duplicating. Use `explore`/`callers`/`callees` to find it; you cannot reuse what you have not found.
6. `brokenLine` is NOT required for this story and must be left "" — there is no broken expression to quote.
7. DO NOT INVENT A PATH OR A SYMBOL. Your grounding here is provenance, not a quoted line: every file and symbol you name must have been returned to you by a tool. If you believe something exists and the tools did not show it, PROVE it with ripgrep-search.sh before naming it, or report it absent.


READ THE FILE BEFORE YOU QUOTE IT. Once you have a candidate file, run `show <file>` and look at the real lines. Your "brokenLine" must be COPIED EXACTLY from that output — it is checked character-for-character against the file, after whitespace normalisation. Do NOT reconstruct the line from symbol names: on 2026-07-26 that produced `lineItemKey === orderLineItem.id`, a plausible-looking expression using an identifier that exists nowhere in the repository, and the answer was rejected. `show` accepts a line range so you can read just the region you care about.

CRITICAL REALITY ANCHOR: if the CodeGraph tool does not return a file or symbol, it does NOT exist in this codebase. Do not infer, assume, or extrapolate file paths, function signatures, or variable names from naming patterns — that is exactly how `lineItemKey` was invented. The index answers only for what it parsed, so a miss is a question, not an answer. If you believe something exists and CodeGraph did not return it, PROVE it before reasoning about it:

    bash orchestrations/scripts/ripgrep-search.sh --string "<exact symbol>" [--glob "*.ts"]
    bash orchestrations/scripts/ripgrep-search.sh --file "<part of a filename>"

If your fix calls a method or function from a THIRD-PARTY package (not this repo's own code), a name existing somewhere in that package is not the same as it being the RIGHT way to call it — a symbol can be a real, internal implementation detail the package's own docs never call directly, or a static class method vs. an instance method, and picking the wrong one produces code that type-checks and fails at runtime. PROVE the real shape before naming it:

    bash orchestrations/scripts/resolve-package-symbol.sh "<package name>" "<method or function name>"

It reports whether the symbol is a direct/static call or needs an instance, and surfaces the package's own documented usage examples (README and JSDoc) so you can prefer the intended pattern over an internal detail that happens to exist.

That searches the real working tree, so a hit is ground truth and "NOT FOUND" is definitive absence. If both tools come back empty, the thing does not exist — say so and revise your hypothesis. Never write a name into your answer that no tool has shown you.

CRITICAL — HOW TO ANSWER: Emit the JSON array as TEXT directly in your reply. Do NOT call WriteFile and do NOT write your answer to any file — the pipeline reads your reply text, not a file. If you write your answer to a file, it is LOST and the whole investigation is wasted. Use the Bash tool ONLY to run the CodeGraph query script above (including its `show` subcommand, which you MUST use before quoting a line); use no other tool.

NAME THE FORMAT, DO NOT DESCRIBE IT. If your fix depends on the SHAPE of a string — a prefix, suffix, separator, delimiter — you must QUOTE THE EXACT LITERAL (e.g. '#') or name the constant that defines it (e.g. DIVIDER). Saying "a prefix match that accounts for the suffix" without stating the suffix is not implementable: on 2026-07-26 exactly that wording made the implementer guess '-' where the repository uses '#', and the fix could never match. This is machine-checked.

PREFER THE PARSER OVER THE WRITER. If a helper CONSTRUCTS the value (getX/buildX/toX) and another READS it (parseX/fromX), prescribe the reader. Naming the writer invites the implementer to reconstruct the format by hand — which is how the above happened. The best fix does no string surgery at all, because the helper owns the format.

VERIFY THIRD-PARTY METHOD CALLS with resolve-package-symbol.sh before prescribing them (see above) — a name existing in a package is not proof it is called the way you assume.

SAY WHAT EACH CHANGE DOES TO THE VALUE — "deliveryRole" is REQUIRED, and it is the field this
prompt exists to get right. Exactly one of:

  "produces"  this change is what makes the new or corrected value EXIST. It reads it, fetches
              it, queries it, computes it, or changes configuration so that an existing call
              starts returning it. If you removed only this change, the value would never come
              into being.
  "carries"   this change moves, stores, re-renders or re-exposes a value that something ELSE
              produced, or it subscribes to a signal saying the value changed. Reacting to a
              change is NOT obtaining one.
  "verifies"  this change does nothing to the value; the file only needs confirming once the
              other sites change. Use it with changeRequired:false.

A PLAN IN WHICH NOTHING PRODUCES IS NOT A PLAN. If every site you name carries or verifies, you
have described the delivery of a value nobody obtains, and the implementation will do visibly
nothing while looking correct — a subscription firing, state updating, a view re-rendering, and
the same stale value on the screen. Before you answer, find the site that PRODUCES. If the
capability genuinely needs no new value, say so in "reason"; if you cannot find where the value
would come from, say THAT rather than naming a carrier and hoping.

SAY WHERE EACH CHANGE RUNS — "runsIn" is REQUIRED. One of "server", "browser", "both", "n/a".
An API that only exists in one of those cannot be called from the other, and a prescription that
puts it in the wrong place cannot be implemented at all: the implementer either fails or quietly
does something different. Check what the surrounding function is — an entry point that runs
before a response is sent is not the same place as code running after it is displayed. If a
change subscribes to something, subscribing usually runs where the events happen; obtaining the
value may run somewhere else, and those are then TWO sites, not one.

SAY WHETHER THE FILE MUST BE EDITED — "changeRequired" is REQUIRED. Set it true when your fix means editing THIS file. Set it FALSE when the file is genuinely part of the fix but needs no edit of its own: it already does the right thing, and will simply behave correctly once the other sites change. A consumer that reads state from a provider you are fixing is the usual case. This is not a lesser finding and must not be dropped — a downstream gate requires a real diff in every site you mark true, so marking a verify-only file true makes the story impossible to complete: the implementer changes nothing (correctly), the gate rejects it, and every retry repeats. Saying it in the "fix" prose is not enough; nothing reads prose.

DECLARE ANY PACKAGE YOUR FIX NEEDS — "requiredPackages" is REQUIRED and is machine-verified. List the BARE package names, exactly as they appear in this project's manifest (e.g. "some-sdk", "@scope/pkg"), for every third-party package your fix imports or configures. Use [] when the fix needs none — that is the common case and is not a failure. Each name is checked against what this codeline actually declares and installs: a package that is not there means your fix CANNOT be implemented as written, and prescribing it produces a change that type-checks, passes tests, and fails for a real user. Prefer a fix built on what is already installed; if the work genuinely requires a package this project does not have, still declare it — that is the honest answer and the pipeline needs to see it, whereas an approach invented to avoid naming it is the failure this field exists to prevent.

Output ONLY a JSON array (no prose, no markdown fences), then stop. The "fix" field is REQUIRED and must be a concrete, minimal instruction naming the exact change and any existing helper to reuse. The "helper" field must be the BARE SYMBOL NAME of the existing function you are telling the implementer to reuse (so it can be machine-verified to actually exist) — leave it "" if the fix genuinely needs no existing helper. Do NOT invent a helper name; only put a symbol you actually saw in the tool output:
[{"file":"<repo-relative path>","function":"<symbol>","reason":"<why THIS computes the value, not just displays it>","brokenLine":"<the exact existing expression that is wrong, copied verbatim from that file>","fix":"<the exact minimal change: which line/expression to change, to what, and which EXISTING helper (symbol + import path) to reuse — never 'write a new function' if one already exists>","helper":"<bare existing symbol name to reuse, or empty>","changeRequired":<true if this file must be EDITED; false if it is implicated but needs NO edit — it already behaves correctly and only needs to be VERIFIED once the other sites change>,"requiredPackages":["<bare package name this fix needs>"],"deliveryRole":"produces|carries|verifies","runsIn":"server|browser|both|n/a"}]

# Output
```json
[
  {
    "file": "src/fares.ts",
    "function": "fareFor",
    "reason": "fareFor is the sole function that computes a rider's fare. The senior-boundary comparison on line 10 uses a strict greater-than (>) instead of greater-than-or-equal (>=), so a rider aged exactly 65 falls through to the BASE_FARE_CENTS return on line 12. This is the single site that PRODUCES the wrong fare value for age 65. The docstring on line 7 already states the intended rule ('Riders aged 65 AND OVER pay the concession fare'). The branching structure otherwise has no gaps: hasPass→0, age>=65→concession, age<13→concession, else→base covers all integers without overlap once >= is used.",
    "brokenLine": "",
    "fix": "On line 10, change `rider.age > 65` to `rider.age >= 65`. The constant CONCESSION_FARE_CENTS (already in scope, line 5) is reused — no new constant needed. No other branch needs changing.",
    "helper": "CONCESSION_FARE_CENTS",
    "changeRequired": true,
    "requiredPackages": [],
    "deliveryRole": "produces",
    "runsIn": "n/a"
  },
  {
    "file": "test/fares.test.ts",
    "function": "fareFor",
    "reason": "The test suite already asserts the correct boundary behaviour: age 65 → CONCESSION_FARE_CENTS (line 18), age 64 → BASE_FARE_CENTS (line 22). Age 66 is absent (only age 70 covers 'well past'). Age 13 (the child/adult boundary) is also absent — only age 8 covers children. The existing assertions are correct and need no edit; they will turn from failing to passing once the operator in src/fares.ts is fixed.",
    "brokenLine": "",
    "fix": "No edit needed. The age-65 and age-64 test cases already assert the correct expected values. Optionally add a test for age 66 to close the coverage gap, but it is not required to satisfy the acceptance criteria.",
    "helper": "",
    "changeRequired": false,
    "requiredPackages": [],
    "deliveryRole": "verifies",
    "runsIn": "n/a"
  }
]
```
