[11ty] Writing /home/bradleyjerome/projects/ai/epam-cli/orchestrations/dashboards/live/build-info.json from ../../ai/epam-cli/orchestrations/dashboards/build-info.11ty.js
[11ty] Copied 20 Wrote 1 file in 1.30 seconds (v3.1.6)
[11ty] Watching…
[11ty] Server at http://192.168.2.18:8093/ or http://172.20.0.1:8093/ or http://172.21.0.1:8093/ or http://172.22.0.1:8093/ or http://172.18.0.1:8093/ or http://172.19.0.1:8093/ or http://localhost:8093/
[11ty] File changed: /home/bradleyjerome/projects/ai/epam-cli/orchestrations/logs/agent-status.json
[11ty] File changed: /home/bradleyjerome/projects/ai/epam-cli/orchestrations/logs/agent-activity.jsonl
[11ty] Writing /home/bradleyjerome/projects/ai/epam-cli/orchestrations/dashboards/live/build-info.json from ../../ai/epam-cli/orchestrations/dashboards/build-info.11ty.js
[11ty] Copied 20 Wrote 1 file in 2.47 seconds (v3.1.6)
[11ty] Watching…
[11ty] File changed: /home/bradleyjerome/projects/ai/epam-cli/orchestrations/logs/agent-status.json
[11ty] File changed: /home/bradleyjerome/projects/ai/epam-cli/orchestrations/logs/agent-activity.jsonl
[11ty] Writing /home/bradleyjerome/projects/ai/epam-cli/orchestrations/dashboards/live/build-info.json from ../../ai/epam-cli/orchestrations/dashboards/build-info.11ty.js
[11ty] Copied 20 Wrote 1 file in 2.21 seconds (v3.1.6)
[11ty] Watching…
[11ty] File changed: /home/bradleyjerome/projects/ai/epam-cli/orchestrations/logs/agent-status.json
[11ty] File changed: /home/bradleyjerome/projects/ai/epam-cli/orchestrations/logs/agent-activity.jsonl
[11ty] Writing /home/bradleyjerome/projects/ai/epam-cli/orchestrations/dashboards/live/build-info.json from ../../ai/epam-cli/orchestrations/dashboards/build-info.11ty.js
[11ty] Copied 20 Wrote 1 file in 2.50 seconds (v3.1.6)
[11ty] Watching…
[11ty] File changed: /home/bradleyjerome/projects/ai/epam-cli/orchestrations/logs/agent-activity.jsonl
[11ty] Writing /home/bradleyjerome/projects/ai/epam-cli/orchestrations/dashboards/live/build-info.json from ../../ai/epam-cli/orchestrations/dashboards/build-info.11ty.js
[11ty] Copied 20 Wrote 1 file in 0.48 seconds (v3.1.6)
[11ty] Watching…
[11ty] File changed: /home/bradleyjerome/projects/ai/epam-cli/orchestrations/logs/agent-activity.jsonl
[11ty] File changed: /home/bradleyjerome/projects/ai/epam-cli/orchestrations/logs/guarded-step-retries.jsonl
[11ty] File changed: /home/bradleyjerome/projects/ai/epam-cli/orchestrations/logs/guarded-step-retries-history.jsonl
[11ty] File changed: /home/bradleyjerome/projects/ai/epam-cli/orchestrations/logs/spec-phase.jsonl
[11ty] File changed: /home/bradleyjerome/projects/ai/epam-cli/orchestrations/logs/agent-status.json
[11ty] Writing /home/bradleyjerome/projects/ai/epam-cli/orchestrations/dashboards/live/build-info.json from ../../ai/epam-cli/orchestrations/dashboards/build-info.11ty.js
[11ty] Copied 20 Wrote 1 file in 5.54 seconds (v3.1.6)
[11ty] Watching…
[11ty] File changed: /home/bradleyjerome/projects/ai/epam-cli/orchestrations/logs/agent-activity.jsonl
[11ty] File changed: /home/bradleyjerome/projects/ai/epam-cli/orchestrations/logs/spec-phase.jsonl
[11ty] Writing /home/bradleyjerome/projects/ai/epam-cli/orchestrations/dashboards/live/build-info.json from ../../ai/epam-cli/orchestrations/dashboards/build-info.11ty.js
[11ty] File changed: /home/bradleyjerome/projects/ai/epam-cli/orchestrations/logs/agent-status.json
[11ty] Copied 20 Wrote 1 file in 3.21 seconds (v3.1.6)
[11ty] You saved while Eleventy was running, let’s run again. (1 change)
[11ty] Writing /home/bradleyjerome/projects/ai/epam-cli/orchestrations/dashboards/live/build-info.json from ../../ai/epam-cli/orchestrations/dashboards/build-info.11ty.js
[11ty] Copied 20 Wrote 1 file in 0.33 seconds (v3.1.6)
[11ty] Watching…
[11ty] File changed: /home/bradleyjerome/projects/ai/epam-cli/orchestrations/logs/agent-activity.jsonl
[11ty] Writing /home/bradleyjerome/projects/ai/epam-cli/orchestrations/dashboards/live/build-info.json from ../../ai/epam-cli/orchestrations/dashboards/build-info.11ty.js
[11ty] Copied 20 Wrote 1 file in 0.42 seconds (v3.1.6)
[11ty] Watching…
[11ty] File changed: /home/bradleyjerome/projects/ai/epam-cli/orchestrations/logs/spec-summary.json
[11ty] File changed: /home/bradleyjerome/projects/ai/epam-cli/orchestrations/logs/agent-status.json
[11ty] Writing /home/bradleyjerome/projects/ai/epam-cli/orchestrations/dashboards/live/build-info.json from ../../ai/epam-cli/orchestrations/dashboards/build-info.11ty.js
[11ty] File changed: /home/bradleyjerome/projects/ai/epam-cli/orchestrations/logs/phase-cost.jsonl
[11ty] File added: /home/bradleyjerome/projects/ai/epam-cli/orchestrations/logs/spec-runs/20260726T173022Z/summary.json
[11ty] File changed: /home/bradleyjerome/projects/ai/epam-cli/orchestrations/logs/step-status.json
[11ty] File changed: /home/bradleyjerome/projects/ai/epam-cli/orchestrations/logs/agent-status.json
[11ty] File changed: /home/bradleyjerome/projects/ai/epam-cli/orchestrations/logs/agent-activity.jsonl
[11ty] Copied 20 Wrote 1 file in 9.33 seconds (v3.1.6)
[11ty] You saved while Eleventy was running, let’s run again. (5 changes)
[11ty] Writing /home/bradleyjerome/projects/ai/epam-cli/orchestrations/dashboards/live/build-info.json from ../../ai/epam-cli/orchestrations/dashboards/build-info.11ty.js
[11ty] Copied 20 Wrote 1 file in 0.45 seconds (v3.1.6)
[11ty] Watching…
[11ty] File changed: /home/bradleyjerome/projects/ai/epam-cli/orchestrations/logs/cpa-review.jsonl
[11ty] Writing /home/bradleyjerome/projects/ai/epam-cli/orchestrations/dashboards/live/build-info.json from ../../ai/epam-cli/orchestrations/dashboards/build-info.11ty.js
[11ty] Copied 20 Wrote 1 file in 0.31 seconds (v3.1.6)
[11ty] Watching…
[11ty] File changed: /home/bradleyjerome/projects/ai/epam-cli/orchestrations/logs/calibration.json
[11ty] File changed: /home/bradleyjerome/projects/ai/epam-cli/orchestrations/logs/step-status.json
[11ty] File changed: /home/bradleyjerome/projects/ai/epam-cli/orchestrations/logs/agent-status.json
[11ty] Writing /home/bradleyjerome/projects/ai/epam-cli/orchestrations/dashboards/live/build-info.json from ../../ai/epam-cli/orchestrations/dashboards/build-info.11ty.js
[11ty] File changed: /home/bradleyjerome/projects/ai/epam-cli/orchestrations/logs/agent-activity.jsonl
[11ty] File changed: /home/bradleyjerome/projects/ai/epam-cli/orchestrations/logs/phase-cost.jsonl
[11ty] File changed: /home/bradleyjerome/projects/ai/epam-cli/orchestrations/logs/agent-status.json
[11ty] File changed: /home/bradleyjerome/projects/ai/epam-cli/orchestrations/logs/profiles-audit.jsonl
[11ty] File changed: /home/bradleyjerome/projects/ai/epam-cli/orchestrations/logs/step-status.json
[11ty] Copied 20 Wrote 1 file in 5.14 seconds (v3.1.6)
[11ty] You saved while Eleventy was running, let’s run again. (5 changes)
[11ty] Writing /home/bradleyjerome/projects/ai/epam-cli/orchestrations/dashboards/live/build-info.json from ../../ai/epam-cli/orchestrations/dashboards/build-info.11ty.js
[11ty] Copied 20 Wrote 1 file in 0.43 seconds (v3.1.6)
[11ty] Watching…
[11ty] File changed: /home/bradleyjerome/projects/ai/epam-cli/orchestrations/logs/agent-status.json
[11ty] File changed: /home/bradleyjerome/projects/ai/epam-cli/orchestrations/logs/phase-cost.jsonl
[11ty] File changed: /home/bradleyjerome/projects/ai/epam-cli/orchestrations/logs/agent-activity.jsonl
[11ty] Writing /home/bradleyjerome/projects/ai/epam-cli/orchestrations/dashboards/live/build-info.json from ../../ai/epam-cli/orchestrations/dashboards/build-info.11ty.js
[11ty] File changed: /home/bradleyjerome/projects/ai/epam-cli/orchestrations/logs/step-status.json
[11ty] File changed: /home/bradleyjerome/projects/ai/epam-cli/orchestrations/logs/guarded-step-retries-history.jsonl
[11ty] File changed: /home/bradleyjerome/projects/ai/epam-cli/orchestrations/logs/guarded-step-retries.jsonl
[11ty] File changed: /home/bradleyjerome/projects/ai/epam-cli/orchestrations/logs/step-status.json
[11ty] File changed: /home/bradleyjerome/projects/ai/epam-cli/orchestrations/logs/step-status.json
[11ty] File changed: /home/bradleyjerome/projects/ai/epam-cli/orchestrations/logs/agent-status.json
[11ty] File changed: /home/bradleyjerome/projects/ai/epam-cli/orchestrations/logs/agent-activity.jsonl
[11ty] Copied 20 Wrote 1 file in 5.26 seconds (v3.1.6)
[11ty] You saved while Eleventy was running, let’s run again. (7 changes)
[11ty] Writing /home/bradleyjerome/projects/ai/epam-cli/orchestrations/dashboards/live/build-info.json from ../../ai/epam-cli/orchestrations/dashboards/build-info.11ty.js
[11ty] Copied 20 Wrote 1 file in 3.89 seconds (v3.1.6)
[11ty] Watching…
[11ty] File changed: /home/bradleyjerome/projects/ai/epam-cli/orchestrations/logs/guarded-step-retries.jsonl
[11ty] File changed: /home/bradleyjerome/projects/ai/epam-cli/orchestrations/logs/guarded-step-retries-history.jsonl
[11ty] Writing /home/bradleyjerome/projects/ai/epam-cli/orchestrations/dashboards/live/build-info.json from ../../ai/epam-cli/orchestrations/dashboards/build-info.11ty.js
[11ty] File changed: /home/bradleyjerome/projects/ai/epam-cli/orchestrations/logs/agent-status.json
[11ty] File changed: /home/bradleyjerome/projects/ai/epam-cli/orchestrations/logs/agent-activity.jsonl
[11ty] File changed: /home/bradleyjerome/projects/ai/epam-cli/orchestrations/logs/step-status.json

<--- Last few GCs --->

[2916886:0x338a1000]   357104 ms: Scavenge (interleaved) 4091.6 (4097.6) -> 4090.7 (4102.1) MB, pooled: 0 MB, 7.10 / 0.00 ms  (average mu = 0.322, current mu = 0.305) allocation failure; 
[2916886:0x338a1000]   357978 ms: Mark-Compact (reduce) 4094.0 (4102.1) -> 4091.5 (4096.6) MB, pooled: 0 MB, 389.23 / 0.00 ms  (+ 265.6 ms in 53 steps since start of marking, biggest step 5.0 ms, walltime since start of marking 712 ms) (average mu = 0.306
FATAL ERROR: Ineffective mark-compacts near heap limit Allocation failed - JavaScript heap out of memory
----- Native stack trace -----

 1: 0x735eec node::OOMErrorHandler(char const*, v8::OOMDetails const&) [node]
 2: 0xbafbd0  [node]
 3: 0xbafcbf  [node]
 4: 0xe49875  [node]
 5: 0xe498a2  [node]
 6: 0xe49b9a  [node]
 7: 0xe5a89a  [node]
 8: 0xe5ec40  [node]
 9: 0x18f3681  [node]
Aborted (core dumped)
