[0;32m[SUCCESS][0m Prerequisites check passed
[0;34m[2026-07-28 23:04:20][0m ======================================
[0;34m[2026-07-28 23:04:20][0m EPAM CLI Orchestration Loop Starting
[0;34m[2026-07-28 23:04:20][0m Stories to implement: SPAN-1
[0;34m[2026-07-28 23:04:20][0m ======================================

Project: mock-multi-codeline
Description: Two disposable mock codelines for real full-pipeline integration tests (mock3 — multi-codeline lane loop). project.outputDirs is injected at runtime because the codeline paths are temporary directories; nothing else in this file is generated.
Tech Stack: 

Global Acceptance Criteria:
- 

[0;34m[2026-07-28 23:04:20][0m --------------------------------------
[0;32m+ No dependencies for SPAN-1[0m
[0;34m[2026-07-28 23:04:20][0m Implementing story: SPAN-1 - Change the greeting from hello world to hello dolly in every affected codeline
[0;34m[2026-07-28 23:04:20][0m   Effort[low] -> turns=unlimited maxIter=6 maxOutTok=3072
[0;34m[2026-07-28 23:04:20][0m   BrownfieldEffortFloor: reasoning-model headroom -> maxIter=12 maxOutTok=24576 (think + write must fit one response)
[0;34m[2026-07-28 23:04:20][0m   Effort[final] -> maxIter=12 maxOutTok=24576
[0;34m[2026-07-28 23:04:20][0m   Provider[minimax] -> CLI=epam
[0;34m[2026-07-28 23:04:20][0m   Model[prd.json] -> MiniMax-M3 (overrides effort default)
[0;34m[2026-07-28 23:04:20][0m   BrownfieldEffortFloor(reasoning): low -> medium (story-point-derived LOW is not enough for a brownfield fix)
[0;34m[2026-07-28 23:04:20][0m   ReasoningEffort[prd.json] -> medium
[0;34m[2026-07-28 23:04:20][0m Invoking epam (attempt 1/8)...
npm warn reify Removing non-directory /tmp/brownfield-mock3-a-IaLL1j/clone/node_modules

added 3 packages, and audited 4 packages in 807ms

found 0 vulnerabilities

added 44 packages, and audited 48 packages in 4s

17 packages are looking for funding
  run `npm fund` for details

found 0 vulnerabilities

added 3 packages, and audited 51 packages in 882ms

17 packages are looking for funding
  run `npm fund` for details

found 0 vulnerabilities
  [dependency-check] Installing missing import: @types/node
  [dependency-check] Installing missing import: vitest
  [dependency-check] Installing missing import: tsx
[0;34m[2026-07-28 23:04:50][0m   Cost[SPAN-1] model=MiniMax-M3 in=32994 out=2447 cost=$0.0128 elapsed=.40min status=attempt
[0;32m[SUCCESS][0m Verified 2 declared deliverable(s) for SPAN-1
[0;32m[SUCCESS][0m   [tsc-verify] SPAN-1: tsc --noEmit passed
[0;32m[SUCCESS][0m epam completed implementation for SPAN-1
[0;34m[2026-07-28 23:04:51][0m   Cost[SPAN-1] model=MiniMax-M3 in=32994 out=2447 cost=$0.0128 elapsed=.51min status=completed
[0;32m[SUCCESS][0m Story SPAN-1 marked as completed
[0;34m[2026-07-28 23:04:51][0m   [post-story] Generating dependency contract for SPAN-1...
[0;34m[2026-07-28 23:04:51][0m   [post-story] Contract generation complete for SPAN-1
[0;34m[2026-07-28 23:04:51][0m   [post-story] Committing completed work for SPAN-1...
[0;34m[2026-07-28 23:04:51][0m   Committed 4 file(s) for SPAN-1
[0;34m[2026-07-28 23:04:51][0m   [post-story] Commit step complete for SPAN-1
[0;32m[SUCCESS][0m   [tsc-gate] SPAN-1: tsc --noEmit passed
[0;34m[2026-07-28 23:04:52][0m   [split-gate] No unvalidated mid-execution splits for phase 'mock3_core'
[0;34m[2026-07-28 23:04:52][0m ======================================
[0;34m[2026-07-28 23:04:52][0m EPAM CLI Orchestration Loop Complete
[0;34m[2026-07-28 23:04:52][0m Implemented: 1, Failed: 0, Skipped: 0
[0;34m[2026-07-28 23:04:52][0m ======================================
