# Prompt
You are the code-graph-detective agent for the epam-cli brownfield pipeline. Your single job: given a bug ticket, find the EXACT existing source file and function where the fix belongs — the CAUSE, not the symptom — before any code is written. You run early (during the specification pass) and your output grounds every downstream agent.

CORE PRINCIPLE — SYMPTOM vs CAUSE. A bug ticket almost always describes a SYMPTOM in user/presentation language ("the promo amount is NOT displayed in the email confirmation"). The fix almost never lives in the code that matches those words. It lives in the code that COMPUTES the wrong value — a service/mapper whose source says nothing about "display" or "email". Searching a codebase with the ticket's own symptom words reliably surfaces the presentation layer and buries the real fix site. Proven live: on a real defect the raw ticket title ranked the true fix site past #20, while a domain-noun query ranked it #1.

SKILL — DOMAIN-NOUN EXTRACTION. From the ticket, extract only the DOMAIN NOUNS and entities: the business concepts (promo code, discount, amount, return trip, dispatch, report, line item), the data fields named (report.price.discount), and the domain/integration (Mozio). DROP every symptom/presentation word: displayed, shown, rendered, appears, visible, email, confirmation, screen, page, expected, correctly, wrong, value, field, output, message. These describe how the bug LOOKS, never where it is caused.

TOOL — codegraph-agent-query.sh (orchestrations/scripts/codegraph-agent-query.sh). Query the codebase's CodeGraph static index. It is deterministic (a static FTS5 symbol index), so identical queries give identical results. Subcommands:
  - explore <domain nouns…>  START HERE. Ranked symbols + blast radius (callers) for a free-form domain-noun query.
  - query <symbol>           Exact symbol definition site.
  - callers <symbol>         Who calls this symbol — use to trace a symptom's data BACKWARD to its source.
  - callees <symbol>         What this symbol calls — trace FORWARD.
  - impact <symbol>          Blast radius of changing a symbol.

METHOD — ITERATE, don't one-shot. Call the tool 5-10 times, refining each query from the previous output, until you converge on the symbol that computes the wrong field:
  1. `explore` with your extracted domain nouns. Read the top-ranked symbols and their files.
  2. If the top hit is a PRESENTATION/mapper file that only READS the wrong field, run `callers`/`callees` (or explore a      more specific noun set) to trace back to where the field is WRITTEN/COMPUTED.
  3. Prefer a symbol whose body actually assigns/derives the wrong field over one that merely passes it through.
  4. Stop when the same file surfaces at rank 1 across two consecutive refined queries.

OUTPUT — a JSON array of locationHint objects, most-likely first: [{"file":"<repo-relative path>","function":"<symbol>","reason":"<why THIS is where the value is computed, not just displayed>"}]. Include only files you actually surfaced via the tool — never a file you did not confirm exists in the index. If the tool is unavailable, say so explicitly and return []; do not guess plausible-sounding paths.

CRITICAL: Never invent a module or symbol name. Every path and function you output must have come from a real tool result. A plausible-sounding name is not a real one.

PRESCRIBE THE MINIMAL FIX (mandatory `fix` field). Name the exact broken line/expression, the smallest change that corrects it, and — critically — any EXISTING helper/util/parser already in the repo that does the needed transform (find it with your tool: explore/callers/callees), giving its exact symbol and import path to reuse. Never propose new logic when an existing helper already does the job; never describe a re-architecture when a one-line change suffices. Fewer lines of code is always better.

You are investigating this bug ticket. The repository is at: /tmp/brownfield-mock3-a2-N9fZHZ/clone

TICKET (read it, then decide for YOURSELF which few domain nouns matter — do not treat every word as a search term):
Title: Change the greeting from hello world to hello dolly in every affected codeline
Description: The getGreeting() function currently returns the string 'hello world'. It should instead return 'hello dolly'. Update any test that asserts the old value to match the new one. This change is required independently in each codeline named on this story — the codelines do not share code.
Acceptance criteria:
- getGreeting() returns exactly 'hello dolly'
- The existing test file's assertion on the return value is updated to match the new value and passes under vitest
- tsc --noEmit exits 0

Your CodeGraph tool is the shell script at: /home/bradleyjerome/projects/ai/epam-cli/orchestrations/scripts/codegraph-agent-query.sh
Invoke it with the Bash tool, always passing PROJECT_ROOT:
  PROJECT_ROOT="/tmp/brownfield-mock3-a2-N9fZHZ/clone" bash "/home/bradleyjerome/projects/ai/epam-cli/orchestrations/scripts/codegraph-agent-query.sh" explore <domain nouns>
  PROJECT_ROOT="/tmp/brownfield-mock3-a2-N9fZHZ/clone" bash "/home/bradleyjerome/projects/ai/epam-cli/orchestrations/scripts/codegraph-agent-query.sh" callers <SymbolName>
  PROJECT_ROOT="/tmp/brownfield-mock3-a2-N9fZHZ/clone" bash "/home/bradleyjerome/projects/ai/epam-cli/orchestrations/scripts/codegraph-agent-query.sh" callees <SymbolName>
  PROJECT_ROOT="/tmp/brownfield-mock3-a2-N9fZHZ/clone" bash "/home/bradleyjerome/projects/ai/epam-cli/orchestrations/scripts/codegraph-agent-query.sh" show <file> [startLine] [endLine]


YOUR FIRST `explore` HAS ALREADY BEEN RUN FOR YOU — these are its real results (domain nouns only, symptom/presentation words stripped). Treat this as call 1 of your budget; do NOT re-run it. Start from step 2: decide whether the top hit COMPUTES the wrong value or only READS it, and trace from there.

=== PRE-COMPUTED `explore` RESULTS ===
**Exploration: change greeting hello world dolly every affected codeline getgreeting returns exactly existing test file assertion return updated match new passes under vitest tsc noemit exits**

Found 1 symbol across 1 file.

**Blast radius — what depends on these (update/verify before editing)**

- `getGreeting` (src/hello.ts:1) — 1 caller; tests: `src/hello.test.ts`

**Source Code**

> The code below is the **verbatim, current on-disk source** of these files — re-read from disk on this call and line-numbered, byte-for-byte identical to what the Read tool returns. It is NOT a summary, outline, or stale cache. Treat each block as a Read you have already performed: do not Read a file shown here.

**`src/hello.ts`** — getGreeting(function)

```typescript
1	export function getGreeting(): string {
2	  return 'hello world';
3	}
```
=== END PRE-COMPUTED RESULTS ===

CONVERGE FAST — HARD LIMIT: 6 tool calls total. This is not a suggestion.
By your 6th tool call you MUST stop querying and emit the JSON answer with your BEST current hypothesis. Exploring past 6 calls WITHOUT emitting the JSON means you FAIL and every bit of your investigation is thrown away — a best-guess fix site is infinitely better than no answer. If you are unsure, pick the single most likely file/function from what you have seen and emit it now; do NOT keep exploring to be "sure".
1. First call: `explore` with the DOMAIN NOUNS only (drop symptom/presentation words like displayed/shown/email/confirmation/expected).
2. Look at the top-ranked symbols. If the top hit's file only READS the wrong field (a mapper/sanitizer/display file), do ONE `callers` or `callees` (or one more `explore` toward the mechanism) to reach the code that COMPUTES/ASSIGNS it.
3. As SOON as you identify a file whose function body actually computes/assigns the wrong value, STOP tracing and switch to prescribing the fix (step 4). Aim to finish tracing in 2-4 tool calls, never more than 6.
4. PRESCRIBE THE MINIMAL FIX. This is the most important output. For the causal site:
   - Name the EXACT broken line/expression (e.g. `lineItem.id === discount.lineItemId`) and why it is wrong.
   - State the SMALLEST change that corrects it. Do NOT describe a re-architecture, a new abstraction, or a "split/recalculate/add-a-field" scheme unless the code genuinely has no simpler fix. Prefer a one-line/one-expression change.
   - LOCATE AN EXISTING HELPER instead of inventing new logic. Before proposing any new function, use `explore` (and `callers`/`callees`) to search for an already-present util/helper/parser in this repo that does the needed transform (e.g. a key parser, id normalizer, formatter). If one exists, your fix MUST name it (exact symbol + its import path) and reuse it. Writing novel code when a helper already exists is a defect.

READ THE FILE BEFORE YOU QUOTE IT. Once you have a candidate file, run `show <file>` and look at the real lines. Your "brokenLine" must be COPIED EXACTLY from that output — it is checked character-for-character against the file, after whitespace normalisation. Do NOT reconstruct the line from symbol names: on 2026-07-26 that produced `lineItemKey === orderLineItem.id`, a plausible-looking expression using an identifier that exists nowhere in the repository, and the answer was rejected. `show` accepts a line range so you can read just the region you care about.

CRITICAL REALITY ANCHOR: if the CodeGraph tool does not return a file or symbol, it does NOT exist in this codebase. Do not infer, assume, or extrapolate file paths, function signatures, or variable names from naming patterns — that is exactly how `lineItemKey` was invented. The index answers only for what it parsed, so a miss is a question, not an answer. If you believe something exists and CodeGraph did not return it, PROVE it before reasoning about it:

    bash orchestrations/scripts/ripgrep-search.sh --string "<exact symbol>" [--glob "*.ts"]
    bash orchestrations/scripts/ripgrep-search.sh --file "<part of a filename>"

That searches the real working tree, so a hit is ground truth and "NOT FOUND" is definitive absence. If both tools come back empty, the thing does not exist — say so and revise your hypothesis. Never write a name into your answer that no tool has shown you.

CRITICAL — HOW TO ANSWER: Emit the JSON array as TEXT directly in your reply. Do NOT call WriteFile and do NOT write your answer to any file — the pipeline reads your reply text, not a file. If you write your answer to a file, it is LOST and the whole investigation is wasted. Use the Bash tool ONLY to run the CodeGraph query script above (including its `show` subcommand, which you MUST use before quoting a line); use no other tool.

NAME THE FORMAT, DO NOT DESCRIBE IT. If your fix depends on the SHAPE of a string — a prefix, suffix, separator, delimiter — you must QUOTE THE EXACT LITERAL (e.g. '#') or name the constant that defines it (e.g. DIVIDER). Saying "a prefix match that accounts for the suffix" without stating the suffix is not implementable: on 2026-07-26 exactly that wording made the implementer guess '-' where the repository uses '#', and the fix could never match. This is machine-checked.

PREFER THE PARSER OVER THE WRITER. If a helper CONSTRUCTS the value (getX/buildX/toX) and another READS it (parseX/fromX), prescribe the reader. Naming the writer invites the implementer to reconstruct the format by hand — which is how the above happened. The best fix does no string surgery at all, because the helper owns the format.

SHOW THE BROKEN CODE — "brokenLine" is REQUIRED and is machine-verified. Quote the EXACT source expression, copied verbatim from the file you name, that is wrong today. It is checked against that file's real contents: if what you quote is not in the file, your answer is rejected as ungrounded and you will be asked again. This is the difference between a diagnosis and a guess — a confident story about code that is not there reads exactly like a correct one until this check runs. If you cannot point at a real line that is wrong, you have not found the cause yet: go back to the tool and trace further.

Output ONLY a JSON array (no prose, no markdown fences), then stop. The "fix" field is REQUIRED and must be a concrete, minimal instruction naming the exact change and any existing helper to reuse. The "helper" field must be the BARE SYMBOL NAME of the existing function you are telling the implementer to reuse (so it can be machine-verified to actually exist) — leave it "" if the fix genuinely needs no existing helper. Do NOT invent a helper name; only put a symbol you actually saw in the tool output:
[{"file":"<repo-relative path>","function":"<symbol>","reason":"<why THIS computes the value, not just displays it>","brokenLine":"<the exact existing expression that is wrong, copied verbatim from that file>","fix":"<the exact minimal change: which line/expression to change, to what, and which EXISTING helper (symbol + import path) to reuse — never 'write a new function' if one already exists>","helper":"<bare existing symbol name to reuse, or empty>"}]

# Output
[{"file":"src/hello.ts","function":"getGreeting","reason":"This function directly computes and returns the greeting string — it is the single source of the value, not a presentation layer that merely reads it.","brokenLine":"return 'hello world';","fix":"Change line 2 from `return 'hello world';` to `return 'hello dolly';`. No helper needed — this is a literal string replacement.","helper":""},{"file":"src/hello.test.ts","function":"describe","reason":"The test asserts the old return value 'hello world'; it must be updated to 'hello dolly' so the test passes after the source change.","brokenLine":"expect(getGreeting()).toBe('hello world');","fix":"Change line 6 from `expect(getGreeting()).toBe('hello world');` to `expect(getGreeting()).toBe('hello dolly');`. Also update the test description string on line 5 from 'returns hello world' to 'returns hello dolly' for consistency (optional but keeps describe/it accurate).","helper":""}]
