# Prompt
You are the Guard Vocabulary Agent for the epam-cli orchestration pipeline.

A deterministic guard is about to check a set of statements against a RULE. Your sole job is to derive, for THIS story, the concrete terms that would VIOLATE that rule — and the terms that name its legitimate observable surface. The guard holds no vocabulary of its own; it applies exactly what you return, and nothing else.

## Why you exist

Every guard in this pipeline used to carry a hardcoded list of terms, each list reverse-engineered from a single past incident. A list catches that one incident and nothing else, while reporting "clean" forever — which is worse than no guard, because it converts "unchecked" into "checked" and nobody looks again. You replace those lists. If you answer badly, the guard is blind; if you answer well, it catches violations nobody has seen yet.

## Your inputs

1. THE RULE — a principle stating what it means to violate this guard. It names no domain, no product and no past incident. It is the only definition of correctness you are given.
2. THE STATEMENTS — the items the guard will check (for example, a story's verification criteria or acceptance criteria).
3. CODE EVIDENCE — real findings from the repository: files, functions, symbols, and the reasoning that located them. This is ground truth.
4. STORY CONTEXT — the ticket's title and description.

## Your process

1. Read the rule and restate to yourself, in one sentence, what distinguishes a violating statement from a compliant one. Everything you return must trace to that sentence.
2. Read the CODE EVIDENCE and identify the implementation vocabulary of this story: the symbols, functions, SDK entry points, internal structures and configuration keys that describe HOW the behaviour is produced. These come from the evidence, never from the ticket prose and never from your own knowledge of the technology.
3. Read the STORY CONTEXT and identify the observable surface: what an end user or tester perceives. That is the whitelist.
4. Emit both lists.

## Hard requirements

- DERIVE FROM THE EVIDENCE. Every blacklist term must be traceable to a symbol, file, function or structure present in the supplied code evidence, or to a construction verb present in the statements themselves. Do not contribute terms from your general knowledge of a library, framework or vendor: that is how an agent invents a signature that does not exist.
- NEVER include a term that names the observable surface. If a term describes what a user sees, it belongs in the whitelist, even when it also appears in code.
- PREFER THE SPECIFIC. a term naming ONE identifiable thing is useful; a generic category word is not — it will fire on unrelated statements and train people to ignore the guard.
- WHOLE TERMS ONLY. Return terms as they would appear in a sentence. Do not return regular expressions, wildcards or fragments.
- LOWERCASE every term.
- The whitelist WINS. A term appearing in both lists is treated as observable and never flagged, so do not rely on the blacklist to override it.
- If the rule genuinely admits no violating vocabulary for this story, return an empty blacklist. Do not pad it. An empty list is a real answer and is reported as such — it is not treated as success.

## Verifying a term against the index

At some seams you are given a real CodeGraph index of the repository and the command to
query it. When you are, USE IT — do not assert that a term is meaningful, check it. A
candidate that resolves to nothing in the index is noise and belongs in the blacklist,
however unusual or technical the word looks. A candidate that resolves to real symbols is
evidence-backed and can be trusted.

Be aware of what your list feeds. Where the consumer is a BM25/IDF ranker, that ranker
DEMOTES terms which are common in the corpus and AMPLIFIES terms which are rare. A rare but
meaningless token — a bracketed brand tag, a ticket label, a person's name, a status word —
is therefore not diluted by the ranker; it is promoted to a top discriminator and drags the
search away from the real code. Rarity is not signal. Mistaking the two is the specific
failure you exist to prevent, so when a term is unusual AND resolves to nothing, blacklist
it with confidence.

When no index is available to you, say what you can support from the evidence you were
given and no more. An honest short list beats a padded one: every term you return is
applied deterministically, and a wrong term is enforced as rigorously as a right one.

## Output

Call the submit_guard_vocabulary tool. Structured output only. Do not answer in prose, do not wrap the call in commentary, and do not explain your reasoning outside the per-term reason fields. A prose answer is discarded in full and the guard is left with nothing to apply.

GUARD SEAM: verification-criteria

THE RULE THIS GUARD ENFORCES:
A verification criterion states WHAT AN END USER OR TESTER OBSERVES on the user-facing surface THE TICKET IS ABOUT — the rendered output for an output ticket, the displayed screen for a UI ticket, the response a CLIENT receives for an API ticket. It is a BLACK-BOX check on that surface. It NEVER describes HOW the value is produced.
A verification criterion is FORBIDDEN if it:
- prescribes HOW to implement — any algorithm, mechanism, approach, or the addition/reading of any new field, flag or service;
- references an INTERNAL structure that merely FEEDS the ticket's surface — an intermediate payload, a data-transfer object, or a specific response field used to BUILD the output. Verify the surface the ticket names, NOT the data structure behind it;
- makes a CROSS-COMPARISON that presumes a mechanism — never assert one value "must equal" / "matches" / "is the same as" another; that presumes a shared derivation. Assert the required value is present and correct ON ITS OWN.
Every verification criterion must be observable, testable, and tied to the ticket's stated symptom/intent.

THE STATEMENTS THE GUARD WILL CHECK:
1. Given the contentstack Stack is initialized, the options config object passed to contentstack.Stack() includes a live_preview key with enable_by_default and host properties, confirming the SDK is configured to support live preview data delivery.
2. Given the @contentstack/live-preview-utils package is installed, when the application loads in a browser, the Live Preview SDK's onEntryChange callback is registered and fires when Contentstack pushes a draft content update event (verified with a mocked event dispatch), triggering a re-render of components that consume useContent().
3. Given a page rendering content from useContent(), when a Live Preview event delivers updated draft data (with the Contentstack client mocked to return a known draft payload), the page re-renders and displays the draft content — observable as the updated text or media appearing in the rendered output without a full page navigation.
4. Given the application is loaded WITHOUT Contentstack Live Preview query parameters (i.e., normal production mode), content is fetched and rendered identically to the current behavior — the live_preview config does not alter delivery API responses when preview mode is inactive.
5. Given the Contentstack Live Preview SDK is initialized, calling its onEntryChange method returns an unsubscribe function, and calling that function removes the event listener — confirming the subscription is cleanable and does not leak on unmount.
6. Given a protected page that requires authentication, when Live Preview is active, the application does not throw an unhandled error; it either renders the published content or displays a user-visible indication that preview is unavailable for that page.

DECLARED MANIFEST (the files this story says it will touch):
- (none declared)

DOCUMENTATION LINKED ON THIS TICKET (fetched and quoted verbatim — the vendor's published contract):
- https://www.contentstack.com/docs/headless-cms/live-preview-implementation-for-nextjs-csr-app-router
    "This guide is for Next.js CSR (Client-Side Rendering) with the App Router."
    "The Live Preview SDK provides real-time preview of draft content in your application."
    "Live Preview is available only for the Web App and Mobile Apps."
- https://www.contentstack.com/docs/headless-cms/custom-preview-urls#configure-custom-preview-urls
    "Custom Preview URLs allow you to configure URLs for previewing content entries within the Contentstack CMS."
    "You can configure custom preview URLs from the Contentstack dashboard."

A name that appears above is something the VENDOR publishes, not something this team chose.
Do NOT flag it when a statement uses it to describe OBSERVABLE behaviour — what a user or a
test can see happen. DO still flag it when the statement asserts the shape or contents of an
INTERNAL object, argument or call, even if the name itself is documented: that is an
implementation detail wearing a published name.

CODE EVIDENCE (real findings from this repository — ground truth; derive from these, not from your own knowledge of any library):
- src/services/contentstack.ts :: options — This is the Contentstack SDK initialization config where `live_preview` settings must be added to enable draft/preview content delivery. The `contentstack.Stack(options)` call at line 91 is the single point where the SDK client is created — Live Preview requires a `live_preview` key in this config o
- src/context/contentstackContext.tsx :: ContentstackContext — The React context that provides Contentstack content to all components via `useContent`. When Live Preview pushes updates, the context value must be refreshed reactively so every component reading from `useContent()` re-renders with the new draft data. This is the consumer-side attachment point — th

STORY CONTEXT:
Title: [GO, UP, MX] Live Preview of Content in CMS
Description: Original Requirements (discovery)  AS a Content Author, I WANT to preview draft entries in CMS, SO THAT I can see how content will be shown on the website
ability to preview draft entries in CMS
Notes& Assumptions  Limitation: Might not be possible to preview protected pages and content.
Original Total Estimate:  8  Original FE Estimate:  8  Original DAM Estimate:  0  Original BE Estimate:  0


# Output
{"blacklist": [{"term": "live_preview", "reason": "Criterion 1 asserts the shape of an internal config object — the `live_preview` key with `enable_by_default` and `host` properties — which is an implementation mechanism (how the SDK is configured), not an observable user-facing surface. The ticket's surface is the rendered draft content, not the config object passed to the SDK constructor."}, {"term": "enable_by_default", "reason": "Criterion 1 references a specific property of the internal config object. This is an implementation detail of how the SDK is configured, not something an end user or tester observes on the rendered surface."}, {"term": "host", "reason": "Criterion 1 references a specific property of the internal config object. This is an implementation detail of how the SDK is configured, not an observable surface."}, {"term": "options config object", "reason": "Criterion 1 names the internal configuration object passed to the SDK constructor. This is an internal structure that feeds the ticket's surface, not the surface itself."}, {"term": "contentstack.stack()", "reason": "Criterion 1 names the SDK initialization call site — an internal mechanism. The ticket's surface is the rendered draft content, not the SDK constructor invocation."}, {"term": "onentrychange callback", "reason": "Criterion 2 asserts the registration of a specific SDK callback (`onEntryChange`) — an implementation mechanism. The observable surface is the re-render of components consuming `useContent()`, not the callback registration itself."}, {"term": "onentrychange method", "reason": "Criterion 5 asserts calling a specific SDK method (`onEntryChange`) returns an unsubscribe function — an implementation mechanism. The observable surface is that the subscription is cleanable and does not leak, not the method name or its return value."}, {"term": "unsubscribe function", "reason": "Criterion 5 asserts that calling a specific SDK method returns an unsubscribe function — an internal mechanism. The observable surface is that no listener leaks on unmount, not the return value of the method."}, {"term": "event listener", "reason": "Criterion 5 references the internal event listener mechanism — how the SDK delivers updates. The observable surface is the absence of leaks/errors, not the listener itself."}, {"term": "mocked event dispatch", "reason": "Criterion 2 prescribes a test mechanism (mocked event dispatch) — this is HOW the test verifies the behavior, not WHAT is observed on the user-facing surface."}, {"term": "contentstack client mocked", "reason": "Criterion 3 prescribes a test mechanism (mocking the Contentstack client) — this is HOW the test produces the scenario, not WHAT is observed on the rendered surface."}, {"term": "draft payload", "reason": "Criterion 3 references an intermediate data structure (a draft payload) that feeds the rendered output. The observable surface is the updated text/media appearing in the rendered output, not the payload behind it."}, {"term": "usecontent()", "reason": "Criteria 2 and 3 reference the internal React context hook (`useContent()`) — an implementation mechanism for consuming content. The observable surface is the re-rendered draft content, not the hook invocation."}, {"term": "contentstackcontext", "reason": "Criteria reference the internal React context provider — an implementation structure that feeds the rendered output. The observable surface is the rendered draft content, not the context object."}, {"term": "delivery api responses", "reason": "Criterion 4 references the internal API response shape — an intermediate structure that feeds the rendered output. The observable surface is that content renders identically in production mode, not the API response itself."}, {"term": "live_preview config", "reason": "Criterion 4 references the internal config object — an implementation mechanism. The observable surface is that content renders identically when preview is inactive, not the config key."}], "whitelist": [{"term": "draft content", "reason": "Observable surface: what the user sees — draft content appearing in the rendered output (Criteria 3, 6). This is the rendered content the ticket is about."}, {"term": "rendered output", "reason": "Observable surface: the rendered output is what the user/tester perceives (Criterion 3). This is the black-box surface the ticket names."}, {"term": "re-render", "reason": "Observable surface: the user/tester perceives components re-rendering with updated content without a full page navigation (Criteria 2, 3). This is a visible behavior on the surface."}, {"term": "full page navigation", "reason": "Observable surface: the absence of a full page navigation is something a tester perceives (Criterion 3). This is a black-box observation of the user-facing surface."}, {"term": "published content", "reason": "Observable surface: the user sees published content rendered on the page (Criterion 6). This is what is displayed on the screen."}, {"term": "preview is unavailable", "reason": "Observable surface: a user-visible indication that preview is unavailable for a protected page (Criterion 6). This is what the user sees."}, {"term": "updated text or media", "reason": "Observable surface: the updated text or media appearing in the rendered output (Criterion 3). This is what the user/tester observes."}, {"term": "content is fetched and rendered", "reason": "Observable surface: content being fetched and rendered is what the user perceives (Criterion 4). This is the black-box behavior on the surface."}, {"term": "does not throw an unhandled error", "reason": "Observable surface: the absence of an unhandled error is observable by a tester (Criterion 6). This is a black-box check on the surface."}, {"term": "live preview query parameters", "reason": "Observable surface: the presence or absence of Live Preview query parameters in the URL is what a tester/user perceives in the browser (Criterion 4). This is a black-box observation of the URL surface."}, {"term": "preview mode is inactive", "reason": "Observable surface: the active/inactive state of preview mode is observable via URL parameters and rendered content behavior (Criterion 4). This is what the user/tester perceives."}, {"term": "live preview is active", "reason": "Observable surface: the active state of Live Preview is observable via URL parameters and rendered content (Criterion 6). This is what the user/tester perceives."}, {"term": "protected page", "reason": "Observable surface: a protected page is a page the user/tester can identify and navigate to (Criterion 6). This is part of the observable surface the ticket names."}, {"term": "subscription is cleanable", "reason": "Observable surface: the subscription being cleanable and not leaking is observable as the absence of errors or duplicate renders after unmount (Criterion 5). This is a black-box behavior on the surface."}, {"term": "does not leak on unmount", "reason": "Observable surface: the absence of a leak on unmount is observable by a tester as the absence of errors or duplicate renders (Criterion 5). This is a black-box check on the surface."}, {"term": "components that consume", "reason": "Observable surface: components consuming content and re-rendering is what the user/tester perceives (Criterion 2). The re-render is the visible behavior."}]}
