
 RUN  v3.2.6 /home/bradleyjerome/projects/metrolinx/azure.commerce.cdts

 ✓ src/utils/one-line/one-line.spec.ts (6 tests) 5ms
 ✓ src/utils/cache/cache.spec.ts (6 tests) 7ms
 ✓ src/utils/dedup/dedup.spec.ts (5 tests) 7ms
 ✓ src/utils/error/api-error.spec.ts (2 tests) 10ms
 ✓ src/utils/logger/logger.spec.ts (9 tests) 11ms
 ✓ src/services/helpers/error/__tests__/get-error-message.spec.ts (6 tests) 5ms
 ✓ src/controllers/update-cart/__tests__/update-cart.mappers.spec.ts (13 tests) 10ms
 ✓ src/controllers/create-cart/__tests__/create-cart.schemas.spec.ts (4 tests) 7ms
 ✓ src/clients/big-commerce/axios/big-commerce.interceptors.spec.ts (2 tests) 7ms
 ✓ src/controllers/update-cart/__tests__/schemas.spec.ts (2 tests) 9ms
 ✓ src/clients/big-commerce/axios/axios.spec.ts (6 tests) 189ms
 ✓ src/utils/__tests__/station-code.spec.ts (12 tests) 5ms
 ✓ src/utils/lowercase-properties/lowercase-properties.spec.ts (5 tests) 3ms
 ✓ src/services/integration-permissions/get-permissions.spec.ts (5 tests) 29ms
 ✓ src/clients/mozio/schemas/order.schema.spec.ts (1 test) 3ms
 ✓ src/clients/big-commerce/mappers/__tests__/map-to-order-metafields-sanitized-payload.spec.ts (6 tests) 7ms
 ✓ src/services/mappers/cart/__tests__/cart-metafields.mappers.spec.ts (3 tests) 10ms
 ✓ src/services/order-staff-notes/__tests__/generate-staff-notes.helpers.spec.ts (3 tests) 44ms
 ✓ src/clients/redis/get-connection.spec.ts (5 tests) 21ms
 ✓ src/utils/seconds-until-next-hour/seconds-until-next-hour.spec.ts (5 tests) 5ms
 ✓ src/clients/service-bus/service-bus-client.spec.ts (4 tests) 7ms
 ✓ src/utils/__tests__/gql.spec.ts (4 tests) 7ms
 ✓ src/services/add-checkout-billing-address/add-checkout-billing-address.mappers.spec.ts (4 tests) 11ms
 ✓ src/services/helpers/order/__tests__/get-product-validity-dates.spec.ts (11 tests) 8ms
 ✓ src/controllers/helpers/product/__tests__/assert-product-modification.spec.ts (3 tests) 5ms
 ✓ src/controllers/create-order-from-checkout/create-order-from-checkout.helpers.spec.ts (19 tests) 17ms
 ✓ src/clients/mozio/mappers/__tests__/map-to-sanitized-mozio-dispatch.spec.ts (1 test) 2ms
 ✓ src/clients/mozio/mappers/__tests__/map-to-sanitized-mozio-dispatch-customer.spec.ts (1 test) 3ms
 ✓ src/clients/mozio/submit-order/submit-order.spec.ts (1 test) 5ms
 ✓ src/services/update-cart/__tests__/updateCartService.spec.ts (3 tests) 9ms
 ✓ src/controllers/get-products/__tests__/get-products.controller.spec.ts (1 test) 2ms
 ✓ src/controllers/create-checkout/create-checkout.controller.spec.ts (1 test) 3ms
 ✓ src/controllers/create-cart/__tests__/create-cart.controller.spec.ts (1 test) 3ms
 ✓ src/controllers/update-cart/__tests__/update-cart.controller.spec.ts (1 test) 3ms

 Test Files  34 passed (34)
      Tests  161 passed (161)
   Start at  23:26:08
   Duration  3.41s (transform 4.45s, setup 0ms, collect 21.31s, tests 478ms, environment 6ms, prepare 3.25s)

