[0;35m[CPA][0m Retrieval: TF-IDF
[0;36m[17:13:23][0m Loading stories from orch-mockhelloworld-prd-569087.json...
[0;36m[17:13:23][0m Found 1 stories to contextualize

[0;35m[CPA][0m Processing MOCK-HW-1...
[0;35m[CPA][0m   MOCK-HW-1: formula baseline from calibration[low:implementation:cli](n=29): 4.5178418971594745min $0.1404333618569382
[1mMOCK-HW-1[0m  getGreeting should return hello dolly  [0;32m[PASS][0m
  Machine time:              4.52 min  →      2.26 min  (conf: 0.92, adj: 0.50x)
  Cost (story):          $0.1404     →  $0.0351   
  Escalation:            +$0.2804      (r2@15%=+$0.1650 r3@5%=+$0.0565 k3@1.0%=+$0.0589)
  Self-heal:             +$0.0320      (p=20%)
  Retries (exp):          0.32  
  Total (est):           $1.9327         (story+esc+heal=$0.3475 × pipeline 5.56x)
  KB coverage:           2     chunks retrieved   2     cited   cov: 100%

[0;36m=== CPA Gate Summary ===[0m

Phase                    Pass   Review    Block    Total
------------------------------------------------------
core                        1        0        0        1
------------------------------------------------------
[1mTOTAL                       1        0        0        1[0m

[0;32m[CPA OK][0m All 1 stories passed the CPA gate

[0;36m[17:14:21][0m Appended 1 CPA records to /home/bradleyjerome/projects/ai/epam-cli/orchestrations/logs/cpa-review.jsonl
[0;36m[17:14:21][0m Applying blended estimates to prd.json...
[0;32m[CPA OK][0m Backed up prd.json → orch-mockhelloworld-prd-569087.json.before-cpa
[0;32m[CPA OK][0m Applied CPA blended estimates to 1 stories

  Review:   git diff /tmp/orch-mockhelloworld-prd-569087.json
  Restore:  cp /tmp/orch-mockhelloworld-prd-569087.json.before-cpa /tmp/orch-mockhelloworld-prd-569087.json

