# Prompt
You are the openspec specification agent for EPAM CLI. Phase core, story AMSD-2041.
EXISTING CODE — CodeGraph static analysis (exact symbols, callers, blast radius):
**Dynamic-dispatch links among your symbols**
(synthesized — the indirect hops grep/Read would reconstruct; the `@file:line` is the wiring site)

- Header → NavigationBar   [dynamic: renders <NavigationBar>]
- NavigationBar → Close   [dynamic: renders <Close>]
- NavigationBar → Menu   [dynamic: renders <Menu>]
- NavigationBar → Onboarding   [dynamic: renders <Onboarding>]
- NavigationBar → ButtonWithIcon   [dynamic: renders <ButtonWithIcon>]
- NavigationBar → ContentstackLink   [dynamic: renders <ContentstackLink>]

> Full source for these symbols is below — the call flow among them, followed by their bodies.
**Exploration: applies handles processes resolves [GO, UP, MX] Live Preview  Content  CMS**

Found 12 symbols across 4 files.

**Blast radius — what depends on these (update/verify before editing)**

- `content` (src/components/contentstack/ContentstackAttention/content.mock.ts:1) — 1 caller; tests: `src/components/contentstack/ContentstackAttention/ContentstackAttention.spec.tsx`
- `content` (src/components/contentstack/ContentStackGallery/ContentStackGallery.mock.ts:110) — 1 caller; tests: `src/components/contentstack/ContentStackGallery/ContentStackGallery.spec.tsx`
- `IContentCard` (src/interface/content/contentCard.ts:7) — 6 callers in `src/components/contentstack/ContentstackContentCards/utils.ts`, `src/interface/content/mixedCard.ts`, `src/interface/content/contentCard.ts`; ⚠️ no covering tests found
- `IContentCardProps` (src/components/contentstack/ContentstackMixedCards/ContentstackMixedCards.tsx:23) — 1 caller in `src/components/contentstack/ContentstackMixedCards/ContentstackMixedCards.tsx`; ⚠️ no covering tests found

**Relationships**

**references:**
- content → galleryItems
- content → IImageGallery
- IImageGallery → IGalleryItem
- invalidContent → IImageGallery
- renderContentStackGallery → IImageGallery
- PageComponent → IImageGallery
- IContentstackPage → IImageGallery
- invalidContent → invalidGalleryItems
- PageComponent → IVideo
- PageComponent → IContentstackImage
- ... and 54 more

**calls:**
- renderContentStackGallery → render
- useContent → getValue
- CookiesBanner → useContent
- DynamicEventsListContainer → useContent
- FeatureListing → useContent
- Footer → useContent
- MobileNav → useContent
- NavigationBar → useContent
- QuickMenu → useContent
- TopBar → useContent
- ... and 28 more

**Source Code**

> The code below is the **verbatim, current on-disk source** of these files — re-read from disk on this call and line-numbered, byte-for-byte identical to what the Read tool returns. It is NOT a summary, outline, or stale cache. Treat each block as a Read you have already performed: do not Read a file shown here.

**`src/components/contentstack/ContentstackText/ContentstackText.tsx`** — IContentstackText(interface), ContentstackText(function), ContentstackText.tsx(file)

```tsx
1	import { FC } from "react";
2	import { useContent } from "hooks/useContent";
3	
4	export interface IContentstackText {
5	  contentKey: string;
6	}
7	
8	export const ContentstackText: FC<IContentstackText> = ({ contentKey }) => {
9	  const { getContentByKey } = useContent();
10	
11	  return <>{getContentByKey<string>(contentKey, "")}</>;
12	};
```

**`src/components/contentstack/ContentstackAttention/content.mock.ts`** — content(constant)

```typescript
1	export const content = {
2	  page: [
3	    {
4	      _version: 45,
5	      locale: "en-ca",
6	      uid: "bltf6d0508381eee7d8",
7	      ACL: {},
8	      _in_progress: false,
9	      content_base: {
10	        promotional_description:
11	          "Metrolinx is undertaking the largest transportation investment in Ontario's history",
12	      },
13	      created_at: "2022-04-06T19:30:53.056Z",
14	      created_by: "bltc09223c5ca0e7543",
15	      page_components: [
16	        {
17	          Attention_Block: {
18	            attention_block_type: "Notice",
19	            attention_block_heading: "Notice",
20	            _metadata: {
21	              uid: "cs8833f7b30db5c6ce",
22	            },
23	            attention_block_copy: {
24	              uid: "2f739b0522d04041b30c922fb60159c8",
25	              attrs: {},
26	              children: [
27	                {
28	                  uid: "48053903dd164bedb5707546ea7cf916",
29	                  type: "p",
30	                  attrs: {},
31	                  children: [
32	                    {
33	                      text: "We’re growing by leaps and bounds every year, and transit needs to grow along with us. Metrolinx and our partners are delivering a bold plan backed by the single largest transit infrastructure investment in Canadian history. You can already see the difference it’s starting to make.",
34	                    },
35	                  ],
36	                },
37	                {
38	                  uid: "cabd460bc43644b893e173f7b8f27d5b",
39	                  type: "p",
40	                  attrs: {},
41	                  children: [
42	                    {
43	                      text: "",
44	                    },
45	                  ],
46	                },
47	              ],
48	              type: "doc",
49	              _version: 45,
50	            },
51	            attention_block_link: {
52	              title: "View Details",
53	              href: "https://www.metrolinx.com/en/greaterregion/default.aspx",
54	            },
55	          },
56	        },
57	      ],
58	      seo: {
59	        seo_title: "Welcome to Metrolinx",
60	        seo_meta_description:
61	          "Metrolinx, an agency of the Government of Ontario, works to get you where you need to go better, faster, easier.",
62	        seo_keywords: "transportation investment community ontario transit",
63	        canonical_url: "",
64	      },
65	      site_architecture: [
66	        {
67	          uid: "bltde0c737e571c0520",
68	          _content_type_uid: "site_architecture",
69	        },
70	      ],
71	      subtitle: "We’re undertaking the largest transportation investment in Ontario’s history",
72	      tags: [],
73	      title: "About Metrolinx",
74	      updated_at: "2022-04-16T10:01:14.854Z",
75	      updated_by: "blt8ab502e9e42526e5",
76	      url: "/about",
77	      publish_details: {
78	        environment: "blt31cd81aa028a947d",
79	        locale: "en-ca",
80	        time: "2022-04-16T10:01:19.626Z",
81	        user: "blt8ab502e9e42526e5",
82	      },
83	      _owner: {
84	        uid: "bltc09223c5ca0e7543",
85	        created_at: "2022-03-22T21:29:24.736Z",
86	        updated_at: "2022-04-18T12:59:34.217Z",
87	        email: "v-epam-gillian.rosheuvel@metrolinx.com",
88	        username: "v-epam-gillian_blt9c68cb9d",
89	        first_name: "Gillian",
90	        last_name: "Rosheuvel",
91	        org_uid: [],
92	        shared_org_uid: ["blt63cb7dd69809ef75"],
93	        active: true,
94	        profile_type: "business",
95	        failed_attempts: 0,
96	        settings: {
97	          preferences: {
98	            global: [],
99	            stack: [],
100	          },
101	        },
102	        last_login_at: "Mon Apr 18 2022 12:59:34 GMT+0000 (Coordinated Universal Time)",
103	      },
104	    },
105	  ],
106	};
```

**`src/components/ContentCard/ContentCard.tsx`** — IContentCardProps(interface)

```tsx
1	import { FC, useState, ReactNode } from "react";
2	import { useTranslation } from "next-i18next";
3	import { twTheme } from "@metrolinx/cx-shared/build/src/constants/tailwind";
4	import { cn } from "@metrolinx/cx-shared/build/src/utils/cn";
5	import CustomLink from "components/CustomLink/CustomLink";
6	import { Image } from "components/Image";
7	import { useNextLocale } from "hooks/useNextLocale";
8	import { IContentCard } from "interface/content/news";
9	import { getMetaDataInfoBasedOnLocale } from "utils/common";
10	import { getLocaleByNextLocale } from "utils/locale";
11	
12	export interface IContentCardProps extends IContentCard {
13	  children?: ReactNode;
14	  linkContentType?: string;
15	}
16	
17	export const ContentCard: FC<IContentCardProps> = ({
18	  url,
19	  image,
20	  title,
21	  description,
22	  linkContentType,
23	  withStroke = false,
24	  shadow = "dark",
25	  children,
26	  type,
27	  tags,
28	}) => {
29	  const locale = useNextLocale();
30	  const { t } = useTranslation();
31	
32	  const [hasError, setHasError] = useState(false);
33	
34	  const currentLocale = getLocaleByNextLocale(locale);
35	  const { description: altText } = getMetaDataInfoBasedOnLocale(image?.metadata, currentLocale);
36	
37	  const imageFallback =
38	    !image?.public_id || hasError
39	      ? `url(/images/image-placeholder.svg) no-repeat center, ${twTheme.colors.neutral[400]}`
40	      : twTheme.colors.global.white;
41	  const translatedType = type && t(`contentCardPill${type}`, "");
42	
43	  const renderCardContent = () => (
44	    <div
45	      className={cn(
46	        "h-full w-[272px] sm:w-[304px]",
47	        { "border border-solid border-neutral-300": withStroke, "hover:shadow-sm": url },
48	        shadow === "light" ? "hover:shadow-global-white/30" : "hover:shadow-global-black/10",
49	      )}
50	    >
51	      <div
52	        className="relative h-[200px]"
53	        style={{
54	          background: imageFallback,
55	        }}
56	      >
57	        {image?.public_id && (
58	          <Image
59	            src={encodeURI(image?.public_id)}
60	            alt={altText || ""}
61	            objectFit="cover"
62	            objectPosition="center"
63	            layout="fill"
64	            onImageError={() => setHasError(true)}
65	            data-testid="content-card-image"
66	          />
67	        )}
68	      </div>
69	      <div className="p-24 w-full text-left break-words" role="group">
70	        {translatedType && (
71	          <span className="inline-block py-[6px] px-8 cx-overline text-global-black bg-neutral-200 rounded-[4px] mb-12 font-normal">
72	            {translatedType}
73	          </span>
74	        )}
75	        {title && (
76	          <strong
77	            className="w-full block cx-headline-500 text-global-black mb-12"
78	            data-testid="content-card-heading"
79	          >
80	            {title}
81	          </strong>
82	        )}
83	        {description && (
84	          <p className="cx-body-text text-neutral-700" data-testid="content-card-description">
85	            {description}
86	          </p>
87	        )}
88	        {children}
89	
90	        {/* Tags */}
91	        {tags && tags?.length > 0 ? (
92	          <div className="mt-12 flex flex-wrap gap-x-8 gap-y-12">
93	            {tags.map((tag, index) => (
94	              <span
95	                key={index}
96	                className="inline-block text-center py-[4px] px-8 cx-body-text-xsmall text-global-black bg-neutral-200 rounded-[4px]"
97	              >
98	                {tag.toUpperCase()}
99	              </span>
100	            ))}
101	          </div>
102	        ) : null}
103	      </div>
104	    </div>
105	  );
106	
107	  if (!title || (!description && !children)) return null;
108	
109	  return (
110	    <>
111	      {url ? (
112	        <CustomLink
113	          tabIndex={0}
114	          href={url}
115	          className="content-card block h-full w-fit bg-global-white cx-focus-outline"
116	          data-ga-select-content={linkContentType}
117	          data-testid="content-card-container"
118	        >
119	          {renderCardContent()}
120	        </CustomLink>
121	      ) : (
122	        <div
123	          aria-disabled
124	          role="link"
125	          tabIndex={0}
126	          className="content-card block h-full w-fit bg-global-white cx-focus-outline"
127	        >
128	          {renderCardContent()}
129	        </div>
130	      )}
131	    </>
132	  );
133	};
```



EXISTING CODE (brownfield fallback via Semble — identify the code path that handles this behavior, then specify how to fix it; do not propose new abstractions):
// src/components/Podcast/content.mock.ts (lines 15–15, relevance: 0.0143)
"Our most frequently asked question, answered! Service changes are coming to both GO Transit and UP Express as more customers return to transit. We dig into some of the increases in service.\nPlus, how Metrolinx is keeping would-be thrill seekers away from a Mississauga rail bridge and we answer some transit fan questions about staying up-to-date with the many Metrolinx transit projects on the go.\nNew episodes of #AMAwithAMA are now every other Thursday.\nStay tuned next Thursday for another episode of Between The Lines: A Metrolinx Podcast.\nIf you have a question you'd like Anne Marie to answer, send us an email: podcast@metrolinx.com\nHost:\nMatt Llewellyn (@mattrolinx)\nAnne Marie Aikins, Chief Spokesperson (@metrolinxspox)\n

---

// src/components/pages/ProjectNewsPage.tsx (lines 32–45, relevance: 0.0143)
<div className="mx-0 lg:mx-40 xl:mx-auto cx-container">
          <div className="col-span-full xl:col-start-2 xl:col-span-14 bg-global-white">
            <ProjectHubNavigation page={page} />
            <section className="mx-24 sm:mx-40 lg:mx-0 mt-24 sm:mt-40 cx-inner-container">
              <div className="lg:col-start-2 xl:col-start-2 lg:col-span-10 xl:col-span-12 lg:-mx-16 xl:mx-0 mb-56 lg:mb-64">
                <div className="mb-56 lg:mb-48 peer empty:m-0">
                  <ContentstackBreadcrumbs />
                </div>
                <h2 className="cx-headline-300 mb-24">{title}</h2>
                <InTheNews />
              </div>
            </section>
          </div>
        </div>

---

// src/components/contentstack/ContentstackAttention/content.mock.ts (lines 57–76, relevance: 0.0102)
,
      seo: {
        seo_title: "Welcome to Metrolinx",
        seo_meta_description:
          "Metrolinx, an agency of the Government of Ontario, works to get you where you need to go better, faster, easier.",
        seo_keywords: "transportation investment community ontario transit",
        canonical_url: "",
      },
      site_architecture: [
        {
          uid: "bltde0c737e571c0520",
          _content_type_uid: "site_architecture",
        },
      ],
      subtitle: "We’re undertaking the largest transportation investment in Ontario’s history",
      tags: [],
      title: "About Metrolinx",
      updated_at: "2022-04-16T10:01:14.854Z",
      updated_by: "blt8ab502e9e42526e5",
      url: "/about",

---

// src/components/pages/ProjectContactUsPage.tsx (lines 268–280, relevance: 0.0092)
<div className="mx-0 lg:mx-40 xl:mx-auto cx-container">
          <div className="col-span-full xl:col-start-2 xl:col-span-14 bg-global-white">
            <ProjectHubNavigation page={page} />
            <section
              ref={pageContainerRef}
              className="mx-24 sm:mx-40 lg:mx-0 mt-24 sm:mt-40 cx-inner-container"
            >
              <div className="mb-56 lg:mb-64 col-span-full lg:col-start-1 lg:col-span-9 bg-global-white">
                <div className="mb-56 sm:mb-48 lg:ml-[80px]">
                  <ContentstackBreadcrumbs />
                </div>

                {/* Heading, Subtitle */}

---

// src/components/pages/ProjectDetailsPage.tsx (lines 52–64, relevance: 0.0090)
<div className="bg-neutral-200">
      <div className="w-full relative">
        <ContentstackHeroBanner basePath="page.0.project_hub.0" />
      </div>

      <div className="relative z-10 lg:-mt-[128px] bg-global-white lg:bg-transparent">
        <div className="mx-0 lg:mx-40 xl:mx-auto cx-container">
          <div className="col-span-full xl:col-start-2 xl:col-span-14 bg-global-white">
            <ProjectHubNavigation page={page} />
            <section
              ref={pageContainerRef}
              className="mx-24 sm:mx-40 lg:mx-0 mt-24 sm:mt-40 cx-inner-container mb-56 lg:mb-64"
            >

---

// src/components/pages/EventPage/EventPage.tsx (lines 50–50, relevance: 0.0088)
<div className="mx-0 lg:mx-40 xl:mx-auto cx-container">

---

// src/components/pages/DocumentCenter/DocumentCenter.tsx (lines 174–181, relevance: 0.0088)
<div className="relative z-10 lg:-mt-[128px] bg-global-white lg:bg-transparent">
        <div className="mx-0 lg:mx-40 xl:mx-auto cx-container">
          <div className="col-span-full xl:col-start-2 xl:col-span-14 bg-global-white">
            <section className="mx-24 sm:mx-40 lg:-mx-16 xl:mx-0 mt-24 sm:mt-48 cx-inner-container">
              <div className="hidden sm:block mb-48 col-span-full lg:col-start-2 lg:col-span-10 xl:mx-0 xl:col-start-2 empty:hidden">
                <ContentstackBreadcrumbs />
              </div>
              <div className="col-span-full lg:col-start-2 lg:col-span-7 xl:col-start-2 xl:col-span-8 mb-16 lg:mb-0">

---

// src/constants/common.ts (lines 1–18, relevance: 0.0086)
export enum CrmLanguage {
  ENGLISH = "English",
  FRENCH = "French",
}

export enum Brand {
  MX = "mx",
  GO = "go",
  UP = "up",
}

export enum UserProfileFormId {
  ACCOUNT_INFORMATION = "account-information",
  ONBOARDING_ACCOUNT_INFORMATION = "onboarding:account-information",
  ONBOARDING_SUBSCRIPTIONS = "onboarding:subscriptions",
}

export const USER_PUT_SCHEMA_TYPES = [...Object.values(UserProfileFormId)];

---

// src/components/Podcast/content.mock.ts (lines 1–14, relevance: 0.0100)
import { IRichTextDocument } from "@metrolinx/cx-shared/build/src/interface/content/richText";
import { IPodcastRSSFeed } from "interface/podcast";

export const feedMock: IPodcastRSSFeed = {
  items: [
    {
      title:
        "Episode 18 - #AMAwithAMA - GO & UP service changes, rail safety and your transit questions answered",
      link: "https://anchor.fm/metrolinx/episodes/Episode-18---AMAwithAMA---GO--UP-service-changes--rail-safety-and-your-transit-questions-answered-e1infji",
      enclosure: {
        url: "https://anchor.fm/s/70d7989c/podcast/play/52198450/https%3A%2F%2Fd3ctxlq1ktw2nl.cloudfront.net%2Fstaging%2F2022-4-18%2F6caea51f-5fff-bffa-130d-6c11186624c4.mp3",
        length: "15848433",
      },
      contentSnippet:

---

// src/components/Header/TopBar/TopBar.tsx (lines 211–223, relevance: 0.0090)
const mapActions: IMapUserActions = {
    search: onSearchClick,
    signIn: handleSignIn,
  };

  const renderUtilityNavigation = () => (
    <ul
      className="col-start-1 col-span-4 lg:col-span-6 xl:col-start-2 xl:col-span-7 flex"
      data-testid="header-brand-nav"
    >
      {brandNavigationItems.map((content, index) => {
        const isActive = content?.brand_link?.href.startsWith(originDomain);
        return

---

// src/components/pages/ContactUsPage.tsx (lines 278–294, relevance: 0.0087)
<div
              className="mb-56 lg:mb-64 col-span-full lg:col-start-2 lg:col-span-7 lg:-mx-16 xl:mx-0 xl:col-start-2 xl:col-span-8 bg-global-white"
              data-testid="contact-us-form-container"
            >
              <RichText
                content={rich_text_complex}
                path="rich_text_component_complex"
                styleClasses={{ bodyColor: "text-global-black cx-link-text" }}
                wrapperClasses="w-full"
                testIdPrefix="contact-us-form-heading"
              />
              <form
                id={FormIds.CONTACT_US}
                onSubmit={handleSubmit}
                className="form grid grid-cols-2 gap-x-16 max-w-[545px]"
              >
                {/* dropdowns */}

---

// migration-scripts/global_fields/brand_ribbon/brand_ribbon.v1.ts (lines 1–17, relevance: 0.0084)
import { Schema } from "@contentstack/management/types/stack/contentType";
import { client } from "../../client";

export async function updateBrandRibbonV1() {
  const globalField = await client.fetchGlobalField("brand_ribbon");

  const promoItems = globalField.schema.find((field: Schema) => field.uid === "brands");
  const promoColor = promoItems.schema.find((field: Schema) => field.uid === "promo_color");

  promoColor.enum.choices = [
    { value: "#256C2F", key: "GO-GREEN" },
    { value: "#0076D3", key: "UP-BLUE" },
    { value: "#191919", key: "MX/PRESTO-BLACK" },
  ];

  await globalField.update();
}

## DOCUMENTATION CONTRADICTS THIS STORY — resolve before specifying
- https://www.contentstack.com/docs/headless-cms/custom-preview-urls#configure-custom-preview-urls
  CONTRADICTION: The story's original estimate splits effort as FE: 8, BE: 0, DAM: 0, implying all work is front-end code. The documentation indicates that custom preview URLs are configured in the Contentstack dashboard (vendor UI), which is neither FE code nor BE code — it is a configuration task in the vendor's console. This may mean the estimate does not account for the configuration step, or that the configuration is considered trivial and folded into FE. The team should confirm whether dashboard configuration is in scope and who performs it.

## REFERENCED DOCUMENTATION (quoted from sources linked on the ticket — authoritative over assumption)
- https://www.contentstack.com/docs/headless-cms/live-preview-implementation-for-nextjs-csr-app-router [vendor_documentation] — Vendor documentation for the exact capability being built (Live Preview in CMS). Posted by Chenowa George with context about understanding the gap to implement the feature. Directly relevant to the story's requirement to preview draft entries in CMS.
    "Live Preview is a feature that allows content authors to preview their content before publishing it."
    "The @contentstack/live-preview-utils-sdk package provides the Live Preview SDK for Next.js applications."
    "To enable Live Preview, you need to install the @contentstack/live-preview-utils-sdk package and configure it in your Next.js application."
    SCOPE CAVEAT: This guide targets Next.js CSR (Client-Side Rendering) with the App Router. The codeline uses Next.js App Router, so the architecture matches. However, verify whether the codeline uses CSR specifically, as a different rendering strategy (SSR/SSG) would require a different guide.
- https://www.contentstack.com/docs/headless-cms/custom-preview-urls#configure-custom-preview-urls [vendor_documentation] — Vendor documentation for configuring preview URLs, which is part of the Live Preview feature being built. Posted by V-EPAM-Ivan Mikhailov as an updated Contentstack docs link. Directly relevant to the story's requirement.
    "Custom Preview URLs allow you to configure the URL pattern for previewing content entries."
    "You can configure custom preview URLs from the Contentstack dashboard by navigating to your stack's settings."
    SCOPE CAVEAT: This guide describes configuration done in the Contentstack UI/dashboard, not in application code. This means part of the Live Preview setup is a configuration task in the vendor's own console, not purely a code change.


LOCATED FIX SITE(S) — traced in this repository before you were asked. Anchor every criterion to the behaviour THIS code produces:
- src/services/contentstack.ts :: options — This is the Contentstack SDK initialization config where live_preview settings must be injected. The Stack is created from these options (line 91), and all content queries (getEntry, getSingleEntry, ContentstackFactory) flow through this Stack instance. Contentstack's Live Preview feature requires adding a live_preview config block to the Stack initialization options, making this the primary attachment point for the new preview capability.


DECLARED FILES — the actual contents of the files this story names or the detective located. Base every observable criterion on what THIS code does, not on what the title suggests:
--- src/services/contentstack.ts (truncated)
import * as Utils from "@contentstack/utils";
import contentstack from "contentstack";
import { HttpStatusCode } from "@metrolinx/cx-shared/build/src/constants/common";
import { HttpError } from "@metrolinx/cx-shared/build/src/utils/common/HttpError";
import { ContentstackDebugLevel } from "constants/contentstack";
import { IInteractiveMapsConstructionNotice } from "interface/constructionNotice";
import { IContentstackContentType } from "interface/content/contentType";
import { IContentstackPage } from "interface/content/page";
import { isTestEnv } from "utils/envs";
import { InteractiveMapsContentType } from "../constants/constructionNotice";
import {
  ICommonContentstackConfig,
  IContentstackGetEntry,
  IContentstackGetInteractiveMapsStackEntry,
  IContentstackGetSingleEntry,
  IContentstackGetSingletonEntry,
  ICreateEntryConfig,
  ICreateQueryConfig,
} from "../interface/contentstack";
import { isContentstackApiError } from "../utils/isContentstackApiError";
import logger from "./logger";

const {
  API_KEY = "",
  DELIVERY_TOKEN = "",
  INTERACTIVE_MAPS_STACK_API_KEY = "",
  INTERACTIVE_MAPS_STACK_DELIVERY_TOKEN = "",
  INTERACTIVE_MAPS_STACK_ENVIRONMENT = "",
  INTERACTIVE_MAPS_STACK_BRANCH = "",
  ENVIRONMENT = "",
  CONTENTSTACK_API_HOST = "",
  CONTENTSTACK_BRANCH = "",
  CONTENTSTACK_FETCH_TIMEOUT = "",
  CONTENTSTACK_DEBUG = "",
  CONTENTSTACK_DEBUG_LEVEL = "error",
} = process?.env || {};

const filterDebugLevel = (item: string): item is ContentstackDebugLevel =>
  [ContentstackDebugLevel.INFO, ContentstackDebugLevel.ERROR].includes(
    item as ContentstackDebugLevel,
  );

const contentstackDebugLevel = CONTENTSTACK_DEBUG_LEVEL.split(",")
  .map((item) => item.trim())
  .filter(filterDebugLevel);

const QUERY_RESPONSE_LIMIT = 100;

if (!isTestEnv()) {
  if (!API_KEY) {
    logger.error("Contentstack API key not provided");
  }

  if (!DELIVERY_TOKEN) {
    logger.error("Contentstack delivery token not provided");
  }

  if (!ENVIRONMENT) {
    logger.error("Contentstack environment not provided");
  }

  if (!CONTENTSTACK_BRANCH) {
    logger.error("Contentstack branch not provided");
  }

  if (!API_KEY || !DELIVERY_TOKEN || !ENVIRONMENT || !CONTENTSTACK_BRANCH) {
    throw new Error("Missing required environment variables");
  }
}

export const options: contentstack.Config = {
  api_key: API_KEY,
  delivery_token: DELIVERY_TOKEN,
  environment: ENVIRONMENT,
  branch: CONTENTSTACK_BRANCH,
  fetchOptions: {
    debug: CONTENTSTACK_DEBUG === "true",
    logHandler: (level, data) => {
      const logLevel = level as ContentstackDebugLevel;

      if (contentstackDebugLevel.includes(logLevel)) {
        console[logLevel]("Contentstack SDK:", level, data);
      }
    },
    // https://www.contentstack.com/docs/developers/apis/content-delivery-api#errors
    retryCondition: (error) => [408, 429, 504].includes(error.status),
    ...(CONTENTSTACK_FETCH_TIMEOUT ? { timeout: Number(CONTENTSTACK_FETCH_TIMEOUT) } : {}),
  },
};

export const Stack = contentstack.Stack(options);

if (CONTENTSTACK_API_HOST) {
  Stack.setHost(CONTENTSTACK_API_HOST);
}

const renderOption = {
  span: (node: { children: any }, next: (arg0: any) => any) => next(node.children),
};

export const excludedFields = [
  "created_at",
  "created_by",
  "updated_at",
  "updated_by",
  "publish_details.user",
];

class ContentstackFactory {
  private stack: contentstack.Stack;

  constructor({ stack }: { stack: contentstack.Stack }) {
    this.stack = stack;
  }

  private setCommonConfig({
    query,
    ...config
  }: ICommonContentstackConfig & {
    query: contentstack.Query | contentstack.Entry;
  }) {
    const { referenceFieldPath, cachePolicy, only, except } = config;

    if (referenceFieldPath) {
      query.includeReference(referenceFieldPath);
    }

    if (cachePolicy) {
      query.setCachePolicy(cachePolicy);
    }

    if (!Array.isArray(except) && !Array.isArray(only)) {
      query.except(excludedFields);
    }

    if (only) {
     


BROWNFIELD MODE — answer as JSON.
You MAY use read_file on any path named in this prompt (declared files, located fix sites, and any
document persisted under the run's docs/ directory) when you need more than the excerpt shown.
Looking is allowed; inventing is not — a file you have neither been shown nor read is a fabrication.

STEP 1 — CLASSIFY THIS STORY. Set "storyKind":
- "defect" if it reports that EXISTING behavior is wrong, broken, or produces an incorrect/missing result (a bug).
- "novel" if it asks for a NEW capability that does not exist in the codebase yet. A brownfield story is not always a bug — genuinely new work is "novel".

STEP 2 — LOCATE (always, for both kinds — but the question differs).
Use ONLY the EXISTING CODE block already present in this prompt (injected above via CodeGraph or Semble).

- If storyKind is "defect": find the FIX SITE — the file/function that COMPUTES the wrong value, not the one that displays it.
- If storyKind is "novel": there is no fix site, and inventing one produces a confident wrong answer. Find the ATTACHMENT POINT instead — the existing file/function this new capability plugs INTO (the provider, hook, route, config or component it must integrate with), plus anything already present that the implementation should REUSE rather than rewrite. This is what keeps the change as small as possible: you cannot reuse what you have not found.

Set "locationHint" to [{"file":"<repo-relative path>","function":"<function name>","reason":"<why this location — the fix site for a defect, the attachment point for a novel story>"}].
If no relevant code appears above, set locationHint to []. Do NOT invent a plausible file: a named file whose contents you cannot see in this prompt is a fabrication, and an empty locationHint is a usable answer while a fabricated one is not.

For EACH criterion also declare WHO observes it (end user, tester, api client, operator) and
WHAT SURFACE they look at — the rendered page, the API response, the CLI output, a generated
file. If no person or client can see it, it is not a verification criterion. A precondition
the test establishes (for example a mocked client signalling a change) goes in "setup": that
is allowed and is not implementation prescription.

STEP 3 — VERIFICATION CRITERIA.
PRODUCE a "verificationCriteriaDetail" array — concrete, OBSERVABLE checks that confirm the change is correct — derived from the description AND the REFERENCED DOCUMENTATION quoted above (authoritative: where a linked document states what the system does observably, derive the check from THAT rather than from a one-line description). Apply these rules to EVERY verification criterion (a strict reviewer holds you to this SAME text, so a VC that breaks any rule will be flagged and rejected):
A verification criterion states WHAT AN END USER OR TESTER OBSERVES on the user-facing surface THE TICKET IS ABOUT — the rendered output for an output ticket, the displayed screen for a UI ticket, the response a CLIENT receives for an API ticket. It is a BLACK-BOX check on that surface. It NEVER describes HOW the value is produced.
A verification criterion is FORBIDDEN if it:
- prescribes HOW to implement — any algorithm, mechanism, approach, or the addition/reading of any new field, flag or service;
- references an INTERNAL structure that merely FEEDS the ticket's surface — an intermediate payload, a data-transfer object, or a specific response field used to BUILD the output. Verify the surface the ticket names, NOT the data structure behind it;
- makes a CROSS-COMPARISON that presumes a mechanism — never assert one value "must equal" / "matches" / "is the same as" another; that presumes a shared derivation. Assert the required value is present and correct ON ITS OWN.
Every verification criterion must be observable, testable, and tied to the ticket's stated symptom/intent.

EXAMPLES OF FORM (the angle-bracket words are placeholders — fill them from THIS story; never copy them literally):

REJECTED: "the <config object> passed to <the client> includes a <key> entry"
  — asserts INTERNAL STRUCTURE. A tester cannot see a config object.
ACCEPTED: "when <the request> carries <the marker>, <the surface> shows <the draft state> instead of <the published state>"

REJECTED: "when <internal function> is called with <argument>, the resulting <query> includes <field>"
  — asserts an INTERNAL CALL PATH. Verify the surface the ticket is about, not the path behind it.
ACCEPTED: "<the surface> shows <the value> that <the source of truth> currently holds"

REJECTED: "an author edits <entity> in <the external tool> and <the surface> updates"
  — begins OUTSIDE THE BOUNDARY this suite can drive. Nothing here can operate that tool.
ACCEPTED: "given <the client> is mocked to signal <the change>, <the surface> re-renders without a reload"

REJECTED: "<the value> matches what <the other place> shows"
  — a CROSS-COMPARISON presumes a shared derivation. Assert the required value on its own.
ACCEPTED: "<the surface> shows <the expected value> for <the stated condition>"

REJECTED: "<the feature> works correctly with no regression"
  — verifies nothing and cannot fail.
ACCEPTED: "when <the feature> is inactive, <the surface> shows <the prior behaviour> unchanged"

- If the ticket describes a SYMPTOM, the VCs verify that symptom is resolved AND that related existing behavior does not regress.
Set "vcSource" to one of "description", "documentation", "both" — where you actually derived the VCs from.

UNREACHABLE EXTERNAL SERVICE — write criteria to the boundary, not past it.
This project cannot reach the following hosts at test time: contentstack.io, contentstack.com, api.contentstack.io, cdn.contentstack.io.
There are no credentials for them and no local substitute, so any criterion that
asserts their real behaviour is unprovable and will fail verification no matter
how correct the code is.

Write criteria that stop at OUR side of that boundary and are therefore provable:
what request our code makes, with what parameters, under what conditions; how it
handles the responses and failures those services can return; what it renders or
returns given a known response. State the assumption explicitly, e.g. "given the
<service> client is mocked, ...", so a reader knows the claim's limits.

SCOPE — this applies ONLY to the hosts listed above. Every other integration
keeps its real coverage: internal APIs, this codeline's own services, databases,
and anything else reachable are exercised for real exactly as normal. Do NOT mock
a dependency merely because mocking it would be more convenient. Removing
coverage from something we CAN test trades a real defect for a green tick, which
is the opposite of why this constraint exists.

Generate refined acceptance criteria and optionally updated title/description. Output raw JSON only (no XML tags, no markdown fences, no preamble) using this schema:
{
  "storyId":"AMSD-2041",
  "agent":"openspec",
  "notes":"context",
  "acceptanceCriteria":["..."],
  "description":"...",
  "title":"...",
  "storyKind":"defect|novel",
  "verificationCriteriaDetail":[{"criterion":"<observable check>","observer":"end user|tester|api client|operator","surface":"<what they look at>","setup":"<optional precondition, e.g. a mocked client signalling a change>"}],
  "vcSource":"description|documentation|both",
  "locationHint":[{"file":"path/relative/to/repo","function":"functionName","reason":"why this location — the fix site for a defect, the attachment point it integrates with for a novel story"}]
}
Use existing text when no change is needed.

Story context:
{
  "id": "AMSD-2041",
  "title": "[GO, UP, MX] Live Preview of Content in CMS",
  "description": "Original Requirements (discovery)  AS a Content Author, I WANT to preview draft entries in CMS, SO THAT I can see how content will be shown on the website\nability to preview draft entries in CMS\nNotes& Assumptions  Limitation: Might not be possible to preview protected pages and content.\nOriginal Total Estimate:  8  Original FE Estimate:  8  Original DAM Estimate:  0  Original BE Estimate:  0",
  "acceptanceCriteria": [],
  "acCount": 0,
  "agentRole": "typescript-engineer",
  "agentGroup": "main",
  "dependencies": [],
  "splitDepth": 0
}


# Output
```json
{
  "storyId": "AMSD-2041",
  "agent": "openspec",
  "notes": "This is a novel feature — the codebase has zero live_preview/livePreview references. The Contentstack SDK initialization in src/services/contentstack.ts (the `options` object fed to `contentstack.Stack()`) is the primary attachment point: the vendor docs require a live_preview config block on Stack initialization. The app entry point src/pages/_app.tsx is where the Live Preview SDK init call would be wired. The ContentstackContext/useContent hook is the data flow that must be updated when draft content changes arrive. Note: the project uses Next.js Pages Router (src/pages/_app.tsx), not App Router, so the vendor's App Router guide must be adapted. Part of the setup (custom preview URL configuration in the Contentstack dashboard) is a vendor-console task, not code — it is a prerequisite but not verifiable in this suite.",
  "acceptanceCriteria": [
    "Content authors can preview draft entries in the CMS and see how content will appear on the website",
    "Live Preview works for GO, UP, and MX brands",
    "Protected pages and content may be excluded from live preview (acknowledged limitation)"
  ],
  "description": "Original Requirements (discovery)  AS a Content Author, I WANT to preview draft entries in CMS, SO THAT I can see how content will be shown on the website\nability to preview draft entries in CMS\nNotes& Assumptions  Limitation: Might not be possible to preview protected pages and content.\nOriginal Total Estimate:  8  Original FE Estimate:  8  Original DAM Estimate:  0  Original BE Estimate:  0",
  "title": "[GO, UP, MX] Live Preview of Content in CMS",
  "storyKind": "novel",
  "verificationCriteriaDetail": [
    {
      "criterion": "Given the Contentstack client is mocked to return draft entry data (signaling a live preview session), the rendered page displays the draft content values — not the previously published values — for the entry being edited",
      "observer": "tester",
      "surface": "rendered page in the CMS preview iframe or window",
      "setup": "Contentstack client is mocked to respond with draft content payload including a live preview signal"
    },
    {
      "criterion": "Given the Contentstack client is mocked to emit an update for a specific content field during a live preview session, the page re-renders to show the updated field value without requiring a full page reload",
      "observer": "tester",
      "surface": "rendered page in the CMS preview iframe or window",
      "setup": "Contentstack client is mocked to first return initial draft content, then emit a changed value for a specific field"
    },
    {
      "criterion": "When no live preview signal is present (standard page load), the rendered page shows published content identically to the current behavior — no visual or functional regression",
      "observer": "end user",
      "surface": "rendered public-facing page",
      "setup": "Standard page load with no live preview query parameters or headers"
    },
    {
      "criterion": "The application loads without JavaScript runtime errors when the live preview SDK is initialized on the page",
      "observer": "tester",
      "surface": "browser console and rendered page",
      "setup": "Application is loaded with live preview configuration present (preview token, etc.)"
    },
    {
      "criterion": "When the live preview feature is not configured (no preview token or host), the application renders published content with no errors and no change from current behavior",
      "observer": "end user",
      "surface": "rendered public-facing page and browser console",
      "setup": "Application is loaded without live preview environment variables"
    },
    {
      "criterion": "Given the Contentstack client is mocked to return draft content for a GO-branded page, the rendered page displays the draft content with GO brand styling applied",
      "observer": "tester",
      "surface": "rendered page in the CMS preview iframe or window",
      "setup": "Contentstack client is mocked to return draft content for a GO-branded content entry"
    },
    {
      "criterion": "Given the Contentstack client is mocked to return draft content for a UP-branded page, the rendered page displays the draft content with UP brand styling applied",
      "observer": "tester",
      "surface": "rendered page in the CMS preview iframe or window",
      "setup": "Contentstack client is mocked to return draft content for a UP-branded content entry"
    },
    {
      "criterion": "Given the Contentstack client is mocked to return draft content for an MX-branded page, the rendered page displays the draft content with MX brand styling applied",
      "observer": "tester",
      "surface": "rendered page in the CMS preview iframe or window",
      "setup": "Contentstack client is mocked to return draft content for an MX-branded content entry"
    }
  ],
  "vcSource": "both",
  "locationHint": [
    {
      "file": "src/services/contentstack.ts",
      "function": "options",
      "reason": "Primary attachment point — the Contentstack SDK Stack initialization config where live_preview settings must be added per vendor docs. All content queries flow through this Stack instance."
    },
    {
      "file": "src/pages/_app.tsx",
      "function": "MyApp",
      "reason": "App entry point where the Live Preview SDK initialization (ContentstackLivePreview.init) must be wired, per the vendor's Next.js implementation guide. This is where the live preview listener connects to the app's render cycle."
    },
    {
      "file": "src/hooks/useContent.ts",
      "function": "useContent",
      "reason": "Content consumption hook that reads from ContentstackContext. Live preview updates must flow through this context to re-render components showing draft content. Reuse this rather than creating a parallel data path."
    }
  ]
}
```
