[0;32m[SUCCESS][0m Prerequisites check passed
[0;34m[2026-07-31 12:04:15][0m ======================================
[0;34m[2026-07-31 12:04:15][0m EPAM CLI Orchestration Loop Starting
[0;34m[2026-07-31 12:04:15][0m Stories to implement: MOCK-HW-1
[0;34m[2026-07-31 12:04:15][0m ======================================

Project: skyscanner-app
Description: A full TypeScript mini-app that searches flights via the Skyscanner RapidAPI, exposes a REST API with /search and /cheapest endpoints, a CLI tool, and an HTML dashboard — built entirely by autonomous multi-agent orchestration
Tech Stack: language: TypeScript, runtime: Node.js 20, framework: Express, testing: vitest, devEnvironment: Ubuntu WSL2



[0;34m[2026-07-31 12:04:15][0m --------------------------------------
[0;32m+ No dependencies for MOCK-HW-1[0m
[0;34m[2026-07-31 12:04:15][0m Implementing story: MOCK-HW-1 - Hello world greeting should say hello dolly
[0;34m[2026-07-31 12:04:15][0m   Effort[low] -> turns=unlimited maxIter=6 maxOutTok=3072
[0;34m[2026-07-31 12:04:15][0m   BrownfieldEffortFloor: reasoning-model headroom -> maxIter=12 maxOutTok=24576 (think + write must fit one response)
[0;34m[2026-07-31 12:04:15][0m   Effort[final] -> maxIter=12 maxOutTok=24576
[0;34m[2026-07-31 12:04:15][0m   Provider[minimax] -> CLI=epam
[0;34m[2026-07-31 12:04:15][0m   Model[prd.json] -> MiniMax-M2.5 (overrides effort default)
[0;34m[2026-07-31 12:04:15][0m   BrownfieldEffortFloor(reasoning): low -> medium (story-point-derived LOW is not enough for a brownfield fix)
[0;34m[2026-07-31 12:04:15][0m   ReasoningEffort[prd.json] -> medium
[0;34m[2026-07-31 12:04:15][0m Invoking epam (attempt 1/8)...
[0;34m[2026-07-31 12:04:40][0m   Cost[MOCK-HW-1] model=MiniMax-M2.5 in=13954 out=1834 cost=$0.0037 elapsed=.40min status=attempt
[0;32m[SUCCESS][0m Verified 3 declared deliverable(s) for MOCK-HW-1
[0;32m[SUCCESS][0m   [tsc-verify] MOCK-HW-1: tsc --noEmit passed
[0;32m[SUCCESS][0m epam completed implementation for MOCK-HW-1
[0;34m[2026-07-31 12:04:40][0m   Cost[MOCK-HW-1] model=MiniMax-M2.5 in=13954 out=1834 cost=$0.0037 elapsed=.41min status=completed
[0;32m[SUCCESS][0m Story MOCK-HW-1 marked as completed
[0;34m[2026-07-31 12:04:40][0m   [post-story] Generating dependency contract for MOCK-HW-1...
[0;34m[2026-07-31 12:04:40][0m   [post-story] Contract generation complete for MOCK-HW-1
[0;34m[2026-07-31 12:04:40][0m   [post-story] Committing completed work for MOCK-HW-1...
[0;34m[2026-07-31 12:04:40][0m   Committed 1 file(s) for MOCK-HW-1
[0;34m[2026-07-31 12:04:40][0m   [post-story] Commit step complete for MOCK-HW-1
[0;32m[SUCCESS][0m   [tsc-gate] MOCK-HW-1: tsc --noEmit passed
[0;34m[2026-07-31 12:04:41][0m   [split-gate] No unvalidated mid-execution splits for phase 'core'
[0;34m[2026-07-31 12:04:41][0m ======================================
[0;34m[2026-07-31 12:04:41][0m EPAM CLI Orchestration Loop Complete
[0;34m[2026-07-31 12:04:41][0m Implemented: 1, Failed: 0, Skipped: 0
[0;34m[2026-07-31 12:04:41][0m ======================================
