# Prompt
You are the openspec specification agent for EPAM CLI. Phase core, story MOCK-HW-1.
EXISTING CODE (brownfield fallback via Semble — identify the code path that handles this behavior, then specify how to fix it; do not propose new abstractions):
// src/hello.ts (lines 1–3, relevance: 0.0226)
export function getGreeting(): string {
  return 'hello dolly';
}

---

// .codegraph/.gitignore (lines 1–5, relevance: 0.0095)
# CodeGraph data files — local to each machine, not for committing.
# Ignore everything in .codegraph/ except this file itself, so transient
# files (the database, daemon.pid, sockets, logs) never show up in git.
*
!.gitignore

---

// src/hello.test.ts (lines 1–20, relevance: 0.0069)
import { describe, it, expect } from 'vitest';
import { getGreeting } from './hello';

describe('getGreeting', () => {
  it('returns hello dolly', () => {
    expect(getGreeting()).toBe('hello dolly');
  });

  it('does not return hello world', () => {
    expect(getGreeting()).not.toBe('hello world');
    expect(getGreeting()).not.toContain('hello world');
  });

  it('output consists solely of hello dolly with no additional or missing words', () => {
    const result = getGreeting();
    expect(result).toBe('hello dolly');
    expect(result.trim()).toBe('hello dolly');
    expect(result.split(' ')).toEqual(['hello', 'dolly']);
  });
});


BROWNFIELD MODE — output JSON only, no tools, no search.

STEP 1 — CLASSIFY THIS STORY. Set "storyKind":
- "defect" if it reports that EXISTING behavior is wrong, broken, or produces an incorrect/missing result (a bug).
- "novel" if it asks for a NEW capability that does not exist in the codebase yet. A brownfield story is not always a bug — genuinely new work is "novel".

STEP 2 — LOCATE (always, for both kinds — but the question differs).
Use ONLY the EXISTING CODE block already present in this prompt (injected above via CodeGraph or Semble).

- If storyKind is "defect": find the FIX SITE — the file/function that COMPUTES the wrong value, not the one that displays it.
- If storyKind is "novel": there is no fix site, and inventing one produces a confident wrong answer. Find the ATTACHMENT POINT instead — the existing file/function this new capability plugs INTO (the provider, hook, route, config or component it must integrate with), plus anything already present that the implementation should REUSE rather than rewrite. This is what keeps the change as small as possible: you cannot reuse what you have not found.

Set "locationHint" to [{"file":"<repo-relative path>","function":"<function name>","reason":"<why this location — the fix site for a defect, the attachment point for a novel story>"}].
If no relevant code appears above, set locationHint to []. Do NOT invent a plausible file: a named file whose contents you cannot see in this prompt is a fabrication, and an empty locationHint is a usable answer while a fabricated one is not.

STEP 3 — VERIFICATION CRITERIA (do NOT touch the acceptance criteria).
The acceptanceCriteria are the IMMUTABLE ticket intent — copy the existing array through VERBATIM: never reword, split, add, remove, re-scope, or inject any implementation mechanism into them.
Instead, PRODUCE a "verificationCriteria" array — concrete, OBSERVABLE checks that confirm the change is correct — derived from the acceptance criteria AND the description (lean on the description when the ACs are sparse or missing). Apply these rules to EVERY verification criterion (a strict reviewer holds you to this SAME text, so a VC that breaks any rule will be flagged and rejected):
A verification criterion states WHAT AN END USER OR TESTER OBSERVES on the user-facing surface THE TICKET IS ABOUT — the rendered email for an email ticket, the displayed screen/UI for a UI ticket, the API response a CLIENT receives for an API ticket. It is a BLACK-BOX check on that surface. It NEVER describes HOW the value is produced.
A verification criterion is FORBIDDEN if it:
- prescribes HOW to implement — any algorithm, mechanism, or approach: "split", "halve", "×0.5", "calculate independently", "per segment", "for each line item", or adding/reading any new field, flag, or service;
- references an INTERNAL structure that merely FEEDS the ticket's surface — an intermediate payload, a "confirmation data"/DTO object, or a specific response field used to BUILD the output. Verify the surface the ticket names, NOT the data structure behind it;
- makes a CROSS-COMPARISON that presumes a mechanism — never assert one value "must equal" / "matches" / "is the same as" another (e.g. "the return amount equals the outbound amount"); that presumes a copy/split. Assert the required value is present and correct ON ITS OWN.
Every verification criterion must be observable, testable, and tied to the ticket's stated symptom/intent.
- If the ticket describes a SYMPTOM, the VCs verify that symptom is resolved AND that related existing behavior does not regress.
Set "vcSource" to "acceptance", "description", or "both" — where you derived the VCs from (use "description" when the ACs were too sparse to derive from).

Generate refined acceptance criteria and optionally updated title/description. Output raw JSON only (no XML tags, no markdown fences, no preamble) using this schema:
{
  "storyId":"MOCK-HW-1",
  "agent":"openspec",
  "notes":"context",
  "acceptanceCriteria":["..."],
  "description":"...",
  "title":"...",
  "storyKind":"defect|novel",
  "verificationCriteria":["<observable check a tester can confirm>"],
  "vcSource":"acceptance|description|both",
  "locationHint":[{"file":"path/relative/to/repo","function":"functionName","reason":"why this location — the fix site for a defect, the attachment point it integrates with for a novel story"}]
}
Use existing text when no change is needed.

Story context:
{
  "id": "MOCK-HW-1",
  "title": "Hello world greeting should say hello dolly",
  "description": "Hello world greeting should say hello dolly",
  "acceptanceCriteria": [],
  "acCount": 0,
  "technicalNotes": {
    "files": [
      "src/hello.ts",
      ".codegraph/.gitignore",
      "src/hello.test.ts"
    ]
  },
  "agentRole": "typescript-engineer",
  "agentGroup": "main",
  "dependencies": [],
  "splitDepth": 0
}

## Published contracts from codelines that already ran
The following is the exported surface of work already completed elsewhere for this story.

### vendor-vitest
# Contract: vendor:vitest

Auto-generated from actual source (deterministic — not model-transcribed).

```typescript
export interface Disposable {// @ts-ignore -- Symbol.dispose might not be in user types
  [Symbol.dispose]: () => void}
```


THE CAUSE MAY NOT BE IN THIS REPOSITORY. When a value arrives here already wrong,
the defect is upstream and the fix belongs there — a defensive check at this
boundary hides it and will pass every test you can write here. If what you see
contradicts a contract above, say so and name the other codeline rather than
prescribing a local workaround. There is always SOME line in this repository that
consumes the wrong value; naming it is not the same as finding the cause.


# Output
{"storyId":"MOCK-HW-1","agent":"openspec","notes":"The existing code in src/hello.ts already returns 'hello dolly', which matches the story intent. The story is framed as a defect (greeting should say hello dolly, implying it currently says hello world), but the fix site already produces the correct value. No code change appears necessary; the defect may have already been resolved or may be upstream.","acceptanceCriteria":[],"description":"Hello world greeting should say hello dolly","title":"Hello world greeting should say hello dolly","storyKind":"defect","verificationCriteria":["The greeting returned by the hello greeting function is exactly 'hello dolly'","The greeting does not contain the phrase 'hello world'","The greeting output consists solely of the words 'hello' and 'dolly' with no additional or missing words"],"vcSource":"description","locationHint":[{"file":"src/hello.ts","function":"getGreeting","reason":"Fix site — this function computes and returns the greeting string. It already returns 'hello dolly', which satisfies the story intent; if the defect still reproduces, the wrong value originates upstream of this function."}]}
