[0;35m[CPA][0m Retrieval: TF-IDF
[0;36m[17:54:11][0m Loading stories from gotransit-prd.json...
[0;36m[17:54:11][0m Found 1 stories to contextualize

[0;35m[CPA][0m Processing AMSD-2041...
[0;35m[CPA][0m   AMSD-2041: formula baseline from calibration[medium:implementation:cli](n=9): 2.808398113839453min $0.54208529935815
[1mAMSD-2041[0m  [GO, UP, MX] Live Preview of Content in CMS  [1;33m[REVIEW][0m
  Machine time:              2.81 min  →      3.48 min  (conf: 0.72, adj: 1.30x)
  Cost (story):          $0.5421     →  $0.6684   
  Escalation:            +$0.8168      (r2@35%=+$0.6445 r3@15%=+$0.0986 k3@3.0%=+$0.0737)
  Self-heal:             +$0.0463      (p=30%)
  Retries (exp):          0.81  
  Total (est):           $2.1255         (story+esc+heal=$1.5315 × pipeline 1.39x)
  KB coverage:           5     chunks retrieved   1     cited   cov: 20%
  [1;33m⚠[0m  ContentstackQuote.tsx missing in GO and UP codelines — path adjustment or file creation needed
  [1;33m⚠[0m  .env.local.sample missing in UP codeline — must be created for env var documentation
  [1;33m⚠[0m  onEntryChange signature mismatch: story says no args, fix site prescribes entry-data merge wiring
  [1;33m⚠[0m  .ts/.tsx shadowing risk in UP codeline (ContentstackContext.ts vs .tsx) per KB-023
  [1;33m⚠[0m  Fix sites prescribed only for gotransit — UP and MX codelines require adapted file paths and extensions

[0;36m=== CPA Gate Summary ===[0m

Phase                    Pass   Review    Block    Total
------------------------------------------------------
core                        0        1        0        1
------------------------------------------------------
[1mTOTAL                       0        1        0        1[0m

[1;33m[CPA WARN][0m 1 story/stories in REVIEW gate — check risk flags

[0;36m[17:55:20][0m Appended 1 CPA records to /home/bradleyjerome/projects/ai/epam-cli/orchestrations/logs/cpa-review.jsonl
[0;36m[17:55:20][0m Applying blended estimates to prd.json...
[0;32m[CPA OK][0m Backed up prd.json → gotransit-prd.json.before-cpa
[0;32m[CPA OK][0m Applied CPA blended estimates to 1 stories

  Review:   git diff /home/bradleyjerome/projects/ai/epam-cli/orchestrations/projects/metrolinx/runs/20260813T175322Z/work/gotransit-prd.json
  Restore:  cp /home/bradleyjerome/projects/ai/epam-cli/orchestrations/projects/metrolinx/runs/20260813T175322Z/work/gotransit-prd.json.before-cpa /home/bradleyjerome/projects/ai/epam-cli/orchestrations/projects/metrolinx/runs/20260813T175322Z/work/gotransit-prd.json

