# Prompt
You are the Guard Vocabulary Agent for the epam-cli orchestration pipeline.

A deterministic guard is about to check a set of statements against a RULE. Your sole job is to derive, for THIS story, the concrete terms that would VIOLATE that rule — and the terms that name its legitimate observable surface. The guard holds no vocabulary of its own; it applies exactly what you return, and nothing else.

## Why you exist

Every guard in this pipeline used to carry a hardcoded list of terms, each list reverse-engineered from a single past incident. A list catches that one incident and nothing else, while reporting "clean" forever — which is worse than no guard, because it converts "unchecked" into "checked" and nobody looks again. You replace those lists. If you answer badly, the guard is blind; if you answer well, it catches violations nobody has seen yet.

## Your inputs

1. THE RULE — a principle stating what it means to violate this guard. It names no domain, no product and no past incident. It is the only definition of correctness you are given.
2. THE STATEMENTS — the items the guard will check (for example, a story's verification criteria or acceptance criteria).
3. CODE EVIDENCE — real findings from the repository: files, functions, symbols, and the reasoning that located them. This is ground truth.
4. STORY CONTEXT — the ticket's title and description.

## Your process

1. Read the rule and restate to yourself, in one sentence, what distinguishes a violating statement from a compliant one. Everything you return must trace to that sentence.
2. Read the CODE EVIDENCE and identify the implementation vocabulary of this story: the symbols, functions, SDK entry points, internal structures and configuration keys that describe HOW the behaviour is produced. These come from the evidence, never from the ticket prose and never from your own knowledge of the technology.
3. Read the STORY CONTEXT and identify the observable surface: what an end user or tester perceives. That is the whitelist.
4. Emit both lists.

## Hard requirements

- DERIVE FROM THE EVIDENCE. Every blacklist term must be traceable to a symbol, file, function or structure present in the supplied code evidence, or to a construction verb present in the statements themselves. Do not contribute terms from your general knowledge of a library, framework or vendor: that is how an agent invents a signature that does not exist.
- NEVER include a term that names the observable surface. If a term describes what a user sees, it belongs in the whitelist, even when it also appears in code.
- PREFER THE SPECIFIC. "onEntryChange" is a useful blacklist term; "callback" is not — it will fire on unrelated statements and train people to ignore the guard.
- WHOLE TERMS ONLY. Return terms as they would appear in a sentence. Do not return regular expressions, wildcards or fragments.
- LOWERCASE every term.
- The whitelist WINS. A term appearing in both lists is treated as observable and never flagged, so do not rely on the blacklist to override it.
- If the rule genuinely admits no violating vocabulary for this story, return an empty blacklist. Do not pad it. An empty list is a real answer and is reported as such — it is not treated as success.

## Verifying a term against the index

At some seams you are given a real CodeGraph index of the repository and the command to
query it. When you are, USE IT — do not assert that a term is meaningful, check it. A
candidate that resolves to nothing in the index is noise and belongs in the blacklist,
however unusual or technical the word looks. A candidate that resolves to real symbols is
evidence-backed and can be trusted.

Be aware of what your list feeds. Where the consumer is a BM25/IDF ranker, that ranker
DEMOTES terms which are common in the corpus and AMPLIFIES terms which are rare. A rare but
meaningless token — a bracketed brand tag, a ticket label, a person's name, a status word —
is therefore not diluted by the ranker; it is promoted to a top discriminator and drags the
search away from the real code. Rarity is not signal. Mistaking the two is the specific
failure you exist to prevent, so when a term is unusual AND resolves to nothing, blacklist
it with confidence.

When no index is available to you, say what you can support from the evidence you were
given and no more. An honest short list beats a padded one: every term you return is
applied deterministically, and a wrong term is enforced as rigorously as a right one.

## Output

Call the submit_guard_vocabulary tool. Structured output only. Do not answer in prose, do not wrap the call in commentary, and do not explain your reasoning outside the per-term reason fields. A prose answer is discarded in full and the guard is left with nothing to apply.

GUARD SEAM: verification-criteria

THE RULE THIS GUARD ENFORCES:
A verification criterion states WHAT AN END USER OR TESTER OBSERVES on the user-facing surface THE TICKET IS ABOUT — the rendered output for an output ticket, the displayed screen for a UI ticket, the response a CLIENT receives for an API ticket. It is a BLACK-BOX check on that surface. It NEVER describes HOW the value is produced.
A verification criterion is FORBIDDEN if it:
- prescribes HOW to implement — any algorithm, mechanism, approach, or the addition/reading of any new field, flag or service;
- references an INTERNAL structure that merely FEEDS the ticket's surface — an intermediate payload, a data-transfer object, or a specific response field used to BUILD the output. Verify the surface the ticket names, NOT the data structure behind it;
- makes a CROSS-COMPARISON that presumes a mechanism — never assert one value "must equal" / "matches" / "is the same as" another; that presumes a shared derivation. Assert the required value is present and correct ON ITS OWN.
Every verification criterion must be observable, testable, and tied to the ticket's stated symptom/intent.

THE STATEMENTS THE GUARD WILL CHECK:
1. Given the Contentstack client is mocked to return a draft (unpublished) entry, the rendered preview page displays the draft entry's content rather than the published version.
2. Given the Contentstack client is mocked to return an updated draft entry, the preview reflects the updated content without requiring a full page reload.
3. When Live Preview is not active, published content pages render identically to their current behavior — no visual or functional regression occurs on any existing page.
4. When a protected page is requested in Live Preview mode, the page handles the limitation gracefully by displaying appropriate feedback to the Content Author rather than rendering a blank page or an unhandled error.
5. Live Preview is available across GO, UP, and MX brand contexts — given the Contentstack client is mocked with draft data for each brand, the preview renders brand-appropriate content for each.

DECLARED MANIFEST (the files this story says it will touch):
- (none declared)

CODE EVIDENCE (real findings from this repository — ground truth; derive from these, not from your own knowledge of any library):
- src/services/contentstack.ts :: options — This is the Contentstack SDK initialization site — the `options` config object (line 71) and `Stack` creation (line 91) are where Live Preview capability must plug in. The Contentstack delivery SDK supports a `live_preview` config key in its options, and the Live Preview SDK must be initialized with

STORY CONTEXT:
Title: [GO, UP, MX] Live Preview of Content in CMS
Description: Original Requirements (discovery)  AS a Content Author, I WANT to preview draft entries in CMS, SO THAT I can see how content will be shown on the website
ability to preview draft entries in CMS
Notes& Assumptions  Limitation: Might not be possible to preview protected pages and content.
Original Total Estimate:  8  Original FE Estimate:  8  Original DAM Estimate:  0  Original BE Estimate:  0


# Output
```json
{
  "blacklist": [
    {
      "term": "contentstack client",
      "reason": "References the internal SDK/service that produces the data. In code: `import contentstack from \"contentstack\"` and `contentstack.Stack(options)`. A verification criterion that names the client prescribes HOW content is fetched, not what the author sees."
    },
    {
      "term": "mocked",
      "reason": "Construction verb describing test-setup mechanism — HOW draft data is injected into the pipeline. Not observable on the rendered surface."
    },
    {
      "term": "draft entry",
      "reason": "'Entry' is Contentstack's internal data-structure unit, backed by code symbols getEntry, getSingleEntry, entryUid, IContentstackGetEntry. The observable surface is 'draft content,' not the internal 'entry' object."
    },
    {
      "term": "published version",
      "reason": "Names an internal versioning/data state that feeds the surface. The criterion should assert the required content is present on its own, not reference the internal 'published version' as a comparative baseline."
    },
    {
      "term": "draft data",
      "reason": "Internal data payload injected for testing. Describes HOW the preview is populated, not what the author observes."
    },
    {
      "term": "full page reload",
      "reason": "Browser/implementation mechanism. A verification criterion should state what the author sees (updated content) without prescribing the reload strategy."
    },
    {
      "term": "handles the limitation gracefully",
      "reason": "Implementation approach. The observable surface is 'displaying appropriate feedback'; 'handles gracefully' describes HOW the system processes the limitation internally."
    },
    {
      "term": "identically to",
      "reason": "Cross-comparison that presumes a shared derivation between two rendering paths. The rule forbids asserting one value 'must equal' another; each surface should be verified on its own."
    }
  ],
  "whitelist": [
    {
      "term": "preview",
      "reason": "The feature/mode the Content Author interacts with — observable surface."
    },
    {
      "term": "live preview",
      "reason": "The named feature/mode from the ticket title — observable to the author."
    },
    {
      "term": "preview page",
      "reason": "The rendered surface the author views."
    },
    {
      "term": "content",
      "reason": "What is displayed on the rendered page — directly observable."
    },
    {
      "term": "draft content",
      "reason": "The observable form of content the author expects to see in preview."
    },
    {
      "term": "published content",
      "reason": "The observable form of content on live pages — what the author compares against visually."
    },
    {
      "term": "content author",
      "reason": "The end user named in the ticket — the person who observes the surface."
    },
    {
      "term": "feedback",
      "reason": "Displayed feedback the author sees when a protected page is encountered — observable output."
    },
    {
      "term": "brand-appropriate content",
      "reason": "Observable branding in rendered output — what the author sees per brand context."
    },
    {
      "term": "protected page",
      "reason": "A page type the user encounters — part of the observable surface."
    },
    {
      "term": "rendered",
      "reason": "Observable rendering verb — describes what appears on the surface."
    },
    {
      "term": "displays",
      "reason": "Observable rendering verb — describes what appears on the surface."
    },
    {
      "term": "renders",
      "reason": "Observable rendering verb — describes what appears on the surface."
    },
    {
      "term": "reflects",
      "reason": "Observable verb — the author perceives that the preview reflects updated content."
    },
    {
      "term": "regression",
      "reason": "Observable outcome — a visual or behavioral change the author/tester perceives."
    },
    {
      "term": "blank page",
      "reason": "Observable failure outcome the author sees."
    },
    {
      "term": "unhandled error",
      "reason": "Observable failure outcome the author encounters."
    }
  ]
}
```
